/root/miniconda3/envs/myconda/lib/python3.6/site-packages/sklearn/ensemble/weight_boosting.py:29: DeprecationWarning: numpy.core.umath_tests is an internal NumPy module and should not be imported. It will be removed in a future NumPy release.
  from numpy.core.umath_tests import inner1d
Using TensorFlow backend.
/root/miniconda3/envs/myconda/lib/python3.6/site-packages/tensorflow/python/framework/dtypes.py:519: FutureWarning: Passing (type, 1) or '1type' as a synonym of type is deprecated; in a future version of numpy, it will be understood as (type, (1,)) / '(1,)type'.
  _np_qint8 = np.dtype([("qint8", np.int8, 1)])
/root/miniconda3/envs/myconda/lib/python3.6/site-packages/tensorflow/python/framework/dtypes.py:520: FutureWarning: Passing (type, 1) or '1type' as a synonym of type is deprecated; in a future version of numpy, it will be understood as (type, (1,)) / '(1,)type'.
  _np_quint8 = np.dtype([("quint8", np.uint8, 1)])
/root/miniconda3/envs/myconda/lib/python3.6/site-packages/tensorflow/python/framework/dtypes.py:521: FutureWarning: Passing (type, 1) or '1type' as a synonym of type is deprecated; in a future version of numpy, it will be understood as (type, (1,)) / '(1,)type'.
  _np_qint16 = np.dtype([("qint16", np.int16, 1)])
/root/miniconda3/envs/myconda/lib/python3.6/site-packages/tensorflow/python/framework/dtypes.py:522: FutureWarning: Passing (type, 1) or '1type' as a synonym of type is deprecated; in a future version of numpy, it will be understood as (type, (1,)) / '(1,)type'.
  _np_quint16 = np.dtype([("quint16", np.uint16, 1)])
/root/miniconda3/envs/myconda/lib/python3.6/site-packages/tensorflow/python/framework/dtypes.py:523: FutureWarning: Passing (type, 1) or '1type' as a synonym of type is deprecated; in a future version of numpy, it will be understood as (type, (1,)) / '(1,)type'.
  _np_qint32 = np.dtype([("qint32", np.int32, 1)])
/root/miniconda3/envs/myconda/lib/python3.6/site-packages/tensorflow/python/framework/dtypes.py:528: FutureWarning: Passing (type, 1) or '1type' as a synonym of type is deprecated; in a future version of numpy, it will be understood as (type, (1,)) / '(1,)type'.
  np_resource = np.dtype([("resource", np.ubyte, 1)])
Downloading data from https://s3.amazonaws.com/img-datasets/mnist.npz

    8192/11490434 [..............................] - ETA: 0s
   24576/11490434 [..............................] - ETA: 1:38
   57344/11490434 [..............................] - ETA: 1:24
  122880/11490434 [..............................] - ETA: 58s 
  245760/11490434 [..............................] - ETA: 38s
  491520/11490434 [>.............................] - ETA: 23s
  958464/11490434 [=>............................] - ETA: 13s
 1916928/11490434 [====>.........................] - ETA: 7s 
 3825664/11490434 [========>.....................] - ETA: 3s
 6840320/11490434 [================>.............] - ETA: 1s
 9887744/11490434 [========================>.....] - ETA: 0s
11493376/11490434 [==============================] - 2s 0us/step
111
Using backend: WideResNet (wrn)
Epoch: [1 | 3], batch: 1, loss: 4.719723224639893, Accuracy: 0.015625
Epoch: [1 | 3], batch: 11, loss: 4.721973896026611, Accuracy: 0.014204545454545454
Epoch: [1 | 3], batch: 21, loss: 4.72377872467041, Accuracy: 0.015997023809523808
Epoch: [1 | 3], batch: 31, loss: 4.723402500152588, Accuracy: 0.015120967741935484
Epoch: [1 | 3], batch: 41, loss: 4.724757194519043, Accuracy: 0.015815548780487805
Epoch: [1 | 3], batch: 51, loss: 4.724188327789307, Accuracy: 0.01485906862745098
Epoch: [1 | 3], batch: 61, loss: 4.722950458526611, Accuracy: 0.014728483606557378
Epoch: [1 | 3], batch: 71, loss: 4.72052001953125, Accuracy: 0.01485475352112676
Epoch: [1 | 3], batch: 81, loss: 4.720317840576172, Accuracy: 0.014853395061728395
Epoch: [1 | 3], batch: 91, loss: 4.719367504119873, Accuracy: 0.014766483516483516
Epoch: [1 | 3], batch: 101, loss: 4.718013763427734, Accuracy: 0.014542079207920793
Epoch: [1 | 3], batch: 111, loss: 4.716614723205566, Accuracy: 0.014569256756756757
Epoch: [1 | 3], batch: 121, loss: 4.715498447418213, Accuracy: 0.014785640495867768
Epoch: [1 | 3], batch: 131, loss: 4.714674472808838, Accuracy: 0.015207538167938931
Epoch: [1 | 3], batch: 141, loss: 4.713376522064209, Accuracy: 0.015237145390070922
Epoch: [1 | 3], batch: 151, loss: 4.7124409675598145, Accuracy: 0.015107615894039736
Epoch: [1 | 3], batch: 161, loss: 4.711607456207275, Accuracy: 0.01470302795031056
Epoch: [1 | 3], batch: 171, loss: 4.710361957550049, Accuracy: 0.014985380116959063
Epoch: [1 | 3], batch: 181, loss: 4.709218978881836, Accuracy: 0.015193370165745856
Epoch: [1 | 3], batch: 191, loss: 4.708115100860596, Accuracy: 0.015134162303664921
Epoch: [1 | 3], batch: 201, loss: 4.70683479309082, Accuracy: 0.015314054726368159
Epoch: [1 | 3], batch: 211, loss: 4.705853462219238, Accuracy: 0.015106635071090047
Epoch: [1 | 3], batch: 221, loss: 4.704965591430664, Accuracy: 0.015342194570135746
Epoch: [1 | 3], batch: 231, loss: 4.704418182373047, Accuracy: 0.015050054112554112
Epoch: [1 | 3], batch: 241, loss: 4.703564643859863, Accuracy: 0.015138744813278008
Epoch: [1 | 3], batch: 251, loss: 4.702699184417725, Accuracy: 0.015220368525896415
Epoch: [1 | 3], batch: 261, loss: 4.701760292053223, Accuracy: 0.015355603448275862
Epoch: [1 | 3], batch: 271, loss: 4.701051712036133, Accuracy: 0.015279059040590405
Epoch: [1 | 3], batch: 281, loss: 4.700157642364502, Accuracy: 0.015513790035587189
Epoch: [1 | 3], batch: 291, loss: 4.699243068695068, Accuracy: 0.015463917525773196
Epoch: [1 | 3], batch: 301, loss: 4.698624610900879, Accuracy: 0.015469269102990034
Epoch: [1 | 3], batch: 311, loss: 4.697749614715576, Accuracy: 0.015499397106109324
Epoch: [1 | 3], batch: 321, loss: 4.696924686431885, Accuracy: 0.015625
Epoch: [1 | 3], batch: 331, loss: 4.696115493774414, Accuracy: 0.015625
Epoch: [1 | 3], batch: 341, loss: 4.695285320281982, Accuracy: 0.015693731671554252
Epoch: [1 | 3], batch: 351, loss: 4.69440221786499, Accuracy: 0.01584757834757835
Epoch: [1 | 3], batch: 361, loss: 4.693458557128906, Accuracy: 0.01607946675900277
Epoch: [1 | 3], batch: 371, loss: 4.692531108856201, Accuracy: 0.016319912398921832
Epoch: [1 | 3], batch: 381, loss: 4.691606521606445, Accuracy: 0.01644520997375328
Epoch: [1 | 3], batch: 391, loss: 4.690609931945801, Accuracy: 0.01676390664961637
Epoch: [1 | 3], batch: 401, loss: 4.689820766448975, Accuracy: 0.016871882793017455
Epoch: [1 | 3], batch: 411, loss: 4.689113140106201, Accuracy: 0.017012621654501216
Epoch: [1 | 3], batch: 421, loss: 4.68830680847168, Accuracy: 0.017239459619952494
Epoch: [1 | 3], batch: 431, loss: 4.687393665313721, Accuracy: 0.017546403712296984
Epoch: [1 | 3], batch: 441, loss: 4.686469078063965, Accuracy: 0.017750850340136053
Epoch: [1 | 3], batch: 451, loss: 4.685574531555176, Accuracy: 0.017807649667405764
Epoch: [1 | 3], batch: 461, loss: 4.6848039627075195, Accuracy: 0.01789587852494577
Epoch: [1 | 3], batch: 471, loss: 4.684000015258789, Accuracy: 0.018013535031847133
Epoch: [1 | 3], batch: 481, loss: 4.683218479156494, Accuracy: 0.018126299376299376
Epoch: [1 | 3], batch: 491, loss: 4.682345390319824, Accuracy: 0.01842540733197556
Epoch: [1 | 3], batch: 501, loss: 4.681580066680908, Accuracy: 0.018821731536926147
Epoch: [1 | 3], batch: 511, loss: 4.68079948425293, Accuracy: 0.019064946183953033
Epoch: [1 | 3], batch: 521, loss: 4.680031776428223, Accuracy: 0.019193857965451054
Epoch: [1 | 3], batch: 531, loss: 4.679311752319336, Accuracy: 0.019435616760828625
Epoch: [1 | 3], batch: 541, loss: 4.678513526916504, Accuracy: 0.019653997227356747
Epoch: [1 | 3], batch: 551, loss: 4.677698135375977, Accuracy: 0.02003459618874773
Epoch: [1 | 3], batch: 561, loss: 4.676889896392822, Accuracy: 0.020457330659536543
Epoch: [1 | 3], batch: 571, loss: 4.675949573516846, Accuracy: 0.020961033274956218
Epoch: [1 | 3], batch: 581, loss: 4.675034999847412, Accuracy: 0.021353270223752153
Epoch: [1 | 3], batch: 591, loss: 4.674214839935303, Accuracy: 0.021626480541455162
Epoch: [1 | 3], batch: 601, loss: 4.6734299659729, Accuracy: 0.022085586522462564
Epoch: [1 | 3], batch: 611, loss: 4.6725172996521, Accuracy: 0.02252966448445172
Epoch: [1 | 3], batch: 621, loss: 4.671708583831787, Accuracy: 0.022934279388083737
Epoch: [1 | 3], batch: 631, loss: 4.6707682609558105, Accuracy: 0.023239401743264658
Epoch: [1 | 3], batch: 641, loss: 4.669865608215332, Accuracy: 0.023669071762870513
Epoch: [1 | 3], batch: 651, loss: 4.669000625610352, Accuracy: 0.02388152841781874
Epoch: [1 | 3], batch: 661, loss: 4.668149948120117, Accuracy: 0.024052099092284417
Epoch: [1 | 3], batch: 671, loss: 4.667370319366455, Accuracy: 0.02440387481371088
Epoch: [1 | 3], batch: 681, loss: 4.666397571563721, Accuracy: 0.02477973568281938
Epoch: [1 | 3], batch: 691, loss: 4.665523052215576, Accuracy: 0.025144717800289436
Epoch: [1 | 3], batch: 701, loss: 4.664674758911133, Accuracy: 0.025320970042796005
Epoch: [1 | 3], batch: 711, loss: 4.663859844207764, Accuracy: 0.02553621659634318
Epoch: [1 | 3], batch: 721, loss: 4.663105010986328, Accuracy: 0.02582134188626907
Epoch: [1 | 3], batch: 731, loss: 4.6622314453125, Accuracy: 0.026120041039671683
Epoch: [1 | 3], batch: 741, loss: 4.661294460296631, Accuracy: 0.026516109986504725
Epoch: [1 | 3], batch: 751, loss: 4.660505771636963, Accuracy: 0.026735186418109187
Epoch: [1 | 3], batch: 761, loss: 4.659581184387207, Accuracy: 0.02699983574244415
Epoch: [1 | 3], batch: 771, loss: 4.658599376678467, Accuracy: 0.027247487029831388
Epoch: [1 | 3], batch: 781, loss: 4.657680511474609, Accuracy: 0.027438780409731113
Epoch: [1 | 3], batch: 791, loss: 4.656838417053223, Accuracy: 0.027684497471554995
Epoch: [1 | 3], batch: 801, loss: 4.655980110168457, Accuracy: 0.027914325842696628
Epoch: [1 | 3], batch: 811, loss: 4.655048370361328, Accuracy: 0.028331149815043158
Epoch: [1 | 3], batch: 821, loss: 4.654103755950928, Accuracy: 0.028852009744214372
Epoch: [1 | 3], batch: 831, loss: 4.653114318847656, Accuracy: 0.02921931407942238
Epoch: [1 | 3], batch: 841, loss: 4.6520891189575195, Accuracy: 0.02970793697978597
Epoch: [1 | 3], batch: 851, loss: 4.651101112365723, Accuracy: 0.030084092244418333
Epoch: [1 | 3], batch: 861, loss: 4.650123596191406, Accuracy: 0.03052409988385598
Epoch: [1 | 3], batch: 871, loss: 4.649206161499023, Accuracy: 0.030846369115958668
Epoch: [1 | 3], batch: 881, loss: 4.648213863372803, Accuracy: 0.03125
Epoch: [1 | 3], batch: 891, loss: 4.647181034088135, Accuracy: 0.03168841189674523
Epoch: [1 | 3], batch: 901, loss: 4.6460113525390625, Accuracy: 0.032247155937846834
Epoch: [1 | 3], batch: 911, loss: 4.644962310791016, Accuracy: 0.03272502744237102
Epoch: [1 | 3], batch: 921, loss: 4.643915176391602, Accuracy: 0.033184039087947884
Epoch: [1 | 3], batch: 931, loss: 4.64294958114624, Accuracy: 0.03338983619763695
Epoch: [1 | 3], batch: 941, loss: 4.64196252822876, Accuracy: 0.03362446865037194
Epoch: [1 | 3], batch: 951, loss: 4.640994071960449, Accuracy: 0.03396096214511041
Epoch: [1 | 3], batch: 961, loss: 4.63989782333374, Accuracy: 0.034355489073881376
Epoch: [1 | 3], batch: 971, loss: 4.638805866241455, Accuracy: 0.034701660659114314
Epoch: [1 | 3], batch: 981, loss: 4.63770866394043, Accuracy: 0.034977064220183485
Epoch: [1 | 3], batch: 991, loss: 4.636599540710449, Accuracy: 0.035309977295660946
Epoch: [1 | 3], batch: 1001, loss: 4.635501384735107, Accuracy: 0.03555038711288711
Epoch: [1 | 3], batch: 1011, loss: 4.634374618530273, Accuracy: 0.03582467853610287
Epoch: [1 | 3], batch: 1021, loss: 4.633216857910156, Accuracy: 0.036139507835455435
Epoch: [1 | 3], batch: 1031, loss: 4.632064342498779, Accuracy: 0.036448229873908826
Epoch: [1 | 3], batch: 1041, loss: 4.630861759185791, Accuracy: 0.036758525456292025
Epoch: [1 | 3], batch: 1051, loss: 4.629679203033447, Accuracy: 0.03701831588962892
Epoch: [1 | 3], batch: 1061, loss: 4.628403186798096, Accuracy: 0.03734684260131951
Epoch: [1 | 3], batch: 1071, loss: 4.627185821533203, Accuracy: 0.03755252100840336
Epoch: [1 | 3], batch: 1081, loss: 4.62605619430542, Accuracy: 0.03778330249768733
Epoch: [1 | 3], batch: 1091, loss: 4.624987602233887, Accuracy: 0.038024175068744274
Epoch: [1 | 3], batch: 1101, loss: 4.623642921447754, Accuracy: 0.038395492733878295
Epoch: [1 | 3], batch: 1111, loss: 4.622377395629883, Accuracy: 0.038717934293429346
Epoch: [1 | 3], batch: 1121, loss: 4.621203422546387, Accuracy: 0.03898583853702052
Epoch: [1 | 3], batch: 1131, loss: 4.619949817657471, Accuracy: 0.0394493258178603
Epoch: [1 | 3], batch: 1141, loss: 4.618659496307373, Accuracy: 0.039870453549517966
Epoch: [1 | 3], batch: 1151, loss: 4.617371082305908, Accuracy: 0.0402231754995656
Epoch: [1 | 3], batch: 1161, loss: 4.616093635559082, Accuracy: 0.04046215546942291
Epoch: [1 | 3], batch: 1171, loss: 4.614764213562012, Accuracy: 0.040843830059777965
Epoch: [1 | 3], batch: 1181, loss: 4.613410949707031, Accuracy: 0.04116611981371719
Epoch: [1 | 3], batch: 1191, loss: 4.61213493347168, Accuracy: 0.04141084172963896
Epoch: [1 | 3], batch: 1201, loss: 4.610748767852783, Accuracy: 0.041755568276436304
Epoch: [1 | 3], batch: 1211, loss: 4.609377861022949, Accuracy: 0.04209460156895128
Epoch: [1 | 3], batch: 1221, loss: 4.608016490936279, Accuracy: 0.04246647215397215
Epoch: [1 | 3], batch: 1231, loss: 4.606729507446289, Accuracy: 0.042895765637692936
Epoch: [1 | 3], batch: 1241, loss: 4.605260848999023, Accuracy: 0.04323630136986301
Epoch: [1 | 3], batch: 1251, loss: 4.60389518737793, Accuracy: 0.0436962929656275
Epoch: [1 | 3], batch: 1261, loss: 4.60249137878418, Accuracy: 0.04408083862014275
Epoch: [1 | 3], batch: 1271, loss: 4.600938320159912, Accuracy: 0.04464988198269079
Epoch: [1 | 3], batch: 1281, loss: 4.599375247955322, Accuracy: 0.045081967213114756
Epoch: [1 | 3], batch: 1291, loss: 4.597823619842529, Accuracy: 0.04534396785437645
Epoch: [1 | 3], batch: 1301, loss: 4.596229553222656, Accuracy: 0.045674000768639506
Epoch: [1 | 3], batch: 1311, loss: 4.59473991394043, Accuracy: 0.046034754004576656
Epoch: [1 | 3], batch: 1321, loss: 4.593066215515137, Accuracy: 0.046390045420136264
Epoch: [1 | 3], batch: 1331, loss: 4.591363430023193, Accuracy: 0.046781085649887304
Epoch: [1 | 3], batch: 1341, loss: 4.58981990814209, Accuracy: 0.04705560216256525
Epoch: [1 | 3], batch: 1351, loss: 4.588205814361572, Accuracy: 0.047430144337527756
Epoch: [1 | 3], batch: 1361, loss: 4.586508750915527, Accuracy: 0.047770481263776636
Epoch: [1 | 3], batch: 1371, loss: 4.5848069190979, Accuracy: 0.048111551787016774
Epoch: [1 | 3], batch: 1381, loss: 4.583067893981934, Accuracy: 0.0485099112961622
Epoch: [1 | 3], batch: 1391, loss: 4.581308841705322, Accuracy: 0.04881267972681524
Epoch: [1 | 3], batch: 1401, loss: 4.579512596130371, Accuracy: 0.04917804246966453
Epoch: [1 | 3], batch: 1411, loss: 4.577698707580566, Accuracy: 0.049604668674698794
Epoch: [1 | 3], batch: 1421, loss: 4.575945854187012, Accuracy: 0.04998130717804363
Epoch: [1 | 3], batch: 1431, loss: 4.574233531951904, Accuracy: 0.050188897624039136
Epoch: [1 | 3], batch: 1441, loss: 4.572550296783447, Accuracy: 0.05040987161693269
Epoch: [1 | 3], batch: 1451, loss: 4.570870876312256, Accuracy: 0.05076240523776706
Epoch: [1 | 3], batch: 1461, loss: 4.569042682647705, Accuracy: 0.051243797056810404
Epoch: [1 | 3], batch: 1471, loss: 4.567243576049805, Accuracy: 0.051644289598912305
Epoch: [1 | 3], batch: 1481, loss: 4.565485954284668, Accuracy: 0.05199189736664416
Epoch: [1 | 3], batch: 1491, loss: 4.563689231872559, Accuracy: 0.05241343896713615
Epoch: [1 | 3], batch: 1501, loss: 4.562026500701904, Accuracy: 0.05278251998667555
Epoch: [1 | 3], batch: 1511, loss: 4.560296535491943, Accuracy: 0.053270805757776304
Epoch: [1 | 3], batch: 1521, loss: 4.558478832244873, Accuracy: 0.05360371466140697
Epoch: [1 | 3], batch: 1531, loss: 4.556667327880859, Accuracy: 0.05395778902677988
Epoch: [1 | 3], batch: 1541, loss: 4.55488920211792, Accuracy: 0.05422108208955224
Epoch: [1 | 3], batch: 1551, loss: 4.552996635437012, Accuracy: 0.054511202450032235
Epoch: [1 | 3], batch: 1561, loss: 4.551119804382324, Accuracy: 0.05490771140294683
Epoch: [1 | 3], batch: 1571, loss: 4.54918909072876, Accuracy: 0.05529419955442393
Epoch: [1 | 3], batch: 1581, loss: 4.547356605529785, Accuracy: 0.05575980392156863
Epoch: [1 | 3], batch: 1591, loss: 4.545576095581055, Accuracy: 0.05609188403519799
Epoch: [1 | 3], batch: 1601, loss: 4.5438151359558105, Accuracy: 0.056434455028107434
Epoch: [1 | 3], batch: 1611, loss: 4.542000770568848, Accuracy: 0.05693280571073867
Epoch: [1 | 3], batch: 1621, loss: 4.54006814956665, Accuracy: 0.057429827267119066
Epoch: [1 | 3], batch: 1631, loss: 4.538240432739258, Accuracy: 0.05776268393623544
Epoch: [1 | 3], batch: 1641, loss: 4.536492824554443, Accuracy: 0.05812004875076173
Epoch: [1 | 3], batch: 1651, loss: 4.534682273864746, Accuracy: 0.05842576468806784
Epoch: [1 | 3], batch: 1661, loss: 4.532806396484375, Accuracy: 0.05877953792895846
Epoch: [1 | 3], batch: 1671, loss: 4.5307841300964355, Accuracy: 0.05911037552363854
Epoch: [1 | 3], batch: 1681, loss: 4.528656959533691, Accuracy: 0.05949769482450922
Epoch: [1 | 3], batch: 1691, loss: 4.526650905609131, Accuracy: 0.0599451138379657
Epoch: [1 | 3], batch: 1701, loss: 4.524789333343506, Accuracy: 0.06038267930629042
Epoch: [1 | 3], batch: 1711, loss: 4.523080825805664, Accuracy: 0.06079229982466394
Epoch: [1 | 3], batch: 1721, loss: 4.5211710929870605, Accuracy: 0.06121077861708309
Epoch: [1 | 3], batch: 1731, loss: 4.519247531890869, Accuracy: 0.06161088243789717
Epoch: [1 | 3], batch: 1741, loss: 4.517427921295166, Accuracy: 0.06207370045950603
Epoch: [1 | 3], batch: 1751, loss: 4.51550817489624, Accuracy: 0.062428612221587666
Epoch: [1 | 3], batch: 1761, loss: 4.513668060302734, Accuracy: 0.06275731118682566
Epoch: [1 | 3], batch: 1771, loss: 4.511682510375977, Accuracy: 0.06313082298136646
Epoch: [1 | 3], batch: 1781, loss: 4.509842872619629, Accuracy: 0.06339924901740596
Epoch: [1 | 3], batch: 1791, loss: 4.508077621459961, Accuracy: 0.06376500558347292
Epoch: [1 | 3], batch: 1801, loss: 4.506187915802002, Accuracy: 0.06414405191560245
Epoch: [1 | 3], batch: 1811, loss: 4.5043110847473145, Accuracy: 0.06441969215902817
Epoch: [1 | 3], batch: 1821, loss: 4.50236701965332, Accuracy: 0.06480814113124657
Epoch: [1 | 3], batch: 1831, loss: 4.5005316734313965, Accuracy: 0.06514541234298198
Epoch: [1 | 3], batch: 1841, loss: 4.498532295227051, Accuracy: 0.0656020844649647
Epoch: [1 | 3], batch: 1851, loss: 4.496657371520996, Accuracy: 0.06583856699081578
Epoch: [1 | 3], batch: 1861, loss: 4.494814872741699, Accuracy: 0.06619425040300914
Epoch: [1 | 3], batch: 1871, loss: 4.492919445037842, Accuracy: 0.06660876536611438
Epoch: [1 | 3], batch: 1881, loss: 4.491034507751465, Accuracy: 0.06702302631578948
Epoch: [1 | 3], batch: 1891, loss: 4.489246368408203, Accuracy: 0.0672965692755156
Epoch: [1 | 3], batch: 1901, loss: 4.487396717071533, Accuracy: 0.06762066017885324
Epoch: [1 | 3], batch: 1911, loss: 4.48551607131958, Accuracy: 0.06797815279958137
Epoch: [1 | 3], batch: 1921, loss: 4.48356294631958, Accuracy: 0.06828718766267569
Epoch: [1 | 3], batch: 1931, loss: 4.481672286987305, Accuracy: 0.06857279259451061
Epoch: [1 | 3], batch: 1941, loss: 4.479815483093262, Accuracy: 0.06902047913446677
Epoch: [1 | 3], batch: 1951, loss: 4.4780120849609375, Accuracy: 0.06941952844695028
Epoch: [1 | 3], batch: 1961, loss: 4.476150989532471, Accuracy: 0.06965116649668536
Epoch: [1 | 3], batch: 1971, loss: 4.474250316619873, Accuracy: 0.0700033295281583
Epoch: [1 | 3], batch: 1981, loss: 4.47240686416626, Accuracy: 0.07035982458354366
Epoch: [1 | 3], batch: 1991, loss: 4.470545291900635, Accuracy: 0.07079514063284781
Epoch: [1 | 3], batch: 2001, loss: 4.468700408935547, Accuracy: 0.0711245939530235
Epoch: [1 | 3], batch: 2011, loss: 4.466787338256836, Accuracy: 0.07143134634510194
Epoch: [1 | 3], batch: 2021, loss: 4.4649553298950195, Accuracy: 0.07176598837209303
Epoch: [1 | 3], batch: 2031, loss: 4.463146209716797, Accuracy: 0.07207040866568193
Epoch: [1 | 3], batch: 2041, loss: 4.4612531661987305, Accuracy: 0.07242160705536502
Epoch: [1 | 3], batch: 2051, loss: 4.459386825561523, Accuracy: 0.07271986226231107
Epoch: [1 | 3], batch: 2061, loss: 4.457441806793213, Accuracy: 0.07301901382823872
Epoch: [1 | 3], batch: 2071, loss: 4.45560359954834, Accuracy: 0.07325114678899082
Epoch: [1 | 3], batch: 2081, loss: 4.4538397789001465, Accuracy: 0.07355988707352235
Epoch: [1 | 3], batch: 2091, loss: 4.452068328857422, Accuracy: 0.0738320480631277
Epoch: [1 | 3], batch: 2101, loss: 4.450222969055176, Accuracy: 0.0741945799619229
Epoch: [1 | 3], batch: 2111, loss: 4.44832706451416, Accuracy: 0.07459438654666035
Epoch: [1 | 3], batch: 2121, loss: 4.446483612060547, Accuracy: 0.07491307166430929
Epoch: [1 | 3], batch: 2131, loss: 4.4446797370910645, Accuracy: 0.07517744016893477
Epoch: [1 | 3], batch: 2141, loss: 4.442867755889893, Accuracy: 0.0754283921064923
Epoch: [1 | 3], batch: 2151, loss: 4.441035747528076, Accuracy: 0.07573149116689912
Epoch: [1 | 3], batch: 2161, loss: 4.43923807144165, Accuracy: 0.07596671101341972
Epoch: [1 | 3], batch: 2171, loss: 4.4373698234558105, Accuracy: 0.07623934822662368
Epoch: [1 | 3], batch: 2181, loss: 4.435494422912598, Accuracy: 0.07653097776249426
Epoch: [1 | 3], batch: 2191, loss: 4.433745384216309, Accuracy: 0.07693761410314924
Epoch: [1 | 3], batch: 2201, loss: 4.431853771209717, Accuracy: 0.07729086210813267
Epoch: [1 | 3], batch: 2211, loss: 4.430089473724365, Accuracy: 0.07759144617819991
Epoch: [1 | 3], batch: 2221, loss: 4.428218364715576, Accuracy: 0.0779737449347141
Epoch: [1 | 3], batch: 2231, loss: 4.426361560821533, Accuracy: 0.07831059502465262
Epoch: [1 | 3], batch: 2241, loss: 4.424388885498047, Accuracy: 0.07871067603748326
Epoch: [1 | 3], batch: 2251, loss: 4.422581672668457, Accuracy: 0.07914190915148822
Epoch: [1 | 3], batch: 2261, loss: 4.420650959014893, Accuracy: 0.07953822976559044
Epoch: [1 | 3], batch: 2271, loss: 4.418824672698975, Accuracy: 0.07991041941875826
Epoch: [1 | 3], batch: 2281, loss: 4.417027950286865, Accuracy: 0.08023139522139412
Epoch: [1 | 3], batch: 2291, loss: 4.415126800537109, Accuracy: 0.0806211807071148
Epoch: [1 | 3], batch: 2301, loss: 4.4132232666015625, Accuracy: 0.08097023033463711
Epoch: [1 | 3], batch: 2311, loss: 4.411403179168701, Accuracy: 0.08129259519688446
Epoch: [1 | 3], batch: 2321, loss: 4.409549713134766, Accuracy: 0.08158188819474364
Epoch: [1 | 3], batch: 2331, loss: 4.407711505889893, Accuracy: 0.08203962891462892
Epoch: [1 | 3], batch: 2341, loss: 4.405879497528076, Accuracy: 0.08245674925245622
Epoch: [1 | 3], batch: 2351, loss: 4.404027938842773, Accuracy: 0.0827373989791578
Epoch: [1 | 3], batch: 2361, loss: 4.402217388153076, Accuracy: 0.08306861499364676
Epoch: [1 | 3], batch: 2371, loss: 4.400362014770508, Accuracy: 0.08341351223112611
Epoch: [1 | 3], batch: 2381, loss: 4.398516654968262, Accuracy: 0.08373254409911801
Epoch: [1 | 3], batch: 2391, loss: 4.396636962890625, Accuracy: 0.08398029067335842
Epoch: [1 | 3], batch: 2401, loss: 4.394886016845703, Accuracy: 0.08425200437317784
Epoch: [1 | 3], batch: 2411, loss: 4.393045425415039, Accuracy: 0.08462191518042306
Epoch: [1 | 3], batch: 2421, loss: 4.391228675842285, Accuracy: 0.08496618133002891
Epoch: [1 | 3], batch: 2431, loss: 4.389346599578857, Accuracy: 0.0853718891402715
Epoch: [1 | 3], batch: 2441, loss: 4.387500286102295, Accuracy: 0.08577427283900041
Epoch: [1 | 3], batch: 2451, loss: 4.385634422302246, Accuracy: 0.08616381068951448
Epoch: [1 | 3], batch: 2461, loss: 4.383721828460693, Accuracy: 0.08658827712312069
Epoch: [1 | 3], batch: 2471, loss: 4.381816387176514, Accuracy: 0.08692394273573452
Epoch: [1 | 3], batch: 2481, loss: 4.379902362823486, Accuracy: 0.08729154070939138
Epoch: [1 | 3], batch: 2491, loss: 4.378054618835449, Accuracy: 0.08766559614612605
Epoch: [1 | 3], batch: 2501, loss: 4.376151084899902, Accuracy: 0.08798355657736905
Epoch: [1 | 3], batch: 2511, loss: 4.374322891235352, Accuracy: 0.08836743329350856
Epoch: [1 | 3], batch: 2521, loss: 4.372434139251709, Accuracy: 0.08871417592225307
Epoch: [1 | 3], batch: 2531, loss: 4.370589256286621, Accuracy: 0.08907978565784275
Epoch: [1 | 3], batch: 2541, loss: 4.368693828582764, Accuracy: 0.08948863636363637
Epoch: [1 | 3], batch: 2551, loss: 4.366904258728027, Accuracy: 0.08982384359074873
Epoch: [1 | 3], batch: 2561, loss: 4.364980220794678, Accuracy: 0.09017168586489653
Epoch: [1 | 3], batch: 2571, loss: 4.363070487976074, Accuracy: 0.09053505445352003
Epoch: [1 | 3], batch: 2581, loss: 4.361189842224121, Accuracy: 0.09087744575745835
Epoch: [1 | 3], batch: 2591, loss: 4.359379291534424, Accuracy: 0.09131368197607101
Epoch: [1 | 3], batch: 2601, loss: 4.35748815536499, Accuracy: 0.09166546520569012
Epoch: [1 | 3], batch: 2611, loss: 4.355673789978027, Accuracy: 0.0919547108387591
Epoch: [1 | 3], batch: 2621, loss: 4.3538336753845215, Accuracy: 0.09232520984357116
Epoch: [1 | 3], batch: 2631, loss: 4.351970195770264, Accuracy: 0.09269586183960471
Epoch: [1 | 3], batch: 2641, loss: 4.350000381469727, Accuracy: 0.09307849772813329
Epoch: [1 | 3], batch: 2651, loss: 4.348105430603027, Accuracy: 0.09350834590720483
Epoch: [1 | 3], batch: 2661, loss: 4.34611177444458, Accuracy: 0.09383514186396091
Epoch: [1 | 3], batch: 2671, loss: 4.344216823577881, Accuracy: 0.0941828903032572
Epoch: [1 | 3], batch: 2681, loss: 4.342324256896973, Accuracy: 0.09453095859753823
Epoch: [1 | 3], batch: 2691, loss: 4.34049129486084, Accuracy: 0.09483869843924192
Epoch: [1 | 3], batch: 2701, loss: 4.338578224182129, Accuracy: 0.09525118011847464
Epoch: [1 | 3], batch: 2711, loss: 4.336654186248779, Accuracy: 0.09558281077093324
Epoch: [1 | 3], batch: 2721, loss: 4.334747314453125, Accuracy: 0.09593784454244762
Epoch: [1 | 3], batch: 2731, loss: 4.332851886749268, Accuracy: 0.09636179512998902
Epoch: [1 | 3], batch: 2741, loss: 4.330910682678223, Accuracy: 0.09669999543962057
Epoch: [1 | 3], batch: 2751, loss: 4.328981876373291, Accuracy: 0.09706697564521992
Epoch: [1 | 3], batch: 2761, loss: 4.327147483825684, Accuracy: 0.09746808221658819
Epoch: [1 | 3], batch: 2771, loss: 4.325218200683594, Accuracy: 0.09786911313605197
Epoch: [1 | 3], batch: 2781, loss: 4.3233160972595215, Accuracy: 0.09826445073714492
Epoch: [1 | 3], batch: 2791, loss: 4.321316242218018, Accuracy: 0.09869614385524901
Epoch: [1 | 3], batch: 2801, loss: 4.319339752197266, Accuracy: 0.09905223580863977
Epoch: [1 | 3], batch: 2811, loss: 4.317414283752441, Accuracy: 0.09941691124155105
Epoch: [1 | 3], batch: 2821, loss: 4.315472602844238, Accuracy: 0.0997291518964906
Epoch: [1 | 3], batch: 2831, loss: 4.313559532165527, Accuracy: 0.10006954256446485
Epoch: [1 | 3], batch: 2841, loss: 4.311563491821289, Accuracy: 0.10041853660682858
Epoch: [1 | 3], batch: 2851, loss: 4.309603691101074, Accuracy: 0.10078152402665731
Epoch: [1 | 3], batch: 2861, loss: 4.307618618011475, Accuracy: 0.10113924327158336
Epoch: [1 | 3], batch: 2871, loss: 4.305761337280273, Accuracy: 0.10151896116335772
Epoch: [1 | 3], batch: 2881, loss: 4.303699970245361, Accuracy: 0.1018960430406109
Epoch: [1 | 3], batch: 2891, loss: 4.301694869995117, Accuracy: 0.10241914562435143
Epoch: [1 | 3], batch: 2901, loss: 4.299790382385254, Accuracy: 0.10279321785591175
Epoch: [1 | 3], batch: 2911, loss: 4.297933578491211, Accuracy: 0.1031513010992786
Epoch: [1 | 3], batch: 2921, loss: 4.295983791351318, Accuracy: 0.10358182129407736
Epoch: [1 | 3], batch: 2931, loss: 4.29400634765625, Accuracy: 0.10394010150119413
Epoch: [1 | 3], batch: 2941, loss: 4.292126178741455, Accuracy: 0.10424812988779326
Epoch: [1 | 3], batch: 2951, loss: 4.290116310119629, Accuracy: 0.10460966621484243
Epoch: [1 | 3], batch: 2961, loss: 4.288132667541504, Accuracy: 0.10501625295508274
Epoch: [1 | 3], batch: 2971, loss: 4.286177635192871, Accuracy: 0.10539643638505554
Epoch: [1 | 3], batch: 2981, loss: 4.2841362953186035, Accuracy: 0.10574524069104327
Epoch: [1 | 3], batch: 2991, loss: 4.282181262969971, Accuracy: 0.10609693664326313
Epoch: [1 | 3], batch: 3001, loss: 4.280170440673828, Accuracy: 0.10645670193268911
Epoch: [1 | 3], batch: 3011, loss: 4.2782440185546875, Accuracy: 0.10683483477250083
Epoch: [1 | 3], batch: 3021, loss: 4.276216983795166, Accuracy: 0.1073345953326713
Epoch: [1 | 3], batch: 3031, loss: 4.274332046508789, Accuracy: 0.10766609617288024
Epoch: [1 | 3], batch: 3041, loss: 4.272261142730713, Accuracy: 0.10811359339033212
Epoch: [1 | 3], batch: 3051, loss: 4.27025842666626, Accuracy: 0.10856839970501475
Epoch: [1 | 3], batch: 3061, loss: 4.268258094787598, Accuracy: 0.10897429353152564
Epoch: [1 | 3], batch: 3071, loss: 4.26618766784668, Accuracy: 0.10952000569846955
Epoch: [1 | 3], batch: 3081, loss: 4.264103412628174, Accuracy: 0.10990496186303149
Epoch: [1 | 3], batch: 3091, loss: 4.262055397033691, Accuracy: 0.11037841717890651
Epoch: [1 | 3], batch: 3101, loss: 4.2599592208862305, Accuracy: 0.11085385762657207
Epoch: [1 | 3], batch: 3111, loss: 4.2579665184021, Accuracy: 0.11121825779492124
Epoch: [1 | 3], batch: 3121, loss: 4.255912780761719, Accuracy: 0.11170798622236462
Epoch: [1 | 3], batch: 3131, loss: 4.253848552703857, Accuracy: 0.1121771199297349
Epoch: [1 | 3], batch: 3141, loss: 4.251815319061279, Accuracy: 0.1126358046800382
Epoch: [1 | 3], batch: 3151, loss: 4.249757289886475, Accuracy: 0.11309653681370993
Epoch: [1 | 3], batch: 3161, loss: 4.247746467590332, Accuracy: 0.11349998022777602
Epoch: [1 | 3], batch: 3171, loss: 4.24564266204834, Accuracy: 0.11394769000315358
Epoch: [1 | 3], batch: 3181, loss: 4.243654251098633, Accuracy: 0.11450310436969506
Epoch: [1 | 3], batch: 3191, loss: 4.2415547370910645, Accuracy: 0.11494486446255092
Epoch: [1 | 3], batch: 3201, loss: 4.239520072937012, Accuracy: 0.11531308575445173
Epoch: [1 | 3], batch: 3211, loss: 4.237532138824463, Accuracy: 0.11572767440049829
Epoch: [1 | 3], batch: 3221, loss: 4.235471725463867, Accuracy: 0.11619790049674014
Epoch: [1 | 3], batch: 3231, loss: 4.233356952667236, Accuracy: 0.11664103605694831
Epoch: [1 | 3], batch: 3241, loss: 4.231273174285889, Accuracy: 0.1170043003702561
Epoch: [1 | 3], batch: 3251, loss: 4.229155540466309, Accuracy: 0.1174446324207936
Epoch: [1 | 3], batch: 3261, loss: 4.2270283699035645, Accuracy: 0.11787507666360013
Epoch: [1 | 3], batch: 3271, loss: 4.2249908447265625, Accuracy: 0.1182622859981657
Epoch: [1 | 3], batch: 3281, loss: 4.222865104675293, Accuracy: 0.11867094635781773
Epoch: [1 | 3], batch: 3291, loss: 4.2207746505737305, Accuracy: 0.11908899270738377
Epoch: [1 | 3], batch: 3301, loss: 4.218687057495117, Accuracy: 0.11949977279612238
Epoch: [1 | 3], batch: 3311, loss: 4.21662712097168, Accuracy: 0.11983256569012384
Epoch: [1 | 3], batch: 3321, loss: 4.214587211608887, Accuracy: 0.12034449337548932
Epoch: [1 | 3], batch: 3331, loss: 4.212528228759766, Accuracy: 0.12075484088862204
Epoch: [1 | 3], batch: 3341, loss: 4.2103776931762695, Accuracy: 0.12123755986231667
Epoch: [1 | 3], batch: 3351, loss: 4.208271503448486, Accuracy: 0.12158683974932856
Epoch: [1 | 3], batch: 3361, loss: 4.206168174743652, Accuracy: 0.12202237057423386
Epoch: [1 | 3], batch: 3371, loss: 4.204087734222412, Accuracy: 0.12242982423613172
Epoch: [1 | 3], batch: 3381, loss: 4.201943397521973, Accuracy: 0.12285797471162378
Epoch: [1 | 3], batch: 3391, loss: 4.199820518493652, Accuracy: 0.12329511943379534
Epoch: [1 | 3], batch: 3401, loss: 4.197704792022705, Accuracy: 0.12369753381358424
Epoch: [1 | 3], batch: 3411, loss: 4.195540904998779, Accuracy: 0.12410445983582527
Epoch: [1 | 3], batch: 3421, loss: 4.1934075355529785, Accuracy: 0.12457066647179188
Epoch: [1 | 3], batch: 3431, loss: 4.191262722015381, Accuracy: 0.12499089186825998
Epoch: [1 | 3], batch: 3441, loss: 4.1891303062438965, Accuracy: 0.1254018635571055
Epoch: [1 | 3], batch: 3451, loss: 4.186972141265869, Accuracy: 0.12584667487684728
Epoch: [1 | 3], batch: 3461, loss: 4.184817314147949, Accuracy: 0.12631374602715978
Epoch: [1 | 3], batch: 3471, loss: 4.1826677322387695, Accuracy: 0.1267668719389225
Epoch: [1 | 3], batch: 3481, loss: 4.180577754974365, Accuracy: 0.1272106614478598
Epoch: [1 | 3], batch: 3491, loss: 4.1784515380859375, Accuracy: 0.12767428745345175
Epoch: [1 | 3], batch: 3501, loss: 4.176372051239014, Accuracy: 0.12812857040845474
Epoch: [1 | 3], batch: 3511, loss: 4.174221992492676, Accuracy: 0.12856913984619767
Epoch: [1 | 3], batch: 3521, loss: 4.172072410583496, Accuracy: 0.1289827996307867
Epoch: [1 | 3], batch: 3531, loss: 4.16987943649292, Accuracy: 0.12951359388275277
Epoch: [1 | 3], batch: 3541, loss: 4.167695045471191, Accuracy: 0.13000167678621857
Epoch: [1 | 3], batch: 3551, loss: 4.165481090545654, Accuracy: 0.13044300901154604
Epoch: [1 | 3], batch: 3561, loss: 4.163286209106445, Accuracy: 0.1309081894130862
Epoch: [1 | 3], batch: 3571, loss: 4.161074638366699, Accuracy: 0.1313642012041445
Epoch: [1 | 3], batch: 3581, loss: 4.158921241760254, Accuracy: 0.1318242111142139
Epoch: [1 | 3], batch: 3591, loss: 4.156710147857666, Accuracy: 0.132296888053467
Epoch: [1 | 3], batch: 3601, loss: 4.154502868652344, Accuracy: 0.1327994827825604
Epoch: [1 | 3], batch: 3611, loss: 4.152236461639404, Accuracy: 0.133266840902797
Epoch: [1 | 3], batch: 3621, loss: 4.149977207183838, Accuracy: 0.13370788456227561
Epoch: [1 | 3], batch: 3631, loss: 4.147709846496582, Accuracy: 0.13412283117598459
Epoch: [1 | 3], batch: 3641, loss: 4.145479202270508, Accuracy: 0.1345247699807745
Epoch: [1 | 3], batch: 3651, loss: 4.143229007720947, Accuracy: 0.13492022733497672
Epoch: [1 | 3], batch: 3661, loss: 4.140921592712402, Accuracy: 0.13533913206774106
Epoch: [1 | 3], batch: 3671, loss: 4.138666152954102, Accuracy: 0.13573234472895668
Epoch: [1 | 3], batch: 3681, loss: 4.1363959312438965, Accuracy: 0.13619345965770172
Epoch: [1 | 3], batch: 3691, loss: 4.134141445159912, Accuracy: 0.13661820983473313
Epoch: [1 | 3], batch: 3701, loss: 4.131830215454102, Accuracy: 0.1370659956768441
Epoch: [1 | 3], batch: 3711, loss: 4.129542350769043, Accuracy: 0.137473474130962
Epoch: [1 | 3], batch: 3721, loss: 4.127200126647949, Accuracy: 0.13785146801934964
Epoch: [1 | 3], batch: 3731, loss: 4.125032901763916, Accuracy: 0.13830281760922006
Epoch: [1 | 3], batch: 3741, loss: 4.122735977172852, Accuracy: 0.13873922413793102
Epoch: [1 | 3], batch: 3751, loss: 4.120416641235352, Accuracy: 0.13915039322847242
Epoch: [1 | 3], batch: 3761, loss: 4.118165016174316, Accuracy: 0.13955314411060887
Epoch: [1 | 3], batch: 3771, loss: 4.1158905029296875, Accuracy: 0.1400221260938743
Epoch: [1 | 3], batch: 3781, loss: 4.113603115081787, Accuracy: 0.1404493685532928
Epoch: [1 | 3], batch: 3791, loss: 4.111307621002197, Accuracy: 0.14092381627538908
Epoch: [1 | 3], batch: 3801, loss: 4.108983516693115, Accuracy: 0.14140398908182059
Epoch: [1 | 3], batch: 3811, loss: 4.106649398803711, Accuracy: 0.1418795919706114
Epoch: [1 | 3], batch: 3821, loss: 4.1043381690979, Accuracy: 0.14236088393090815
Epoch: [1 | 3], batch: 3831, loss: 4.102040767669678, Accuracy: 0.14280295614722005
Epoch: [1 | 3], batch: 3841, loss: 4.099695682525635, Accuracy: 0.14329357589169486
Epoch: [1 | 3], batch: 3851, loss: 4.0973591804504395, Accuracy: 0.14370658595170085
Epoch: [1 | 3], batch: 3861, loss: 4.095041751861572, Accuracy: 0.14417208948458948
Epoch: [1 | 3], batch: 3871, loss: 4.092653751373291, Accuracy: 0.14462913329888918
Epoch: [1 | 3], batch: 3881, loss: 4.090309143066406, Accuracy: 0.1450737567637207
Epoch: [1 | 3], batch: 3891, loss: 4.087925434112549, Accuracy: 0.1455783378308918
Epoch: [1 | 3], batch: 3901, loss: 4.085516452789307, Accuracy: 0.1460903454242502
Epoch: [1 | 3], batch: 3911, loss: 4.083085536956787, Accuracy: 0.14654380273587317
Epoch: [1 | 3], batch: 3921, loss: 4.080742835998535, Accuracy: 0.14693915774037236
Epoch: [1 | 3], batch: 3931, loss: 4.0784077644348145, Accuracy: 0.1473861612821165
Epoch: [1 | 3], batch: 3941, loss: 4.0760064125061035, Accuracy: 0.14785071999492513
Epoch: [1 | 3], batch: 3951, loss: 4.073612213134766, Accuracy: 0.1483228138445963
Epoch: [1 | 3], batch: 3961, loss: 4.071229934692383, Accuracy: 0.14874518745266346
Epoch: [1 | 3], batch: 3971, loss: 4.068816661834717, Accuracy: 0.14918510765550239
Epoch: [1 | 3], batch: 3981, loss: 4.066436290740967, Accuracy: 0.1496090806330068
Epoch: [1 | 3], batch: 3991, loss: 4.063999176025391, Accuracy: 0.15007007955399648
Epoch: [1 | 3], batch: 4001, loss: 4.061612606048584, Accuracy: 0.150583447888028
Epoch: [1 | 3], batch: 4011, loss: 4.059159755706787, Accuracy: 0.15106698765893792
Epoch: [1 | 3], batch: 4021, loss: 4.05674934387207, Accuracy: 0.15153452188510322
Epoch: [1 | 3], batch: 4031, loss: 4.054357528686523, Accuracy: 0.15206369387248822
Epoch: [1 | 3], batch: 4041, loss: 4.0519280433654785, Accuracy: 0.1525419141301658
Epoch: [1 | 3], batch: 4051, loss: 4.049501419067383, Accuracy: 0.15302934460627005
Epoch: [1 | 3], batch: 4061, loss: 4.047090530395508, Accuracy: 0.15353361241073626
Epoch: [1 | 3], batch: 4071, loss: 4.044694423675537, Accuracy: 0.1540296456644559
Epoch: [1 | 3], batch: 4081, loss: 4.042286396026611, Accuracy: 0.15453281977456507
Epoch: [1 | 3], batch: 4091, loss: 4.039858341217041, Accuracy: 0.15499915974089465
Epoch: [1 | 3], batch: 4101, loss: 4.037391185760498, Accuracy: 0.1555013258961229
Epoch: [1 | 3], batch: 4111, loss: 4.034903526306152, Accuracy: 0.15600294940403794
Epoch: [1 | 3], batch: 4121, loss: 4.032425880432129, Accuracy: 0.15656469910215967
Epoch: [1 | 3], batch: 4131, loss: 4.029966831207275, Accuracy: 0.15702538731541998
Epoch: [1 | 3], batch: 4141, loss: 4.027522087097168, Accuracy: 0.15752346957256702
Epoch: [1 | 3], batch: 4151, loss: 4.025050640106201, Accuracy: 0.1580643218501566
Epoch: [1 | 3], batch: 4161, loss: 4.02256441116333, Accuracy: 0.1585368601297765
Epoch: [1 | 3], batch: 4171, loss: 4.020089149475098, Accuracy: 0.1589809098537521
Epoch: [1 | 3], batch: 4181, loss: 4.017617702484131, Accuracy: 0.15950878976321453
Epoch: [1 | 3], batch: 4191, loss: 4.015100955963135, Accuracy: 0.16004719935576234
Epoch: [1 | 3], batch: 4201, loss: 4.012595176696777, Accuracy: 0.16054585217805284
Epoch: [1 | 3], batch: 4211, loss: 4.010071277618408, Accuracy: 0.16102358406554262
Epoch: [1 | 3], batch: 4221, loss: 4.007533550262451, Accuracy: 0.16156013089315327
Epoch: [1 | 3], batch: 4231, loss: 4.005035400390625, Accuracy: 0.16210522039706926
Epoch: [1 | 3], batch: 4241, loss: 4.002530574798584, Accuracy: 0.16259984378684272
Epoch: [1 | 3], batch: 4251, loss: 4.000006198883057, Accuracy: 0.16313992295930368
Epoch: [1 | 3], batch: 4261, loss: 3.9974207878112793, Accuracy: 0.16369580204177422
Epoch: [1 | 3], batch: 4271, loss: 3.994901657104492, Accuracy: 0.16421615254038865
Epoch: [1 | 3], batch: 4281, loss: 3.992332696914673, Accuracy: 0.16473772191076852
Epoch: [1 | 3], batch: 4291, loss: 3.989830732345581, Accuracy: 0.16517857142857142
Epoch: [1 | 3], batch: 4301, loss: 3.9872918128967285, Accuracy: 0.16564461753080678
Epoch: [1 | 3], batch: 4311, loss: 3.9848058223724365, Accuracy: 0.16613024820227326
Epoch: [1 | 3], batch: 4321, loss: 3.9822640419006348, Accuracy: 0.1665847026151354
Epoch: [1 | 3], batch: 4331, loss: 3.979729652404785, Accuracy: 0.16704246998383745
Epoch: [1 | 3], batch: 4341, loss: 3.9771528244018555, Accuracy: 0.16750712681409813
Epoch: [1 | 3], batch: 4351, loss: 3.97454833984375, Accuracy: 0.16800555906688117
Epoch: [1 | 3], batch: 4361, loss: 3.971956253051758, Accuracy: 0.16848916532905298
Epoch: [1 | 3], batch: 4371, loss: 3.9693613052368164, Accuracy: 0.16901524250743538
Epoch: [1 | 3], batch: 4381, loss: 3.966783046722412, Accuracy: 0.1695139522939968
Epoch: [1 | 3], batch: 4391, loss: 3.9642462730407715, Accuracy: 0.1699819232521066
Epoch: [1 | 3], batch: 4401, loss: 3.9616665840148926, Accuracy: 0.17044954271756418
Epoch: [1 | 3], batch: 4411, loss: 3.959049940109253, Accuracy: 0.17089201711630017
Epoch: [1 | 3], batch: 4421, loss: 3.9564647674560547, Accuracy: 0.1713289555530423
Epoch: [1 | 3], batch: 4431, loss: 3.953850507736206, Accuracy: 0.1718591316858497
Epoch: [1 | 3], batch: 4441, loss: 3.9512295722961426, Accuracy: 0.17235877336185543
Epoch: [1 | 3], batch: 4451, loss: 3.9486021995544434, Accuracy: 0.17288951920916648
Epoch: [1 | 3], batch: 4461, loss: 3.946004629135132, Accuracy: 0.17341613427482627
Epoch: [1 | 3], batch: 4471, loss: 3.943394422531128, Accuracy: 0.17388797248937599
Epoch: [1 | 3], batch: 4481, loss: 3.940776824951172, Accuracy: 0.17433503961169383
Epoch: [1 | 3], batch: 4491, loss: 3.9381589889526367, Accuracy: 0.17476271988421288
Epoch: [1 | 3], batch: 4501, loss: 3.9355781078338623, Accuracy: 0.17522321428571427
Epoch: [1 | 3], batch: 4511, loss: 3.932983636856079, Accuracy: 0.1757041814453558
Epoch: [1 | 3], batch: 4521, loss: 3.9303345680236816, Accuracy: 0.1762020294182703
Epoch: [1 | 3], batch: 4531, loss: 3.927687406539917, Accuracy: 0.17667698907525933
Epoch: [1 | 3], batch: 4541, loss: 3.925036668777466, Accuracy: 0.17715845903985905
Epoch: [1 | 3], batch: 4551, loss: 3.9224140644073486, Accuracy: 0.17764467974071632
Epoch: [1 | 3], batch: 4561, loss: 3.9197611808776855, Accuracy: 0.17815446174084631
Epoch: [1 | 3], batch: 4571, loss: 3.9171411991119385, Accuracy: 0.17867226810325967
Epoch: [1 | 3], batch: 4581, loss: 3.9144763946533203, Accuracy: 0.1791264189041694
Epoch: [1 | 3], batch: 4591, loss: 3.9118165969848633, Accuracy: 0.17962113373992594
Epoch: [1 | 3], batch: 4601, loss: 3.9092049598693848, Accuracy: 0.18010690610736796
Epoch: [1 | 3], batch: 4611, loss: 3.9065773487091064, Accuracy: 0.18056007373671654
Epoch: [1 | 3], batch: 4621, loss: 3.9038937091827393, Accuracy: 0.1810721434754382
Epoch: [1 | 3], batch: 4631, loss: 3.9012093544006348, Accuracy: 0.18163935974951415
Epoch: [1 | 3], batch: 4641, loss: 3.898576259613037, Accuracy: 0.18211659663865545
Epoch: [1 | 3], batch: 4651, loss: 3.895897388458252, Accuracy: 0.1825329902171576
Epoch: [1 | 3], batch: 4661, loss: 3.8932738304138184, Accuracy: 0.1830397849173997
Epoch: [1 | 3], batch: 4671, loss: 3.89062237739563, Accuracy: 0.18355109987154786
Epoch: [1 | 3], batch: 4681, loss: 3.887941360473633, Accuracy: 0.18408025795770133
Epoch: [1 | 3], batch: 4691, loss: 3.885244131088257, Accuracy: 0.18454887017693455
Epoch: [1 | 3], batch: 4701, loss: 3.882615566253662, Accuracy: 0.18502213624760688
Epoch: [1 | 3], batch: 4711, loss: 3.8799712657928467, Accuracy: 0.18553651029505414
Epoch: [1 | 3], batch: 4721, loss: 3.8773210048675537, Accuracy: 0.18601064393137048
Epoch: [1 | 3], batch: 4731, loss: 3.8746631145477295, Accuracy: 0.18650589198900866
Epoch: [1 | 3], batch: 4741, loss: 3.872004270553589, Accuracy: 0.18695126291921535
Epoch: [1 | 3], batch: 4751, loss: 3.869380235671997, Accuracy: 0.18737502631025046
Epoch: [1 | 3], batch: 4761, loss: 3.8666813373565674, Accuracy: 0.18790038857382904
Epoch: [1 | 3], batch: 4771, loss: 3.8640103340148926, Accuracy: 0.18844811098302242
Epoch: [1 | 3], batch: 4781, loss: 3.861335515975952, Accuracy: 0.1889167407446141
Epoch: [1 | 3], batch: 4791, loss: 3.858625650405884, Accuracy: 0.18948940722187435
Epoch: [1 | 3], batch: 4801, loss: 3.8559377193450928, Accuracy: 0.1900271427827536
Epoch: [1 | 3], batch: 4811, loss: 3.853269577026367, Accuracy: 0.190608111619206
Epoch: [1 | 3], batch: 4821, loss: 3.8505775928497314, Accuracy: 0.1911250907488073
Epoch: [1 | 3], batch: 4831, loss: 3.8478951454162598, Accuracy: 0.1916253751811219
Epoch: [1 | 3], batch: 4841, loss: 3.8452253341674805, Accuracy: 0.19216716587481925
Epoch: [1 | 3], batch: 4851, loss: 3.8425614833831787, Accuracy: 0.19274054318697176
Epoch: [1 | 3], batch: 4861, loss: 3.8398971557617188, Accuracy: 0.1933115614071179
Epoch: [1 | 3], batch: 4871, loss: 3.837209463119507, Accuracy: 0.19385938462328065
Epoch: [1 | 3], batch: 4881, loss: 3.834496259689331, Accuracy: 0.1944113654988732
Epoch: [1 | 3], batch: 4891, loss: 3.831773281097412, Accuracy: 0.19492754549171948
Epoch: [1 | 3], batch: 4901, loss: 3.829094648361206, Accuracy: 0.19550697561722097
Epoch: [1 | 3], batch: 4911, loss: 3.826364755630493, Accuracy: 0.19607291030340052
Epoch: [1 | 3], batch: 4921, loss: 3.823678493499756, Accuracy: 0.19661273115220484
Epoch: [1 | 3], batch: 4931, loss: 3.8209774494171143, Accuracy: 0.19714877813830867
Epoch: [1 | 3], batch: 4941, loss: 3.8182811737060547, Accuracy: 0.19771111617081563
Epoch: [1 | 3], batch: 4951, loss: 3.8155810832977295, Accuracy: 0.19826329276913754
Epoch: [1 | 3], batch: 4961, loss: 3.812875509262085, Accuracy: 0.19878962154807497
Epoch: [1 | 3], batch: 4971, loss: 3.8101909160614014, Accuracy: 0.19934055019110844
Epoch: [1 | 3], batch: 4981, loss: 3.8074631690979004, Accuracy: 0.1999222043766312
Epoch: [1 | 3], batch: 4991, loss: 3.804766893386841, Accuracy: 0.2004733520336606
Epoch: [1 | 3], batch: 5001, loss: 3.8020732402801514, Accuracy: 0.20098948960207957
Epoch: [1 | 3], batch: 5011, loss: 3.799341917037964, Accuracy: 0.20160178856515665
Epoch: [1 | 3], batch: 5021, loss: 3.796647548675537, Accuracy: 0.2021120668193587
Epoch: [1 | 3], batch: 5031, loss: 3.793900489807129, Accuracy: 0.20269951301928046
Epoch: [1 | 3], batch: 5041, loss: 3.791219711303711, Accuracy: 0.2032071389605237
Epoch: [1 | 3], batch: 5051, loss: 3.7885332107543945, Accuracy: 0.2037173950702831
Epoch: [1 | 3], batch: 5061, loss: 3.7858362197875977, Accuracy: 0.2042534207666469
Epoch: [1 | 3], batch: 5071, loss: 3.7831573486328125, Accuracy: 0.20477654801814238
Epoch: [1 | 3], batch: 5081, loss: 3.7804532051086426, Accuracy: 0.20531145443810273
Epoch: [1 | 3], batch: 5091, loss: 3.7777247428894043, Accuracy: 0.20584119033588685
Epoch: [1 | 3], batch: 5101, loss: 3.774970531463623, Accuracy: 0.20637344393256224
Epoch: [1 | 3], batch: 5111, loss: 3.772282361984253, Accuracy: 0.2068913862257875
Epoch: [1 | 3], batch: 5121, loss: 3.769596815109253, Accuracy: 0.20738289640695176
Epoch: [1 | 3], batch: 5131, loss: 3.766867160797119, Accuracy: 0.20784965162736307
Epoch: [1 | 3], batch: 5141, loss: 3.764132261276245, Accuracy: 0.2083571411204046
Epoch: [1 | 3], batch: 5151, loss: 3.7614388465881348, Accuracy: 0.20885355998835178
Epoch: [1 | 3], batch: 5161, loss: 3.7587435245513916, Accuracy: 0.2093389725828328
Epoch: [1 | 3], batch: 5171, loss: 3.7560157775878906, Accuracy: 0.2098950275575324
Epoch: [1 | 3], batch: 5181, loss: 3.7533161640167236, Accuracy: 0.21038409573441422
Epoch: [1 | 3], batch: 5191, loss: 3.7506377696990967, Accuracy: 0.21088030967058372
Epoch: [1 | 3], batch: 5201, loss: 3.7479233741760254, Accuracy: 0.21144221063257065
Epoch: [1 | 3], batch: 5211, loss: 3.7452280521392822, Accuracy: 0.21195697802725005
Epoch: [1 | 3], batch: 5221, loss: 3.7425544261932373, Accuracy: 0.21246378806742003
Epoch: [1 | 3], batch: 5231, loss: 3.7398571968078613, Accuracy: 0.21299106289428407
Epoch: [1 | 3], batch: 5241, loss: 3.7371573448181152, Accuracy: 0.21351781625643962
Epoch: [1 | 3], batch: 5251, loss: 3.734480619430542, Accuracy: 0.21405297800418968
Epoch: [1 | 3], batch: 5261, loss: 3.731766939163208, Accuracy: 0.21461728996388518
Epoch: [1 | 3], batch: 5271, loss: 3.7290618419647217, Accuracy: 0.21516908556251185
Epoch: [1 | 3], batch: 5281, loss: 3.726332187652588, Accuracy: 0.215699559742473
Epoch: [1 | 3], batch: 5291, loss: 3.723660945892334, Accuracy: 0.21621621621621623
Epoch: [1 | 3], batch: 5301, loss: 3.720970869064331, Accuracy: 0.21674271363893605
Epoch: [1 | 3], batch: 5311, loss: 3.7182483673095703, Accuracy: 0.21726281538316702
Epoch: [1 | 3], batch: 5321, loss: 3.71551775932312, Accuracy: 0.21781473172336027
Epoch: [1 | 3], batch: 5331, loss: 3.7128334045410156, Accuracy: 0.21834552616769837
Epoch: [1 | 3], batch: 5341, loss: 3.7101242542266846, Accuracy: 0.21885239187418087
Epoch: [1 | 3], batch: 5351, loss: 3.7074499130249023, Accuracy: 0.21936174313212484
Epoch: [1 | 3], batch: 5361, loss: 3.704744815826416, Accuracy: 0.2198910534415221
Epoch: [1 | 3], batch: 5371, loss: 3.702052354812622, Accuracy: 0.2203573007819773
Epoch: [1 | 3], batch: 5381, loss: 3.6993672847747803, Accuracy: 0.22086101561048133
Epoch: [1 | 3], batch: 5391, loss: 3.696730136871338, Accuracy: 0.22139039603042107
Epoch: [1 | 3], batch: 5401, loss: 3.69403338432312, Accuracy: 0.2219785687835586
Epoch: [1 | 3], batch: 5411, loss: 3.691368341445923, Accuracy: 0.22254724172980964
Epoch: [1 | 3], batch: 5421, loss: 3.688685655593872, Accuracy: 0.22308643469839512
Epoch: [1 | 3], batch: 5431, loss: 3.686035633087158, Accuracy: 0.22360062603572087
Epoch: [1 | 3], batch: 5441, loss: 3.6833407878875732, Accuracy: 0.22411292731115603
Epoch: [1 | 3], batch: 5451, loss: 3.680673837661743, Accuracy: 0.22463338148963494
Epoch: [1 | 3], batch: 5461, loss: 3.678011178970337, Accuracy: 0.2251533601904413
Epoch: [1 | 3], batch: 5471, loss: 3.6753149032592773, Accuracy: 0.225694285779565
Epoch: [1 | 3], batch: 5481, loss: 3.6726415157318115, Accuracy: 0.22622611065498996
Epoch: [1 | 3], batch: 5491, loss: 3.669955253601074, Accuracy: 0.22680010471680934
Epoch: [1 | 3], batch: 5501, loss: 3.667276382446289, Accuracy: 0.2273123636611525
Epoch: [1 | 3], batch: 5511, loss: 3.6646108627319336, Accuracy: 0.22782276356378153
Epoch: [1 | 3], batch: 5521, loss: 3.661926746368408, Accuracy: 0.22836952092012316
Epoch: [1 | 3], batch: 5531, loss: 3.659276247024536, Accuracy: 0.22883520159103235
Epoch: [1 | 3], batch: 5541, loss: 3.6565964221954346, Accuracy: 0.2293372698971305
Epoch: [1 | 3], batch: 5551, loss: 3.6539413928985596, Accuracy: 0.22982345523329129
Epoch: [1 | 3], batch: 5561, loss: 3.6512837409973145, Accuracy: 0.23030929688904872
Epoch: [1 | 3], batch: 5571, loss: 3.6486358642578125, Accuracy: 0.2308102225812242
Epoch: [1 | 3], batch: 5581, loss: 3.645968437194824, Accuracy: 0.23134714880845728
Epoch: [1 | 3], batch: 5591, loss: 3.6433253288269043, Accuracy: 0.23185560499016275
Epoch: [1 | 3], batch: 5601, loss: 3.64070725440979, Accuracy: 0.23234690233886807
Epoch: [1 | 3], batch: 5611, loss: 3.638062000274658, Accuracy: 0.2328406255569417
Epoch: [1 | 3], batch: 5621, loss: 3.6354258060455322, Accuracy: 0.23334093132894504
Epoch: [1 | 3], batch: 5631, loss: 3.6327872276306152, Accuracy: 0.2338200364056118
Epoch: [1 | 3], batch: 5641, loss: 3.6301841735839844, Accuracy: 0.2342558943449743
Epoch: [1 | 3], batch: 5651, loss: 3.627570867538452, Accuracy: 0.23473859715094675
Epoch: [1 | 3], batch: 5661, loss: 3.6249213218688965, Accuracy: 0.23525133589471825
Epoch: [1 | 3], batch: 5671, loss: 3.622309923171997, Accuracy: 0.23575675586316347
Epoch: [1 | 3], batch: 5681, loss: 3.619703531265259, Accuracy: 0.23625902129906706
Epoch: [1 | 3], batch: 5691, loss: 3.617065906524658, Accuracy: 0.23679658671586715
Epoch: [1 | 3], batch: 5701, loss: 3.614426612854004, Accuracy: 0.23732267365374496
Epoch: [1 | 3], batch: 5711, loss: 3.611785411834717, Accuracy: 0.23787701365785327
Epoch: [1 | 3], batch: 5721, loss: 3.609179973602295, Accuracy: 0.23837069568257296
Epoch: [1 | 3], batch: 5731, loss: 3.606553077697754, Accuracy: 0.23891036686442157
Epoch: [1 | 3], batch: 5741, loss: 3.603938102722168, Accuracy: 0.23941277651977008
Epoch: [1 | 3], batch: 5751, loss: 3.601317882537842, Accuracy: 0.2399433250739002
Epoch: [1 | 3], batch: 5761, loss: 3.5987350940704346, Accuracy: 0.24045033414337788
Epoch: [1 | 3], batch: 5771, loss: 3.5961363315582275, Accuracy: 0.2409921374111939
Epoch: [1 | 3], batch: 5781, loss: 3.5935304164886475, Accuracy: 0.2415739599550251
Epoch: [1 | 3], batch: 5791, loss: 3.5908865928649902, Accuracy: 0.24213353695389397
Epoch: [1 | 3], batch: 5801, loss: 3.5882837772369385, Accuracy: 0.2427262002240993
Epoch: [1 | 3], batch: 5811, loss: 3.585690498352051, Accuracy: 0.24321330235759767
Epoch: [1 | 3], batch: 5821, loss: 3.5831079483032227, Accuracy: 0.24371080999828207
Epoch: [1 | 3], batch: 5831, loss: 3.580493688583374, Accuracy: 0.24426288372491853
Epoch: [1 | 3], batch: 5841, loss: 3.5779080390930176, Accuracy: 0.2447769538606403
Epoch: [1 | 3], batch: 5851, loss: 3.5753164291381836, Accuracy: 0.24527591437361135
Epoch: [1 | 3], batch: 5861, loss: 3.572718858718872, Accuracy: 0.24577183927657395
Epoch: [1 | 3], batch: 5871, loss: 3.5701358318328857, Accuracy: 0.24627538962698006
Epoch: [1 | 3], batch: 5881, loss: 3.56754994392395, Accuracy: 0.24677855594286685
Epoch: [1 | 3], batch: 5891, loss: 3.564964771270752, Accuracy: 0.2472640998981497
Epoch: [1 | 3], batch: 5901, loss: 3.5624284744262695, Accuracy: 0.24773078715471955
Epoch: [1 | 3], batch: 5911, loss: 3.559859275817871, Accuracy: 0.2481813567924209
Epoch: [1 | 3], batch: 5921, loss: 3.5572669506073, Accuracy: 0.24866339089680797
Epoch: [1 | 3], batch: 5931, loss: 3.554682493209839, Accuracy: 0.24917804754678807
Epoch: [1 | 3], batch: 5941, loss: 3.552112102508545, Accuracy: 0.24968176653761992
Epoch: [1 | 3], batch: 5951, loss: 3.5495595932006836, Accuracy: 0.25012865484792474
Epoch: [1 | 3], batch: 5961, loss: 3.546999454498291, Accuracy: 0.25061598305653415
Epoch: [1 | 3], batch: 5971, loss: 3.5444138050079346, Accuracy: 0.2510938285044381
Epoch: [1 | 3], batch: 5981, loss: 3.541872501373291, Accuracy: 0.2515413392409296
Epoch: [1 | 3], batch: 5991, loss: 3.5393242835998535, Accuracy: 0.25201082874311465
Epoch: [1 | 3], batch: 6001, loss: 3.53678035736084, Accuracy: 0.2524878666055657
Epoch: [1 | 3], batch: 6011, loss: 3.534233570098877, Accuracy: 0.25294252204292134
Epoch: [1 | 3], batch: 6021, loss: 3.5316555500030518, Accuracy: 0.25345665171898357
Epoch: [1 | 3], batch: 6031, loss: 3.529139280319214, Accuracy: 0.2538758083236611
Epoch: [1 | 3], batch: 6041, loss: 3.526560068130493, Accuracy: 0.25435435979142523
Epoch: [1 | 3], batch: 6051, loss: 3.5240514278411865, Accuracy: 0.2548003429185259
Epoch: [1 | 3], batch: 6061, loss: 3.521507501602173, Accuracy: 0.2552835237584557
Epoch: [1 | 3], batch: 6071, loss: 3.519000768661499, Accuracy: 0.25574580999835284
Epoch: [1 | 3], batch: 6081, loss: 3.5165019035339355, Accuracy: 0.2562258469001809
Epoch: [1 | 3], batch: 6091, loss: 3.5139858722686768, Accuracy: 0.2566953291741914
Epoch: [1 | 3], batch: 6101, loss: 3.511446714401245, Accuracy: 0.25724522619242746
Epoch: [1 | 3], batch: 6111, loss: 3.5089192390441895, Accuracy: 0.25773323719522173
Epoch: [1 | 3], batch: 6121, loss: 3.5063977241516113, Accuracy: 0.2581941267766705
Epoch: [1 | 3], batch: 6131, loss: 3.50390362739563, Accuracy: 0.25863567321807207
Epoch: [1 | 3], batch: 6141, loss: 3.50140380859375, Accuracy: 0.25910249755740106
Epoch: [1 | 3], batch: 6151, loss: 3.498915672302246, Accuracy: 0.2595373211672899
Epoch: [1 | 3], batch: 6161, loss: 3.4964466094970703, Accuracy: 0.2599846818698263
Epoch: [1 | 3], batch: 6171, loss: 3.49395489692688, Accuracy: 0.26043818870523416
Epoch: [1 | 3], batch: 6181, loss: 3.49149227142334, Accuracy: 0.2608889641643747
Epoch: [1 | 3], batch: 6191, loss: 3.4890058040618896, Accuracy: 0.2613433310450654
Epoch: [1 | 3], batch: 6201, loss: 3.486506938934326, Accuracy: 0.2617886731978713
Epoch: [1 | 3], batch: 6211, loss: 3.4840381145477295, Accuracy: 0.2622539647399775
Epoch: [1 | 3], batch: 6221, loss: 3.4815545082092285, Accuracy: 0.26274036529496864
Epoch: [1 | 3], batch: 6231, loss: 3.4790682792663574, Accuracy: 0.2632126665061788
Epoch: [1 | 3], batch: 6241, loss: 3.476576805114746, Accuracy: 0.2636809505688191
Epoch: [1 | 3], batch: 6251, loss: 3.474104404449463, Accuracy: 0.26415148576227804
Epoch: [1 | 3], batch: 6261, loss: 3.471607208251953, Accuracy: 0.26465171298514617
Epoch: [1 | 3], batch: 6271, loss: 3.469158411026001, Accuracy: 0.2651254285600383
Epoch: [1 | 3], batch: 6281, loss: 3.4667015075683594, Accuracy: 0.26558519742079284
Epoch: [1 | 3], batch: 6291, loss: 3.464219331741333, Accuracy: 0.26604350460975995
Epoch: [1 | 3], batch: 6301, loss: 3.461751937866211, Accuracy: 0.266517136459333
Epoch: [2 | 3], batch: 1, loss: 3.4615113735198975, Accuracy: 0.26656162369491754
Epoch: [2 | 3], batch: 11, loss: 3.45908260345459, Accuracy: 0.26701686028809285
Epoch: [2 | 3], batch: 21, loss: 3.4566490650177, Accuracy: 0.2674372910008972
Epoch: [2 | 3], batch: 31, loss: 3.454200506210327, Accuracy: 0.26789340821770424
Epoch: [2 | 3], batch: 41, loss: 3.451737403869629, Accuracy: 0.26837026068831965
Epoch: [2 | 3], batch: 51, loss: 3.449301242828369, Accuracy: 0.2688234729796545
Epoch: [2 | 3], batch: 61, loss: 3.4468729496002197, Accuracy: 0.2692421045909909
Epoch: [2 | 3], batch: 71, loss: 3.4444267749786377, Accuracy: 0.26968271756002227
Epoch: [2 | 3], batch: 81, loss: 3.4419937133789062, Accuracy: 0.2701660190918283
Epoch: [2 | 3], batch: 91, loss: 3.439568281173706, Accuracy: 0.2705842522495215
Epoch: [2 | 3], batch: 101, loss: 3.437129259109497, Accuracy: 0.27103290727728463
Epoch: [2 | 3], batch: 111, loss: 3.4347102642059326, Accuracy: 0.27147650761391634
Epoch: [2 | 3], batch: 121, loss: 3.4322657585144043, Accuracy: 0.271963737843881
Epoch: [2 | 3], batch: 131, loss: 3.429849147796631, Accuracy: 0.2724360920886099
Epoch: [2 | 3], batch: 141, loss: 3.4274206161499023, Accuracy: 0.272908192593994
Epoch: [2 | 3], batch: 151, loss: 3.4250235557556152, Accuracy: 0.2733764079365118
Epoch: [2 | 3], batch: 161, loss: 3.422617197036743, Accuracy: 0.27382745721974916
Epoch: [2 | 3], batch: 171, loss: 3.420217514038086, Accuracy: 0.27426624851825293
Epoch: [2 | 3], batch: 181, loss: 3.417814254760742, Accuracy: 0.2746964543554612
Epoch: [2 | 3], batch: 191, loss: 3.415414571762085, Accuracy: 0.275169860910209
Epoch: [2 | 3], batch: 201, loss: 3.413039207458496, Accuracy: 0.2756141754800818
Epoch: [2 | 3], batch: 211, loss: 3.410644292831421, Accuracy: 0.27602953208867304
Epoch: [2 | 3], batch: 221, loss: 3.4082517623901367, Accuracy: 0.276471166032194
Epoch: [2 | 3], batch: 231, loss: 3.405869483947754, Accuracy: 0.2768863309627865
Epoch: [2 | 3], batch: 241, loss: 3.4035143852233887, Accuracy: 0.2772906729848312
Epoch: [2 | 3], batch: 251, loss: 3.4011452198028564, Accuracy: 0.27776293918588596
Epoch: [2 | 3], batch: 261, loss: 3.3987748622894287, Accuracy: 0.27819447718511214
Epoch: [2 | 3], batch: 271, loss: 3.3963937759399414, Accuracy: 0.2786496658400835
Epoch: [2 | 3], batch: 281, loss: 3.3940587043762207, Accuracy: 0.27907498451027546
Epoch: [2 | 3], batch: 291, loss: 3.3916938304901123, Accuracy: 0.27950730882914143
Epoch: [2 | 3], batch: 301, loss: 3.3893704414367676, Accuracy: 0.2799051894908491
Epoch: [2 | 3], batch: 311, loss: 3.38700795173645, Accuracy: 0.2803325873709434
Epoch: [2 | 3], batch: 321, loss: 3.3846311569213867, Accuracy: 0.2807870091810659
Epoch: [2 | 3], batch: 331, loss: 3.3822853565216064, Accuracy: 0.28125537464041445
Epoch: [2 | 3], batch: 341, loss: 3.379929780960083, Accuracy: 0.2817035101049903
Epoch: [2 | 3], batch: 351, loss: 3.3776180744171143, Accuracy: 0.28212563450286215
Epoch: [2 | 3], batch: 361, loss: 3.3752753734588623, Accuracy: 0.28259105418571323
Epoch: [2 | 3], batch: 371, loss: 3.372957229614258, Accuracy: 0.28301409578765685
Epoch: [2 | 3], batch: 381, loss: 3.3706488609313965, Accuracy: 0.2834475630601875
Epoch: [2 | 3], batch: 391, loss: 3.3683178424835205, Accuracy: 0.2838797348506959
Epoch: [2 | 3], batch: 401, loss: 3.365992546081543, Accuracy: 0.2842803087704901
Epoch: [2 | 3], batch: 411, loss: 3.3636391162872314, Accuracy: 0.28474370703522384
Epoch: [2 | 3], batch: 421, loss: 3.361335277557373, Accuracy: 0.2851522639101642
Epoch: [2 | 3], batch: 431, loss: 3.3590404987335205, Accuracy: 0.28555612549234416
Epoch: [2 | 3], batch: 441, loss: 3.356764554977417, Accuracy: 0.28598196469418546
Epoch: [2 | 3], batch: 451, loss: 3.3544721603393555, Accuracy: 0.2864215843953282
Epoch: [2 | 3], batch: 461, loss: 3.3521528244018555, Accuracy: 0.28685297169146445
Epoch: [2 | 3], batch: 471, loss: 3.349825620651245, Accuracy: 0.2873015433530146
Epoch: [2 | 3], batch: 481, loss: 3.347561836242676, Accuracy: 0.2877557038753868
Epoch: [2 | 3], batch: 491, loss: 3.345296621322632, Accuracy: 0.28818782250216823
Epoch: [2 | 3], batch: 501, loss: 3.34302020072937, Accuracy: 0.28860029357241795
Epoch: [2 | 3], batch: 511, loss: 3.340759515762329, Accuracy: 0.2890081129993784
Epoch: [2 | 3], batch: 521, loss: 3.3384828567504883, Accuracy: 0.2894296243532513
Epoch: [2 | 3], batch: 531, loss: 3.3362135887145996, Accuracy: 0.28982588788487973
Epoch: [2 | 3], batch: 541, loss: 3.333951711654663, Accuracy: 0.2902335534053306
Epoch: [2 | 3], batch: 551, loss: 3.3316736221313477, Accuracy: 0.29062520665774283
Epoch: [2 | 3], batch: 561, loss: 3.3294408321380615, Accuracy: 0.2910202724703814
Epoch: [2 | 3], batch: 571, loss: 3.327171564102173, Accuracy: 0.29142896770628934
Epoch: [2 | 3], batch: 581, loss: 3.3249306678771973, Accuracy: 0.29179560764405255
Epoch: [2 | 3], batch: 591, loss: 3.322664260864258, Accuracy: 0.29222126247202934
Epoch: [2 | 3], batch: 601, loss: 3.3203814029693604, Accuracy: 0.29262191353483036
Epoch: [2 | 3], batch: 611, loss: 3.3181192874908447, Accuracy: 0.29304740181794753
Epoch: [2 | 3], batch: 621, loss: 3.3158860206604004, Accuracy: 0.293447959061595
Epoch: [2 | 3], batch: 631, loss: 3.31366229057312, Accuracy: 0.29382707422793347
Epoch: [2 | 3], batch: 641, loss: 3.311436653137207, Accuracy: 0.2942287305277895
Epoch: [2 | 3], batch: 651, loss: 3.3091940879821777, Accuracy: 0.29463597399123903
Epoch: [2 | 3], batch: 661, loss: 3.3069539070129395, Accuracy: 0.2950252150630545
Epoch: [2 | 3], batch: 671, loss: 3.304725408554077, Accuracy: 0.2954099778802215
Epoch: [2 | 3], batch: 681, loss: 3.3024821281433105, Accuracy: 0.2958507050511696
Epoch: [2 | 3], batch: 691, loss: 3.30024790763855, Accuracy: 0.29629352361074174
Epoch: [2 | 3], batch: 701, loss: 3.2980284690856934, Accuracy: 0.2967428876189116
Epoch: [2 | 3], batch: 711, loss: 3.295813798904419, Accuracy: 0.29715754500665154
Epoch: [2 | 3], batch: 721, loss: 3.2935988903045654, Accuracy: 0.29757324652263983
Epoch: [2 | 3], batch: 731, loss: 3.291356325149536, Accuracy: 0.29799443169268985
Epoch: [2 | 3], batch: 741, loss: 3.2891483306884766, Accuracy: 0.2984066547293354
Epoch: [2 | 3], batch: 751, loss: 3.286954879760742, Accuracy: 0.29881438513538966
Epoch: [2 | 3], batch: 761, loss: 3.2847325801849365, Accuracy: 0.2992087917923211
Epoch: [2 | 3], batch: 771, loss: 3.2825348377227783, Accuracy: 0.2996098160214049
Epoch: [2 | 3], batch: 781, loss: 3.2803544998168945, Accuracy: 0.2999799226470335
Epoch: [2 | 3], batch: 791, loss: 3.2781708240509033, Accuracy: 0.30038533820091784
Epoch: [2 | 3], batch: 801, loss: 3.275956392288208, Accuracy: 0.30080061250486767
Epoch: [2 | 3], batch: 811, loss: 3.2738194465637207, Accuracy: 0.30115649860380916
Epoch: [2 | 3], batch: 821, loss: 3.271616220474243, Accuracy: 0.30159365696446083
Epoch: [2 | 3], batch: 831, loss: 3.2694458961486816, Accuracy: 0.3020032993973013
Epoch: [2 | 3], batch: 841, loss: 3.2672789096832275, Accuracy: 0.30239101090164455
Epoch: [2 | 3], batch: 851, loss: 3.265096664428711, Accuracy: 0.30280166999106456
Epoch: [2 | 3], batch: 861, loss: 3.262943744659424, Accuracy: 0.30319591070037766
Epoch: [2 | 3], batch: 871, loss: 3.260789632797241, Accuracy: 0.3035705337827092
Epoch: [2 | 3], batch: 881, loss: 3.25864315032959, Accuracy: 0.3039821863299445
Epoch: [2 | 3], batch: 891, loss: 3.256484031677246, Accuracy: 0.3043720548266625
Epoch: [2 | 3], batch: 901, loss: 3.254316806793213, Accuracy: 0.3048042314726627
Epoch: [2 | 3], batch: 911, loss: 3.252140760421753, Accuracy: 0.3052200438939526
Epoch: [2 | 3], batch: 921, loss: 3.249972105026245, Accuracy: 0.30562388713282146
Epoch: [2 | 3], batch: 931, loss: 3.2477989196777344, Accuracy: 0.3060287740873334
Epoch: [2 | 3], batch: 941, loss: 3.245648145675659, Accuracy: 0.3064055734033533
Epoch: [2 | 3], batch: 951, loss: 3.2434773445129395, Accuracy: 0.306842739164065
Epoch: [2 | 3], batch: 961, loss: 3.241352081298828, Accuracy: 0.3072141524677957
Epoch: [2 | 3], batch: 971, loss: 3.239212989807129, Accuracy: 0.3076135511498538
Epoch: [2 | 3], batch: 981, loss: 3.237091064453125, Accuracy: 0.3079968329374505
Epoch: [2 | 3], batch: 991, loss: 3.234966993331909, Accuracy: 0.3083790634836625
Epoch: [2 | 3], batch: 1001, loss: 3.2328171730041504, Accuracy: 0.308786994973541
Epoch: [2 | 3], batch: 1011, loss: 3.2307112216949463, Accuracy: 0.30916282558385527
Epoch: [2 | 3], batch: 1021, loss: 3.2285971641540527, Accuracy: 0.3095643044171342
Epoch: [2 | 3], batch: 1031, loss: 3.2264842987060547, Accuracy: 0.309929525388548
Epoch: [2 | 3], batch: 1041, loss: 3.2243640422821045, Accuracy: 0.3102990719045217
Epoch: [2 | 3], batch: 1051, loss: 3.2222297191619873, Accuracy: 0.3106920538035012
Epoch: [2 | 3], batch: 1061, loss: 3.2200984954833984, Accuracy: 0.3110967024430828
Epoch: [2 | 3], batch: 1071, loss: 3.218029737472534, Accuracy: 0.311477998418845
Epoch: [2 | 3], batch: 1081, loss: 3.2159290313720703, Accuracy: 0.31185826134995037
Epoch: [2 | 3], batch: 1091, loss: 3.213848114013672, Accuracy: 0.3122195283319981
Epoch: [2 | 3], batch: 1101, loss: 3.2117388248443604, Accuracy: 0.31261359390535054
Epoch: [2 | 3], batch: 1111, loss: 3.2096402645111084, Accuracy: 0.3129855154342524
Epoch: [2 | 3], batch: 1121, loss: 3.207531213760376, Accuracy: 0.3133774870686116
Epoch: [2 | 3], batch: 1131, loss: 3.2054131031036377, Accuracy: 0.3137473798846624
Epoch: [2 | 3], batch: 1141, loss: 3.2033379077911377, Accuracy: 0.31410158160940777
Epoch: [2 | 3], batch: 1151, loss: 3.2012598514556885, Accuracy: 0.31446846163039627
Epoch: [2 | 3], batch: 1161, loss: 3.199176788330078, Accuracy: 0.3148490159495945
Epoch: [2 | 3], batch: 1171, loss: 3.1970877647399902, Accuracy: 0.31523377951389253
Epoch: [2 | 3], batch: 1181, loss: 3.195021390914917, Accuracy: 0.31563839806869415
Epoch: [2 | 3], batch: 1191, loss: 3.1929328441619873, Accuracy: 0.31599084021047497
Epoch: [2 | 3], batch: 1201, loss: 3.1908960342407227, Accuracy: 0.31633505301722253
Epoch: [2 | 3], batch: 1211, loss: 3.188840627670288, Accuracy: 0.3167220295902173
Epoch: [2 | 3], batch: 1221, loss: 3.1867878437042236, Accuracy: 0.31707266408672913
Epoch: [2 | 3], batch: 1231, loss: 3.1847219467163086, Accuracy: 0.31746904347501387
Epoch: [2 | 3], batch: 1241, loss: 3.182648181915283, Accuracy: 0.31787473041536235
Epoch: [2 | 3], batch: 1251, loss: 3.180579662322998, Accuracy: 0.3182762394817587
Epoch: [2 | 3], batch: 1261, loss: 3.1785037517547607, Accuracy: 0.31869321668626166
Epoch: [2 | 3], batch: 1271, loss: 3.176464796066284, Accuracy: 0.3190688537309614
Epoch: [2 | 3], batch: 1281, loss: 3.174443006515503, Accuracy: 0.31943319587756336
Epoch: [2 | 3], batch: 1291, loss: 3.1723945140838623, Accuracy: 0.31981407199616374
Epoch: [2 | 3], batch: 1301, loss: 3.170384407043457, Accuracy: 0.3201764753035289
Epoch: [2 | 3], batch: 1311, loss: 3.1683461666107178, Accuracy: 0.32053587373528997
Epoch: [2 | 3], batch: 1321, loss: 3.166299343109131, Accuracy: 0.3209107290383287
Epoch: [2 | 3], batch: 1331, loss: 3.164301633834839, Accuracy: 0.3212590107012634
Epoch: [2 | 3], batch: 1341, loss: 3.1622748374938965, Accuracy: 0.3216329610069374
Epoch: [2 | 3], batch: 1351, loss: 3.160275936126709, Accuracy: 0.3219906192633855
Epoch: [2 | 3], batch: 1361, loss: 3.1582491397857666, Accuracy: 0.322363658239645
Epoch: [2 | 3], batch: 1371, loss: 3.1562178134918213, Accuracy: 0.32275099947658586
Epoch: [2 | 3], batch: 1381, loss: 3.1541924476623535, Accuracy: 0.32315157013060186
Epoch: [2 | 3], batch: 1391, loss: 3.1522164344787598, Accuracy: 0.3234789868511661
Epoch: [2 | 3], batch: 1401, loss: 3.1502156257629395, Accuracy: 0.3238339551292585
Epoch: [2 | 3], batch: 1411, loss: 3.148218870162964, Accuracy: 0.32420218531627926
Epoch: [2 | 3], batch: 1421, loss: 3.146207571029663, Accuracy: 0.32456845006242324
Epoch: [2 | 3], batch: 1431, loss: 3.1441848278045654, Accuracy: 0.3249620589798463
Epoch: [2 | 3], batch: 1441, loss: 3.1422111988067627, Accuracy: 0.32530318656190776
Epoch: [2 | 3], batch: 1451, loss: 3.1402299404144287, Accuracy: 0.32565955894357695
Epoch: [2 | 3], batch: 1461, loss: 3.1382546424865723, Accuracy: 0.32604218879273383
Epoch: [2 | 3], batch: 1471, loss: 3.136303186416626, Accuracy: 0.3263946828251311
Epoch: [2 | 3], batch: 1481, loss: 3.1343421936035156, Accuracy: 0.32672016898003603
Epoch: [2 | 3], batch: 1491, loss: 3.132385730743408, Accuracy: 0.32707389605103
Epoch: [2 | 3], batch: 1501, loss: 3.130455732345581, Accuracy: 0.32741269749082264
Epoch: [2 | 3], batch: 1511, loss: 3.128486394882202, Accuracy: 0.3277816335878168
Epoch: [2 | 3], batch: 1521, loss: 3.126492500305176, Accuracy: 0.32817459604040694
Epoch: [2 | 3], batch: 1531, loss: 3.124499797821045, Accuracy: 0.3285316420846409
Epoch: [2 | 3], batch: 1541, loss: 3.1225368976593018, Accuracy: 0.32888977000798986
Epoch: [2 | 3], batch: 1551, loss: 3.1205859184265137, Accuracy: 0.3292420108770275
Epoch: [2 | 3], batch: 1561, loss: 3.118622064590454, Accuracy: 0.32963211021390515
Epoch: [2 | 3], batch: 1571, loss: 3.116665840148926, Accuracy: 0.3300003771285433
Epoch: [2 | 3], batch: 1581, loss: 3.114696979522705, Accuracy: 0.3303766302505516
Epoch: [2 | 3], batch: 1591, loss: 3.112738609313965, Accuracy: 0.3307519298655479
Epoch: [2 | 3], batch: 1601, loss: 3.1107757091522217, Accuracy: 0.33111738151215975
Epoch: [2 | 3], batch: 1611, loss: 3.108856439590454, Accuracy: 0.33146314826993073
Epoch: [2 | 3], batch: 1621, loss: 3.106942653656006, Accuracy: 0.33178634614512226
Epoch: [2 | 3], batch: 1631, loss: 3.1049869060516357, Accuracy: 0.3321520662980378
Epoch: [2 | 3], batch: 1641, loss: 3.1030101776123047, Accuracy: 0.33253063721873666
Epoch: [2 | 3], batch: 1651, loss: 3.101095199584961, Accuracy: 0.33286502779377003
Epoch: [2 | 3], batch: 1661, loss: 3.0991530418395996, Accuracy: 0.3332260527074948
Epoch: [2 | 3], batch: 1671, loss: 3.097245693206787, Accuracy: 0.33353521217858634
Epoch: [2 | 3], batch: 1681, loss: 3.095330238342285, Accuracy: 0.3339013442380987
Epoch: [2 | 3], batch: 1691, loss: 3.0934340953826904, Accuracy: 0.33422354820357114
Epoch: [2 | 3], batch: 1701, loss: 3.091522693634033, Accuracy: 0.33455568638247934
Epoch: [2 | 3], batch: 1711, loss: 3.089627742767334, Accuracy: 0.3348830950509686
Epoch: [2 | 3], batch: 1721, loss: 3.0877127647399902, Accuracy: 0.3352447473446992
Epoch: [2 | 3], batch: 1731, loss: 3.0858139991760254, Accuracy: 0.3355685375072707
Epoch: [2 | 3], batch: 1741, loss: 3.08390474319458, Accuracy: 0.3359284380604134
Epoch: [2 | 3], batch: 1751, loss: 3.0820186138153076, Accuracy: 0.3362466938468196
Epoch: [2 | 3], batch: 1761, loss: 3.0801262855529785, Accuracy: 0.3365622220025699
Epoch: [2 | 3], batch: 1771, loss: 3.0782175064086914, Accuracy: 0.33689438973920216
Epoch: [2 | 3], batch: 1781, loss: 3.076334238052368, Accuracy: 0.33722670213650346
Epoch: [2 | 3], batch: 1791, loss: 3.0744287967681885, Accuracy: 0.3375610895813179
Epoch: [2 | 3], batch: 1801, loss: 3.0725772380828857, Accuracy: 0.3378772947213935
Epoch: [2 | 3], batch: 1811, loss: 3.0706870555877686, Accuracy: 0.3382293173487529
Epoch: [2 | 3], batch: 1821, loss: 3.068809986114502, Accuracy: 0.3385506543774901
Epoch: [2 | 3], batch: 1831, loss: 3.0669493675231934, Accuracy: 0.3388865725040206
Epoch: [2 | 3], batch: 1841, loss: 3.0650839805603027, Accuracy: 0.3392072724900065
Epoch: [2 | 3], batch: 1851, loss: 3.0632286071777344, Accuracy: 0.3395223938956581
Epoch: [2 | 3], batch: 1861, loss: 3.0613608360290527, Accuracy: 0.339858758305942
Epoch: [2 | 3], batch: 1871, loss: 3.059469223022461, Accuracy: 0.34020672763462056
Epoch: [2 | 3], batch: 1881, loss: 3.0575783252716064, Accuracy: 0.34054429797172525
Epoch: [2 | 3], batch: 1891, loss: 3.055692672729492, Accuracy: 0.34088009048479173
Epoch: [2 | 3], batch: 1901, loss: 3.0538389682769775, Accuracy: 0.34121125413628944
Epoch: [2 | 3], batch: 1911, loss: 3.052006721496582, Accuracy: 0.3415549301991944
Epoch: [2 | 3], batch: 1921, loss: 3.050137996673584, Accuracy: 0.34189301928708665
Epoch: [2 | 3], batch: 1931, loss: 3.0482635498046875, Accuracy: 0.3422198475079103
Epoch: [2 | 3], batch: 1941, loss: 3.046394109725952, Accuracy: 0.3425705278044767
Epoch: [2 | 3], batch: 1951, loss: 3.0445516109466553, Accuracy: 0.34289763636398063
Epoch: [2 | 3], batch: 1961, loss: 3.042691707611084, Accuracy: 0.34326177692632104
Epoch: [2 | 3], batch: 1971, loss: 3.0408432483673096, Accuracy: 0.3435872589519972
Epoch: [2 | 3], batch: 1981, loss: 3.039011240005493, Accuracy: 0.3439138416027258
Epoch: [2 | 3], batch: 1991, loss: 3.037165880203247, Accuracy: 0.34424434742136134
Epoch: [2 | 3], batch: 2001, loss: 3.0353801250457764, Accuracy: 0.344547707908689
Epoch: [2 | 3], batch: 2011, loss: 3.0335562229156494, Accuracy: 0.3448616173559638
Epoch: [2 | 3], batch: 2021, loss: 3.031740188598633, Accuracy: 0.3451879152921385
Epoch: [2 | 3], batch: 2031, loss: 3.0299270153045654, Accuracy: 0.3455068664240024
Epoch: [2 | 3], batch: 2041, loss: 3.028102159500122, Accuracy: 0.34580819536718443
Epoch: [2 | 3], batch: 2051, loss: 3.026291847229004, Accuracy: 0.34611160895520715
Epoch: [2 | 3], batch: 2061, loss: 3.0244860649108887, Accuracy: 0.34644699691871883
Epoch: [2 | 3], batch: 2071, loss: 3.022674322128296, Accuracy: 0.3467657197461026
Epoch: [2 | 3], batch: 2081, loss: 3.0208489894866943, Accuracy: 0.3470985950149782
Epoch: [2 | 3], batch: 2091, loss: 3.0190210342407227, Accuracy: 0.3474558125592316
Epoch: [2 | 3], batch: 2101, loss: 3.017214059829712, Accuracy: 0.3477508103554406
Epoch: [2 | 3], batch: 2111, loss: 3.015399932861328, Accuracy: 0.3480794699526531
Epoch: [2 | 3], batch: 2121, loss: 3.013622760772705, Accuracy: 0.34838508590797523
Epoch: [2 | 3], batch: 2131, loss: 3.0118489265441895, Accuracy: 0.3486779320555845
Epoch: [2 | 3], batch: 2141, loss: 3.010043144226074, Accuracy: 0.3490015491766413
Epoch: [2 | 3], batch: 2151, loss: 3.008225679397583, Accuracy: 0.34934196296357917
Epoch: [2 | 3], batch: 2161, loss: 3.0064430236816406, Accuracy: 0.34964464230649206
Epoch: [2 | 3], batch: 2171, loss: 3.004647970199585, Accuracy: 0.3499807269179483
Epoch: [2 | 3], batch: 2181, loss: 3.002852439880371, Accuracy: 0.35032338762118975
Epoch: [2 | 3], batch: 2191, loss: 3.0010461807250977, Accuracy: 0.3506339618058942
Epoch: [2 | 3], batch: 2201, loss: 2.9992833137512207, Accuracy: 0.3509401297858772
Epoch: [2 | 3], batch: 2211, loss: 2.9975063800811768, Accuracy: 0.35124649620847076
Epoch: [2 | 3], batch: 2221, loss: 2.99574613571167, Accuracy: 0.3515503101353668
Epoch: [2 | 3], batch: 2231, loss: 2.9939630031585693, Accuracy: 0.35186439995091995
Epoch: [2 | 3], batch: 2241, loss: 2.9921741485595703, Accuracy: 0.3522079361682279
Epoch: [2 | 3], batch: 2251, loss: 2.990438938140869, Accuracy: 0.35250681950643764
Epoch: [2 | 3], batch: 2261, loss: 2.988685369491577, Accuracy: 0.35279770497128476
Epoch: [2 | 3], batch: 2271, loss: 2.9869306087493896, Accuracy: 0.35311889932137214
Epoch: [2 | 3], batch: 2281, loss: 2.9851717948913574, Accuracy: 0.35341021434800735
Epoch: [2 | 3], batch: 2291, loss: 2.983403444290161, Accuracy: 0.3536953955994595
Epoch: [2 | 3], batch: 2301, loss: 2.9816434383392334, Accuracy: 0.3540071604117509
Epoch: [2 | 3], batch: 2311, loss: 2.979900360107422, Accuracy: 0.3543018722093304
Epoch: [2 | 3], batch: 2321, loss: 2.978180170059204, Accuracy: 0.3545659986190824
Epoch: [2 | 3], batch: 2331, loss: 2.976438522338867, Accuracy: 0.35485304472646245
Epoch: [2 | 3], batch: 2341, loss: 2.9746909141540527, Accuracy: 0.3551701631027307
Epoch: [2 | 3], batch: 2351, loss: 2.9729509353637695, Accuracy: 0.35546939195668625
Epoch: [2 | 3], batch: 2361, loss: 2.9712157249450684, Accuracy: 0.35580039937442165
Epoch: [2 | 3], batch: 2371, loss: 2.969463586807251, Accuracy: 0.3561171300542155
Epoch: [2 | 3], batch: 2381, loss: 2.967716932296753, Accuracy: 0.3564295316990823
Epoch: [2 | 3], batch: 2391, loss: 2.9659645557403564, Accuracy: 0.356763684932418
Epoch: [2 | 3], batch: 2401, loss: 2.964238405227661, Accuracy: 0.3570629543907909
Epoch: [2 | 3], batch: 2411, loss: 2.962477684020996, Accuracy: 0.3573785751308811
Epoch: [2 | 3], batch: 2421, loss: 2.9607653617858887, Accuracy: 0.35766839183313714
Epoch: [2 | 3], batch: 2431, loss: 2.9590654373168945, Accuracy: 0.3579664917231371
Epoch: [2 | 3], batch: 2441, loss: 2.9573752880096436, Accuracy: 0.3582317372879084
Epoch: [2 | 3], batch: 2451, loss: 2.9556548595428467, Accuracy: 0.35853922414023964
Epoch: [2 | 3], batch: 2461, loss: 2.953953504562378, Accuracy: 0.35884155094718484
Epoch: [2 | 3], batch: 2471, loss: 2.9522385597229004, Accuracy: 0.3591405165949124
Epoch: [2 | 3], batch: 2481, loss: 2.950498580932617, Accuracy: 0.35945214546114473
Epoch: [2 | 3], batch: 2491, loss: 2.9488162994384766, Accuracy: 0.3597452935646283
Epoch: [2 | 3], batch: 2501, loss: 2.9470949172973633, Accuracy: 0.360038663156568
Epoch: [2 | 3], batch: 2511, loss: 2.945418357849121, Accuracy: 0.3603393460964915
Epoch: [2 | 3], batch: 2521, loss: 2.9436988830566406, Accuracy: 0.3606428896559908
Epoch: [2 | 3], batch: 2531, loss: 2.9419801235198975, Accuracy: 0.36093778472066196
Epoch: [2 | 3], batch: 2541, loss: 2.9403066635131836, Accuracy: 0.36122936204577943
Epoch: [2 | 3], batch: 2551, loss: 2.9385859966278076, Accuracy: 0.3615167503049281
Epoch: [2 | 3], batch: 2561, loss: 2.936887741088867, Accuracy: 0.36180701627562956
Epoch: [2 | 3], batch: 2571, loss: 2.9351842403411865, Accuracy: 0.36210103080800343
Epoch: [2 | 3], batch: 2581, loss: 2.933500289916992, Accuracy: 0.3623873465776053
Epoch: [2 | 3], batch: 2591, loss: 2.9318230152130127, Accuracy: 0.36267477556155736
Epoch: [2 | 3], batch: 2601, loss: 2.930142641067505, Accuracy: 0.36297472298135774
Epoch: [2 | 3], batch: 2611, loss: 2.9284651279449463, Accuracy: 0.3632783804112089
Epoch: [2 | 3], batch: 2621, loss: 2.9267866611480713, Accuracy: 0.3635726006861562
Epoch: [2 | 3], batch: 2631, loss: 2.9251210689544678, Accuracy: 0.36385304217462877
Epoch: [2 | 3], batch: 2641, loss: 2.9234542846679688, Accuracy: 0.36414246697898084
Epoch: [2 | 3], batch: 2651, loss: 2.9217870235443115, Accuracy: 0.36441815449437714
Epoch: [2 | 3], batch: 2661, loss: 2.920130968093872, Accuracy: 0.36468886808341483
Epoch: [2 | 3], batch: 2671, loss: 2.918466567993164, Accuracy: 0.3649694274016165
Epoch: [2 | 3], batch: 2681, loss: 2.9167892932891846, Accuracy: 0.36526588814067046
Epoch: [2 | 3], batch: 2691, loss: 2.9151058197021484, Accuracy: 0.3655764595898778
Epoch: [2 | 3], batch: 2701, loss: 2.913439989089966, Accuracy: 0.3658681158841714
Epoch: [2 | 3], batch: 2711, loss: 2.91180419921875, Accuracy: 0.36615739111287576
Epoch: [2 | 3], batch: 2721, loss: 2.9101510047912598, Accuracy: 0.36644689101448374
Epoch: [2 | 3], batch: 2731, loss: 2.9084954261779785, Accuracy: 0.3667322899349015
Epoch: [2 | 3], batch: 2741, loss: 2.90683650970459, Accuracy: 0.3670282899045598
Epoch: [2 | 3], batch: 2751, loss: 2.9051616191864014, Accuracy: 0.36733312964871306
Epoch: [2 | 3], batch: 2761, loss: 2.9035253524780273, Accuracy: 0.3676131573003292
Epoch: [2 | 3], batch: 2771, loss: 2.901848077774048, Accuracy: 0.3679149579664041
Epoch: [2 | 3], batch: 2781, loss: 2.900204658508301, Accuracy: 0.3682049111651329
Epoch: [2 | 3], batch: 2791, loss: 2.898526906967163, Accuracy: 0.3685028192759075
Epoch: [2 | 3], batch: 2801, loss: 2.896874189376831, Accuracy: 0.36878290620005594
Epoch: [2 | 3], batch: 2811, loss: 2.895247220993042, Accuracy: 0.3690495175481466
Epoch: [2 | 3], batch: 2821, loss: 2.893622875213623, Accuracy: 0.3693301039555881
Epoch: [2 | 3], batch: 2831, loss: 2.8920204639434814, Accuracy: 0.3696040872825081
Epoch: [2 | 3], batch: 2841, loss: 2.8904058933258057, Accuracy: 0.3698902898201464
Epoch: [2 | 3], batch: 2851, loss: 2.888782024383545, Accuracy: 0.37020062247429264
Epoch: [2 | 3], batch: 2861, loss: 2.8871302604675293, Accuracy: 0.37051965748413535
Epoch: [2 | 3], batch: 2871, loss: 2.885488271713257, Accuracy: 0.37081670235618996
Epoch: [2 | 3], batch: 2881, loss: 2.8838579654693604, Accuracy: 0.3711062934040334
Epoch: [2 | 3], batch: 2891, loss: 2.8822457790374756, Accuracy: 0.3713884549548095
Epoch: [2 | 3], batch: 2901, loss: 2.880617618560791, Accuracy: 0.3716674562382095
Epoch: [2 | 3], batch: 2911, loss: 2.8790085315704346, Accuracy: 0.3719509402663311
Epoch: [2 | 3], batch: 2921, loss: 2.8773980140686035, Accuracy: 0.372229573691942
Epoch: [2 | 3], batch: 2931, loss: 2.8758153915405273, Accuracy: 0.37248644742209064
Epoch: [2 | 3], batch: 2941, loss: 2.874195098876953, Accuracy: 0.37276643442713026
Epoch: [2 | 3], batch: 2951, loss: 2.8725812435150146, Accuracy: 0.3730618600401603
Epoch: [2 | 3], batch: 2961, loss: 2.8709728717803955, Accuracy: 0.37334568219890785
Epoch: [2 | 3], batch: 2971, loss: 2.869349479675293, Accuracy: 0.37364068843138015
Epoch: [2 | 3], batch: 2981, loss: 2.867759943008423, Accuracy: 0.3739064417461918
Epoch: [2 | 3], batch: 2991, loss: 2.8661653995513916, Accuracy: 0.37420189107883645
Epoch: [2 | 3], batch: 3001, loss: 2.8645520210266113, Accuracy: 0.3744941855484465
Epoch: [2 | 3], batch: 3011, loss: 2.86293625831604, Accuracy: 0.3747942419630617
Epoch: [2 | 3], batch: 3021, loss: 2.861342668533325, Accuracy: 0.3750827596726153
Epoch: [2 | 3], batch: 3031, loss: 2.85976243019104, Accuracy: 0.3753555898983168
Epoch: [2 | 3], batch: 3041, loss: 2.8581717014312744, Accuracy: 0.3756387076487698
Epoch: [2 | 3], batch: 3051, loss: 2.856600522994995, Accuracy: 0.3758986645548154
Epoch: [2 | 3], batch: 3061, loss: 2.854980230331421, Accuracy: 0.3762006252013212
Epoch: [2 | 3], batch: 3071, loss: 2.853398084640503, Accuracy: 0.3764760998121062
Epoch: [2 | 3], batch: 3081, loss: 2.8517906665802, Accuracy: 0.37673766377382184
Epoch: [2 | 3], batch: 3091, loss: 2.8501999378204346, Accuracy: 0.3770311119688165
Epoch: [2 | 3], batch: 3101, loss: 2.8486409187316895, Accuracy: 0.3772857126238311
Epoch: [2 | 3], batch: 3111, loss: 2.8470466136932373, Accuracy: 0.3775663341451308
Epoch: [2 | 3], batch: 3121, loss: 2.8454930782318115, Accuracy: 0.37781568041498687
Epoch: [2 | 3], batch: 3131, loss: 2.8439266681671143, Accuracy: 0.37808437712769216
Epoch: [2 | 3], batch: 3141, loss: 2.842374324798584, Accuracy: 0.37836160632282345
Epoch: [2 | 3], batch: 3151, loss: 2.8408002853393555, Accuracy: 0.3786341161826138
Epoch: [2 | 3], batch: 3161, loss: 2.8392550945281982, Accuracy: 0.378919260791952
Epoch: [2 | 3], batch: 3171, loss: 2.8377110958099365, Accuracy: 0.37916173848206963
Epoch: [2 | 3], batch: 3181, loss: 2.8361904621124268, Accuracy: 0.3794160636865635
Epoch: [2 | 3], batch: 3191, loss: 2.8346455097198486, Accuracy: 0.379697837155363
Epoch: [2 | 3], batch: 3201, loss: 2.8330864906311035, Accuracy: 0.37997655095070604
Epoch: [2 | 3], batch: 3211, loss: 2.831519365310669, Accuracy: 0.3802612493778408
Epoch: [2 | 3], batch: 3221, loss: 2.829951524734497, Accuracy: 0.38052073573162104
Epoch: [2 | 3], batch: 3231, loss: 2.8284201622009277, Accuracy: 0.3807788580224147
Epoch: [2 | 3], batch: 3241, loss: 2.826874017715454, Accuracy: 0.38102988928862086
Epoch: [2 | 3], batch: 3251, loss: 2.8253555297851562, Accuracy: 0.38128203072987127
Epoch: [2 | 3], batch: 3261, loss: 2.8238213062286377, Accuracy: 0.3815606070261959
Epoch: [2 | 3], batch: 3271, loss: 2.8222944736480713, Accuracy: 0.38182309376157963
Epoch: [2 | 3], batch: 3281, loss: 2.820760726928711, Accuracy: 0.38208177129280696
Epoch: [2 | 3], batch: 3291, loss: 2.8192379474639893, Accuracy: 0.3823447963550295
Epoch: [2 | 3], batch: 3301, loss: 2.817685127258301, Accuracy: 0.38263493711423585
Epoch: [2 | 3], batch: 3311, loss: 2.816145658493042, Accuracy: 0.38291634629295784
Epoch: [2 | 3], batch: 3321, loss: 2.8146042823791504, Accuracy: 0.38319554665666355
Epoch: [2 | 3], batch: 3331, loss: 2.8131213188171387, Accuracy: 0.3834376677962582
Epoch: [2 | 3], batch: 3341, loss: 2.8115880489349365, Accuracy: 0.3837003534347669
Epoch: [2 | 3], batch: 3351, loss: 2.8100574016571045, Accuracy: 0.38397706430186795
Epoch: [2 | 3], batch: 3361, loss: 2.8085341453552246, Accuracy: 0.384234605016115
Epoch: [2 | 3], batch: 3371, loss: 2.8070132732391357, Accuracy: 0.38449969063354694
Epoch: [2 | 3], batch: 3381, loss: 2.805492639541626, Accuracy: 0.38476261484361257
Epoch: [2 | 3], batch: 3391, loss: 2.8039915561676025, Accuracy: 0.385007262767074
Epoch: [2 | 3], batch: 3401, loss: 2.8025143146514893, Accuracy: 0.3852602640890153
Epoch: [2 | 3], batch: 3411, loss: 2.8010077476501465, Accuracy: 0.3855215930060637
Epoch: [2 | 3], batch: 3421, loss: 2.799480676651001, Accuracy: 0.3857872058655721
Epoch: [2 | 3], batch: 3431, loss: 2.797968864440918, Accuracy: 0.386039428623723
Epoch: [2 | 3], batch: 3441, loss: 2.7964537143707275, Accuracy: 0.38631198405099065
Epoch: [2 | 3], batch: 3451, loss: 2.7949392795562744, Accuracy: 0.38657997490895285
Epoch: [2 | 3], batch: 3461, loss: 2.7934348583221436, Accuracy: 0.38684021403179103
Epoch: [2 | 3], batch: 3471, loss: 2.7919116020202637, Accuracy: 0.3871103137636771
Epoch: [2 | 3], batch: 3481, loss: 2.7904257774353027, Accuracy: 0.38736229069063505
Epoch: [2 | 3], batch: 3491, loss: 2.7889232635498047, Accuracy: 0.38761774219028
Epoch: [2 | 3], batch: 3501, loss: 2.7874510288238525, Accuracy: 0.38786151401103414
Epoch: [2 | 3], batch: 3511, loss: 2.7859444618225098, Accuracy: 0.38813265665234004
Epoch: [2 | 3], batch: 3521, loss: 2.784465789794922, Accuracy: 0.3883682491604452
Epoch: [2 | 3], batch: 3531, loss: 2.782989501953125, Accuracy: 0.3886184598416838
Epoch: [2 | 3], batch: 3541, loss: 2.7815005779266357, Accuracy: 0.38886498689447474
Epoch: [2 | 3], batch: 3551, loss: 2.7800145149230957, Accuracy: 0.38913083817187843
Epoch: [2 | 3], batch: 3561, loss: 2.7785282135009766, Accuracy: 0.3893953581223353
Epoch: [2 | 3], batch: 3571, loss: 2.777041435241699, Accuracy: 0.38964430593519855
Epoch: [2 | 3], batch: 3581, loss: 2.7755777835845947, Accuracy: 0.3898887970059151
Epoch: [2 | 3], batch: 3591, loss: 2.774104356765747, Accuracy: 0.3901406915637187
Epoch: [2 | 3], batch: 3601, loss: 2.7726259231567383, Accuracy: 0.39040075616156483
Epoch: [2 | 3], batch: 3611, loss: 2.771155595779419, Accuracy: 0.39063113308226943
Epoch: [2 | 3], batch: 3621, loss: 2.7697057723999023, Accuracy: 0.3908689195552175
Epoch: [2 | 3], batch: 3631, loss: 2.7682580947875977, Accuracy: 0.39110780039864895
Epoch: [2 | 3], batch: 3641, loss: 2.7667901515960693, Accuracy: 0.3913446290746157
Epoch: [2 | 3], batch: 3651, loss: 2.7653326988220215, Accuracy: 0.39159275709775215
Epoch: [2 | 3], batch: 3661, loss: 2.7638354301452637, Accuracy: 0.3918576400597898
Epoch: [2 | 3], batch: 3671, loss: 2.7623777389526367, Accuracy: 0.39211807454321246
Epoch: [2 | 3], batch: 3681, loss: 2.760885000228882, Accuracy: 0.3923881617977387
Epoch: [2 | 3], batch: 3691, loss: 2.7593936920166016, Accuracy: 0.3926631815814864
Epoch: [2 | 3], batch: 3701, loss: 2.7579286098480225, Accuracy: 0.3929149996797511
Epoch: [2 | 3], batch: 3711, loss: 2.756462812423706, Accuracy: 0.39317723915245323
Epoch: [2 | 3], batch: 3721, loss: 2.755014657974243, Accuracy: 0.3934303803980936
Epoch: [2 | 3], batch: 3731, loss: 2.7535438537597656, Accuracy: 0.39369625588157875
Epoch: [2 | 3], batch: 3741, loss: 2.7521097660064697, Accuracy: 0.3939452641799196
Epoch: [2 | 3], batch: 3751, loss: 2.7506613731384277, Accuracy: 0.3941828961010497
Epoch: [2 | 3], batch: 3761, loss: 2.749210834503174, Accuracy: 0.39444334880514065
Epoch: [2 | 3], batch: 3771, loss: 2.747764825820923, Accuracy: 0.39469475199617754
Epoch: [2 | 3], batch: 3781, loss: 2.7463221549987793, Accuracy: 0.3949510807489225
Epoch: [2 | 3], batch: 3791, loss: 2.7448770999908447, Accuracy: 0.39520922390449104
Epoch: [2 | 3], batch: 3801, loss: 2.7434492111206055, Accuracy: 0.39544288173579756
Epoch: [2 | 3], batch: 3811, loss: 2.742034435272217, Accuracy: 0.3956845760058841
Epoch: [2 | 3], batch: 3821, loss: 2.7406177520751953, Accuracy: 0.39593814207009187
Epoch: [2 | 3], batch: 3831, loss: 2.7392020225524902, Accuracy: 0.396161135759746
Epoch: [2 | 3], batch: 3841, loss: 2.73779034614563, Accuracy: 0.39638214908016955
Epoch: [2 | 3], batch: 3851, loss: 2.736398458480835, Accuracy: 0.3966158094091826
Epoch: [2 | 3], batch: 3861, loss: 2.7349703311920166, Accuracy: 0.3968705361741909
Epoch: [2 | 3], batch: 3871, loss: 2.733566999435425, Accuracy: 0.39710095283153635
Epoch: [2 | 3], batch: 3881, loss: 2.7321481704711914, Accuracy: 0.3973385897579518
Epoch: [2 | 3], batch: 3891, loss: 2.730734348297119, Accuracy: 0.3975673284919062
Epoch: [2 | 3], batch: 3901, loss: 2.7293126583099365, Accuracy: 0.3978224211895051
Epoch: [2 | 3], batch: 3911, loss: 2.7278826236724854, Accuracy: 0.39807395416231234
Epoch: [2 | 3], batch: 3921, loss: 2.7264790534973145, Accuracy: 0.3983058878917529
Epoch: [2 | 3], batch: 3931, loss: 2.7250778675079346, Accuracy: 0.39854118595641425
Epoch: [2 | 3], batch: 3941, loss: 2.7236506938934326, Accuracy: 0.3988019594591502
Epoch: [2 | 3], batch: 3951, loss: 2.7222344875335693, Accuracy: 0.3990325043779634
Epoch: [2 | 3], batch: 3961, loss: 2.720834493637085, Accuracy: 0.3992763034683533
Epoch: [2 | 3], batch: 3971, loss: 2.7194011211395264, Accuracy: 0.39952875463753806
Epoch: [2 | 3], batch: 3981, loss: 2.718003511428833, Accuracy: 0.39976171914772046
Epoch: [2 | 3], batch: 3991, loss: 2.7165687084198, Accuracy: 0.40002838981185296
Epoch: [2 | 3], batch: 4001, loss: 2.715193748474121, Accuracy: 0.40024600842980795
Epoch: [2 | 3], batch: 4011, loss: 2.713789939880371, Accuracy: 0.40050260088762013
Epoch: [2 | 3], batch: 4021, loss: 2.7123916149139404, Accuracy: 0.40074355857567356
Epoch: [2 | 3], batch: 4031, loss: 2.7109792232513428, Accuracy: 0.40099161130409666
Epoch: [2 | 3], batch: 4041, loss: 2.709571361541748, Accuracy: 0.4012414505799328
Epoch: [2 | 3], batch: 4051, loss: 2.708172559738159, Accuracy: 0.40149231653955236
Epoch: [2 | 3], batch: 4061, loss: 2.706794261932373, Accuracy: 0.4017148018523238
Epoch: [2 | 3], batch: 4071, loss: 2.7053935527801514, Accuracy: 0.40195418246568654
Epoch: [2 | 3], batch: 4081, loss: 2.7040159702301025, Accuracy: 0.40217880432901343
Epoch: [2 | 3], batch: 4091, loss: 2.7026174068450928, Accuracy: 0.4024105117074909
Epoch: [2 | 3], batch: 4101, loss: 2.7012555599212646, Accuracy: 0.4026440267557122
Epoch: [2 | 3], batch: 4111, loss: 2.6998798847198486, Accuracy: 0.4028838462889069
Epoch: [2 | 3], batch: 4121, loss: 2.698488712310791, Accuracy: 0.4031299521594226
Epoch: [2 | 3], batch: 4131, loss: 2.6971182823181152, Accuracy: 0.40335985932685986
Epoch: [2 | 3], batch: 4141, loss: 2.695734977722168, Accuracy: 0.40359231886898894
Epoch: [2 | 3], batch: 4151, loss: 2.694366931915283, Accuracy: 0.40382732345980954
Epoch: [2 | 3], batch: 4161, loss: 2.6930086612701416, Accuracy: 0.4040491840248997
Epoch: [2 | 3], batch: 4171, loss: 2.691638469696045, Accuracy: 0.40428703370749636
Epoch: [2 | 3], batch: 4181, loss: 2.6902642250061035, Accuracy: 0.40452890152300003
Epoch: [2 | 3], batch: 4191, loss: 2.6889095306396484, Accuracy: 0.40475988366118776
Epoch: [2 | 3], batch: 4201, loss: 2.687553644180298, Accuracy: 0.40499414545167806
Epoch: [2 | 3], batch: 4211, loss: 2.686166763305664, Accuracy: 0.4052443119237418
Epoch: [2 | 3], batch: 4221, loss: 2.6847944259643555, Accuracy: 0.40549029041872153
Epoch: [2 | 3], batch: 4231, loss: 2.683406114578247, Accuracy: 0.40573876895824773
Epoch: [2 | 3], batch: 4241, loss: 2.682008743286133, Accuracy: 0.4059764009088659
Epoch: [2 | 3], batch: 4251, loss: 2.6806256771087646, Accuracy: 0.4062054382543568
Epoch: [2 | 3], batch: 4261, loss: 2.6792759895324707, Accuracy: 0.4064421783903652
Epoch: [2 | 3], batch: 4271, loss: 2.677900791168213, Accuracy: 0.40668586047735245
Epoch: [2 | 3], batch: 4281, loss: 2.676557779312134, Accuracy: 0.4069039803793889
Epoch: [2 | 3], batch: 4291, loss: 2.675163507461548, Accuracy: 0.4071637308282944
Epoch: [2 | 3], batch: 4301, loss: 2.6738028526306152, Accuracy: 0.40740235834388316
Epoch: [2 | 3], batch: 4311, loss: 2.6724483966827393, Accuracy: 0.4076302293839365
Epoch: [2 | 3], batch: 4321, loss: 2.671079158782959, Accuracy: 0.4078745879345167
Epoch: [2 | 3], batch: 4331, loss: 2.669752597808838, Accuracy: 0.4080986469188636
Epoch: [2 | 3], batch: 4341, loss: 2.6683974266052246, Accuracy: 0.40833476486851167
Epoch: [2 | 3], batch: 4351, loss: 2.66705322265625, Accuracy: 0.4085601714469282
Epoch: [2 | 3], batch: 4361, loss: 2.6656882762908936, Accuracy: 0.4088049392775442
Epoch: [2 | 3], batch: 4371, loss: 2.66432785987854, Accuracy: 0.40903753548645916
Epoch: [2 | 3], batch: 4381, loss: 2.66300892829895, Accuracy: 0.4092609197436689
Epoch: [2 | 3], batch: 4391, loss: 2.661677837371826, Accuracy: 0.40949849989843445
Epoch: [2 | 3], batch: 4401, loss: 2.660357713699341, Accuracy: 0.4097071658731514
Epoch: [2 | 3], batch: 4411, loss: 2.6590237617492676, Accuracy: 0.4099263821041561
Epoch: [2 | 3], batch: 4421, loss: 2.657700300216675, Accuracy: 0.4101466467115608
Epoch: [2 | 3], batch: 4431, loss: 2.656365394592285, Accuracy: 0.41037450844220036
Epoch: [2 | 3], batch: 4441, loss: 2.655055046081543, Accuracy: 0.4106063096465824
Epoch: [2 | 3], batch: 4451, loss: 2.653747320175171, Accuracy: 0.4108340466222078
Epoch: [2 | 3], batch: 4461, loss: 2.6524300575256348, Accuracy: 0.41106571598232783
Epoch: [2 | 3], batch: 4471, loss: 2.651109457015991, Accuracy: 0.4112831752506139
Epoch: [2 | 3], batch: 4481, loss: 2.649778127670288, Accuracy: 0.4115212442051049
Epoch: [2 | 3], batch: 4491, loss: 2.6484591960906982, Accuracy: 0.41173860229018355
Epoch: [2 | 3], batch: 4501, loss: 2.6471669673919678, Accuracy: 0.41195049520704385
Epoch: [2 | 3], batch: 4511, loss: 2.6458699703216553, Accuracy: 0.41216488647580013
Epoch: [2 | 3], batch: 4521, loss: 2.6445565223693848, Accuracy: 0.4123832129909169
Epoch: [2 | 3], batch: 4531, loss: 2.6432697772979736, Accuracy: 0.4126069063407415
Epoch: [2 | 3], batch: 4541, loss: 2.641969919204712, Accuracy: 0.4128208195282517
Epoch: [2 | 3], batch: 4551, loss: 2.6406407356262207, Accuracy: 0.413060975311255
Epoch: [2 | 3], batch: 4561, loss: 2.6393470764160156, Accuracy: 0.41326688407246026
Epoch: [2 | 3], batch: 4571, loss: 2.6380186080932617, Accuracy: 0.4134954089280504
Epoch: [2 | 3], batch: 4581, loss: 2.6367101669311523, Accuracy: 0.4136998220970153
Epoch: [2 | 3], batch: 4591, loss: 2.635420560836792, Accuracy: 0.41391318443752356
Epoch: [2 | 3], batch: 4601, loss: 2.6341333389282227, Accuracy: 0.4141347547106533
Epoch: [2 | 3], batch: 4611, loss: 2.632838726043701, Accuracy: 0.4143530550555797
Epoch: [2 | 3], batch: 4621, loss: 2.6315512657165527, Accuracy: 0.4145731015569229
Epoch: [2 | 3], batch: 4631, loss: 2.6302621364593506, Accuracy: 0.4148048944682104
Epoch: [2 | 3], batch: 4641, loss: 2.628971576690674, Accuracy: 0.4150134159280409
Epoch: [2 | 3], batch: 4651, loss: 2.627668619155884, Accuracy: 0.4152315433704223
Epoch: [2 | 3], batch: 4661, loss: 2.6264419555664062, Accuracy: 0.41542789213289677
Epoch: [2 | 3], batch: 4671, loss: 2.625142812728882, Accuracy: 0.4156473803308711
Epoch: [2 | 3], batch: 4681, loss: 2.6238999366760254, Accuracy: 0.41583516754001937
Epoch: [2 | 3], batch: 4691, loss: 2.622586965560913, Accuracy: 0.4160617040542327
Epoch: [2 | 3], batch: 4701, loss: 2.6212892532348633, Accuracy: 0.4162700762788531
Epoch: [2 | 3], batch: 4711, loss: 2.620009183883667, Accuracy: 0.416494387506793
Epoch: [2 | 3], batch: 4721, loss: 2.618713140487671, Accuracy: 0.41670482430710215
Epoch: [2 | 3], batch: 4731, loss: 2.6174073219299316, Accuracy: 0.41694108182599743
Epoch: [2 | 3], batch: 4741, loss: 2.6161386966705322, Accuracy: 0.4171662985168823
Epoch: [2 | 3], batch: 4751, loss: 2.614870548248291, Accuracy: 0.4173797974628425
Epoch: [2 | 3], batch: 4761, loss: 2.6136105060577393, Accuracy: 0.41758019794707946
Epoch: [2 | 3], batch: 4771, loss: 2.6123123168945312, Accuracy: 0.4178126944836842
Epoch: [2 | 3], batch: 4781, loss: 2.6110615730285645, Accuracy: 0.41800599791045995
Epoch: [2 | 3], batch: 4791, loss: 2.609767436981201, Accuracy: 0.4182362826759752
Epoch: [2 | 3], batch: 4801, loss: 2.608504056930542, Accuracy: 0.41844856001249775
Epoch: [2 | 3], batch: 4811, loss: 2.6072487831115723, Accuracy: 0.4186590491403566
Epoch: [2 | 3], batch: 4821, loss: 2.6059701442718506, Accuracy: 0.4188754816965835
Epoch: [2 | 3], batch: 4831, loss: 2.604738712310791, Accuracy: 0.41907327843334313
Epoch: [2 | 3], batch: 4841, loss: 2.603489398956299, Accuracy: 0.4192854448335196
Epoch: [2 | 3], batch: 4851, loss: 2.602215051651001, Accuracy: 0.4195154449810642
Epoch: [2 | 3], batch: 4861, loss: 2.6009445190429688, Accuracy: 0.41974503301524285
Epoch: [2 | 3], batch: 4871, loss: 2.599677085876465, Accuracy: 0.4199798043935234
Epoch: [2 | 3], batch: 4881, loss: 2.5984420776367188, Accuracy: 0.42017712643244504
Epoch: [2 | 3], batch: 4891, loss: 2.5971791744232178, Accuracy: 0.4204013195827929
Epoch: [2 | 3], batch: 4901, loss: 2.5959272384643555, Accuracy: 0.4206251124591486
Epoch: [2 | 3], batch: 4911, loss: 2.5946757793426514, Accuracy: 0.4208359637497265
Epoch: [2 | 3], batch: 4921, loss: 2.5934157371520996, Accuracy: 0.4210506163264908
Epoch: [2 | 3], batch: 4931, loss: 2.5921740531921387, Accuracy: 0.42127184226963454
Epoch: [2 | 3], batch: 4941, loss: 2.590900421142578, Accuracy: 0.42147599609165975
Epoch: [2 | 3], batch: 4951, loss: 2.589660406112671, Accuracy: 0.42168117568151176
Epoch: [2 | 3], batch: 4961, loss: 2.5883798599243164, Accuracy: 0.42191998246312606
Epoch: [2 | 3], batch: 4971, loss: 2.587155818939209, Accuracy: 0.4221299488360939
Epoch: [2 | 3], batch: 4981, loss: 2.5858988761901855, Accuracy: 0.4223478527021094
Epoch: [2 | 3], batch: 4991, loss: 2.584655523300171, Accuracy: 0.42255014964984844
Epoch: [2 | 3], batch: 5001, loss: 2.5833911895751953, Accuracy: 0.42277351737181107
Epoch: [2 | 3], batch: 5011, loss: 2.5821282863616943, Accuracy: 0.42301099359501193
Epoch: [2 | 3], batch: 5021, loss: 2.580901622772217, Accuracy: 0.4232080286279321
Epoch: [2 | 3], batch: 5031, loss: 2.5796713829040527, Accuracy: 0.4234081630120497
Epoch: [2 | 3], batch: 5041, loss: 2.5784294605255127, Accuracy: 0.4236141437992415
Epoch: [2 | 3], batch: 5051, loss: 2.577193021774292, Accuracy: 0.4238245791278232
Epoch: [2 | 3], batch: 5061, loss: 2.5759594440460205, Accuracy: 0.42402639283685867
Epoch: [2 | 3], batch: 5071, loss: 2.5747389793395996, Accuracy: 0.42423334757703623
Epoch: [2 | 3], batch: 5081, loss: 2.573493242263794, Accuracy: 0.4244570984574032
Epoch: [2 | 3], batch: 5091, loss: 2.572275161743164, Accuracy: 0.4246578254721316
Epoch: [2 | 3], batch: 5101, loss: 2.571058511734009, Accuracy: 0.42484792257926596
Epoch: [2 | 3], batch: 5111, loss: 2.5698375701904297, Accuracy: 0.4250452169936484
Epoch: [2 | 3], batch: 5121, loss: 2.5685930252075195, Accuracy: 0.4252661055229293
Epoch: [2 | 3], batch: 5131, loss: 2.5673582553863525, Accuracy: 0.4254852408333527
Epoch: [2 | 3], batch: 5141, loss: 2.5661699771881104, Accuracy: 0.42567668141043064
Epoch: [2 | 3], batch: 5151, loss: 2.5649778842926025, Accuracy: 0.4258718808285136
Epoch: [2 | 3], batch: 5161, loss: 2.56378173828125, Accuracy: 0.4260701476484084
Epoch: [2 | 3], batch: 5171, loss: 2.562544584274292, Accuracy: 0.4262919040543062
Epoch: [2 | 3], batch: 5181, loss: 2.561349630355835, Accuracy: 0.426482655573201
Epoch: [2 | 3], batch: 5191, loss: 2.5601375102996826, Accuracy: 0.4266778338706191
Epoch: [2 | 3], batch: 5201, loss: 2.5589191913604736, Accuracy: 0.42688489893727577
Epoch: [2 | 3], batch: 5211, loss: 2.5577213764190674, Accuracy: 0.4270922829062648
Epoch: [2 | 3], batch: 5221, loss: 2.5565075874328613, Accuracy: 0.42731151182454197
Epoch: [2 | 3], batch: 5231, loss: 2.555307149887085, Accuracy: 0.4275113915509446
Epoch: [2 | 3], batch: 5241, loss: 2.554074287414551, Accuracy: 0.42774003062190075
Epoch: [2 | 3], batch: 5251, loss: 2.5528488159179688, Accuracy: 0.4279689501397893
Epoch: [2 | 3], batch: 5261, loss: 2.551632881164551, Accuracy: 0.4281778782026766
Epoch: [2 | 3], batch: 5271, loss: 2.5504024028778076, Accuracy: 0.428391846147822
Epoch: [2 | 3], batch: 5281, loss: 2.549201488494873, Accuracy: 0.42859195382915544
Epoch: [2 | 3], batch: 5291, loss: 2.5480058193206787, Accuracy: 0.42879306417284574
Epoch: [2 | 3], batch: 5301, loss: 2.546771764755249, Accuracy: 0.42901066223854484
Epoch: [2 | 3], batch: 5311, loss: 2.5455493927001953, Accuracy: 0.4292218303557612
Epoch: [2 | 3], batch: 5321, loss: 2.5443546772003174, Accuracy: 0.42943196286133367
Epoch: [2 | 3], batch: 5331, loss: 2.543164014816284, Accuracy: 0.429625614718039
Epoch: [2 | 3], batch: 5341, loss: 2.541977643966675, Accuracy: 0.4298222892091796
Epoch: [2 | 3], batch: 5351, loss: 2.5407874584198, Accuracy: 0.4300239900124308
Epoch: [2 | 3], batch: 5361, loss: 2.5396134853363037, Accuracy: 0.43022199534545336
Epoch: [2 | 3], batch: 5371, loss: 2.538424253463745, Accuracy: 0.43043037079973817
Epoch: [2 | 3], batch: 5381, loss: 2.537217855453491, Accuracy: 0.4306317018592999
Epoch: [2 | 3], batch: 5391, loss: 2.5360360145568848, Accuracy: 0.4308293475631676
Epoch: [2 | 3], batch: 5401, loss: 2.5348522663116455, Accuracy: 0.4310179763848813
Epoch: [2 | 3], batch: 5411, loss: 2.5336272716522217, Accuracy: 0.4312329651652221
Epoch: [2 | 3], batch: 5421, loss: 2.532437562942505, Accuracy: 0.431442921753596
Epoch: [2 | 3], batch: 5431, loss: 2.531259775161743, Accuracy: 0.43164852493250955
Epoch: [2 | 3], batch: 5441, loss: 2.5300724506378174, Accuracy: 0.4318630927747253
Epoch: [2 | 3], batch: 5451, loss: 2.5288875102996826, Accuracy: 0.4320673237365498
Epoch: [2 | 3], batch: 5461, loss: 2.5277352333068848, Accuracy: 0.4322565946700639
Epoch: [2 | 3], batch: 5471, loss: 2.526559352874756, Accuracy: 0.43245616247260776
Epoch: [2 | 3], batch: 5481, loss: 2.5253946781158447, Accuracy: 0.432642792823259
Epoch: [2 | 3], batch: 5491, loss: 2.5242226123809814, Accuracy: 0.4328330817941743
Epoch: [2 | 3], batch: 5501, loss: 2.5230541229248047, Accuracy: 0.4330343016997936
Epoch: [2 | 3], batch: 5511, loss: 2.5218663215637207, Accuracy: 0.4332530388231232
Epoch: [2 | 3], batch: 5521, loss: 2.520700693130493, Accuracy: 0.4334357202616418
Epoch: [2 | 3], batch: 5531, loss: 2.5194945335388184, Accuracy: 0.4336517675210334
Epoch: [2 | 3], batch: 5541, loss: 2.5183403491973877, Accuracy: 0.43383314399112266
Epoch: [2 | 3], batch: 5551, loss: 2.5171618461608887, Accuracy: 0.4340359670782978
Epoch: [2 | 3], batch: 5561, loss: 2.5160129070281982, Accuracy: 0.4342292275612612
Epoch: [2 | 3], batch: 5571, loss: 2.5148839950561523, Accuracy: 0.43440242061470874
Epoch: [2 | 3], batch: 5581, loss: 2.513716697692871, Accuracy: 0.4345904448304747
Epoch: [2 | 3], batch: 5591, loss: 2.5125317573547363, Accuracy: 0.4347860362875729
Epoch: [2 | 3], batch: 5601, loss: 2.5113611221313477, Accuracy: 0.43498851950895795
Epoch: [2 | 3], batch: 5611, loss: 2.5101847648620605, Accuracy: 0.4351886952084757
Epoch: [2 | 3], batch: 5621, loss: 2.509023904800415, Accuracy: 0.43540491764819983
Epoch: [2 | 3], batch: 5631, loss: 2.507904052734375, Accuracy: 0.43558869477651324
Epoch: [2 | 3], batch: 5641, loss: 2.506765604019165, Accuracy: 0.43577478093962085
Epoch: [2 | 3], batch: 5651, loss: 2.505610942840576, Accuracy: 0.43596186302745227
Epoch: [2 | 3], batch: 5661, loss: 2.504439353942871, Accuracy: 0.4361636538670032
Epoch: [2 | 3], batch: 5671, loss: 2.5032927989959717, Accuracy: 0.436345530646418
Epoch: [2 | 3], batch: 5681, loss: 2.5021400451660156, Accuracy: 0.4365375361708398
Epoch: [2 | 3], batch: 5691, loss: 2.5010056495666504, Accuracy: 0.4367285699953224
Epoch: [2 | 3], batch: 5701, loss: 2.499864339828491, Accuracy: 0.4369101724063859
Epoch: [2 | 3], batch: 5711, loss: 2.4987246990203857, Accuracy: 0.43709992754631766
Epoch: [2 | 3], batch: 5721, loss: 2.4975833892822266, Accuracy: 0.43729651536832914
Epoch: [2 | 3], batch: 5731, loss: 2.496427297592163, Accuracy: 0.43749212710393004
Epoch: [2 | 3], batch: 5741, loss: 2.49525785446167, Accuracy: 0.4377062283391312
Epoch: [2 | 3], batch: 5751, loss: 2.49410343170166, Accuracy: 0.437906361374618
Epoch: [2 | 3], batch: 5761, loss: 2.492961883544922, Accuracy: 0.43810421948088457
Epoch: [2 | 3], batch: 5771, loss: 2.491828203201294, Accuracy: 0.43829010091806053
Epoch: [2 | 3], batch: 5781, loss: 2.490669012069702, Accuracy: 0.4385034794832699
Epoch: [2 | 3], batch: 5791, loss: 2.489532709121704, Accuracy: 0.43868420066495495
Epoch: [2 | 3], batch: 5801, loss: 2.488416910171509, Accuracy: 0.4388601042959122
Epoch: [2 | 3], batch: 5811, loss: 2.487287759780884, Accuracy: 0.43905764822289906
Epoch: [2 | 3], batch: 5821, loss: 2.4861648082733154, Accuracy: 0.4392522882624158
Epoch: [2 | 3], batch: 5831, loss: 2.4850175380706787, Accuracy: 0.43944982722581194
Epoch: [2 | 3], batch: 5841, loss: 2.483888864517212, Accuracy: 0.43963545909273993
Epoch: [2 | 3], batch: 5851, loss: 2.4827520847320557, Accuracy: 0.4398272144338566
Epoch: [2 | 3], batch: 5861, loss: 2.4816410541534424, Accuracy: 0.43999617147181214
Epoch: [2 | 3], batch: 5871, loss: 2.4805121421813965, Accuracy: 0.44019180828927085
Epoch: [2 | 3], batch: 5881, loss: 2.4793858528137207, Accuracy: 0.4403826347051935
Epoch: [2 | 3], batch: 5891, loss: 2.478287935256958, Accuracy: 0.44056738097648684
Epoch: [2 | 3], batch: 5901, loss: 2.47715425491333, Accuracy: 0.4407595076108266
Epoch: [2 | 3], batch: 5911, loss: 2.4760451316833496, Accuracy: 0.440943642707535
Epoch: [2 | 3], batch: 5921, loss: 2.4749414920806885, Accuracy: 0.44113067257132704
Epoch: [2 | 3], batch: 5931, loss: 2.4738175868988037, Accuracy: 0.441326338352194
Epoch: [2 | 3], batch: 5941, loss: 2.472687244415283, Accuracy: 0.4415140263973748
Epoch: [2 | 3], batch: 5951, loss: 2.4715845584869385, Accuracy: 0.4416759019903664
Epoch: [2 | 3], batch: 5961, loss: 2.4704787731170654, Accuracy: 0.4418712815396162
Epoch: [2 | 3], batch: 5971, loss: 2.4693686962127686, Accuracy: 0.44204979074543516
Epoch: [2 | 3], batch: 5981, loss: 2.4682698249816895, Accuracy: 0.44223564239797364
Epoch: [2 | 3], batch: 5991, loss: 2.467161178588867, Accuracy: 0.4424243695396009
Epoch: [2 | 3], batch: 6001, loss: 2.4660356044769287, Accuracy: 0.4426223157595256
Epoch: [2 | 3], batch: 6011, loss: 2.46494722366333, Accuracy: 0.4427996350100956
Epoch: [2 | 3], batch: 6021, loss: 2.4638397693634033, Accuracy: 0.44299441927347843
Epoch: [2 | 3], batch: 6031, loss: 2.462745428085327, Accuracy: 0.44317368327025636
Epoch: [2 | 3], batch: 6041, loss: 2.46164608001709, Accuracy: 0.44336341780533167
Epoch: [2 | 3], batch: 6051, loss: 2.460538864135742, Accuracy: 0.4435484177011032
Epoch: [2 | 3], batch: 6061, loss: 2.4594693183898926, Accuracy: 0.44372174269149245
Epoch: [2 | 3], batch: 6071, loss: 2.4583778381347656, Accuracy: 0.4439149944367756
Epoch: [2 | 3], batch: 6081, loss: 2.4572508335113525, Accuracy: 0.44410793403218135
Epoch: [2 | 3], batch: 6091, loss: 2.456162691116333, Accuracy: 0.4442841705891031
Epoch: [2 | 3], batch: 6101, loss: 2.455049991607666, Accuracy: 0.4444758714268256
Epoch: [2 | 3], batch: 6111, loss: 2.4539668560028076, Accuracy: 0.4446490098405397
Epoch: [2 | 3], batch: 6121, loss: 2.4528744220733643, Accuracy: 0.4448344479985711
Epoch: [2 | 3], batch: 6131, loss: 2.4517762660980225, Accuracy: 0.4450158173159705
Epoch: [2 | 3], batch: 6141, loss: 2.450676441192627, Accuracy: 0.4452144766899372
Epoch: [2 | 3], batch: 6151, loss: 2.4495749473571777, Accuracy: 0.4454077977029264
Epoch: [2 | 3], batch: 6161, loss: 2.4484901428222656, Accuracy: 0.4455882703271324
Epoch: [2 | 3], batch: 6171, loss: 2.4473915100097656, Accuracy: 0.44577722320150037
Epoch: [2 | 3], batch: 6181, loss: 2.4463231563568115, Accuracy: 0.4459508516649621
Epoch: [2 | 3], batch: 6191, loss: 2.4452333450317383, Accuracy: 0.4461423387747393
Epoch: [2 | 3], batch: 6201, loss: 2.444150686264038, Accuracy: 0.44632852034739484
Epoch: [2 | 3], batch: 6211, loss: 2.4430463314056396, Accuracy: 0.44652814114467754
Epoch: [2 | 3], batch: 6221, loss: 2.4419515132904053, Accuracy: 0.446708102125387
Epoch: [2 | 3], batch: 6231, loss: 2.44085955619812, Accuracy: 0.4468958801666236
Epoch: [2 | 3], batch: 6241, loss: 2.43977689743042, Accuracy: 0.44706965479695077
Epoch: [2 | 3], batch: 6251, loss: 2.4387073516845703, Accuracy: 0.44725186630102065
Epoch: [2 | 3], batch: 6261, loss: 2.43762469291687, Accuracy: 0.44742632471233273
Epoch: [2 | 3], batch: 6271, loss: 2.4365336894989014, Accuracy: 0.44760796264511743
Epoch: [2 | 3], batch: 6281, loss: 2.4354522228240967, Accuracy: 0.44780545596568505
Epoch: [2 | 3], batch: 6291, loss: 2.434373617172241, Accuracy: 0.4479964312614548
Epoch: [2 | 3], batch: 6301, loss: 2.433293342590332, Accuracy: 0.448179599913704
Epoch: [3 | 3], batch: 1, loss: 2.4331746101379395, Accuracy: 0.4482016885902379
Epoch: [3 | 3], batch: 11, loss: 2.4321157932281494, Accuracy: 0.44836663652242853
Epoch: [3 | 3], batch: 21, loss: 2.431063652038574, Accuracy: 0.4485443202495451
Epoch: [3 | 3], batch: 31, loss: 2.4300038814544678, Accuracy: 0.4487161568811765
Epoch: [3 | 3], batch: 41, loss: 2.428940534591675, Accuracy: 0.4488821602916641
Epoch: [3 | 3], batch: 51, loss: 2.4278454780578613, Accuracy: 0.4490763037330666
Epoch: [3 | 3], batch: 61, loss: 2.426780939102173, Accuracy: 0.44925101489332825
Epoch: [3 | 3], batch: 71, loss: 2.425715208053589, Accuracy: 0.4494285326790536
Epoch: [3 | 3], batch: 81, loss: 2.4246580600738525, Accuracy: 0.449592834879452
Epoch: [3 | 3], batch: 91, loss: 2.423602342605591, Accuracy: 0.44977349664553457
Epoch: [3 | 3], batch: 101, loss: 2.422557830810547, Accuracy: 0.4499464938068119
Epoch: [3 | 3], batch: 111, loss: 2.4215009212493896, Accuracy: 0.45013581111807577
Epoch: [3 | 3], batch: 121, loss: 2.420470952987671, Accuracy: 0.4502855318260528
Epoch: [3 | 3], batch: 131, loss: 2.419403314590454, Accuracy: 0.4504681498570394
Epoch: [3 | 3], batch: 141, loss: 2.418348550796509, Accuracy: 0.45064496352154987
Epoch: [3 | 3], batch: 151, loss: 2.4172861576080322, Accuracy: 0.45082640071551966
Epoch: [3 | 3], batch: 161, loss: 2.416222095489502, Accuracy: 0.4510167354284245
Epoch: [3 | 3], batch: 171, loss: 2.4151675701141357, Accuracy: 0.4512000440383133
Epoch: [3 | 3], batch: 181, loss: 2.414118528366089, Accuracy: 0.45137695419931306
Epoch: [3 | 3], batch: 191, loss: 2.413052558898926, Accuracy: 0.45155847328244275
Epoch: [3 | 3], batch: 201, loss: 2.411973237991333, Accuracy: 0.4517519130084575
Epoch: [3 | 3], batch: 211, loss: 2.410923719406128, Accuracy: 0.4519194419716352
Epoch: [3 | 3], batch: 221, loss: 2.4098808765411377, Accuracy: 0.452095848514019
Epoch: [3 | 3], batch: 231, loss: 2.4088306427001953, Accuracy: 0.45226771864460436
Epoch: [3 | 3], batch: 241, loss: 2.407773971557617, Accuracy: 0.45244540422166796
Epoch: [3 | 3], batch: 251, loss: 2.4067330360412598, Accuracy: 0.45262159763673276
Epoch: [3 | 3], batch: 261, loss: 2.4057135581970215, Accuracy: 0.452787799278452
Epoch: [3 | 3], batch: 271, loss: 2.404664993286133, Accuracy: 0.4529798390522777
Epoch: [3 | 3], batch: 281, loss: 2.4036014080047607, Accuracy: 0.45317097427563036
Epoch: [3 | 3], batch: 291, loss: 2.4025638103485107, Accuracy: 0.45334242258983215
Epoch: [3 | 3], batch: 301, loss: 2.4015326499938965, Accuracy: 0.4535190544811635
Epoch: [3 | 3], batch: 311, loss: 2.400468587875366, Accuracy: 0.45370206793073825
Epoch: [3 | 3], batch: 321, loss: 2.3994386196136475, Accuracy: 0.45387270726782497
Epoch: [3 | 3], batch: 331, loss: 2.3983983993530273, Accuracy: 0.4540340215776057
Epoch: [3 | 3], batch: 341, loss: 2.397369384765625, Accuracy: 0.45420595159051125
Epoch: [3 | 3], batch: 351, loss: 2.396327257156372, Accuracy: 0.45439269472490623
Epoch: [3 | 3], batch: 361, loss: 2.3952741622924805, Accuracy: 0.4545803550980558
Epoch: [3 | 3], batch: 371, loss: 2.3942391872406006, Accuracy: 0.4547568863140906
Epoch: [3 | 3], batch: 381, loss: 2.39323091506958, Accuracy: 0.4549331455873681
Epoch: [3 | 3], batch: 391, loss: 2.392193078994751, Accuracy: 0.4551055258252661
Epoch: [3 | 3], batch: 401, loss: 2.391150951385498, Accuracy: 0.45528725411264254
Epoch: [3 | 3], batch: 411, loss: 2.3900938034057617, Accuracy: 0.4554777085359557
Epoch: [3 | 3], batch: 421, loss: 2.3890419006347656, Accuracy: 0.45566847037085917
Epoch: [3 | 3], batch: 431, loss: 2.387998342514038, Accuracy: 0.45585714114445336
Epoch: [3 | 3], batch: 441, loss: 2.3869738578796387, Accuracy: 0.45602036537885593
Epoch: [3 | 3], batch: 451, loss: 2.385939836502075, Accuracy: 0.4562108715689678
Epoch: [3 | 3], batch: 461, loss: 2.3849222660064697, Accuracy: 0.45637417317560375
Epoch: [3 | 3], batch: 471, loss: 2.3838865756988525, Accuracy: 0.4565545555595396
Epoch: [3 | 3], batch: 481, loss: 2.382866144180298, Accuracy: 0.45673107928962986
Epoch: [3 | 3], batch: 491, loss: 2.381835460662842, Accuracy: 0.4568983829584104
Epoch: [3 | 3], batch: 501, loss: 2.3808224201202393, Accuracy: 0.45707377860456244
Epoch: [3 | 3], batch: 511, loss: 2.3797900676727295, Accuracy: 0.45725784349939824
Epoch: [3 | 3], batch: 521, loss: 2.3787713050842285, Accuracy: 0.45743805588960196
Epoch: [3 | 3], batch: 531, loss: 2.377739667892456, Accuracy: 0.4576269169908746
Epoch: [3 | 3], batch: 541, loss: 2.3767406940460205, Accuracy: 0.4577881471794567
Epoch: [3 | 3], batch: 551, loss: 2.375715494155884, Accuracy: 0.4579574478195274
Epoch: [3 | 3], batch: 561, loss: 2.3747200965881348, Accuracy: 0.4581241171373289
Epoch: [3 | 3], batch: 571, loss: 2.373701810836792, Accuracy: 0.4582964641133002
Epoch: [3 | 3], batch: 581, loss: 2.372687816619873, Accuracy: 0.4584744758270022
Epoch: [3 | 3], batch: 591, loss: 2.3716583251953125, Accuracy: 0.45865340202522653
Epoch: [3 | 3], batch: 601, loss: 2.3706583976745605, Accuracy: 0.4588101634338868
Epoch: [3 | 3], batch: 611, loss: 2.369657278060913, Accuracy: 0.4589791043364119
Epoch: [3 | 3], batch: 621, loss: 2.368673324584961, Accuracy: 0.4591318373568719
Epoch: [3 | 3], batch: 631, loss: 2.3676681518554688, Accuracy: 0.4593014606038422
Epoch: [3 | 3], batch: 641, loss: 2.3666598796844482, Accuracy: 0.459474957229662
Epoch: [3 | 3], batch: 651, loss: 2.365638494491577, Accuracy: 0.4596523184663813
Epoch: [3 | 3], batch: 661, loss: 2.3646135330200195, Accuracy: 0.45983176843419765
Epoch: [3 | 3], batch: 671, loss: 2.363579511642456, Accuracy: 0.46002389725358167
Epoch: [3 | 3], batch: 681, loss: 2.362581491470337, Accuracy: 0.46018515250967523
Epoch: [3 | 3], batch: 691, loss: 2.361567497253418, Accuracy: 0.46036144578313254
Epoch: [3 | 3], batch: 701, loss: 2.360557794570923, Accuracy: 0.4605380612880114
Epoch: [3 | 3], batch: 711, loss: 2.3595802783966064, Accuracy: 0.46068330927314766
Epoch: [3 | 3], batch: 721, loss: 2.358553171157837, Accuracy: 0.4608605908499185
Epoch: [3 | 3], batch: 731, loss: 2.3575446605682373, Accuracy: 0.4610258874266093
Epoch: [3 | 3], batch: 741, loss: 2.356541156768799, Accuracy: 0.46118683763686397
Epoch: [3 | 3], batch: 751, loss: 2.355531930923462, Accuracy: 0.4613551527633134
Epoch: [3 | 3], batch: 761, loss: 2.3545403480529785, Accuracy: 0.46152906235749447
Epoch: [3 | 3], batch: 771, loss: 2.3535304069519043, Accuracy: 0.46170563286480426
Epoch: [3 | 3], batch: 781, loss: 2.3525497913360596, Accuracy: 0.4618580051604768
Epoch: [3 | 3], batch: 791, loss: 2.3515572547912598, Accuracy: 0.4620229831418072
Epoch: [3 | 3], batch: 801, loss: 2.3505821228027344, Accuracy: 0.46218013732964947
Epoch: [3 | 3], batch: 811, loss: 2.3495965003967285, Accuracy: 0.4623469589832601
Epoch: [3 | 3], batch: 821, loss: 2.348597526550293, Accuracy: 0.46252109839710387
Epoch: [3 | 3], batch: 831, loss: 2.347637891769409, Accuracy: 0.46267229647206615
Epoch: [3 | 3], batch: 841, loss: 2.3466334342956543, Accuracy: 0.46284244784099493
Epoch: [3 | 3], batch: 851, loss: 2.3456432819366455, Accuracy: 0.4630164113404337
Epoch: [3 | 3], batch: 861, loss: 2.3446733951568604, Accuracy: 0.46318025138400476
Epoch: [3 | 3], batch: 871, loss: 2.3437108993530273, Accuracy: 0.4633299314599835
Epoch: [3 | 3], batch: 881, loss: 2.342730760574341, Accuracy: 0.4634846044199279
Epoch: [3 | 3], batch: 891, loss: 2.341728448867798, Accuracy: 0.46365352324706155
Epoch: [3 | 3], batch: 901, loss: 2.3407480716705322, Accuracy: 0.46381524896145526
Epoch: [3 | 3], batch: 911, loss: 2.339745283126831, Accuracy: 0.46398945457488755
Epoch: [3 | 3], batch: 921, loss: 2.338789939880371, Accuracy: 0.46415069268721043
Epoch: [3 | 3], batch: 931, loss: 2.3378124237060547, Accuracy: 0.4643116925101892
Epoch: [3 | 3], batch: 941, loss: 2.3368396759033203, Accuracy: 0.46447014710124024
Epoch: [3 | 3], batch: 951, loss: 2.3358757495880127, Accuracy: 0.4646202976746331
Epoch: [3 | 3], batch: 961, loss: 2.3349220752716064, Accuracy: 0.46477368293722565
Epoch: [3 | 3], batch: 971, loss: 2.3339548110961914, Accuracy: 0.46493777844290696
Epoch: [3 | 3], batch: 981, loss: 2.3329761028289795, Accuracy: 0.46511313570532953
Epoch: [3 | 3], batch: 991, loss: 2.3319950103759766, Accuracy: 0.46527674004253117
Epoch: [3 | 3], batch: 1001, loss: 2.330986499786377, Accuracy: 0.46546479973351407
Epoch: [3 | 3], batch: 1011, loss: 2.3300399780273438, Accuracy: 0.4656026537194541
Epoch: [3 | 3], batch: 1021, loss: 2.3290934562683105, Accuracy: 0.46575062796059047
Epoch: [3 | 3], batch: 1031, loss: 2.328113079071045, Accuracy: 0.4659155768988321
Epoch: [3 | 3], batch: 1041, loss: 2.327129364013672, Accuracy: 0.4660802840290901
Epoch: [3 | 3], batch: 1051, loss: 2.3261659145355225, Accuracy: 0.4662384554641275
Epoch: [3 | 3], batch: 1061, loss: 2.3252182006835938, Accuracy: 0.46637924133435493
Epoch: [3 | 3], batch: 1071, loss: 2.324220657348633, Accuracy: 0.46655638977453234
Epoch: [3 | 3], batch: 1081, loss: 2.323244333267212, Accuracy: 0.46672642769866735
Epoch: [3 | 3], batch: 1091, loss: 2.3222920894622803, Accuracy: 0.4668819535573686
Epoch: [3 | 3], batch: 1101, loss: 2.321340799331665, Accuracy: 0.4670406732117812
Epoch: [3 | 3], batch: 1111, loss: 2.3203518390655518, Accuracy: 0.46721625286282376
Epoch: [3 | 3], batch: 1121, loss: 2.3194053173065186, Accuracy: 0.4673739282908445
Epoch: [3 | 3], batch: 1131, loss: 2.318446397781372, Accuracy: 0.4675364940665142
Epoch: [3 | 3], batch: 1141, loss: 2.3175084590911865, Accuracy: 0.4676857483940651
Epoch: [3 | 3], batch: 1151, loss: 2.3165552616119385, Accuracy: 0.4678558038605301
Epoch: [3 | 3], batch: 1161, loss: 2.315596580505371, Accuracy: 0.46801652986387837
Epoch: [3 | 3], batch: 1171, loss: 2.314629077911377, Accuracy: 0.46817532077098484
Epoch: [3 | 3], batch: 1181, loss: 2.313664197921753, Accuracy: 0.4683452177166113
Epoch: [3 | 3], batch: 1191, loss: 2.3127224445343018, Accuracy: 0.46850637213254037
Epoch: [3 | 3], batch: 1201, loss: 2.3117544651031494, Accuracy: 0.46867408505869435
Epoch: [3 | 3], batch: 1211, loss: 2.310823440551758, Accuracy: 0.46881780030089476
Epoch: [3 | 3], batch: 1221, loss: 2.3098905086517334, Accuracy: 0.4689697853436875
Epoch: [3 | 3], batch: 1231, loss: 2.3089540004730225, Accuracy: 0.4691305870260135
Epoch: [3 | 3], batch: 1241, loss: 2.308009147644043, Accuracy: 0.4692872058242564
Epoch: [3 | 3], batch: 1251, loss: 2.3070502281188965, Accuracy: 0.46944641829932665
Epoch: [3 | 3], batch: 1261, loss: 2.3061041831970215, Accuracy: 0.4696082188384072
Epoch: [3 | 3], batch: 1271, loss: 2.305152654647827, Accuracy: 0.46977823329992
Epoch: [3 | 3], batch: 1281, loss: 2.304213047027588, Accuracy: 0.46992999516043715
Epoch: [3 | 3], batch: 1291, loss: 2.3032665252685547, Accuracy: 0.4700916605747062
Epoch: [3 | 3], batch: 1301, loss: 2.3023009300231934, Accuracy: 0.4702603985209993
Epoch: [3 | 3], batch: 1311, loss: 2.3013510704040527, Accuracy: 0.4704176633761217
Epoch: [3 | 3], batch: 1321, loss: 2.300433874130249, Accuracy: 0.47056460210757856
Epoch: [3 | 3], batch: 1331, loss: 2.2994964122772217, Accuracy: 0.47071469423915846
Epoch: [3 | 3], batch: 1341, loss: 2.2985599040985107, Accuracy: 0.4708701742589791
Epoch: [3 | 3], batch: 1351, loss: 2.297631025314331, Accuracy: 0.47102711116585855
Epoch: [3 | 3], batch: 1361, loss: 2.296703577041626, Accuracy: 0.4711860613452995
Epoch: [3 | 3], batch: 1371, loss: 2.295745372772217, Accuracy: 0.471356525434153
Epoch: [3 | 3], batch: 1381, loss: 2.294816493988037, Accuracy: 0.471519482406052
Epoch: [3 | 3], batch: 1391, loss: 2.2938711643218994, Accuracy: 0.47168276478141924
Epoch: [3 | 3], batch: 1401, loss: 2.292945623397827, Accuracy: 0.47183577143239713
Epoch: [3 | 3], batch: 1411, loss: 2.292048215866089, Accuracy: 0.4719657014149839
Epoch: [3 | 3], batch: 1421, loss: 2.2911105155944824, Accuracy: 0.47213054475358507
Epoch: [3 | 3], batch: 1431, loss: 2.2901766300201416, Accuracy: 0.47228234848737904
Epoch: [3 | 3], batch: 1441, loss: 2.2892370223999023, Accuracy: 0.4724361613351878
Epoch: [3 | 3], batch: 1451, loss: 2.2883081436157227, Accuracy: 0.4725886434138694
Epoch: [3 | 3], batch: 1461, loss: 2.2873783111572266, Accuracy: 0.47274368632156705
Epoch: [3 | 3], batch: 1471, loss: 2.2864596843719482, Accuracy: 0.4729018397415258
Epoch: [3 | 3], batch: 1481, loss: 2.285527229309082, Accuracy: 0.4730547758262973
Epoch: [3 | 3], batch: 1491, loss: 2.284599781036377, Accuracy: 0.4732025056821332
Epoch: [3 | 3], batch: 1501, loss: 2.2836790084838867, Accuracy: 0.4733516879203182
Epoch: [3 | 3], batch: 1511, loss: 2.282738447189331, Accuracy: 0.473516712243836
Epoch: [3 | 3], batch: 1521, loss: 2.2818078994750977, Accuracy: 0.47367375839445935
Epoch: [3 | 3], batch: 1531, loss: 2.280895948410034, Accuracy: 0.4738278183768007
Epoch: [3 | 3], batch: 1541, loss: 2.279977798461914, Accuracy: 0.47398221289289066
Epoch: [3 | 3], batch: 1551, loss: 2.2790536880493164, Accuracy: 0.47414025325958553
Epoch: [3 | 3], batch: 1561, loss: 2.2781448364257812, Accuracy: 0.4742892446189998
Epoch: [3 | 3], batch: 1571, loss: 2.277221441268921, Accuracy: 0.47444408921031456
Epoch: [3 | 3], batch: 1581, loss: 2.276322364807129, Accuracy: 0.47458108867369536
Epoch: [3 | 3], batch: 1591, loss: 2.275407552719116, Accuracy: 0.47474046347773435
Epoch: [3 | 3], batch: 1601, loss: 2.274503707885742, Accuracy: 0.47488861263600257
Epoch: [3 | 3], batch: 1611, loss: 2.273559808731079, Accuracy: 0.4750530435451777
Epoch: [3 | 3], batch: 1621, loss: 2.272618293762207, Accuracy: 0.47523482043789206
Epoch: [3 | 3], batch: 1631, loss: 2.2716987133026123, Accuracy: 0.4753976792438331
Epoch: [3 | 3], batch: 1641, loss: 2.270796537399292, Accuracy: 0.47553288354999723
Epoch: [3 | 3], batch: 1651, loss: 2.26987361907959, Accuracy: 0.4756892752606365
Epoch: [3 | 3], batch: 1661, loss: 2.2689404487609863, Accuracy: 0.47584873415641465
Epoch: [3 | 3], batch: 1671, loss: 2.268024444580078, Accuracy: 0.4760041380669316
Epoch: [3 | 3], batch: 1681, loss: 2.2671244144439697, Accuracy: 0.47616041833039785
Epoch: [3 | 3], batch: 1691, loss: 2.26617431640625, Accuracy: 0.47633123804318117
Epoch: [3 | 3], batch: 1701, loss: 2.2652883529663086, Accuracy: 0.47647450813314546
Epoch: [3 | 3], batch: 1711, loss: 2.2643661499023438, Accuracy: 0.47663941137299
Epoch: [3 | 3], batch: 1721, loss: 2.2634596824645996, Accuracy: 0.4767959025603543
Epoch: [3 | 3], batch: 1731, loss: 2.262566328048706, Accuracy: 0.4769385485822677
Epoch: [3 | 3], batch: 1741, loss: 2.26165509223938, Accuracy: 0.4770848085407702
Epoch: [3 | 3], batch: 1751, loss: 2.260753631591797, Accuracy: 0.47724011800694544
Epoch: [3 | 3], batch: 1761, loss: 2.2598373889923096, Accuracy: 0.4773919476083244
Epoch: [3 | 3], batch: 1771, loss: 2.258913516998291, Accuracy: 0.47755661126028676
Epoch: [3 | 3], batch: 1781, loss: 2.258026599884033, Accuracy: 0.47769986203300346
Epoch: [3 | 3], batch: 1791, loss: 2.2571043968200684, Accuracy: 0.47786516853932587
Epoch: [3 | 3], batch: 1801, loss: 2.2562217712402344, Accuracy: 0.4780058364703457
Epoch: [3 | 3], batch: 1811, loss: 2.2553253173828125, Accuracy: 0.47814359897227976
Epoch: [3 | 3], batch: 1821, loss: 2.254420757293701, Accuracy: 0.47830067058836273
Epoch: [3 | 3], batch: 1831, loss: 2.253518581390381, Accuracy: 0.47845102900260905
Epoch: [3 | 3], batch: 1841, loss: 2.2526326179504395, Accuracy: 0.47859090171471846
Epoch: [3 | 3], batch: 1851, loss: 2.251739025115967, Accuracy: 0.4787376079741403
Epoch: [3 | 3], batch: 1861, loss: 2.2508621215820312, Accuracy: 0.4788754685997645
Epoch: [3 | 3], batch: 1871, loss: 2.2499747276306152, Accuracy: 0.47902015610998955
Epoch: [3 | 3], batch: 1881, loss: 2.2490580081939697, Accuracy: 0.479186220884444
Epoch: [3 | 3], batch: 1891, loss: 2.248141050338745, Accuracy: 0.4793547517654035
Epoch: [3 | 3], batch: 1901, loss: 2.247260570526123, Accuracy: 0.4794928840000431
Epoch: [3 | 3], batch: 1911, loss: 2.246368408203125, Accuracy: 0.4796394388639471
Epoch: [3 | 3], batch: 1921, loss: 2.245471239089966, Accuracy: 0.47980300601418013
Epoch: [3 | 3], batch: 1931, loss: 2.2445855140686035, Accuracy: 0.4799534463665588
Epoch: [3 | 3], batch: 1941, loss: 2.243699312210083, Accuracy: 0.48009669621273166
Epoch: [3 | 3], batch: 1951, loss: 2.242809295654297, Accuracy: 0.480251022665049
Epoch: [3 | 3], batch: 1961, loss: 2.2419381141662598, Accuracy: 0.48040084546634765
Epoch: [3 | 3], batch: 1971, loss: 2.2410740852355957, Accuracy: 0.4805392046490184
Epoch: [3 | 3], batch: 1981, loss: 2.240205764770508, Accuracy: 0.48066398088523643
Epoch: [3 | 3], batch: 1991, loss: 2.2393198013305664, Accuracy: 0.4808191016649714
Epoch: [3 | 3], batch: 2001, loss: 2.2384188175201416, Accuracy: 0.4809777549513691
Epoch: [3 | 3], batch: 2011, loss: 2.237553596496582, Accuracy: 0.4811148059835548
Epoch: [3 | 3], batch: 2021, loss: 2.2366578578948975, Accuracy: 0.4812735743212198
Epoch: [3 | 3], batch: 2031, loss: 2.235806941986084, Accuracy: 0.48139902403604873
Epoch: [3 | 3], batch: 2041, loss: 2.234934091567993, Accuracy: 0.481531771861495
Epoch: [3 | 3], batch: 2051, loss: 2.234076499938965, Accuracy: 0.48167073651883685
Epoch: [3 | 3], batch: 2061, loss: 2.2331840991973877, Accuracy: 0.48182656138443997
Epoch: [3 | 3], batch: 2071, loss: 2.232290506362915, Accuracy: 0.48197897920282834
Epoch: [3 | 3], batch: 2081, loss: 2.2314186096191406, Accuracy: 0.48212054782858543
Epoch: [3 | 3], batch: 2091, loss: 2.2305567264556885, Accuracy: 0.48225128941351625
Epoch: [3 | 3], batch: 2101, loss: 2.2296857833862305, Accuracy: 0.48239513703652537
Epoch: [3 | 3], batch: 2111, loss: 2.2288084030151367, Accuracy: 0.48255631192719006
Epoch: [3 | 3], batch: 2121, loss: 2.2279253005981445, Accuracy: 0.4827077164719242
Epoch: [3 | 3], batch: 2131, loss: 2.2270407676696777, Accuracy: 0.4828514916588009
Epoch: [3 | 3], batch: 2141, loss: 2.2261688709259033, Accuracy: 0.4829971914577924
Epoch: [3 | 3], batch: 2151, loss: 2.225306510925293, Accuracy: 0.4831416346286235
Epoch: [3 | 3], batch: 2161, loss: 2.224440097808838, Accuracy: 0.48328535292063124
Epoch: [3 | 3], batch: 2171, loss: 2.2235851287841797, Accuracy: 0.48342940548087193
Epoch: [3 | 3], batch: 2181, loss: 2.2227249145507812, Accuracy: 0.4835637505152678
Epoch: [3 | 3], batch: 2191, loss: 2.2218704223632812, Accuracy: 0.48370266701874837
Epoch: [3 | 3], batch: 2201, loss: 2.221010208129883, Accuracy: 0.48383664594306464
Epoch: [3 | 3], batch: 2211, loss: 2.220141649246216, Accuracy: 0.4839878484858074
Epoch: [3 | 3], batch: 2221, loss: 2.219280958175659, Accuracy: 0.4841293600514404
Epoch: [3 | 3], batch: 2231, loss: 2.2183938026428223, Accuracy: 0.48427910798369345
Epoch: [3 | 3], batch: 2241, loss: 2.2175211906433105, Accuracy: 0.4844281277961998
Epoch: [3 | 3], batch: 2251, loss: 2.2166574001312256, Accuracy: 0.48457063507926657
Epoch: [3 | 3], batch: 2261, loss: 2.215827703475952, Accuracy: 0.4846945533677449
Epoch: [3 | 3], batch: 2271, loss: 2.214984893798828, Accuracy: 0.4848324876296133
Epoch: [3 | 3], batch: 2281, loss: 2.214129686355591, Accuracy: 0.4849718113195662
Epoch: [3 | 3], batch: 2291, loss: 2.2132885456085205, Accuracy: 0.48511409536799033
Epoch: [3 | 3], batch: 2301, loss: 2.212402105331421, Accuracy: 0.48527558477232935
Epoch: [3 | 3], batch: 2311, loss: 2.2115702629089355, Accuracy: 0.48540332973607286
Epoch: [3 | 3], batch: 2321, loss: 2.210705041885376, Accuracy: 0.4855497502800842
Epoch: [3 | 3], batch: 2331, loss: 2.2098522186279297, Accuracy: 0.48568446495275763
Epoch: [3 | 3], batch: 2341, loss: 2.2089874744415283, Accuracy: 0.48583363831233334
Epoch: [3 | 3], batch: 2351, loss: 2.208141565322876, Accuracy: 0.4859711177755253
Epoch: [3 | 3], batch: 2361, loss: 2.2072792053222656, Accuracy: 0.48612459927111723
Epoch: [3 | 3], batch: 2371, loss: 2.206455945968628, Accuracy: 0.48625491771630125
Epoch: [3 | 3], batch: 2381, loss: 2.2056078910827637, Accuracy: 0.48638714790752
Epoch: [3 | 3], batch: 2391, loss: 2.204751968383789, Accuracy: 0.4865306654160805
Epoch: [3 | 3], batch: 2401, loss: 2.2038893699645996, Accuracy: 0.4866750330663723
Epoch: [3 | 3], batch: 2411, loss: 2.2030301094055176, Accuracy: 0.48682128992641777
Epoch: [3 | 3], batch: 2421, loss: 2.2021615505218506, Accuracy: 0.48697099233465424
Epoch: [3 | 3], batch: 2431, loss: 2.201313018798828, Accuracy: 0.4871085426822297
Epoch: [3 | 3], batch: 2441, loss: 2.2004857063293457, Accuracy: 0.48724798753570503
Epoch: [3 | 3], batch: 2451, loss: 2.199641466140747, Accuracy: 0.48737894310715285
Epoch: [3 | 3], batch: 2461, loss: 2.1987931728363037, Accuracy: 0.4875221725464975
Epoch: [3 | 3], batch: 2471, loss: 2.1979544162750244, Accuracy: 0.48766935843345394
Epoch: [3 | 3], batch: 2481, loss: 2.1971099376678467, Accuracy: 0.48781168743719633
Epoch: [3 | 3], batch: 2491, loss: 2.1962568759918213, Accuracy: 0.4879605569646462
Epoch: [3 | 3], batch: 2501, loss: 2.1954028606414795, Accuracy: 0.4881040565286212
Epoch: [3 | 3], batch: 2511, loss: 2.194575309753418, Accuracy: 0.4882432306690239
Epoch: [3 | 3], batch: 2521, loss: 2.19372820854187, Accuracy: 0.48838687013751847
Epoch: [3 | 3], batch: 2531, loss: 2.1928982734680176, Accuracy: 0.48851483206162044
Epoch: [3 | 3], batch: 2541, loss: 2.1920549869537354, Accuracy: 0.48866274570499924
Epoch: [3 | 3], batch: 2551, loss: 2.19122576713562, Accuracy: 0.488799121459285
Epoch: [3 | 3], batch: 2561, loss: 2.1903903484344482, Accuracy: 0.48893995445318056
Epoch: [3 | 3], batch: 2571, loss: 2.1895503997802734, Accuracy: 0.48908266139413226
Epoch: [3 | 3], batch: 2581, loss: 2.188742160797119, Accuracy: 0.4892112873182328
Epoch: [3 | 3], batch: 2591, loss: 2.1879324913024902, Accuracy: 0.4893351159561886
Epoch: [3 | 3], batch: 2601, loss: 2.187117576599121, Accuracy: 0.4894541567744787
Epoch: [3 | 3], batch: 2611, loss: 2.1862964630126953, Accuracy: 0.4895925556936413
Epoch: [3 | 3], batch: 2621, loss: 2.1854801177978516, Accuracy: 0.4897323123980006
Epoch: [3 | 3], batch: 2631, loss: 2.184645414352417, Accuracy: 0.4898800914956252
Epoch: [3 | 3], batch: 2641, loss: 2.1838161945343018, Accuracy: 0.49001230075342117
Epoch: [3 | 3], batch: 2651, loss: 2.1829888820648193, Accuracy: 0.49015816593081263
Epoch: [3 | 3], batch: 2661, loss: 2.1821253299713135, Accuracy: 0.49031970762568716
Epoch: [3 | 3], batch: 2671, loss: 2.1812961101531982, Accuracy: 0.4904651805170491
Epoch: [3 | 3], batch: 2681, loss: 2.1804778575897217, Accuracy: 0.4905905266278844
Epoch: [3 | 3], batch: 2691, loss: 2.1796553134918213, Accuracy: 0.4907295019157088
Epoch: [3 | 3], batch: 2701, loss: 2.1788270473480225, Accuracy: 0.490875953399565
Epoch: [3 | 3], batch: 2711, loss: 2.178011417388916, Accuracy: 0.49100384682101567
Epoch: [3 | 3], batch: 2721, loss: 2.1771934032440186, Accuracy: 0.49113718172269977
Epoch: [3 | 3], batch: 2731, loss: 2.176403045654297, Accuracy: 0.4912601522454678
Epoch: [3 | 3], batch: 2741, loss: 2.1755709648132324, Accuracy: 0.49140333010845766
Epoch: [3 | 3], batch: 2751, loss: 2.1747379302978516, Accuracy: 0.49153614427177156
Epoch: [3 | 3], batch: 2761, loss: 2.173926591873169, Accuracy: 0.49167946462170603
Epoch: [3 | 3], batch: 2771, loss: 2.1730806827545166, Accuracy: 0.49182666409180076
Epoch: [3 | 3], batch: 2781, loss: 2.172252655029297, Accuracy: 0.4919726564483855
Epoch: [3 | 3], batch: 2791, loss: 2.1714327335357666, Accuracy: 0.4921133837486677
Epoch: [3 | 3], batch: 2801, loss: 2.1706178188323975, Accuracy: 0.49224885624727377
Epoch: [3 | 3], batch: 2811, loss: 2.169797420501709, Accuracy: 0.49239226300903255
Epoch: [3 | 3], batch: 2821, loss: 2.16896390914917, Accuracy: 0.49254460169998077
Epoch: [3 | 3], batch: 2831, loss: 2.168147087097168, Accuracy: 0.49268914964918853
Epoch: [3 | 3], batch: 2841, loss: 2.1673359870910645, Accuracy: 0.4928168159052967
Epoch: [3 | 3], batch: 2851, loss: 2.166501998901367, Accuracy: 0.4929625173156453
Epoch: [3 | 3], batch: 2861, loss: 2.1656830310821533, Accuracy: 0.4930933783333165
Epoch: [3 | 3], batch: 2871, loss: 2.164872407913208, Accuracy: 0.4932316438950993
Epoch: [3 | 3], batch: 2881, loss: 2.164045572280884, Accuracy: 0.4933732629603092
Epoch: [3 | 3], batch: 2891, loss: 2.1632394790649414, Accuracy: 0.4935152034693157
Epoch: [3 | 3], batch: 2901, loss: 2.1624224185943604, Accuracy: 0.49365444118566
Epoch: [3 | 3], batch: 2911, loss: 2.1616225242614746, Accuracy: 0.49378191634015894
Epoch: [3 | 3], batch: 2921, loss: 2.1608200073242188, Accuracy: 0.49391576997795605
Epoch: [3 | 3], batch: 2931, loss: 2.16001296043396, Accuracy: 0.49405548681735423
Epoch: [3 | 3], batch: 2941, loss: 2.159219980239868, Accuracy: 0.4941889922090978
Epoch: [3 | 3], batch: 2951, loss: 2.1584105491638184, Accuracy: 0.49433538613005956
Epoch: [3 | 3], batch: 2961, loss: 2.157604694366455, Accuracy: 0.49446050821762394
Epoch: [3 | 3], batch: 2971, loss: 2.156802177429199, Accuracy: 0.49459249300169567
Epoch: [3 | 3], batch: 2981, loss: 2.156017303466797, Accuracy: 0.49471879355466203
Epoch: [3 | 3], batch: 2991, loss: 2.155197858810425, Accuracy: 0.4948614660053109
Epoch: [3 | 3], batch: 3001, loss: 2.154414415359497, Accuracy: 0.4949954435754414
Epoch: [3 | 3], batch: 3011, loss: 2.1536004543304443, Accuracy: 0.4951352541456922
Epoch: [3 | 3], batch: 3021, loss: 2.1528031826019287, Accuracy: 0.4952738856051287
Epoch: [3 | 3], batch: 3031, loss: 2.152008295059204, Accuracy: 0.4954018450590199
Epoch: [3 | 3], batch: 3041, loss: 2.1512198448181152, Accuracy: 0.4955251460820057
Epoch: [3 | 3], batch: 3051, loss: 2.1504244804382324, Accuracy: 0.49566076722666425
Epoch: [3 | 3], batch: 3061, loss: 2.1496291160583496, Accuracy: 0.4957882345899464
Epoch: [3 | 3], batch: 3071, loss: 2.1488497257232666, Accuracy: 0.4959180316428564
Epoch: [3 | 3], batch: 3081, loss: 2.1480538845062256, Accuracy: 0.4960431798029311
Epoch: [3 | 3], batch: 3091, loss: 2.1472530364990234, Accuracy: 0.4961746403146314
Epoch: [3 | 3], batch: 3101, loss: 2.14644193649292, Accuracy: 0.4963148887053603
Epoch: [3 | 3], batch: 3111, loss: 2.1456544399261475, Accuracy: 0.4964514781778587
Epoch: [3 | 3], batch: 3121, loss: 2.144840717315674, Accuracy: 0.49659733471135975
Epoch: [3 | 3], batch: 3131, loss: 2.1440463066101074, Accuracy: 0.4967370470051941
Epoch: [3 | 3], batch: 3141, loss: 2.143252372741699, Accuracy: 0.49687062676790233
Epoch: [3 | 3], batch: 3151, loss: 2.1424715518951416, Accuracy: 0.49699709380176355
Epoch: [3 | 3], batch: 3161, loss: 2.141674280166626, Accuracy: 0.49712488724562115
Epoch: [3 | 3], batch: 3171, loss: 2.140872001647949, Accuracy: 0.4972649013838945
Epoch: [3 | 3], batch: 3181, loss: 2.1400866508483887, Accuracy: 0.49739483818594016
Epoch: [3 | 3], batch: 3191, loss: 2.139322519302368, Accuracy: 0.4975107593371259
Epoch: [3 | 3], batch: 3201, loss: 2.138540744781494, Accuracy: 0.49763839863949616
Epoch: [3 | 3], batch: 3211, loss: 2.137763500213623, Accuracy: 0.4977693349011393
Epoch: [3 | 3], batch: 3221, loss: 2.1369712352752686, Accuracy: 0.4978996119170115
Epoch: [3 | 3], batch: 3231, loss: 2.1361942291259766, Accuracy: 0.49803317839555516
Epoch: [3 | 3], batch: 3241, loss: 2.1354048252105713, Accuracy: 0.49816164505153115
Epoch: [3 | 3], batch: 3251, loss: 2.134610414505005, Accuracy: 0.498298820213091
Epoch: [3 | 3], batch: 3261, loss: 2.133824110031128, Accuracy: 0.49844173241531475
Epoch: [3 | 3], batch: 3271, loss: 2.1330413818359375, Accuracy: 0.49856576136710407
Epoch: [3 | 3], batch: 3281, loss: 2.1322617530822754, Accuracy: 0.49869406105203096
Epoch: [3 | 3], batch: 3291, loss: 2.131467580795288, Accuracy: 0.4988266234085435
Epoch: [3 | 3], batch: 3301, loss: 2.1307013034820557, Accuracy: 0.49895165014393933
Epoch: [3 | 3], batch: 3311, loss: 2.129917860031128, Accuracy: 0.49908584782459275
Epoch: [3 | 3], batch: 3321, loss: 2.1291415691375732, Accuracy: 0.49921447986890005
Epoch: [3 | 3], batch: 3331, loss: 2.1283605098724365, Accuracy: 0.4993439311176707
Epoch: [3 | 3], batch: 3341, loss: 2.1275782585144043, Accuracy: 0.4994864507276915
Epoch: [3 | 3], batch: 3351, loss: 2.1267971992492676, Accuracy: 0.4996180178062469
Epoch: [3 | 3], batch: 3361, loss: 2.126023292541504, Accuracy: 0.4997489306304631
Epoch: [3 | 3], batch: 3371, loss: 2.125239610671997, Accuracy: 0.4998747884609741
Epoch: [3 | 3], batch: 3381, loss: 2.1244659423828125, Accuracy: 0.5000009776031127
Epoch: [3 | 3], batch: 3391, loss: 2.1236977577209473, Accuracy: 0.5001299399150018
Epoch: [3 | 3], batch: 3401, loss: 2.1229097843170166, Accuracy: 0.5002792450619514
Epoch: [3 | 3], batch: 3411, loss: 2.1221396923065186, Accuracy: 0.500408360410995
Epoch: [3 | 3], batch: 3421, loss: 2.1213529109954834, Accuracy: 0.5005431655728593
Epoch: [3 | 3], batch: 3431, loss: 2.120572566986084, Accuracy: 0.5006782898519652
Epoch: [3 | 3], batch: 3441, loss: 2.1198179721832275, Accuracy: 0.5008005843681519
Epoch: [3 | 3], batch: 3451, loss: 2.11903977394104, Accuracy: 0.5009407333145154
Epoch: [3 | 3], batch: 3461, loss: 2.1182479858398438, Accuracy: 0.5010855714327402
Epoch: [3 | 3], batch: 3471, loss: 2.1174747943878174, Accuracy: 0.501218077711997
Epoch: [3 | 3], batch: 3481, loss: 2.1167211532592773, Accuracy: 0.5013329317698264
Epoch: [3 | 3], batch: 3491, loss: 2.1159446239471436, Accuracy: 0.5014694888101364
Epoch: [3 | 3], batch: 3501, loss: 2.1151680946350098, Accuracy: 0.5015981137018601
Epoch: [3 | 3], batch: 3511, loss: 2.114410877227783, Accuracy: 0.5017197909292787
Epoch: [3 | 3], batch: 3521, loss: 2.1136395931243896, Accuracy: 0.5018539157064359
Epoch: [3 | 3], batch: 3531, loss: 2.11287522315979, Accuracy: 0.5019743150187408
Epoch: [3 | 3], batch: 3541, loss: 2.112095832824707, Accuracy: 0.5021163432221846
Epoch: [3 | 3], batch: 3551, loss: 2.1113317012786865, Accuracy: 0.5022475551127406
Epoch: [3 | 3], batch: 3561, loss: 2.1105566024780273, Accuracy: 0.5023766712102318
Epoch: [3 | 3], batch: 3571, loss: 2.1097984313964844, Accuracy: 0.5025148057619292
Epoch: [3 | 3], batch: 3581, loss: 2.109039068222046, Accuracy: 0.5026435971459192
Epoch: [3 | 3], batch: 3591, loss: 2.108273983001709, Accuracy: 0.5027760891590679
Epoch: [3 | 3], batch: 3601, loss: 2.1075026988983154, Accuracy: 0.5029122749496138
Epoch: [3 | 3], batch: 3611, loss: 2.1067376136779785, Accuracy: 0.5030434740707188
Epoch: [3 | 3], batch: 3621, loss: 2.1059765815734863, Accuracy: 0.5031740298766217
Epoch: [3 | 3], batch: 3631, loss: 2.105208396911621, Accuracy: 0.5033121252081508
Epoch: [3 | 3], batch: 3641, loss: 2.104442834854126, Accuracy: 0.5034437977971238
Epoch: [3 | 3], batch: 3651, loss: 2.103680372238159, Accuracy: 0.5035666560916756
Epoch: [3 | 3], batch: 3661, loss: 2.1029300689697266, Accuracy: 0.5036932063833671
Epoch: [3 | 3], batch: 3671, loss: 2.1021668910980225, Accuracy: 0.5038128798717197
Epoch: [3 | 3], batch: 3681, loss: 2.1013967990875244, Accuracy: 0.5039439214670236
Epoch: [3 | 3], batch: 3691, loss: 2.100644588470459, Accuracy: 0.5040575401582355
Epoch: [3 | 3], batch: 3701, loss: 2.099872350692749, Accuracy: 0.5041863540957839
Epoch: [3 | 3], batch: 3711, loss: 2.0991241931915283, Accuracy: 0.5043078264034558
Epoch: [3 | 3], batch: 3721, loss: 2.098374366760254, Accuracy: 0.5044281926349948
Epoch: [3 | 3], batch: 3731, loss: 2.0976107120513916, Accuracy: 0.5045555863810736
Epoch: [3 | 3], batch: 3741, loss: 2.096848726272583, Accuracy: 0.5046809120894881
Epoch: [3 | 3], batch: 3751, loss: 2.0961105823516846, Accuracy: 0.5048070400061151
Epoch: [3 | 3], batch: 3761, loss: 2.0953519344329834, Accuracy: 0.5049311039599705
Epoch: [3 | 3], batch: 3771, loss: 2.0946011543273926, Accuracy: 0.5050554935249602
Epoch: [3 | 3], batch: 3781, loss: 2.093851089477539, Accuracy: 0.5051783006361408
Epoch: [3 | 3], batch: 3791, loss: 2.093109369277954, Accuracy: 0.505302387647143
Epoch: [3 | 3], batch: 3801, loss: 2.0923619270324707, Accuracy: 0.5054258470741767
Epoch: [3 | 3], batch: 3811, loss: 2.0916011333465576, Accuracy: 0.5055686718772312
Epoch: [3 | 3], batch: 3821, loss: 2.0908617973327637, Accuracy: 0.5056870617561152
Epoch: [3 | 3], batch: 3831, loss: 2.0901100635528564, Accuracy: 0.5058257504445142
Epoch: [3 | 3], batch: 3841, loss: 2.089362144470215, Accuracy: 0.5059538176462204
Epoch: [3 | 3], batch: 3851, loss: 2.0886175632476807, Accuracy: 0.5060845782011225
Epoch: [3 | 3], batch: 3861, loss: 2.0878689289093018, Accuracy: 0.5062099598530794
Epoch: [3 | 3], batch: 3871, loss: 2.087127208709717, Accuracy: 0.5063451487759303
Epoch: [3 | 3], batch: 3881, loss: 2.0863959789276123, Accuracy: 0.5064645325193619
Epoch: [3 | 3], batch: 3891, loss: 2.085644006729126, Accuracy: 0.5065941926010137
Epoch: [3 | 3], batch: 3901, loss: 2.084883213043213, Accuracy: 0.5067260625455647
Epoch: [3 | 3], batch: 3911, loss: 2.0841336250305176, Accuracy: 0.506869127485026
Epoch: [3 | 3], batch: 3921, loss: 2.0834012031555176, Accuracy: 0.506992160534105
Epoch: [3 | 3], batch: 3931, loss: 2.0826480388641357, Accuracy: 0.5071344189167478
Epoch: [3 | 3], batch: 3941, loss: 2.0819082260131836, Accuracy: 0.507258559622196
Epoch: [3 | 3], batch: 3951, loss: 2.0811662673950195, Accuracy: 0.5073867980630363
Epoch: [3 | 3], batch: 3961, loss: 2.0804238319396973, Accuracy: 0.5075162967085837
Epoch: [3 | 3], batch: 3971, loss: 2.079674243927002, Accuracy: 0.5076428106762707
Epoch: [3 | 3], batch: 3981, loss: 2.0789437294006348, Accuracy: 0.5077687009450584
Epoch: [3 | 3], batch: 3991, loss: 2.078216552734375, Accuracy: 0.5078854936673102
Epoch: [3 | 3], batch: 4001, loss: 2.0774831771850586, Accuracy: 0.5079997929587141
Epoch: [3 | 3], batch: 4011, loss: 2.0767478942871094, Accuracy: 0.5081280626016949
Epoch: [3 | 3], batch: 4021, loss: 2.076014757156372, Accuracy: 0.5082439583783733
Epoch: [3 | 3], batch: 4031, loss: 2.0752971172332764, Accuracy: 0.5083644117950982
Epoch: [3 | 3], batch: 4041, loss: 2.074563980102539, Accuracy: 0.5084884758015303
Epoch: [3 | 3], batch: 4051, loss: 2.0738463401794434, Accuracy: 0.5086109834019835
Epoch: [3 | 3], batch: 4061, loss: 2.0731136798858643, Accuracy: 0.508742721041231
Epoch: [3 | 3], batch: 4071, loss: 2.072378635406494, Accuracy: 0.5088625863345423
Epoch: [3 | 3], batch: 4081, loss: 2.071671962738037, Accuracy: 0.5089776250105366
Epoch: [3 | 3], batch: 4091, loss: 2.070939540863037, Accuracy: 0.5091014180746011
Epoch: [3 | 3], batch: 4101, loss: 2.070222854614258, Accuracy: 0.5092129018980533
Epoch: [3 | 3], batch: 4111, loss: 2.069474220275879, Accuracy: 0.5093499621364397
Epoch: [3 | 3], batch: 4121, loss: 2.068741798400879, Accuracy: 0.5094779821914096
Epoch: [3 | 3], batch: 4131, loss: 2.068002700805664, Accuracy: 0.5096142532985966
Epoch: [3 | 3], batch: 4141, loss: 2.067284107208252, Accuracy: 0.5097274975502777
Epoch: [3 | 3], batch: 4151, loss: 2.066563129425049, Accuracy: 0.5098401402736455
Epoch: [3 | 3], batch: 4161, loss: 2.0658514499664307, Accuracy: 0.5099545128305509
Epoch: [3 | 3], batch: 4171, loss: 2.065122127532959, Accuracy: 0.5100794619318658
Epoch: [3 | 3], batch: 4181, loss: 2.064391851425171, Accuracy: 0.51020379663163
Epoch: [3 | 3], batch: 4191, loss: 2.063659906387329, Accuracy: 0.5103293789253315
Epoch: [3 | 3], batch: 4201, loss: 2.062925338745117, Accuracy: 0.510467830275528
Epoch: [3 | 3], batch: 4211, loss: 2.062188148498535, Accuracy: 0.5105996115349943
Epoch: [3 | 3], batch: 4221, loss: 2.0614473819732666, Accuracy: 0.5107386664437571
Epoch: [3 | 3], batch: 4231, loss: 2.06072998046875, Accuracy: 0.5108580631387437
Epoch: [3 | 3], batch: 4241, loss: 2.060018539428711, Accuracy: 0.510968505032701
Epoch: [3 | 3], batch: 4251, loss: 2.0592763423919678, Accuracy: 0.5111038485430052
Epoch: [3 | 3], batch: 4261, loss: 2.0585594177246094, Accuracy: 0.5112339353057272
Epoch: [3 | 3], batch: 4271, loss: 2.0578341484069824, Accuracy: 0.5113606267421078
Epoch: [3 | 3], batch: 4281, loss: 2.0571136474609375, Accuracy: 0.511476062229873
Epoch: [3 | 3], batch: 4291, loss: 2.056408166885376, Accuracy: 0.5116001479905656
Epoch: [3 | 3], batch: 4301, loss: 2.0556952953338623, Accuracy: 0.5117199271577663
Epoch: [3 | 3], batch: 4311, loss: 2.054985761642456, Accuracy: 0.5118404885304362
Epoch: [3 | 3], batch: 4321, loss: 2.0542609691619873, Accuracy: 0.5119590608178604
Epoch: [3 | 3], batch: 4331, loss: 2.0535507202148438, Accuracy: 0.5120793385684362
Epoch: [3 | 3], batch: 4341, loss: 2.0528268814086914, Accuracy: 0.5122082353483653
Epoch: [3 | 3], batch: 4351, loss: 2.0521140098571777, Accuracy: 0.5123217725508991
Epoch: [3 | 3], batch: 4361, loss: 2.051403522491455, Accuracy: 0.5124448476921235
Epoch: [3 | 3], batch: 4371, loss: 2.050673484802246, Accuracy: 0.5125756027506974
Epoch: [3 | 3], batch: 4381, loss: 2.049980401992798, Accuracy: 0.5126901031364143
Epoch: [3 | 3], batch: 4391, loss: 2.049283981323242, Accuracy: 0.512804468760057
Epoch: [3 | 3], batch: 4401, loss: 2.0485711097717285, Accuracy: 0.5129209972523181
Epoch: [3 | 3], batch: 4411, loss: 2.0478434562683105, Accuracy: 0.5130552978885593
Epoch: [3 | 3], batch: 4421, loss: 2.047163248062134, Accuracy: 0.5131563971472367
Epoch: [3 | 3], batch: 4431, loss: 2.046445369720459, Accuracy: 0.5132862738622708
Epoch: [3 | 3], batch: 4441, loss: 2.0457406044006348, Accuracy: 0.5133981205592483
Epoch: [3 | 3], batch: 4451, loss: 2.0450286865234375, Accuracy: 0.5135249544159283
Epoch: [3 | 3], batch: 4461, loss: 2.0443062782287598, Accuracy: 0.5136598811387966
Epoch: [3 | 3], batch: 4471, loss: 2.043621301651001, Accuracy: 0.5137630757685303
Epoch: [3 | 3], batch: 4481, loss: 2.0429270267486572, Accuracy: 0.5138839853289552
Epoch: [3 | 3], batch: 4491, loss: 2.042227029800415, Accuracy: 0.5140001828237122
Epoch: [3 | 3], batch: 4501, loss: 2.0415327548980713, Accuracy: 0.5141176148146794
Epoch: [3 | 3], batch: 4511, loss: 2.040825843811035, Accuracy: 0.5142362791377154
Epoch: [3 | 3], batch: 4521, loss: 2.040120840072632, Accuracy: 0.5143616487357077
Epoch: [3 | 3], batch: 4531, loss: 2.039421796798706, Accuracy: 0.5144850480159779
Epoch: [3 | 3], batch: 4541, loss: 2.038705348968506, Accuracy: 0.5146092147837579
Epoch: [3 | 3], batch: 4551, loss: 2.0379977226257324, Accuracy: 0.5147355140782846
Epoch: [3 | 3], batch: 4561, loss: 2.0372989177703857, Accuracy: 0.5148489207323179
Epoch: [3 | 3], batch: 4571, loss: 2.0365865230560303, Accuracy: 0.5149744784226664
Epoch: [3 | 3], batch: 4581, loss: 2.035914897918701, Accuracy: 0.5150776113702703
Epoch: [3 | 3], batch: 4591, loss: 2.035224199295044, Accuracy: 0.5151942563729722
Epoch: [3 | 3], batch: 4601, loss: 2.034522294998169, Accuracy: 0.5153239357305698
Epoch: [3 | 3], batch: 4611, loss: 2.0338070392608643, Accuracy: 0.5154448408267749
Epoch: [3 | 3], batch: 4621, loss: 2.033112049102783, Accuracy: 0.5155656055231477
Epoch: [3 | 3], batch: 4631, loss: 2.032414197921753, Accuracy: 0.5156798832180323
Epoch: [3 | 3], batch: 4641, loss: 2.031726360321045, Accuracy: 0.5157931221965475
Epoch: [3 | 3], batch: 4651, loss: 2.031041145324707, Accuracy: 0.515906229906085
Epoch: [3 | 3], batch: 4661, loss: 2.030338764190674, Accuracy: 0.5160228270412642
Epoch: [3 | 3], batch: 4671, loss: 2.0296437740325928, Accuracy: 0.516144716726822
Epoch: [3 | 3], batch: 4681, loss: 2.0289306640625, Accuracy: 0.5162709857066657
Epoch: [3 | 3], batch: 4691, loss: 2.0282695293426514, Accuracy: 0.516373164671335
Epoch: [3 | 3], batch: 4701, loss: 2.0275843143463135, Accuracy: 0.5164747740181869
Epoch: [3 | 3], batch: 4711, loss: 2.026902675628662, Accuracy: 0.5165934135357346
Epoch: [3 | 3], batch: 4721, loss: 2.0262115001678467, Accuracy: 0.5167074061713585
Epoch: [3 | 3], batch: 4731, loss: 2.0255236625671387, Accuracy: 0.5168235209274233
Epoch: [3 | 3], batch: 4741, loss: 2.024805784225464, Accuracy: 0.5169611243749719
Epoch: [3 | 3], batch: 4751, loss: 2.0241270065307617, Accuracy: 0.5170657038150893
Epoch: [3 | 3], batch: 4761, loss: 2.0234222412109375, Accuracy: 0.5171886108186424
Epoch: [3 | 3], batch: 4771, loss: 2.0227224826812744, Accuracy: 0.5173172223371437
Epoch: [3 | 3], batch: 4781, loss: 2.0220234394073486, Accuracy: 0.5174429892765009
Epoch: [3 | 3], batch: 4791, loss: 2.021333932876587, Accuracy: 0.5175515429187441
Epoch: [3 | 3], batch: 4801, loss: 2.020658493041992, Accuracy: 0.5176649099022257
Epoch: [3 | 3], batch: 4811, loss: 2.0199832916259766, Accuracy: 0.51777680069632
Epoch: [3 | 3], batch: 4821, loss: 2.0192997455596924, Accuracy: 0.5178961858896751
Epoch: [3 | 3], batch: 4831, loss: 2.0186147689819336, Accuracy: 0.518018571134076
Epoch: [3 | 3], batch: 4841, loss: 2.0179378986358643, Accuracy: 0.5181291709589286
Epoch: [3 | 3], batch: 4851, loss: 2.0172460079193115, Accuracy: 0.5182468061486674
Epoch: [3 | 3], batch: 4861, loss: 2.0165441036224365, Accuracy: 0.5183652013635998
Epoch: [3 | 3], batch: 4871, loss: 2.0158565044403076, Accuracy: 0.518482566821966
Epoch: [3 | 3], batch: 4881, loss: 2.015151023864746, Accuracy: 0.5186149913755351
Epoch: [3 | 3], batch: 4891, loss: 2.014451026916504, Accuracy: 0.518745478093877
Epoch: [3 | 3], batch: 4901, loss: 2.013788938522339, Accuracy: 0.518853944420143
Epoch: [3 | 3], batch: 4911, loss: 2.013087511062622, Accuracy: 0.5189912832454521
Epoch: [3 | 3], batch: 4921, loss: 2.0124006271362305, Accuracy: 0.5191168733893907
Epoch: [3 | 3], batch: 4931, loss: 2.0117173194885254, Accuracy: 0.5192378643804975
Epoch: [3 | 3], batch: 4941, loss: 2.011054039001465, Accuracy: 0.5193426853707415
Epoch: [3 | 3], batch: 4951, loss: 2.010352373123169, Accuracy: 0.5194763172184192
Epoch: [3 | 3], batch: 4961, loss: 2.0096817016601562, Accuracy: 0.5195951175680364
Epoch: [3 | 3], batch: 4971, loss: 2.0090091228485107, Accuracy: 0.5197057803622396
Epoch: [3 | 3], batch: 4981, loss: 2.008345603942871, Accuracy: 0.5198123183833788
Epoch: [3 | 3], batch: 4991, loss: 2.0076563358306885, Accuracy: 0.5199311692348684
Epoch: [3 | 3], batch: 5001, loss: 2.006974697113037, Accuracy: 0.5200503288685324
Epoch: [3 | 3], batch: 5011, loss: 2.0063087940216064, Accuracy: 0.520166691802028
Epoch: [3 | 3], batch: 5021, loss: 2.005629301071167, Accuracy: 0.5202855825582735
Epoch: [3 | 3], batch: 5031, loss: 2.0049591064453125, Accuracy: 0.5203954772221779
Epoch: [3 | 3], batch: 5041, loss: 2.0042896270751953, Accuracy: 0.5205052473099234
Epoch: [3 | 3], batch: 5051, loss: 2.003631114959717, Accuracy: 0.5206162207135839
Epoch: [3 | 3], batch: 5061, loss: 2.0029447078704834, Accuracy: 0.5207354723423829
Epoch: [3 | 3], batch: 5071, loss: 2.0022683143615723, Accuracy: 0.5208523787210341
Epoch: [3 | 3], batch: 5081, loss: 2.0015878677368164, Accuracy: 0.5209753382050172
Epoch: [3 | 3], batch: 5091, loss: 2.0009267330169678, Accuracy: 0.5210840287896852
Epoch: [3 | 3], batch: 5101, loss: 2.000274181365967, Accuracy: 0.5211939205112137
Epoch: [3 | 3], batch: 5111, loss: 1.9995965957641602, Accuracy: 0.521312950433563
Epoch: [3 | 3], batch: 5121, loss: 1.998943567276001, Accuracy: 0.5214203849171714
Epoch: [3 | 3], batch: 5131, loss: 1.9982761144638062, Accuracy: 0.5215365095029562
Epoch: [3 | 3], batch: 5141, loss: 1.9976062774658203, Accuracy: 0.521648540354894
Epoch: [3 | 3], batch: 5151, loss: 1.9969655275344849, Accuracy: 0.5217490032476962
Epoch: [3 | 3], batch: 5161, loss: 1.9962830543518066, Accuracy: 0.521875742195403
Epoch: [3 | 3], batch: 5171, loss: 1.9956207275390625, Accuracy: 0.5219909096503644
Epoch: [3 | 3], batch: 5181, loss: 1.9949462413787842, Accuracy: 0.5221090228536784
Epoch: [3 | 3], batch: 5191, loss: 1.994271159172058, Accuracy: 0.5222344676180022
Epoch: [3 | 3], batch: 5201, loss: 1.9936093091964722, Accuracy: 0.5223496783366538
Epoch: [3 | 3], batch: 5211, loss: 1.9929701089859009, Accuracy: 0.5224485320561739
Epoch: [3 | 3], batch: 5221, loss: 1.992295742034912, Accuracy: 0.5225726985017577
Epoch: [3 | 3], batch: 5231, loss: 1.9916363954544067, Accuracy: 0.522678763876598
Epoch: [3 | 3], batch: 5241, loss: 1.9909608364105225, Accuracy: 0.5228009107228863
Epoch: [3 | 3], batch: 5251, loss: 1.990281343460083, Accuracy: 0.5229242335395898
Epoch: [3 | 3], batch: 5261, loss: 1.9896256923675537, Accuracy: 0.5230325481311722
Epoch: [3 | 3], batch: 5271, loss: 1.9889676570892334, Accuracy: 0.5231442384187014
Epoch: [3 | 3], batch: 5281, loss: 1.988308072090149, Accuracy: 0.5232662886300687
Epoch: [3 | 3], batch: 5291, loss: 1.9876641035079956, Accuracy: 0.5233650613456753
Epoch: [3 | 3], batch: 5301, loss: 1.9870251417160034, Accuracy: 0.5234672147601218
Epoch: [3 | 3], batch: 5311, loss: 1.986382246017456, Accuracy: 0.5235670734366686
Epoch: [3 | 3], batch: 5321, loss: 1.9857168197631836, Accuracy: 0.5236790256915446
Epoch: [3 | 3], batch: 5331, loss: 1.9850707054138184, Accuracy: 0.5237895461397043
Epoch: [3 | 3], batch: 5341, loss: 1.984413504600525, Accuracy: 0.5239112639874602
Epoch: [3 | 3], batch: 5351, loss: 1.983757495880127, Accuracy: 0.5240324110740737
Epoch: [3 | 3], batch: 5361, loss: 1.9831104278564453, Accuracy: 0.5241368962187835
Epoch: [3 | 3], batch: 5371, loss: 1.982456922531128, Accuracy: 0.5242590869969659
Epoch: [3 | 3], batch: 5381, loss: 1.981798529624939, Accuracy: 0.5243789696848581
Epoch: [3 | 3], batch: 5391, loss: 1.9811625480651855, Accuracy: 0.5244739698667014
Epoch: [3 | 3], batch: 5401, loss: 1.9805076122283936, Accuracy: 0.5245927321014763
Epoch: [3 | 3], batch: 5411, loss: 1.9798431396484375, Accuracy: 0.5247083264661745
Epoch: [3 | 3], batch: 5421, loss: 1.9791775941848755, Accuracy: 0.524821191708497
Epoch: [3 | 3], batch: 5431, loss: 1.9785131216049194, Accuracy: 0.5249378308826715
Epoch: [3 | 3], batch: 5441, loss: 1.9778565168380737, Accuracy: 0.525056072743018
Epoch: [3 | 3], batch: 5451, loss: 1.977207899093628, Accuracy: 0.52516249924268
Epoch: [3 | 3], batch: 5461, loss: 1.9765686988830566, Accuracy: 0.5252809183152687
Epoch: [3 | 3], batch: 5471, loss: 1.9759224653244019, Accuracy: 0.5253953158636431
Epoch: [3 | 3], batch: 5481, loss: 1.9752734899520874, Accuracy: 0.5255069946686713
Epoch: [3 | 3], batch: 5491, loss: 1.974622130393982, Accuracy: 0.525612936655296
Epoch: [3 | 3], batch: 5501, loss: 1.9739950895309448, Accuracy: 0.5257191931571997
Epoch: [3 | 3], batch: 5511, loss: 1.973359227180481, Accuracy: 0.5258356840316417
Epoch: [3 | 3], batch: 5521, loss: 1.9727104902267456, Accuracy: 0.5259477355220844
Epoch: [3 | 3], batch: 5531, loss: 1.9720875024795532, Accuracy: 0.5260514773677091
Epoch: [3 | 3], batch: 5541, loss: 1.9714349508285522, Accuracy: 0.5261710373336779
Epoch: [3 | 3], batch: 5551, loss: 1.970792531967163, Accuracy: 0.5262792759448781
Epoch: [3 | 3], batch: 5561, loss: 1.9701520204544067, Accuracy: 0.5263861049697616
Epoch: [3 | 3], batch: 5571, loss: 1.9695106744766235, Accuracy: 0.5264932463222334
Epoch: [3 | 3], batch: 5581, loss: 1.9688531160354614, Accuracy: 0.5266118706550601
Epoch: [3 | 3], batch: 5591, loss: 1.9682003259658813, Accuracy: 0.5267217760982522
Epoch: [3 | 3], batch: 5601, loss: 1.9675614833831787, Accuracy: 0.5268362818564967
Epoch: [3 | 3], batch: 5611, loss: 1.9669164419174194, Accuracy: 0.5269493750160857
Epoch: [3 | 3], batch: 5621, loss: 1.9662773609161377, Accuracy: 0.5270640589228909
Epoch: [3 | 3], batch: 5631, loss: 1.9656404256820679, Accuracy: 0.5271653340874618
Epoch: [3 | 3], batch: 5641, loss: 1.9650092124938965, Accuracy: 0.5272814868742238
Epoch: [3 | 3], batch: 5651, loss: 1.9643661975860596, Accuracy: 0.5273898081647678
Epoch: [3 | 3], batch: 5661, loss: 1.9637342691421509, Accuracy: 0.5275027163916053
Epoch: [3 | 3], batch: 5671, loss: 1.963097333908081, Accuracy: 0.5276159285830333
Epoch: [3 | 3], batch: 5681, loss: 1.9624618291854858, Accuracy: 0.527722607276239
Epoch: [3 | 3], batch: 5691, loss: 1.9618418216705322, Accuracy: 0.5278244714926329
Epoch: [3 | 3], batch: 5701, loss: 1.9612302780151367, Accuracy: 0.5279198217502283
Epoch: [3 | 3], batch: 5711, loss: 1.9606014490127563, Accuracy: 0.5280193339760928
Epoch: [3 | 3], batch: 5721, loss: 1.9599695205688477, Accuracy: 0.5281251332429413
Epoch: [3 | 3], batch: 5731, loss: 1.9593425989151, Accuracy: 0.528224851062379
Epoch: [3 | 3], batch: 5741, loss: 1.9587039947509766, Accuracy: 0.5283393670939989
Epoch: [3 | 3], batch: 5751, loss: 1.9580830335617065, Accuracy: 0.528441413599639
Epoch: [3 | 3], batch: 5761, loss: 1.957422137260437, Accuracy: 0.528571003122793
Epoch: [3 | 3], batch: 5771, loss: 1.9567846059799194, Accuracy: 0.528683017680526
Epoch: [3 | 3], batch: 5781, loss: 1.9561365842819214, Accuracy: 0.5288029850999991
Epoch: [3 | 3], batch: 5791, loss: 1.9554979801177979, Accuracy: 0.5289206982967336
Epoch: [3 | 3], batch: 5801, loss: 1.9548578262329102, Accuracy: 0.5290361609454997
Epoch: [3 | 3], batch: 5811, loss: 1.9542138576507568, Accuracy: 0.5291493767130844
Epoch: [3 | 3], batch: 5821, loss: 1.9535973072052002, Accuracy: 0.5292578048801174
Epoch: [3 | 3], batch: 5831, loss: 1.9529613256454468, Accuracy: 0.5293707775639775
Epoch: [3 | 3], batch: 5841, loss: 1.952332615852356, Accuracy: 0.5294760028805016
Epoch: [3 | 3], batch: 5851, loss: 1.9517085552215576, Accuracy: 0.5295832310180442
Epoch: [3 | 3], batch: 5861, loss: 1.9510912895202637, Accuracy: 0.5296903430007701
Epoch: [3 | 3], batch: 5871, loss: 1.9504544734954834, Accuracy: 0.5297986077630321
Epoch: [3 | 3], batch: 5881, loss: 1.949804663658142, Accuracy: 0.5299076007473096
Epoch: [3 | 3], batch: 5891, loss: 1.949170708656311, Accuracy: 0.5300139411093744
Epoch: [3 | 3], batch: 5901, loss: 1.9485437870025635, Accuracy: 0.5301269221999848
Epoch: [3 | 3], batch: 5911, loss: 1.9479155540466309, Accuracy: 0.5302359832212216
Epoch: [3 | 3], batch: 5921, loss: 1.9472721815109253, Accuracy: 0.5303550490522746
Epoch: [3 | 3], batch: 5931, loss: 1.946648120880127, Accuracy: 0.5304617615566853
Epoch: [3 | 3], batch: 5941, loss: 1.9460123777389526, Accuracy: 0.5305788919317463
Epoch: [3 | 3], batch: 5951, loss: 1.9453816413879395, Accuracy: 0.5306878952997751
Epoch: [3 | 3], batch: 5961, loss: 1.9447730779647827, Accuracy: 0.5307925725781335
Epoch: [3 | 3], batch: 5971, loss: 1.944140076637268, Accuracy: 0.530904287985732
Epoch: [3 | 3], batch: 5981, loss: 1.9435023069381714, Accuracy: 0.5310175648064844
Epoch: [3 | 3], batch: 5991, loss: 1.9428751468658447, Accuracy: 0.5311319803353082
Epoch: [3 | 3], batch: 6001, loss: 1.9422551393508911, Accuracy: 0.531235773860019
Epoch: [3 | 3], batch: 6011, loss: 1.9416191577911377, Accuracy: 0.5313440729330188
Epoch: [3 | 3], batch: 6021, loss: 1.9409807920455933, Accuracy: 0.5314577093139352
Epoch: [3 | 3], batch: 6031, loss: 1.9403598308563232, Accuracy: 0.5315649344659583
Epoch: [3 | 3], batch: 6041, loss: 1.9397326707839966, Accuracy: 0.5316733017642375
Epoch: [3 | 3], batch: 6051, loss: 1.9391279220581055, Accuracy: 0.5317798775328995
Epoch: [3 | 3], batch: 6061, loss: 1.9384880065917969, Accuracy: 0.5319035020888625
Epoch: [3 | 3], batch: 6071, loss: 1.9378657341003418, Accuracy: 0.5320085852711557
Epoch: [3 | 3], batch: 6081, loss: 1.9372438192367554, Accuracy: 0.5321215010328592
Epoch: [3 | 3], batch: 6091, loss: 1.9366328716278076, Accuracy: 0.5322225937225729
Epoch: [3 | 3], batch: 6101, loss: 1.9359979629516602, Accuracy: 0.5323398691718394
Epoch: [3 | 3], batch: 6111, loss: 1.9353888034820557, Accuracy: 0.5324432420697545
Epoch: [3 | 3], batch: 6121, loss: 1.93477201461792, Accuracy: 0.532560274395587
Epoch: [3 | 3], batch: 6131, loss: 1.9341493844985962, Accuracy: 0.5326675897273356
Epoch: [3 | 3], batch: 6141, loss: 1.933529019355774, Accuracy: 0.5327831270059605
Epoch: [3 | 3], batch: 6151, loss: 1.9329124689102173, Accuracy: 0.5328985410643314
Epoch: [3 | 3], batch: 6161, loss: 1.9323002099990845, Accuracy: 0.5330096683127503
Epoch: [3 | 3], batch: 6171, loss: 1.9316753149032593, Accuracy: 0.5331198448567172
Epoch: [3 | 3], batch: 6181, loss: 1.9310539960861206, Accuracy: 0.5332336475031403
Epoch: [3 | 3], batch: 6191, loss: 1.930459976196289, Accuracy: 0.5333369361879027
Epoch: [3 | 3], batch: 6201, loss: 1.9298523664474487, Accuracy: 0.5334384530368376
Epoch: [3 | 3], batch: 6211, loss: 1.9292470216751099, Accuracy: 0.5335332176108569
Epoch: [3 | 3], batch: 6221, loss: 1.928625464439392, Accuracy: 0.5336436534486623
Epoch: [3 | 3], batch: 6231, loss: 1.9279853105545044, Accuracy: 0.533765172445263
Epoch: [3 | 3], batch: 6241, loss: 1.927380084991455, Accuracy: 0.5338666611385215
Epoch: [3 | 3], batch: 6251, loss: 1.9267700910568237, Accuracy: 0.5339750868149081
Epoch: [3 | 3], batch: 6261, loss: 1.926162838935852, Accuracy: 0.5340813266734591
Epoch: [3 | 3], batch: 6271, loss: 1.9255505800247192, Accuracy: 0.5341882818515238
Epoch: [3 | 3], batch: 6281, loss: 1.924951195716858, Accuracy: 0.5342880902930054
Epoch: [3 | 3], batch: 6291, loss: 1.924330472946167, Accuracy: 0.5344018525410412
Epoch: [3 | 3], batch: 6301, loss: 1.9237347841262817, Accuracy: 0.5344960980799132
Epoch: [1 | 250], batch: 10, loss: 753.5624084472656
Epoch: [1 | 250], batch: 20, loss: 576.8423538208008
Epoch: [1 | 250], batch: 30, loss: 467.2653879801432
Epoch: [1 | 250], batch: 40, loss: 394.68934631347656
Epoch: [1 | 250], batch: 50, loss: 340.09025939941404
Epoch: [2 | 250], batch: 10, loss: 275.1603512039738
Epoch: [2 | 250], batch: 20, loss: 246.6265255248452
Epoch: [2 | 250], batch: 30, loss: 224.06479184099
Epoch: [2 | 250], batch: 40, loss: 205.5445673181998
Epoch: [2 | 250], batch: 50, loss: 189.70573705547326
Epoch: [3 | 250], batch: 10, loss: 168.51539704409424
Epoch: [3 | 250], batch: 20, loss: 158.0628864543655
Epoch: [3 | 250], batch: 30, loss: 148.9460958472114
Epoch: [3 | 250], batch: 40, loss: 140.97516242108227
Epoch: [3 | 250], batch: 50, loss: 133.8491500334737
Epoch: [4 | 250], batch: 10, loss: 123.45399539017555
Epoch: [4 | 250], batch: 20, loss: 118.07140116789861
Epoch: [4 | 250], batch: 30, loss: 113.20733402891105
Epoch: [4 | 250], batch: 40, loss: 108.7866505233784
Epoch: [4 | 250], batch: 50, loss: 104.7783033928471
Epoch: [5 | 250], batch: 10, loss: 98.67843865103687
Epoch: [5 | 250], batch: 20, loss: 95.43255002089099
Epoch: [5 | 250], batch: 30, loss: 92.41262193587526
Epoch: [5 | 250], batch: 40, loss: 89.57863122385223
Epoch: [5 | 250], batch: 50, loss: 86.98640557398195
Epoch: [6 | 250], batch: 10, loss: 82.9189884222305
Epoch: [6 | 250], batch: 20, loss: 80.68597835276911
Epoch: [6 | 250], batch: 30, loss: 78.57745392675687
Epoch: [6 | 250], batch: 40, loss: 76.62957183552594
Epoch: [6 | 250], batch: 50, loss: 74.79913276700931
Epoch: [7 | 250], batch: 10, loss: 71.94407318768755
Epoch: [7 | 250], batch: 20, loss: 70.33372487591255
Epoch: [7 | 250], batch: 30, loss: 68.80533987161571
Epoch: [7 | 250], batch: 40, loss: 67.35307893926105
Epoch: [7 | 250], batch: 50, loss: 65.96712683746267
Epoch: [8 | 250], batch: 10, loss: 63.78443167143873
Epoch: [8 | 250], batch: 20, loss: 62.56482464232407
Epoch: [8 | 250], batch: 30, loss: 61.38902421517327
Epoch: [8 | 250], batch: 40, loss: 60.27447986265483
Epoch: [8 | 250], batch: 50, loss: 59.22052657317342
Epoch: [9 | 250], batch: 10, loss: 57.53291879604359
Epoch: [9 | 250], batch: 20, loss: 56.589527287082184
Epoch: [9 | 250], batch: 30, loss: 55.668324440786954
Epoch: [9 | 250], batch: 40, loss: 54.78277820947349
Epoch: [9 | 250], batch: 50, loss: 53.93627515307379
Epoch: [10 | 250], batch: 10, loss: 52.57051160400837
Epoch: [10 | 250], batch: 20, loss: 51.789688484080074
Epoch: [10 | 250], batch: 30, loss: 51.042232174653925
Epoch: [10 | 250], batch: 40, loss: 50.32036526423539
Epoch: [10 | 250], batch: 50, loss: 49.619954623687725
Epoch: [11 | 250], batch: 10, loss: 48.494913124902716
Epoch: [11 | 250], batch: 20, loss: 47.848828434836385
Epoch: [11 | 250], batch: 30, loss: 47.22583247632295
Epoch: [11 | 250], batch: 40, loss: 46.62739250737801
Epoch: [11 | 250], batch: 50, loss: 46.044456428158234
Epoch: [12 | 250], batch: 10, loss: 45.10941561574968
Epoch: [12 | 250], batch: 20, loss: 44.58245712453513
Epoch: [12 | 250], batch: 30, loss: 44.06735703792772
Epoch: [12 | 250], batch: 40, loss: 43.558564117603346
Epoch: [12 | 250], batch: 50, loss: 43.06558023447942
Epoch: [13 | 250], batch: 10, loss: 42.27444194281378
Epoch: [13 | 250], batch: 20, loss: 41.81133257901778
Epoch: [13 | 250], batch: 30, loss: 41.3672656721071
Epoch: [13 | 250], batch: 40, loss: 40.933339869627886
Epoch: [13 | 250], batch: 50, loss: 40.507772501090294
Epoch: [14 | 250], batch: 10, loss: 39.82436229929183
Epoch: [14 | 250], batch: 20, loss: 39.42852022060572
Epoch: [14 | 250], batch: 30, loss: 39.0411350510099
Epoch: [14 | 250], batch: 40, loss: 38.667645363404574
Epoch: [14 | 250], batch: 50, loss: 38.298068700501176
Epoch: [15 | 250], batch: 10, loss: 37.69487656886302
Epoch: [15 | 250], batch: 20, loss: 37.35180069827671
Epoch: [15 | 250], batch: 30, loss: 37.016448782056855
Epoch: [15 | 250], batch: 40, loss: 36.681380681733444
Epoch: [15 | 250], batch: 50, loss: 36.35642568452355
Epoch: [16 | 250], batch: 10, loss: 35.82818333857661
Epoch: [16 | 250], batch: 20, loss: 35.52474982982791
Epoch: [16 | 250], batch: 30, loss: 35.2237051021796
Epoch: [16 | 250], batch: 40, loss: 34.93213850798109
Epoch: [16 | 250], batch: 50, loss: 34.6468141844558
Epoch: [17 | 250], batch: 10, loss: 34.176814840286525
Epoch: [17 | 250], batch: 20, loss: 33.90157855489714
Epoch: [17 | 250], batch: 30, loss: 33.6359711013379
Epoch: [17 | 250], batch: 40, loss: 33.373674283060964
Epoch: [17 | 250], batch: 50, loss: 33.1175923321193
Epoch: [18 | 250], batch: 10, loss: 32.69735291659019
Epoch: [18 | 250], batch: 20, loss: 32.45222400603501
Epoch: [18 | 250], batch: 30, loss: 32.207958873961374
Epoch: [18 | 250], batch: 40, loss: 31.97202599637053
Epoch: [18 | 250], batch: 50, loss: 31.740249174106328
Epoch: [19 | 250], batch: 10, loss: 31.35665453761698
Epoch: [19 | 250], batch: 20, loss: 31.1374791952588
Epoch: [19 | 250], batch: 30, loss: 30.921148032857605
Epoch: [19 | 250], batch: 40, loss: 30.706382252187133
Epoch: [19 | 250], batch: 50, loss: 30.4962010966288
Epoch: [20 | 250], batch: 10, loss: 30.149537988881992
Epoch: [20 | 250], batch: 20, loss: 29.94663122733998
Epoch: [20 | 250], batch: 30, loss: 29.74810401265585
Epoch: [20 | 250], batch: 40, loss: 29.55208753173663
Epoch: [20 | 250], batch: 50, loss: 29.361040933123554
Epoch: [21 | 250], batch: 10, loss: 29.045983067547642
Epoch: [21 | 250], batch: 20, loss: 28.86133604266368
Epoch: [21 | 250], batch: 30, loss: 28.679484734237274
Epoch: [21 | 250], batch: 40, loss: 28.505119958845615
Epoch: [21 | 250], batch: 50, loss: 28.329980757768883
Epoch: [22 | 250], batch: 10, loss: 28.044169487374965
Epoch: [22 | 250], batch: 20, loss: 27.87767185817615
Epoch: [22 | 250], batch: 30, loss: 27.709929189874295
Epoch: [22 | 250], batch: 40, loss: 27.545481783537056
Epoch: [22 | 250], batch: 50, loss: 27.384187270012813
Epoch: [23 | 250], batch: 10, loss: 27.12107088901825
Epoch: [23 | 250], batch: 20, loss: 26.971480056522743
Epoch: [23 | 250], batch: 30, loss: 26.817734231965865
Epoch: [23 | 250], batch: 40, loss: 26.668106402203453
Epoch: [23 | 250], batch: 50, loss: 26.52512412771862
Epoch: [24 | 250], batch: 10, loss: 26.29033696770811
Epoch: [24 | 250], batch: 20, loss: 26.14856765384301
Epoch: [24 | 250], batch: 30, loss: 26.011534339718153
Epoch: [24 | 250], batch: 40, loss: 25.874323349274544
Epoch: [24 | 250], batch: 50, loss: 25.73765329584258
Epoch: [25 | 250], batch: 10, loss: 25.509409587010193
Epoch: [25 | 250], batch: 20, loss: 25.37718051067258
Epoch: [25 | 250], batch: 30, loss: 25.247776550855594
Epoch: [25 | 250], batch: 40, loss: 25.118120027567063
Epoch: [25 | 250], batch: 50, loss: 24.99244905154846
Epoch: [26 | 250], batch: 10, loss: 24.782719977205815
Epoch: [26 | 250], batch: 20, loss: 24.661835654013178
Epoch: [26 | 250], batch: 30, loss: 24.541587779857288
Epoch: [26 | 250], batch: 40, loss: 24.422477763951537
Epoch: [26 | 250], batch: 50, loss: 24.305707317003385
Epoch: [27 | 250], batch: 10, loss: 24.113374982071427
Epoch: [27 | 250], batch: 20, loss: 24.001415424637393
Epoch: [27 | 250], batch: 30, loss: 23.890251081991078
Epoch: [27 | 250], batch: 40, loss: 23.783576376385206
Epoch: [27 | 250], batch: 50, loss: 23.676925793610874
Epoch: [28 | 250], batch: 10, loss: 23.494978951001922
Epoch: [28 | 250], batch: 20, loss: 23.38729190773632
Epoch: [28 | 250], batch: 30, loss: 23.282628021902394
Epoch: [28 | 250], batch: 40, loss: 23.17743102142449
Epoch: [28 | 250], batch: 50, loss: 23.072573233930754
Epoch: [29 | 250], batch: 10, loss: 22.90161182391658
Epoch: [29 | 250], batch: 20, loss: 22.80299304261781
Epoch: [29 | 250], batch: 30, loss: 22.70842203524456
Epoch: [29 | 250], batch: 40, loss: 22.611355160762432
Epoch: [29 | 250], batch: 50, loss: 22.51460252589019
Epoch: [30 | 250], batch: 10, loss: 22.351996777400597
Epoch: [30 | 250], batch: 20, loss: 22.25936863660439
Epoch: [30 | 250], batch: 30, loss: 22.165748720409002
Epoch: [30 | 250], batch: 40, loss: 22.07377371739465
Epoch: [30 | 250], batch: 50, loss: 21.984497131851494
Epoch: [31 | 250], batch: 10, loss: 21.834278661004493
Epoch: [31 | 250], batch: 20, loss: 21.74587005757676
Epoch: [31 | 250], batch: 30, loss: 21.66036327591386
Epoch: [31 | 250], batch: 40, loss: 21.57254746079712
Epoch: [31 | 250], batch: 50, loss: 21.487275064598272
Epoch: [32 | 250], batch: 10, loss: 21.346302400887748
Epoch: [32 | 250], batch: 20, loss: 21.261836077678563
Epoch: [32 | 250], batch: 30, loss: 21.17813664090124
Epoch: [32 | 250], batch: 40, loss: 21.09486406440603
Epoch: [32 | 250], batch: 50, loss: 21.014079512758364
Epoch: [33 | 250], batch: 10, loss: 20.88403075939983
Epoch: [33 | 250], batch: 20, loss: 20.805942215631937
Epoch: [33 | 250], batch: 30, loss: 20.728498733999153
Epoch: [33 | 250], batch: 40, loss: 20.65107572594005
Epoch: [33 | 250], batch: 50, loss: 20.575845092846375
Epoch: [34 | 250], batch: 10, loss: 20.45101061361756
Epoch: [34 | 250], batch: 20, loss: 20.375578031952415
Epoch: [34 | 250], batch: 30, loss: 20.302230078740557
Epoch: [34 | 250], batch: 40, loss: 20.22881451654968
Epoch: [34 | 250], batch: 50, loss: 20.15703504302035
Epoch: [35 | 250], batch: 10, loss: 20.037161263682805
Epoch: [35 | 250], batch: 20, loss: 19.96848592452748
Epoch: [35 | 250], batch: 30, loss: 19.899727081203736
Epoch: [35 | 250], batch: 40, loss: 19.83081069554009
Epoch: [35 | 250], batch: 50, loss: 19.7638879631605
Epoch: [36 | 250], batch: 10, loss: 19.651813074995726
Epoch: [36 | 250], batch: 20, loss: 19.584692482724243
Epoch: [36 | 250], batch: 30, loss: 19.520059055854432
Epoch: [36 | 250], batch: 40, loss: 19.45414961059565
Epoch: [36 | 250], batch: 50, loss: 19.387937900144053
Epoch: [37 | 250], batch: 10, loss: 19.277331883235316
Epoch: [37 | 250], batch: 20, loss: 19.211521630403862
Epoch: [37 | 250], batch: 30, loss: 19.14677832738312
Epoch: [37 | 250], batch: 40, loss: 19.08382279560648
Epoch: [37 | 250], batch: 50, loss: 19.021007408632265
Epoch: [38 | 250], batch: 10, loss: 18.916417311314362
Epoch: [38 | 250], batch: 20, loss: 18.85551403591374
Epoch: [38 | 250], batch: 30, loss: 18.794074780624094
Epoch: [38 | 250], batch: 40, loss: 18.732692508696257
Epoch: [38 | 250], batch: 50, loss: 18.672272677969744
Epoch: [39 | 250], batch: 10, loss: 18.576032761821153
Epoch: [39 | 250], batch: 20, loss: 18.51679995979973
Epoch: [39 | 250], batch: 30, loss: 18.45823973965321
Epoch: [39 | 250], batch: 40, loss: 18.401401575142
Epoch: [39 | 250], batch: 50, loss: 18.344147716038513
Epoch: [40 | 250], batch: 10, loss: 18.250444622026794
Epoch: [40 | 250], batch: 20, loss: 18.193576792145358
Epoch: [40 | 250], batch: 30, loss: 18.138576089194032
Epoch: [40 | 250], batch: 40, loss: 18.084868009674192
Epoch: [40 | 250], batch: 50, loss: 18.031812539849337
Epoch: [41 | 250], batch: 10, loss: 17.944142770433988
Epoch: [41 | 250], batch: 20, loss: 17.89179552756748
Epoch: [41 | 250], batch: 30, loss: 17.839321365132342
Epoch: [41 | 250], batch: 40, loss: 17.787762458439868
Epoch: [41 | 250], batch: 50, loss: 17.734999391090636
Epoch: [42 | 250], batch: 10, loss: 17.649181305546534
Epoch: [42 | 250], batch: 20, loss: 17.598874895612003
Epoch: [42 | 250], batch: 30, loss: 17.550355358167014
Epoch: [42 | 250], batch: 40, loss: 17.501758402335664
Epoch: [42 | 250], batch: 50, loss: 17.453414845729707
Epoch: [43 | 250], batch: 10, loss: 17.37070653841975
Epoch: [43 | 250], batch: 20, loss: 17.32265882738563
Epoch: [43 | 250], batch: 30, loss: 17.274216572190575
Epoch: [43 | 250], batch: 40, loss: 17.226857226692772
Epoch: [43 | 250], batch: 50, loss: 17.17949713364743
Epoch: [44 | 250], batch: 10, loss: 17.099693227531233
Epoch: [44 | 250], batch: 20, loss: 17.05153683889354
Epoch: [44 | 250], batch: 30, loss: 17.004287555847807
Epoch: [44 | 250], batch: 40, loss: 16.958079431486713
Epoch: [44 | 250], batch: 50, loss: 16.91252613959272
Epoch: [45 | 250], batch: 10, loss: 16.835155117194734
Epoch: [45 | 250], batch: 20, loss: 16.789612515344434
Epoch: [45 | 250], batch: 30, loss: 16.744698894409144
Epoch: [45 | 250], batch: 40, loss: 16.699627888777236
Epoch: [45 | 250], batch: 50, loss: 16.65528904673156
Epoch: [46 | 250], batch: 10, loss: 16.58145417280408
Epoch: [46 | 250], batch: 20, loss: 16.538226209847195
Epoch: [46 | 250], batch: 30, loss: 16.494277981341575
Epoch: [46 | 250], batch: 40, loss: 16.451732205292114
Epoch: [46 | 250], batch: 50, loss: 16.40915276848977
Epoch: [47 | 250], batch: 10, loss: 16.338321546745963
Epoch: [47 | 250], batch: 20, loss: 16.296022166619554
Epoch: [47 | 250], batch: 30, loss: 16.254359188718933
Epoch: [47 | 250], batch: 40, loss: 16.214480258915483
Epoch: [47 | 250], batch: 50, loss: 16.174993721390805
Epoch: [48 | 250], batch: 10, loss: 16.107149939059603
Epoch: [48 | 250], batch: 20, loss: 16.06660344080395
Epoch: [48 | 250], batch: 30, loss: 16.025727880833603
Epoch: [48 | 250], batch: 40, loss: 15.985848215848993
Epoch: [48 | 250], batch: 50, loss: 15.946209593676283
Epoch: [49 | 250], batch: 10, loss: 15.879550780565301
Epoch: [49 | 250], batch: 20, loss: 15.840231405441656
Epoch: [49 | 250], batch: 30, loss: 15.803114402133504
Epoch: [49 | 250], batch: 40, loss: 15.764470353322388
Epoch: [49 | 250], batch: 50, loss: 15.727426202410093
Epoch: [50 | 250], batch: 10, loss: 15.66445234526127
Epoch: [50 | 250], batch: 20, loss: 15.626587921147195
Epoch: [50 | 250], batch: 30, loss: 15.589419545340103
Epoch: [50 | 250], batch: 40, loss: 15.55238731904133
Epoch: [50 | 250], batch: 50, loss: 15.515481660800974
Epoch: [51 | 250], batch: 10, loss: 15.453039500811311
Epoch: [51 | 250], batch: 20, loss: 15.416230553050054
Epoch: [51 | 250], batch: 30, loss: 15.379941732774226
Epoch: [51 | 250], batch: 40, loss: 15.344123158944909
Epoch: [51 | 250], batch: 50, loss: 15.30946970759581
Epoch: [52 | 250], batch: 10, loss: 15.249839596950887
Epoch: [52 | 250], batch: 20, loss: 15.214589590151242
Epoch: [52 | 250], batch: 30, loss: 15.179325256368136
Epoch: [52 | 250], batch: 40, loss: 15.144416043192347
Epoch: [52 | 250], batch: 50, loss: 15.110868296715292
Epoch: [53 | 250], batch: 10, loss: 15.054361023443857
Epoch: [53 | 250], batch: 20, loss: 15.01992150855422
Epoch: [53 | 250], batch: 30, loss: 14.986761055916885
Epoch: [53 | 250], batch: 40, loss: 14.953177818441365
Epoch: [53 | 250], batch: 50, loss: 14.920044154356287
Epoch: [54 | 250], batch: 10, loss: 14.8645154871314
Epoch: [54 | 250], batch: 20, loss: 14.83228988263785
Epoch: [54 | 250], batch: 30, loss: 14.799106705753875
Epoch: [54 | 250], batch: 40, loss: 14.766959560334206
Epoch: [54 | 250], batch: 50, loss: 14.734992864600862
Epoch: [55 | 250], batch: 10, loss: 14.682229218690983
Epoch: [55 | 250], batch: 20, loss: 14.650791659780511
Epoch: [55 | 250], batch: 30, loss: 14.619328155150361
Epoch: [55 | 250], batch: 40, loss: 14.587727157889017
Epoch: [55 | 250], batch: 50, loss: 14.556490056809453
Epoch: [56 | 250], batch: 10, loss: 14.503592583604526
Epoch: [56 | 250], batch: 20, loss: 14.472520612354923
Epoch: [56 | 250], batch: 30, loss: 14.441863875378818
Epoch: [56 | 250], batch: 40, loss: 14.412446204739783
Epoch: [56 | 250], batch: 50, loss: 14.382419322358679
Epoch: [57 | 250], batch: 10, loss: 14.33252695269883
Epoch: [57 | 250], batch: 20, loss: 14.302283090895232
Epoch: [57 | 250], batch: 30, loss: 14.272701213476251
Epoch: [57 | 250], batch: 40, loss: 14.243778964982793
Epoch: [57 | 250], batch: 50, loss: 14.214505246729622
Epoch: [58 | 250], batch: 10, loss: 14.167601088057365
Epoch: [58 | 250], batch: 20, loss: 14.138424386199414
Epoch: [58 | 250], batch: 30, loss: 14.109047098673495
Epoch: [58 | 250], batch: 40, loss: 14.080147908091828
Epoch: [58 | 250], batch: 50, loss: 14.051293420427447
Epoch: [59 | 250], batch: 10, loss: 14.004783523268072
Epoch: [59 | 250], batch: 20, loss: 13.976508749213215
Epoch: [59 | 250], batch: 30, loss: 13.949043175504702
Epoch: [59 | 250], batch: 40, loss: 13.92099071066039
Epoch: [59 | 250], batch: 50, loss: 13.893317376036897
Epoch: [60 | 250], batch: 10, loss: 13.84725008649665
Epoch: [60 | 250], batch: 20, loss: 13.820613123824835
Epoch: [60 | 250], batch: 30, loss: 13.792980477974465
Epoch: [60 | 250], batch: 40, loss: 13.766919318306934
Epoch: [60 | 250], batch: 50, loss: 13.74032353650059
Epoch: [61 | 250], batch: 10, loss: 13.696367934719444
Epoch: [61 | 250], batch: 20, loss: 13.66942640419023
Epoch: [61 | 250], batch: 30, loss: 13.642635153330907
Epoch: [61 | 250], batch: 40, loss: 13.61607300951635
Epoch: [61 | 250], batch: 50, loss: 13.590183361757619
Epoch: [62 | 250], batch: 10, loss: 13.546696950707986
Epoch: [62 | 250], batch: 20, loss: 13.52092818460552
Epoch: [62 | 250], batch: 30, loss: 13.496216102105121
Epoch: [62 | 250], batch: 40, loss: 13.471293557503989
Epoch: [62 | 250], batch: 50, loss: 13.446138646221447
Epoch: [63 | 250], batch: 10, loss: 13.403630653329309
Epoch: [63 | 250], batch: 20, loss: 13.377576733388457
Epoch: [63 | 250], batch: 30, loss: 13.352974188979235
Epoch: [63 | 250], batch: 40, loss: 13.328812361650009
Epoch: [63 | 250], batch: 50, loss: 13.304633136323599
Epoch: [64 | 250], batch: 10, loss: 13.264333335093237
Epoch: [64 | 250], batch: 20, loss: 13.239449646537166
Epoch: [64 | 250], batch: 30, loss: 13.21567040357705
Epoch: [64 | 250], batch: 40, loss: 13.19179323399282
Epoch: [64 | 250], batch: 50, loss: 13.167664176677194
Epoch: [65 | 250], batch: 10, loss: 13.127475434934171
Epoch: [65 | 250], batch: 20, loss: 13.104574393493253
Epoch: [65 | 250], batch: 30, loss: 13.080985053925241
Epoch: [65 | 250], batch: 40, loss: 13.057260604971336
Epoch: [65 | 250], batch: 50, loss: 13.034292723876309
Epoch: [66 | 250], batch: 10, loss: 12.995720342716096
Epoch: [66 | 250], batch: 20, loss: 12.972684040663053
Epoch: [66 | 250], batch: 30, loss: 12.949860604250562
Epoch: [66 | 250], batch: 40, loss: 12.927026214955381
Epoch: [66 | 250], batch: 50, loss: 12.904266898839095
Epoch: [67 | 250], batch: 10, loss: 12.866321054216497
Epoch: [67 | 250], batch: 20, loss: 12.844095737603235
Epoch: [67 | 250], batch: 30, loss: 12.823121579804369
Epoch: [67 | 250], batch: 40, loss: 12.80184057544289
Epoch: [67 | 250], batch: 50, loss: 12.78066884420441
Epoch: [68 | 250], batch: 10, loss: 12.744145091767699
Epoch: [68 | 250], batch: 20, loss: 12.722014691728338
Epoch: [68 | 250], batch: 30, loss: 12.699331016678254
Epoch: [68 | 250], batch: 40, loss: 12.677419715758727
Epoch: [68 | 250], batch: 50, loss: 12.65582748330403
Epoch: [69 | 250], batch: 10, loss: 12.619257229213014
Epoch: [69 | 250], batch: 20, loss: 12.596714652869638
Epoch: [69 | 250], batch: 30, loss: 12.575337598610579
Epoch: [69 | 250], batch: 40, loss: 12.553761444815486
Epoch: [69 | 250], batch: 50, loss: 12.532235157997398
Epoch: [70 | 250], batch: 10, loss: 12.496726700210917
Epoch: [70 | 250], batch: 20, loss: 12.475378598317576
Epoch: [70 | 250], batch: 30, loss: 12.454298700045674
Epoch: [70 | 250], batch: 40, loss: 12.433606250121427
Epoch: [70 | 250], batch: 50, loss: 12.413440134359105
Epoch: [71 | 250], batch: 10, loss: 12.379316838595138
Epoch: [71 | 250], batch: 20, loss: 12.359025712939346
Epoch: [71 | 250], batch: 30, loss: 12.33863226615382
Epoch: [71 | 250], batch: 40, loss: 12.319011872458042
Epoch: [71 | 250], batch: 50, loss: 12.29947354847804
Epoch: [72 | 250], batch: 10, loss: 12.266658733098934
Epoch: [72 | 250], batch: 20, loss: 12.246269273270839
Epoch: [72 | 250], batch: 30, loss: 12.226291941370134
Epoch: [72 | 250], batch: 40, loss: 12.207167074227229
Epoch: [72 | 250], batch: 50, loss: 12.188032255687723
Epoch: [73 | 250], batch: 10, loss: 12.15605336184102
Epoch: [73 | 250], batch: 20, loss: 12.136716532333336
Epoch: [73 | 250], batch: 30, loss: 12.11747541828035
Epoch: [73 | 250], batch: 40, loss: 12.098604870266948
Epoch: [73 | 250], batch: 50, loss: 12.079475332080667
Epoch: [74 | 250], batch: 10, loss: 12.047534985953202
Epoch: [74 | 250], batch: 20, loss: 12.028518117691032
Epoch: [74 | 250], batch: 30, loss: 12.009919037044789
Epoch: [74 | 250], batch: 40, loss: 11.990921693961566
Epoch: [74 | 250], batch: 50, loss: 11.972451330374016
Epoch: [75 | 250], batch: 10, loss: 11.940761398903181
Epoch: [75 | 250], batch: 20, loss: 11.922198928078329
Epoch: [75 | 250], batch: 30, loss: 11.903627990249845
Epoch: [75 | 250], batch: 40, loss: 11.884994740358803
Epoch: [75 | 250], batch: 50, loss: 11.866694857966548
Epoch: [76 | 250], batch: 10, loss: 11.835957171697281
Epoch: [76 | 250], batch: 20, loss: 11.817759975232446
Epoch: [76 | 250], batch: 30, loss: 11.799924194358564
Epoch: [76 | 250], batch: 40, loss: 11.78198507939848
Epoch: [76 | 250], batch: 50, loss: 11.765296981397604
Epoch: [77 | 250], batch: 10, loss: 11.73575273672851
Epoch: [77 | 250], batch: 20, loss: 11.718343802523261
Epoch: [77 | 250], batch: 30, loss: 11.701607159783457
Epoch: [77 | 250], batch: 40, loss: 11.684066117670543
Epoch: [77 | 250], batch: 50, loss: 11.666707545030187
Epoch: [78 | 250], batch: 10, loss: 11.637958998973158
Epoch: [78 | 250], batch: 20, loss: 11.620872336317383
Epoch: [78 | 250], batch: 30, loss: 11.603872447959517
Epoch: [78 | 250], batch: 40, loss: 11.586989969216232
Epoch: [78 | 250], batch: 50, loss: 11.569968025933804
Epoch: [79 | 250], batch: 10, loss: 11.541147736557248
Epoch: [79 | 250], batch: 20, loss: 11.524058995822333
Epoch: [79 | 250], batch: 30, loss: 11.507091866047352
Epoch: [79 | 250], batch: 40, loss: 11.490471795624572
Epoch: [79 | 250], batch: 50, loss: 11.474018247108715
Epoch: [80 | 250], batch: 10, loss: 11.446167418674008
Epoch: [80 | 250], batch: 20, loss: 11.429804382555883
Epoch: [80 | 250], batch: 30, loss: 11.413368397702683
Epoch: [80 | 250], batch: 40, loss: 11.397048928368799
Epoch: [80 | 250], batch: 50, loss: 11.38048651223204
Epoch: [81 | 250], batch: 10, loss: 11.352952050705985
Epoch: [81 | 250], batch: 20, loss: 11.33632756348635
Epoch: [81 | 250], batch: 30, loss: 11.319362511322216
Epoch: [81 | 250], batch: 40, loss: 11.303103193178021
Epoch: [81 | 250], batch: 50, loss: 11.287073923892038
Epoch: [82 | 250], batch: 10, loss: 11.259962822996904
Epoch: [82 | 250], batch: 20, loss: 11.24396453433079
Epoch: [82 | 250], batch: 30, loss: 11.227867599987245
Epoch: [82 | 250], batch: 40, loss: 11.212116744247092
Epoch: [82 | 250], batch: 50, loss: 11.196672591872373
Epoch: [83 | 250], batch: 10, loss: 11.170379205106013
Epoch: [83 | 250], batch: 20, loss: 11.15471838904209
Epoch: [83 | 250], batch: 30, loss: 11.13876666030499
Epoch: [83 | 250], batch: 40, loss: 11.1232149293376
Epoch: [83 | 250], batch: 50, loss: 11.107688654284095
Epoch: [84 | 250], batch: 10, loss: 11.081924558678805
Epoch: [84 | 250], batch: 20, loss: 11.066441046595571
Epoch: [84 | 250], batch: 30, loss: 11.050974289424579
Epoch: [84 | 250], batch: 40, loss: 11.03592478968484
Epoch: [84 | 250], batch: 50, loss: 11.020605604335932
Epoch: [85 | 250], batch: 10, loss: 10.995328248026619
Epoch: [85 | 250], batch: 20, loss: 10.980396128335029
Epoch: [85 | 250], batch: 30, loss: 10.965342416030781
Epoch: [85 | 250], batch: 40, loss: 10.950932795221746
Epoch: [85 | 250], batch: 50, loss: 10.935801835541515
Epoch: [86 | 250], batch: 10, loss: 10.911012121593595
Epoch: [86 | 250], batch: 20, loss: 10.896523132086173
Epoch: [86 | 250], batch: 30, loss: 10.881924942317996
Epoch: [86 | 250], batch: 40, loss: 10.867623160936855
Epoch: [86 | 250], batch: 50, loss: 10.853546860955415
Epoch: [87 | 250], batch: 10, loss: 10.828994441409671
Epoch: [87 | 250], batch: 20, loss: 10.81435131100716
Epoch: [87 | 250], batch: 30, loss: 10.799611206286889
Epoch: [87 | 250], batch: 40, loss: 10.785244272813637
Epoch: [87 | 250], batch: 50, loss: 10.770936985598217
Epoch: [88 | 250], batch: 10, loss: 10.747432275077397
Epoch: [88 | 250], batch: 20, loss: 10.733749285174325
Epoch: [88 | 250], batch: 30, loss: 10.719856448132301
Epoch: [88 | 250], batch: 40, loss: 10.705914162800363
Epoch: [88 | 250], batch: 50, loss: 10.692306924130103
Epoch: [89 | 250], batch: 10, loss: 10.669104208781569
Epoch: [89 | 250], batch: 20, loss: 10.65517500298281
Epoch: [89 | 250], batch: 30, loss: 10.641343987303415
Epoch: [89 | 250], batch: 40, loss: 10.627992173836182
Epoch: [89 | 250], batch: 50, loss: 10.614952809398547
Epoch: [90 | 250], batch: 10, loss: 10.592025297085922
Epoch: [90 | 250], batch: 20, loss: 10.579036358354905
Epoch: [90 | 250], batch: 30, loss: 10.566117530768388
Epoch: [90 | 250], batch: 40, loss: 10.553170879902963
Epoch: [90 | 250], batch: 50, loss: 10.540007879055905
Epoch: [91 | 250], batch: 10, loss: 10.51830797688195
Epoch: [91 | 250], batch: 20, loss: 10.504606795328407
Epoch: [91 | 250], batch: 30, loss: 10.491682539055363
Epoch: [91 | 250], batch: 40, loss: 10.478320708664958
Epoch: [91 | 250], batch: 50, loss: 10.465081315329144
Epoch: [92 | 250], batch: 10, loss: 10.442446640362286
Epoch: [92 | 250], batch: 20, loss: 10.429784474963071
Epoch: [92 | 250], batch: 30, loss: 10.41695290386132
Epoch: [92 | 250], batch: 40, loss: 10.403871130864651
Epoch: [92 | 250], batch: 50, loss: 10.390727798836963
Epoch: [93 | 250], batch: 10, loss: 10.3689438475675
Epoch: [93 | 250], batch: 20, loss: 10.35584887784288
Epoch: [93 | 250], batch: 30, loss: 10.342798017268505
Epoch: [93 | 250], batch: 40, loss: 10.330366426125055
Epoch: [93 | 250], batch: 50, loss: 10.318053231386397
Epoch: [94 | 250], batch: 10, loss: 10.296919973565208
Epoch: [94 | 250], batch: 20, loss: 10.284239427138665
Epoch: [94 | 250], batch: 30, loss: 10.271704892172034
Epoch: [94 | 250], batch: 40, loss: 10.259125907083495
Epoch: [94 | 250], batch: 50, loss: 10.246505654056815
Epoch: [95 | 250], batch: 10, loss: 10.226531746385099
Epoch: [95 | 250], batch: 20, loss: 10.214149940650374
Epoch: [95 | 250], batch: 30, loss: 10.201775978921315
Epoch: [95 | 250], batch: 40, loss: 10.190131797871796
Epoch: [95 | 250], batch: 50, loss: 10.178044834994408
Epoch: [96 | 250], batch: 10, loss: 10.15802469123014
Epoch: [96 | 250], batch: 20, loss: 10.145923353046419
Epoch: [96 | 250], batch: 30, loss: 10.134009506772117
Epoch: [96 | 250], batch: 40, loss: 10.122194120461852
Epoch: [96 | 250], batch: 50, loss: 10.110397482679446
Epoch: [97 | 250], batch: 10, loss: 10.090605434904726
Epoch: [97 | 250], batch: 20, loss: 10.078905146145027
Epoch: [97 | 250], batch: 30, loss: 10.066640730325524
Epoch: [97 | 250], batch: 40, loss: 10.05461796648174
Epoch: [97 | 250], batch: 50, loss: 10.0429505014018
Epoch: [98 | 250], batch: 10, loss: 10.02300356968838
Epoch: [98 | 250], batch: 20, loss: 10.010933844646491
Epoch: [98 | 250], batch: 30, loss: 9.998569745179251
Epoch: [98 | 250], batch: 40, loss: 9.986916306628972
Epoch: [98 | 250], batch: 50, loss: 9.975426917076097
Epoch: [99 | 250], batch: 10, loss: 9.956045681622099
Epoch: [99 | 250], batch: 20, loss: 9.944752135378724
Epoch: [99 | 250], batch: 30, loss: 9.933166337091706
Epoch: [99 | 250], batch: 40, loss: 9.921777905105765
Epoch: [99 | 250], batch: 50, loss: 9.910274145896091
Epoch: [100 | 250], batch: 10, loss: 9.890904799842412
Epoch: [100 | 250], batch: 20, loss: 9.879668219931222
Epoch: [100 | 250], batch: 30, loss: 9.868083635913234
Epoch: [100 | 250], batch: 40, loss: 9.856763742384118
Epoch: [100 | 250], batch: 50, loss: 9.845690433021337
Epoch: [101 | 250], batch: 10, loss: 9.826754399131286
Epoch: [101 | 250], batch: 20, loss: 9.815499719564244
Epoch: [101 | 250], batch: 30, loss: 9.804600915549246
Epoch: [101 | 250], batch: 40, loss: 9.793828892066585
Epoch: [101 | 250], batch: 50, loss: 9.782741772667285
Epoch: [102 | 250], batch: 10, loss: 9.764070549017925
Epoch: [102 | 250], batch: 20, loss: 9.753309365841616
Epoch: [102 | 250], batch: 30, loss: 9.742070676488916
Epoch: [102 | 250], batch: 40, loss: 9.731202255113395
Epoch: [102 | 250], batch: 50, loss: 9.720332149742577
Epoch: [103 | 250], batch: 10, loss: 9.702245050990916
Epoch: [103 | 250], batch: 20, loss: 9.691440075093315
Epoch: [103 | 250], batch: 30, loss: 9.681363000574574
Epoch: [103 | 250], batch: 40, loss: 9.670438054857613
Epoch: [103 | 250], batch: 50, loss: 9.659799051704644
Epoch: [104 | 250], batch: 10, loss: 9.642258420356692
Epoch: [104 | 250], batch: 20, loss: 9.631622674994562
Epoch: [104 | 250], batch: 30, loss: 9.621497096908609
Epoch: [104 | 250], batch: 40, loss: 9.611009131545236
Epoch: [104 | 250], batch: 50, loss: 9.600510579137826
Epoch: [105 | 250], batch: 10, loss: 9.58331226520342
Epoch: [105 | 250], batch: 20, loss: 9.572779915568576
Epoch: [105 | 250], batch: 30, loss: 9.562373781372356
Epoch: [105 | 250], batch: 40, loss: 9.552091509062409
Epoch: [105 | 250], batch: 50, loss: 9.541791855068134
Epoch: [106 | 250], batch: 10, loss: 9.52456429271818
Epoch: [106 | 250], batch: 20, loss: 9.51408101386841
Epoch: [106 | 250], batch: 30, loss: 9.503908291909283
Epoch: [106 | 250], batch: 40, loss: 9.493556414771131
Epoch: [106 | 250], batch: 50, loss: 9.483574803897923
Epoch: [107 | 250], batch: 10, loss: 9.466494989341738
Epoch: [107 | 250], batch: 20, loss: 9.45612237705209
Epoch: [107 | 250], batch: 30, loss: 9.445806793895532
Epoch: [107 | 250], batch: 40, loss: 9.435842562832779
Epoch: [107 | 250], batch: 50, loss: 9.42577372876566
Epoch: [108 | 250], batch: 10, loss: 9.40899561555338
Epoch: [108 | 250], batch: 20, loss: 9.398807197339197
Epoch: [108 | 250], batch: 30, loss: 9.38902877470545
Epoch: [108 | 250], batch: 40, loss: 9.37912639850692
Epoch: [108 | 250], batch: 50, loss: 9.369218810145542
Epoch: [109 | 250], batch: 10, loss: 9.353111186449372
Epoch: [109 | 250], batch: 20, loss: 9.343212310260089
Epoch: [109 | 250], batch: 30, loss: 9.333058055350989
Epoch: [109 | 250], batch: 40, loss: 9.32351310082463
Epoch: [109 | 250], batch: 50, loss: 9.313852283160246
Epoch: [110 | 250], batch: 10, loss: 9.297457094949435
Epoch: [110 | 250], batch: 20, loss: 9.287622214088007
Epoch: [110 | 250], batch: 30, loss: 9.277953818085992
Epoch: [110 | 250], batch: 40, loss: 9.268087327461922
Epoch: [110 | 250], batch: 50, loss: 9.258485446419186
Epoch: [111 | 250], batch: 10, loss: 9.242251011262478
Epoch: [111 | 250], batch: 20, loss: 9.23246128121775
Epoch: [111 | 250], batch: 30, loss: 9.223118988840922
Epoch: [111 | 250], batch: 40, loss: 9.213453154793436
Epoch: [111 | 250], batch: 50, loss: 9.204118622565309
Epoch: [112 | 250], batch: 10, loss: 9.18835738020485
Epoch: [112 | 250], batch: 20, loss: 9.178996870216295
Epoch: [112 | 250], batch: 30, loss: 9.16932454774297
Epoch: [112 | 250], batch: 40, loss: 9.16003776978757
Epoch: [112 | 250], batch: 50, loss: 9.150444529555912
Epoch: [113 | 250], batch: 10, loss: 9.135100467728364
Epoch: [113 | 250], batch: 20, loss: 9.125676606754219
Epoch: [113 | 250], batch: 30, loss: 9.11625991943524
Epoch: [113 | 250], batch: 40, loss: 9.106862512391118
Epoch: [113 | 250], batch: 50, loss: 9.097540038439096
Epoch: [114 | 250], batch: 10, loss: 9.08220244891789
Epoch: [114 | 250], batch: 20, loss: 9.073378270790394
Epoch: [114 | 250], batch: 30, loss: 9.064246690329155
Epoch: [114 | 250], batch: 40, loss: 9.05496576133304
Epoch: [114 | 250], batch: 50, loss: 9.046052538647197
Epoch: [115 | 250], batch: 10, loss: 9.031092851922535
Epoch: [115 | 250], batch: 20, loss: 9.022230792874064
Epoch: [115 | 250], batch: 30, loss: 9.013445534049952
Epoch: [115 | 250], batch: 40, loss: 9.00451421882591
Epoch: [115 | 250], batch: 50, loss: 8.995713522905506
Epoch: [116 | 250], batch: 10, loss: 8.98107013693447
Epoch: [116 | 250], batch: 20, loss: 8.972185641199836
Epoch: [116 | 250], batch: 30, loss: 8.96347979054322
Epoch: [116 | 250], batch: 40, loss: 8.954730121517466
Epoch: [116 | 250], batch: 50, loss: 8.94617538516426
Epoch: [117 | 250], batch: 10, loss: 8.931423335380325
Epoch: [117 | 250], batch: 20, loss: 8.922788022567932
Epoch: [117 | 250], batch: 30, loss: 8.914012648639911
Epoch: [117 | 250], batch: 40, loss: 8.905477802670248
Epoch: [117 | 250], batch: 50, loss: 8.896810038944297
Epoch: [118 | 250], batch: 10, loss: 8.882932692152572
Epoch: [118 | 250], batch: 20, loss: 8.87454070278309
Epoch: [118 | 250], batch: 30, loss: 8.866197556972885
Epoch: [118 | 250], batch: 40, loss: 8.857626649586464
Epoch: [118 | 250], batch: 50, loss: 8.849177092466654
Epoch: [119 | 250], batch: 10, loss: 8.834904807608293
Epoch: [119 | 250], batch: 20, loss: 8.826584941436346
Epoch: [119 | 250], batch: 30, loss: 8.8182154110076
Epoch: [119 | 250], batch: 40, loss: 8.809780041243144
Epoch: [119 | 250], batch: 50, loss: 8.801453479288686
Epoch: [120 | 250], batch: 10, loss: 8.787443155940243
Epoch: [120 | 250], batch: 20, loss: 8.779021731600904
Epoch: [120 | 250], batch: 30, loss: 8.770595186431953
Epoch: [120 | 250], batch: 40, loss: 8.76216583540191
Epoch: [120 | 250], batch: 50, loss: 8.753750167844332
Epoch: [121 | 250], batch: 10, loss: 8.739634662396963
Epoch: [121 | 250], batch: 20, loss: 8.731145243957815
Epoch: [121 | 250], batch: 30, loss: 8.722871717487479
Epoch: [121 | 250], batch: 40, loss: 8.714786905155753
Epoch: [121 | 250], batch: 50, loss: 8.706656917524919
Epoch: [122 | 250], batch: 10, loss: 8.692733703911498
Epoch: [122 | 250], batch: 20, loss: 8.684519367439545
Epoch: [122 | 250], batch: 30, loss: 8.676246132445007
Epoch: [122 | 250], batch: 40, loss: 8.668214230506754
Epoch: [122 | 250], batch: 50, loss: 8.660029010627992
Epoch: [123 | 250], batch: 10, loss: 8.64643822853307
Epoch: [123 | 250], batch: 20, loss: 8.63835263928725
Epoch: [123 | 250], batch: 30, loss: 8.630232903378419
Epoch: [123 | 250], batch: 40, loss: 8.622176811653201
Epoch: [123 | 250], batch: 50, loss: 8.614224426207384
Epoch: [124 | 250], batch: 10, loss: 8.600989315784652
Epoch: [124 | 250], batch: 20, loss: 8.593407035792493
Epoch: [124 | 250], batch: 30, loss: 8.585674707309511
Epoch: [124 | 250], batch: 40, loss: 8.57750029344848
Epoch: [124 | 250], batch: 50, loss: 8.569444662486971
Epoch: [125 | 250], batch: 10, loss: 8.555950552931439
Epoch: [125 | 250], batch: 20, loss: 8.547924769790948
Epoch: [125 | 250], batch: 30, loss: 8.540129483078658
Epoch: [125 | 250], batch: 40, loss: 8.532132377755064
Epoch: [125 | 250], batch: 50, loss: 8.524218440076867
Epoch: [126 | 250], batch: 10, loss: 8.510947632305975
Epoch: [126 | 250], batch: 20, loss: 8.503022433749704
Epoch: [126 | 250], batch: 30, loss: 8.495485118193274
Epoch: [126 | 250], batch: 40, loss: 8.48809625019975
Epoch: [126 | 250], batch: 50, loss: 8.480441007013038
Epoch: [127 | 250], batch: 10, loss: 8.467430348029081
Epoch: [127 | 250], batch: 20, loss: 8.459766163321
Epoch: [127 | 250], batch: 30, loss: 8.452285631738466
Epoch: [127 | 250], batch: 40, loss: 8.44458748523281
Epoch: [127 | 250], batch: 50, loss: 8.436880169621364
Epoch: [128 | 250], batch: 10, loss: 8.424465304600071
Epoch: [128 | 250], batch: 20, loss: 8.41684529953666
Epoch: [128 | 250], batch: 30, loss: 8.409307343883787
Epoch: [128 | 250], batch: 40, loss: 8.401746652620112
Epoch: [128 | 250], batch: 50, loss: 8.394234110361923
Epoch: [129 | 250], batch: 10, loss: 8.381553503366238
Epoch: [129 | 250], batch: 20, loss: 8.374190000006267
Epoch: [129 | 250], batch: 30, loss: 8.367023296557722
Epoch: [129 | 250], batch: 40, loss: 8.359657106843573
Epoch: [129 | 250], batch: 50, loss: 8.352258201993537
Epoch: [130 | 250], batch: 10, loss: 8.340043027038483
Epoch: [130 | 250], batch: 20, loss: 8.332859143050891
Epoch: [130 | 250], batch: 30, loss: 8.325318047615367
Epoch: [130 | 250], batch: 40, loss: 8.317718140411083
Epoch: [130 | 250], batch: 50, loss: 8.310288033908138
Epoch: [131 | 250], batch: 10, loss: 8.297781198841895
Epoch: [131 | 250], batch: 20, loss: 8.290520157196696
Epoch: [131 | 250], batch: 30, loss: 8.283657976980766
Epoch: [131 | 250], batch: 40, loss: 8.276335136169156
Epoch: [131 | 250], batch: 50, loss: 8.26920129544487
Epoch: [132 | 250], batch: 10, loss: 8.257568458418445
Epoch: [132 | 250], batch: 20, loss: 8.250122027603767
Epoch: [132 | 250], batch: 30, loss: 8.242731324385636
Epoch: [132 | 250], batch: 40, loss: 8.235340996356394
Epoch: [132 | 250], batch: 50, loss: 8.228163145495836
Epoch: [133 | 250], batch: 10, loss: 8.216645417921432
Epoch: [133 | 250], batch: 20, loss: 8.20965706959219
Epoch: [133 | 250], batch: 30, loss: 8.202570074474758
Epoch: [133 | 250], batch: 40, loss: 8.195426155019781
Epoch: [133 | 250], batch: 50, loss: 8.18829785504152
Epoch: [134 | 250], batch: 10, loss: 8.176285416161754
Epoch: [134 | 250], batch: 20, loss: 8.169219785168137
Epoch: [134 | 250], batch: 30, loss: 8.162132618892501
Epoch: [134 | 250], batch: 40, loss: 8.155243106270612
Epoch: [134 | 250], batch: 50, loss: 8.148414233341391
Epoch: [135 | 250], batch: 10, loss: 8.136849838291226
Epoch: [135 | 250], batch: 20, loss: 8.130092100709934
Epoch: [135 | 250], batch: 30, loss: 8.122952579233388
Epoch: [135 | 250], batch: 40, loss: 8.116140455893618
Epoch: [135 | 250], batch: 50, loss: 8.109079934273982
Epoch: [136 | 250], batch: 10, loss: 8.097466388297946
Epoch: [136 | 250], batch: 20, loss: 8.090844826842934
Epoch: [136 | 250], batch: 30, loss: 8.083909640563263
Epoch: [136 | 250], batch: 40, loss: 8.077193889842016
Epoch: [136 | 250], batch: 50, loss: 8.07043095610939
Epoch: [137 | 250], batch: 10, loss: 8.058748280601955
Epoch: [137 | 250], batch: 20, loss: 8.051853406196054
Epoch: [137 | 250], batch: 30, loss: 8.045101007511688
Epoch: [137 | 250], batch: 40, loss: 8.038501185296658
Epoch: [137 | 250], batch: 50, loss: 8.031532993039784
Epoch: [138 | 250], batch: 10, loss: 8.019928744993269
Epoch: [138 | 250], batch: 20, loss: 8.013102625291957
Epoch: [138 | 250], batch: 30, loss: 8.006372813552732
Epoch: [138 | 250], batch: 40, loss: 7.999725784559803
Epoch: [138 | 250], batch: 50, loss: 7.993282060772469
Epoch: [139 | 250], batch: 10, loss: 7.981892796034971
Epoch: [139 | 250], batch: 20, loss: 7.975267652405751
Epoch: [139 | 250], batch: 30, loss: 7.968685501774024
Epoch: [139 | 250], batch: 40, loss: 7.962370386001381
Epoch: [139 | 250], batch: 50, loss: 7.955738710864359
Epoch: [140 | 250], batch: 10, loss: 7.944709777691515
Epoch: [140 | 250], batch: 20, loss: 7.938298751053289
Epoch: [140 | 250], batch: 30, loss: 7.931932408235936
Epoch: [140 | 250], batch: 40, loss: 7.925538485901293
Epoch: [140 | 250], batch: 50, loss: 7.918817209071992
Epoch: [141 | 250], batch: 10, loss: 7.907838770633303
Epoch: [141 | 250], batch: 20, loss: 7.90142025692787
Epoch: [141 | 250], batch: 30, loss: 7.894744294283369
Epoch: [141 | 250], batch: 40, loss: 7.888078682434951
Epoch: [141 | 250], batch: 50, loss: 7.881491448329009
Epoch: [142 | 250], batch: 10, loss: 7.870498843043121
Epoch: [142 | 250], batch: 20, loss: 7.864057063443559
Epoch: [142 | 250], batch: 30, loss: 7.857647619178198
Epoch: [142 | 250], batch: 40, loss: 7.851151376562934
Epoch: [142 | 250], batch: 50, loss: 7.844675858348036
Epoch: [143 | 250], batch: 10, loss: 7.8338523470480235
Epoch: [143 | 250], batch: 20, loss: 7.827346532276395
Epoch: [143 | 250], batch: 30, loss: 7.821051246256496
Epoch: [143 | 250], batch: 40, loss: 7.814731076809791
Epoch: [143 | 250], batch: 50, loss: 7.808605319021725
Epoch: [144 | 250], batch: 10, loss: 7.797887966218621
Epoch: [144 | 250], batch: 20, loss: 7.791549189883596
Epoch: [144 | 250], batch: 30, loss: 7.784972007361516
Epoch: [144 | 250], batch: 40, loss: 7.778793162710857
Epoch: [144 | 250], batch: 50, loss: 7.77269376506424
Epoch: [145 | 250], batch: 10, loss: 7.762279737209904
Epoch: [145 | 250], batch: 20, loss: 7.7562957466949785
Epoch: [145 | 250], batch: 30, loss: 7.750342588351469
Epoch: [145 | 250], batch: 40, loss: 7.744022152985728
Epoch: [145 | 250], batch: 50, loss: 7.737926830346325
Epoch: [146 | 250], batch: 10, loss: 7.727536272827458
Epoch: [146 | 250], batch: 20, loss: 7.721527543333004
Epoch: [146 | 250], batch: 30, loss: 7.715445702931475
Epoch: [146 | 250], batch: 40, loss: 7.709308452085716
Epoch: [146 | 250], batch: 50, loss: 7.70333788358107
Epoch: [147 | 250], batch: 10, loss: 7.693446519598613
Epoch: [147 | 250], batch: 20, loss: 7.687387267051537
Epoch: [147 | 250], batch: 30, loss: 7.681307373755801
Epoch: [147 | 250], batch: 40, loss: 7.675476010455922
Epoch: [147 | 250], batch: 50, loss: 7.669743445403475
Epoch: [148 | 250], batch: 10, loss: 7.659409569581807
Epoch: [148 | 250], batch: 20, loss: 7.653226793799614
Epoch: [148 | 250], batch: 30, loss: 7.647257031016329
Epoch: [148 | 250], batch: 40, loss: 7.6414583610497235
Epoch: [148 | 250], batch: 50, loss: 7.635716092140058
Epoch: [149 | 250], batch: 10, loss: 7.62566049114948
Epoch: [149 | 250], batch: 20, loss: 7.619618316726045
Epoch: [149 | 250], batch: 30, loss: 7.613563547343761
Epoch: [149 | 250], batch: 40, loss: 7.607756754773913
Epoch: [149 | 250], batch: 50, loss: 7.601835032648094
Epoch: [150 | 250], batch: 10, loss: 7.591840823672076
Epoch: [150 | 250], batch: 20, loss: 7.585834295866717
Epoch: [150 | 250], batch: 30, loss: 7.579856653663375
Epoch: [150 | 250], batch: 40, loss: 7.574030844514279
Epoch: [150 | 250], batch: 50, loss: 7.5682025778743
Epoch: [151 | 250], batch: 10, loss: 7.558404435176549
Epoch: [151 | 250], batch: 20, loss: 7.552583085645387
Epoch: [151 | 250], batch: 30, loss: 7.546945780380411
Epoch: [151 | 250], batch: 40, loss: 7.541298422681733
Epoch: [151 | 250], batch: 50, loss: 7.535684182684993
Epoch: [152 | 250], batch: 10, loss: 7.526062506259874
Epoch: [152 | 250], batch: 20, loss: 7.520219721314753
Epoch: [152 | 250], batch: 30, loss: 7.514260312065982
Epoch: [152 | 250], batch: 40, loss: 7.508563065708264
Epoch: [152 | 250], batch: 50, loss: 7.502971593439699
Epoch: [153 | 250], batch: 10, loss: 7.49350394829408
Epoch: [153 | 250], batch: 20, loss: 7.4877004985566415
Epoch: [153 | 250], batch: 30, loss: 7.481978290813779
Epoch: [153 | 250], batch: 40, loss: 7.476332100557711
Epoch: [153 | 250], batch: 50, loss: 7.47063036042499
Epoch: [154 | 250], batch: 10, loss: 7.4612197709817165
Epoch: [154 | 250], batch: 20, loss: 7.455710851435915
Epoch: [154 | 250], batch: 30, loss: 7.450006098156851
Epoch: [154 | 250], batch: 40, loss: 7.444355937955547
Epoch: [154 | 250], batch: 50, loss: 7.438681302926436
Epoch: [155 | 250], batch: 10, loss: 7.429529313720007
Epoch: [155 | 250], batch: 20, loss: 7.424202732117817
Epoch: [155 | 250], batch: 30, loss: 7.418801845779055
Epoch: [155 | 250], batch: 40, loss: 7.4134508574681
Epoch: [155 | 250], batch: 50, loss: 7.408037195247094
Epoch: [156 | 250], batch: 10, loss: 7.398678039000793
Epoch: [156 | 250], batch: 20, loss: 7.393026013046901
Epoch: [156 | 250], batch: 30, loss: 7.387782151870359
Epoch: [156 | 250], batch: 40, loss: 7.382287109890212
Epoch: [156 | 250], batch: 50, loss: 7.376729412032884
Epoch: [157 | 250], batch: 10, loss: 7.367669004198065
Epoch: [157 | 250], batch: 20, loss: 7.36227612998318
Epoch: [157 | 250], batch: 30, loss: 7.356931171547156
Epoch: [157 | 250], batch: 40, loss: 7.351440378194752
Epoch: [157 | 250], batch: 50, loss: 7.3462051832968
Epoch: [158 | 250], batch: 10, loss: 7.337112571387392
Epoch: [158 | 250], batch: 20, loss: 7.331846745345785
Epoch: [158 | 250], batch: 30, loss: 7.326672077585137
Epoch: [158 | 250], batch: 40, loss: 7.321548258532891
Epoch: [158 | 250], batch: 50, loss: 7.3161264652057225
Epoch: [159 | 250], batch: 10, loss: 7.307161768374847
Epoch: [159 | 250], batch: 20, loss: 7.301842892603901
Epoch: [159 | 250], batch: 30, loss: 7.296592891789418
Epoch: [159 | 250], batch: 40, loss: 7.291601636554761
Epoch: [159 | 250], batch: 50, loss: 7.286555073195066
Epoch: [160 | 250], batch: 10, loss: 7.277730304104483
Epoch: [160 | 250], batch: 20, loss: 7.272485865700686
Epoch: [160 | 250], batch: 30, loss: 7.267281188851913
Epoch: [160 | 250], batch: 40, loss: 7.262053224640516
Epoch: [160 | 250], batch: 50, loss: 7.256794128172887
Epoch: [161 | 250], batch: 10, loss: 7.248306914323268
Epoch: [161 | 250], batch: 20, loss: 7.243094349746454
Epoch: [161 | 250], batch: 30, loss: 7.237887436876735
Epoch: [161 | 250], batch: 40, loss: 7.232946590529987
Epoch: [161 | 250], batch: 50, loss: 7.227916378483621
Epoch: [162 | 250], batch: 10, loss: 7.219420176257274
Epoch: [162 | 250], batch: 20, loss: 7.214094753706009
Epoch: [162 | 250], batch: 30, loss: 7.209075637391166
Epoch: [162 | 250], batch: 40, loss: 7.2042933167045415
Epoch: [162 | 250], batch: 50, loss: 7.1992312373286005
Epoch: [163 | 250], batch: 10, loss: 7.1908241490393054
Epoch: [163 | 250], batch: 20, loss: 7.185703018887648
Epoch: [163 | 250], batch: 30, loss: 7.180664952018057
Epoch: [163 | 250], batch: 40, loss: 7.175571937562052
Epoch: [163 | 250], batch: 50, loss: 7.170635771083868
Epoch: [164 | 250], batch: 10, loss: 7.161912948971633
Epoch: [164 | 250], batch: 20, loss: 7.156871592040807
Epoch: [164 | 250], batch: 30, loss: 7.151678974838226
Epoch: [164 | 250], batch: 40, loss: 7.14664998702109
Epoch: [164 | 250], batch: 50, loss: 7.141571277223605
Epoch: [165 | 250], batch: 10, loss: 7.133432018045591
Epoch: [165 | 250], batch: 20, loss: 7.128518717190568
Epoch: [165 | 250], batch: 30, loss: 7.123703923369986
Epoch: [165 | 250], batch: 40, loss: 7.118734436979057
Epoch: [165 | 250], batch: 50, loss: 7.113694755113028
Epoch: [166 | 250], batch: 10, loss: 7.105317307581751
Epoch: [166 | 250], batch: 20, loss: 7.10042326221405
Epoch: [166 | 250], batch: 30, loss: 7.095729325672489
Epoch: [166 | 250], batch: 40, loss: 7.090772932000984
Epoch: [166 | 250], batch: 50, loss: 7.085817914466075
Epoch: [167 | 250], batch: 10, loss: 7.077654921797115
Epoch: [167 | 250], batch: 20, loss: 7.072765629983936
Epoch: [167 | 250], batch: 30, loss: 7.067852291715747
Epoch: [167 | 250], batch: 40, loss: 7.062970515030395
Epoch: [167 | 250], batch: 50, loss: 7.057973545234588
Epoch: [168 | 250], batch: 10, loss: 7.049827460917829
Epoch: [168 | 250], batch: 20, loss: 7.045070432463703
Epoch: [168 | 250], batch: 30, loss: 7.040098614674206
Epoch: [168 | 250], batch: 40, loss: 7.035230108507066
Epoch: [168 | 250], batch: 50, loss: 7.030435210669158
Epoch: [169 | 250], batch: 10, loss: 7.022810766413489
Epoch: [169 | 250], batch: 20, loss: 7.018003706739703
Epoch: [169 | 250], batch: 30, loss: 7.013400560296733
Epoch: [169 | 250], batch: 40, loss: 7.00851935467101
Epoch: [169 | 250], batch: 50, loss: 7.003813823561696
Epoch: [170 | 250], batch: 10, loss: 6.995894468211764
Epoch: [170 | 250], batch: 20, loss: 6.990884593940562
Epoch: [170 | 250], batch: 30, loss: 6.9861526963770775
Epoch: [170 | 250], batch: 40, loss: 6.981359688279676
Epoch: [170 | 250], batch: 50, loss: 6.97652252528652
Epoch: [171 | 250], batch: 10, loss: 6.968449775626387
Epoch: [171 | 250], batch: 20, loss: 6.963833762921804
Epoch: [171 | 250], batch: 30, loss: 6.959218294586302
Epoch: [171 | 250], batch: 40, loss: 6.954512774361685
Epoch: [171 | 250], batch: 50, loss: 6.949772864203311
Epoch: [172 | 250], batch: 10, loss: 6.941779190552752
Epoch: [172 | 250], batch: 20, loss: 6.93694569586603
Epoch: [172 | 250], batch: 30, loss: 6.932112010088405
Epoch: [172 | 250], batch: 40, loss: 6.927520894972244
Epoch: [172 | 250], batch: 50, loss: 6.922811307174839
Epoch: [173 | 250], batch: 10, loss: 6.914825402427343
Epoch: [173 | 250], batch: 20, loss: 6.910378929274306
Epoch: [173 | 250], batch: 30, loss: 6.905744269920543
Epoch: [173 | 250], batch: 40, loss: 6.901005226554661
Epoch: [173 | 250], batch: 50, loss: 6.89628777893613
Epoch: [174 | 250], batch: 10, loss: 6.88867719309942
Epoch: [174 | 250], batch: 20, loss: 6.883947386210756
Epoch: [174 | 250], batch: 30, loss: 6.879426691720164
Epoch: [174 | 250], batch: 40, loss: 6.874825052917251
Epoch: [174 | 250], batch: 50, loss: 6.87036112168357
Epoch: [175 | 250], batch: 10, loss: 6.862620450515327
Epoch: [175 | 250], batch: 20, loss: 6.857947773594592
Epoch: [175 | 250], batch: 30, loss: 6.853478693355505
Epoch: [175 | 250], batch: 40, loss: 6.849094277062286
Epoch: [175 | 250], batch: 50, loss: 6.844641276830086
Epoch: [176 | 250], batch: 10, loss: 6.837138710419603
Epoch: [176 | 250], batch: 20, loss: 6.832711362445782
Epoch: [176 | 250], batch: 30, loss: 6.828184055073491
Epoch: [176 | 250], batch: 40, loss: 6.823608504724972
Epoch: [176 | 250], batch: 50, loss: 6.8192009847176
Epoch: [177 | 250], batch: 10, loss: 6.811908048080155
Epoch: [177 | 250], batch: 20, loss: 6.807386319527163
Epoch: [177 | 250], batch: 30, loss: 6.802889673683713
Epoch: [177 | 250], batch: 40, loss: 6.798522289393639
Epoch: [177 | 250], batch: 50, loss: 6.794218803105152
Epoch: [178 | 250], batch: 10, loss: 6.786981899659146
Epoch: [178 | 250], batch: 20, loss: 6.782498004568331
Epoch: [178 | 250], batch: 30, loss: 6.777909627636108
Epoch: [178 | 250], batch: 40, loss: 6.773618671646685
Epoch: [178 | 250], batch: 50, loss: 6.769438473754165
Epoch: [179 | 250], batch: 10, loss: 6.762028291530277
Epoch: [179 | 250], batch: 20, loss: 6.75769609783336
Epoch: [179 | 250], batch: 30, loss: 6.753383164401088
Epoch: [179 | 250], batch: 40, loss: 6.74909864472299
Epoch: [179 | 250], batch: 50, loss: 6.7448094997506765
Epoch: [180 | 250], batch: 10, loss: 6.737420935794789
Epoch: [180 | 250], batch: 20, loss: 6.733012891294228
Epoch: [180 | 250], batch: 30, loss: 6.728523267215671
Epoch: [180 | 250], batch: 40, loss: 6.7242866455248285
Epoch: [180 | 250], batch: 50, loss: 6.719974552257055
Epoch: [181 | 250], batch: 10, loss: 6.712870129544152
Epoch: [181 | 250], batch: 20, loss: 6.7087515602465215
Epoch: [181 | 250], batch: 30, loss: 6.704521567487136
Epoch: [181 | 250], batch: 40, loss: 6.70026697889649
Epoch: [181 | 250], batch: 50, loss: 6.696056859915642
Epoch: [182 | 250], batch: 10, loss: 6.688892103217448
Epoch: [182 | 250], batch: 20, loss: 6.684691193874018
Epoch: [182 | 250], batch: 30, loss: 6.680370909159786
Epoch: [182 | 250], batch: 40, loss: 6.675939439183785
Epoch: [182 | 250], batch: 50, loss: 6.671620238075959
Epoch: [183 | 250], batch: 10, loss: 6.664580236225561
Epoch: [183 | 250], batch: 20, loss: 6.660193300893761
Epoch: [183 | 250], batch: 30, loss: 6.655853682643044
Epoch: [183 | 250], batch: 40, loss: 6.651633613865678
Epoch: [183 | 250], batch: 50, loss: 6.647502077120205
Epoch: [184 | 250], batch: 10, loss: 6.640531849222464
Epoch: [184 | 250], batch: 20, loss: 6.636354745380434
Epoch: [184 | 250], batch: 30, loss: 6.632069959500318
Epoch: [184 | 250], batch: 40, loss: 6.627922401813122
Epoch: [184 | 250], batch: 50, loss: 6.6238266181572065
Epoch: [185 | 250], batch: 10, loss: 6.617144729072616
Epoch: [185 | 250], batch: 20, loss: 6.613108286186198
Epoch: [185 | 250], batch: 30, loss: 6.608938622498
Epoch: [185 | 250], batch: 40, loss: 6.604671991549771
Epoch: [185 | 250], batch: 50, loss: 6.600572257547171
Epoch: [186 | 250], batch: 10, loss: 6.593541592612981
Epoch: [186 | 250], batch: 20, loss: 6.589449968957405
Epoch: [186 | 250], batch: 30, loss: 6.585389184678354
Epoch: [186 | 250], batch: 40, loss: 6.581372253934368
Epoch: [186 | 250], batch: 50, loss: 6.577362196544373
Epoch: [187 | 250], batch: 10, loss: 6.570829313564417
Epoch: [187 | 250], batch: 20, loss: 6.566708164701858
Epoch: [187 | 250], batch: 30, loss: 6.562635788458294
Epoch: [187 | 250], batch: 40, loss: 6.558594330445327
Epoch: [187 | 250], batch: 50, loss: 6.554479169067542
Epoch: [188 | 250], batch: 10, loss: 6.5478109443846915
Epoch: [188 | 250], batch: 20, loss: 6.543695430037569
Epoch: [188 | 250], batch: 30, loss: 6.539666263578542
Epoch: [188 | 250], batch: 40, loss: 6.5356972318821045
Epoch: [188 | 250], batch: 50, loss: 6.531757921271023
Epoch: [189 | 250], batch: 10, loss: 6.524885184786373
Epoch: [189 | 250], batch: 20, loss: 6.520874988410048
Epoch: [189 | 250], batch: 30, loss: 6.516771675482083
Epoch: [189 | 250], batch: 40, loss: 6.5127482884719265
Epoch: [189 | 250], batch: 50, loss: 6.508860950944206
Epoch: [190 | 250], batch: 10, loss: 6.50223831926682
Epoch: [190 | 250], batch: 20, loss: 6.498378127891017
Epoch: [190 | 250], batch: 30, loss: 6.494470841426267
Epoch: [190 | 250], batch: 40, loss: 6.49064521339404
Epoch: [190 | 250], batch: 50, loss: 6.486711334283554
Epoch: [191 | 250], batch: 10, loss: 6.480172532786421
Epoch: [191 | 250], batch: 20, loss: 6.47633321792872
Epoch: [191 | 250], batch: 30, loss: 6.47240077456226
Epoch: [191 | 250], batch: 40, loss: 6.468677639862824
Epoch: [191 | 250], batch: 50, loss: 6.4649323346948435
Epoch: [192 | 250], batch: 10, loss: 6.458432244433199
Epoch: [192 | 250], batch: 20, loss: 6.454693349635607
Epoch: [192 | 250], batch: 30, loss: 6.450754949470328
Epoch: [192 | 250], batch: 40, loss: 6.446983318785194
Epoch: [192 | 250], batch: 50, loss: 6.44320544061076
Epoch: [193 | 250], batch: 10, loss: 6.436922586247159
Epoch: [193 | 250], batch: 20, loss: 6.433033076281531
Epoch: [193 | 250], batch: 30, loss: 6.429229764585316
Epoch: [193 | 250], batch: 40, loss: 6.425462851932728
Epoch: [193 | 250], batch: 50, loss: 6.421691727618579
Epoch: [194 | 250], batch: 10, loss: 6.415443455327601
Epoch: [194 | 250], batch: 20, loss: 6.411766982360908
Epoch: [194 | 250], batch: 30, loss: 6.408001405415976
Epoch: [194 | 250], batch: 40, loss: 6.40426713995245
Epoch: [194 | 250], batch: 50, loss: 6.400481405500047
Epoch: [195 | 250], batch: 10, loss: 6.394192952203858
Epoch: [195 | 250], batch: 20, loss: 6.390482666263587
Epoch: [195 | 250], batch: 30, loss: 6.386713186600584
Epoch: [195 | 250], batch: 40, loss: 6.382893455095236
Epoch: [195 | 250], batch: 50, loss: 6.379122241473175
Epoch: [196 | 250], batch: 10, loss: 6.372929968235923
Epoch: [196 | 250], batch: 20, loss: 6.369158386241676
Epoch: [196 | 250], batch: 30, loss: 6.365398085699076
Epoch: [196 | 250], batch: 40, loss: 6.3615818697113236
Epoch: [196 | 250], batch: 50, loss: 6.357833426375947
Epoch: [197 | 250], batch: 10, loss: 6.351582959115599
Epoch: [197 | 250], batch: 20, loss: 6.347843026754507
Epoch: [197 | 250], batch: 30, loss: 6.344192194690687
Epoch: [197 | 250], batch: 40, loss: 6.340428814164259
Epoch: [197 | 250], batch: 50, loss: 6.3367140398816195
Epoch: [198 | 250], batch: 10, loss: 6.330612665979778
Epoch: [198 | 250], batch: 20, loss: 6.326867336607901
Epoch: [198 | 250], batch: 30, loss: 6.323168626129067
Epoch: [198 | 250], batch: 40, loss: 6.319504255097052
Epoch: [198 | 250], batch: 50, loss: 6.315806415175506
Epoch: [199 | 250], batch: 10, loss: 6.309843791248857
Epoch: [199 | 250], batch: 20, loss: 6.306287345759394
Epoch: [199 | 250], batch: 30, loss: 6.3027441189574285
Epoch: [199 | 250], batch: 40, loss: 6.29906126498818
Epoch: [199 | 250], batch: 50, loss: 6.295314088285473
Epoch: [200 | 250], batch: 10, loss: 6.289086138845268
Epoch: [200 | 250], batch: 20, loss: 6.285381120956485
Epoch: [200 | 250], batch: 30, loss: 6.281663955555575
Epoch: [200 | 250], batch: 40, loss: 6.277982036002838
Epoch: [200 | 250], batch: 50, loss: 6.274312974787207
Epoch: [201 | 250], batch: 10, loss: 6.268260494390079
Epoch: [201 | 250], batch: 20, loss: 6.264565040717422
Epoch: [201 | 250], batch: 30, loss: 6.260933515261774
Epoch: [201 | 250], batch: 40, loss: 6.257313757755549
Epoch: [201 | 250], batch: 50, loss: 6.253752866459402
Epoch: [202 | 250], batch: 10, loss: 6.2477052641328745
Epoch: [202 | 250], batch: 20, loss: 6.244013482670565
Epoch: [202 | 250], batch: 30, loss: 6.240420991315864
Epoch: [202 | 250], batch: 40, loss: 6.236820835886647
Epoch: [202 | 250], batch: 50, loss: 6.233267734881612
Epoch: [203 | 250], batch: 10, loss: 6.227248078496819
Epoch: [203 | 250], batch: 20, loss: 6.223637266958078
Epoch: [203 | 250], batch: 30, loss: 6.220131416158823
Epoch: [203 | 250], batch: 40, loss: 6.216771114057811
Epoch: [203 | 250], batch: 50, loss: 6.213411843128179
Epoch: [204 | 250], batch: 10, loss: 6.207515914634481
Epoch: [204 | 250], batch: 20, loss: 6.203922935862861
Epoch: [204 | 250], batch: 30, loss: 6.2003901873826255
Epoch: [204 | 250], batch: 40, loss: 6.1967974078062
Epoch: [204 | 250], batch: 50, loss: 6.193344474554835
Epoch: [205 | 250], batch: 10, loss: 6.187638718755395
Epoch: [205 | 250], batch: 20, loss: 6.1842105158727225
Epoch: [205 | 250], batch: 30, loss: 6.180750673723017
Epoch: [205 | 250], batch: 40, loss: 6.17721614051764
Epoch: [205 | 250], batch: 50, loss: 6.1737379994621895
Epoch: [206 | 250], batch: 10, loss: 6.167964968524065
Epoch: [206 | 250], batch: 20, loss: 6.1643974638990935
Epoch: [206 | 250], batch: 30, loss: 6.160917683368755
Epoch: [206 | 250], batch: 40, loss: 6.1573492314674905
Epoch: [206 | 250], batch: 50, loss: 6.153890555063343
Epoch: [207 | 250], batch: 10, loss: 6.148208691575753
Epoch: [207 | 250], batch: 20, loss: 6.1447125209653795
Epoch: [207 | 250], batch: 30, loss: 6.141358580425179
Epoch: [207 | 250], batch: 40, loss: 6.1379731313226
Epoch: [207 | 250], batch: 50, loss: 6.134586042871418
Epoch: [208 | 250], batch: 10, loss: 6.1288081827408885
Epoch: [208 | 250], batch: 20, loss: 6.125392378826337
Epoch: [208 | 250], batch: 30, loss: 6.122080065356457
Epoch: [208 | 250], batch: 40, loss: 6.1187024259888085
Epoch: [208 | 250], batch: 50, loss: 6.1154111822687955
Epoch: [209 | 250], batch: 10, loss: 6.109676062342009
Epoch: [209 | 250], batch: 20, loss: 6.106252853322688
Epoch: [209 | 250], batch: 30, loss: 6.102957928918876
Epoch: [209 | 250], batch: 40, loss: 6.099527255948058
Epoch: [209 | 250], batch: 50, loss: 6.096117976159011
Epoch: [210 | 250], batch: 10, loss: 6.090527119440571
Epoch: [210 | 250], batch: 20, loss: 6.08710780188213
Epoch: [210 | 250], batch: 30, loss: 6.08375910009257
Epoch: [210 | 250], batch: 40, loss: 6.080492977825581
Epoch: [210 | 250], batch: 50, loss: 6.077390429074009
Epoch: [211 | 250], batch: 10, loss: 6.072061657958972
Epoch: [211 | 250], batch: 20, loss: 6.068796779452968
Epoch: [211 | 250], batch: 30, loss: 6.065550090194785
Epoch: [211 | 250], batch: 40, loss: 6.062339985652662
Epoch: [211 | 250], batch: 50, loss: 6.0591686378051195
Epoch: [212 | 250], batch: 10, loss: 6.053633457601233
Epoch: [212 | 250], batch: 20, loss: 6.050344109875995
Epoch: [212 | 250], batch: 30, loss: 6.047096795067725
Epoch: [212 | 250], batch: 40, loss: 6.043871891310356
Epoch: [212 | 250], batch: 50, loss: 6.0405900691481955
Epoch: [213 | 250], batch: 10, loss: 6.035122516095128
Epoch: [213 | 250], batch: 20, loss: 6.031790653024772
Epoch: [213 | 250], batch: 30, loss: 6.028474644466829
Epoch: [213 | 250], batch: 40, loss: 6.025335104600535
Epoch: [213 | 250], batch: 50, loss: 6.022113292252238
Epoch: [214 | 250], batch: 10, loss: 6.016728238163279
Epoch: [214 | 250], batch: 20, loss: 6.013469809054201
Epoch: [214 | 250], batch: 30, loss: 6.01022101220892
Epoch: [214 | 250], batch: 40, loss: 6.006889861433948
Epoch: [214 | 250], batch: 50, loss: 6.003649810481094
Epoch: [215 | 250], batch: 10, loss: 5.998351006717997
Epoch: [215 | 250], batch: 20, loss: 5.995109395539832
Epoch: [215 | 250], batch: 30, loss: 5.992023028095773
Epoch: [215 | 250], batch: 40, loss: 5.988883159031634
Epoch: [215 | 250], batch: 50, loss: 5.9857394843651095
Epoch: [216 | 250], batch: 10, loss: 5.980327287470207
Epoch: [216 | 250], batch: 20, loss: 5.977195046322627
Epoch: [216 | 250], batch: 30, loss: 5.9740058744069335
Epoch: [216 | 250], batch: 40, loss: 5.970726374796844
Epoch: [216 | 250], batch: 50, loss: 5.967443602150122
Epoch: [217 | 250], batch: 10, loss: 5.962133358436898
Epoch: [217 | 250], batch: 20, loss: 5.959027016299431
Epoch: [217 | 250], batch: 30, loss: 5.9559321277557835
Epoch: [217 | 250], batch: 40, loss: 5.952805043540268
Epoch: [217 | 250], batch: 50, loss: 5.949669028502599
Epoch: [218 | 250], batch: 10, loss: 5.944354485296993
Epoch: [218 | 250], batch: 20, loss: 5.941179967055832
Epoch: [218 | 250], batch: 30, loss: 5.937991561107805
Epoch: [218 | 250], batch: 40, loss: 5.934780362963292
Epoch: [218 | 250], batch: 50, loss: 5.931683927155274
Epoch: [219 | 250], batch: 10, loss: 5.926332051228567
Epoch: [219 | 250], batch: 20, loss: 5.923151004298403
Epoch: [219 | 250], batch: 30, loss: 5.920094162327453
Epoch: [219 | 250], batch: 40, loss: 5.9170707112216805
Epoch: [219 | 250], batch: 50, loss: 5.914065931145978
Epoch: [220 | 250], batch: 10, loss: 5.909009438581268
Epoch: [220 | 250], batch: 20, loss: 5.9059389877820045
Epoch: [220 | 250], batch: 30, loss: 5.902972542959652
Epoch: [220 | 250], batch: 40, loss: 5.900080947701105
Epoch: [220 | 250], batch: 50, loss: 5.897011717920375
Epoch: [221 | 250], batch: 10, loss: 5.891856678127422
Epoch: [221 | 250], batch: 20, loss: 5.888879101384269
Epoch: [221 | 250], batch: 30, loss: 5.885913871251125
Epoch: [221 | 250], batch: 40, loss: 5.882921931767469
Epoch: [221 | 250], batch: 50, loss: 5.879997568473596
Epoch: [222 | 250], batch: 10, loss: 5.875021612711416
Epoch: [222 | 250], batch: 20, loss: 5.871930905797748
Epoch: [222 | 250], batch: 30, loss: 5.86895967256703
Epoch: [222 | 250], batch: 40, loss: 5.865870973072915
Epoch: [222 | 250], batch: 50, loss: 5.862858773482506
Epoch: [223 | 250], batch: 10, loss: 5.857772737160537
Epoch: [223 | 250], batch: 20, loss: 5.85469813115801
Epoch: [223 | 250], batch: 30, loss: 5.851603386571249
Epoch: [223 | 250], batch: 40, loss: 5.8485304988664115
Epoch: [223 | 250], batch: 50, loss: 5.845478418868525
Epoch: [224 | 250], batch: 10, loss: 5.840500654034285
Epoch: [224 | 250], batch: 20, loss: 5.837432216151564
Epoch: [224 | 250], batch: 30, loss: 5.834461838106978
Epoch: [224 | 250], batch: 40, loss: 5.8313753685201855
Epoch: [224 | 250], batch: 50, loss: 5.82839903948188
Epoch: [225 | 250], batch: 10, loss: 5.823484566013362
Epoch: [225 | 250], batch: 20, loss: 5.820506140366235
Epoch: [225 | 250], batch: 30, loss: 5.817554836737268
Epoch: [225 | 250], batch: 40, loss: 5.8145732904492435
Epoch: [225 | 250], batch: 50, loss: 5.811627678199888
Epoch: [226 | 250], batch: 10, loss: 5.806560552879197
Epoch: [226 | 250], batch: 20, loss: 5.803716638632637
Epoch: [226 | 250], batch: 30, loss: 5.800779076543357
Epoch: [226 | 250], batch: 40, loss: 5.79789059572271
Epoch: [226 | 250], batch: 50, loss: 5.795030518262039
Epoch: [227 | 250], batch: 10, loss: 5.790137292325565
Epoch: [227 | 250], batch: 20, loss: 5.787199248105699
Epoch: [227 | 250], batch: 30, loss: 5.784223352613653
Epoch: [227 | 250], batch: 40, loss: 5.7812527798550075
Epoch: [227 | 250], batch: 50, loss: 5.778326820746853
Epoch: [228 | 250], batch: 10, loss: 5.773357066409697
Epoch: [228 | 250], batch: 20, loss: 5.770381836635134
Epoch: [228 | 250], batch: 30, loss: 5.767506109646149
Epoch: [228 | 250], batch: 40, loss: 5.764617694497633
Epoch: [228 | 250], batch: 50, loss: 5.761689290774576
Epoch: [229 | 250], batch: 10, loss: 5.756659971320873
Epoch: [229 | 250], batch: 20, loss: 5.75367837792424
Epoch: [229 | 250], batch: 30, loss: 5.7507991501321625
Epoch: [229 | 250], batch: 40, loss: 5.7479138718471185
Epoch: [229 | 250], batch: 50, loss: 5.744977337661952
Epoch: [230 | 250], batch: 10, loss: 5.740143097099867
Epoch: [230 | 250], batch: 20, loss: 5.7372999307004475
Epoch: [230 | 250], batch: 30, loss: 5.734381608667965
Epoch: [230 | 250], batch: 40, loss: 5.7315435442213865
Epoch: [230 | 250], batch: 50, loss: 5.728706666212244
Epoch: [231 | 250], batch: 10, loss: 5.724043698237037
Epoch: [231 | 250], batch: 20, loss: 5.721262025552938
Epoch: [231 | 250], batch: 30, loss: 5.71840789138668
Epoch: [231 | 250], batch: 40, loss: 5.715565453995272
Epoch: [231 | 250], batch: 50, loss: 5.712714347722504
Epoch: [232 | 250], batch: 10, loss: 5.708014953963849
Epoch: [232 | 250], batch: 20, loss: 5.705083581739161
Epoch: [232 | 250], batch: 30, loss: 5.702241321907537
Epoch: [232 | 250], batch: 40, loss: 5.699431555660644
Epoch: [232 | 250], batch: 50, loss: 5.69672104691576
Epoch: [233 | 250], batch: 10, loss: 5.692165875890487
Epoch: [233 | 250], batch: 20, loss: 5.689465690864097
Epoch: [233 | 250], batch: 30, loss: 5.686760953808902
Epoch: [233 | 250], batch: 40, loss: 5.684007435429184
Epoch: [233 | 250], batch: 50, loss: 5.681280428439122
Epoch: [234 | 250], batch: 10, loss: 5.676644462539629
Epoch: [234 | 250], batch: 20, loss: 5.673892142103714
Epoch: [234 | 250], batch: 30, loss: 5.671126916390191
Epoch: [234 | 250], batch: 40, loss: 5.66843484599375
Epoch: [234 | 250], batch: 50, loss: 5.665759617808963
Epoch: [235 | 250], batch: 10, loss: 5.661192736325931
Epoch: [235 | 250], batch: 20, loss: 5.658382104775005
Epoch: [235 | 250], batch: 30, loss: 5.655598124902102
Epoch: [235 | 250], batch: 40, loss: 5.6528494570347
Epoch: [235 | 250], batch: 50, loss: 5.650095045104151
Epoch: [236 | 250], batch: 10, loss: 5.645423732600357
Epoch: [236 | 250], batch: 20, loss: 5.642809371309781
Epoch: [236 | 250], batch: 30, loss: 5.640217990316726
Epoch: [236 | 250], batch: 40, loss: 5.63772427618128
Epoch: [236 | 250], batch: 50, loss: 5.635034121358267
Epoch: [237 | 250], batch: 10, loss: 5.630517132308421
Epoch: [237 | 250], batch: 20, loss: 5.627817412750938
Epoch: [237 | 250], batch: 30, loss: 5.625077487429086
Epoch: [237 | 250], batch: 40, loss: 5.622334601538527
Epoch: [237 | 250], batch: 50, loss: 5.6195951050922295
Epoch: [238 | 250], batch: 10, loss: 5.6150342365152826
Epoch: [238 | 250], batch: 20, loss: 5.612413427148444
Epoch: [238 | 250], batch: 30, loss: 5.609720756091265
Epoch: [238 | 250], batch: 40, loss: 5.607074146557843
Epoch: [238 | 250], batch: 50, loss: 5.60445995301849
Epoch: [239 | 250], batch: 10, loss: 5.60009786203865
Epoch: [239 | 250], batch: 20, loss: 5.597460232661911
Epoch: [239 | 250], batch: 30, loss: 5.594753485119363
Epoch: [239 | 250], batch: 40, loss: 5.5921621735805225
Epoch: [239 | 250], batch: 50, loss: 5.589446332909637
Epoch: [240 | 250], batch: 10, loss: 5.585034551791556
Epoch: [240 | 250], batch: 20, loss: 5.582354982091295
Epoch: [240 | 250], batch: 30, loss: 5.5798108258408305
Epoch: [240 | 250], batch: 40, loss: 5.577168334697226
Epoch: [240 | 250], batch: 50, loss: 5.57462426565084
Epoch: [241 | 250], batch: 10, loss: 5.570193162932889
Epoch: [241 | 250], batch: 20, loss: 5.567600343796948
Epoch: [241 | 250], batch: 30, loss: 5.564989003611388
Epoch: [241 | 250], batch: 40, loss: 5.562360325940693
Epoch: [241 | 250], batch: 50, loss: 5.559642518751799
Epoch: [242 | 250], batch: 10, loss: 5.55519850094389
Epoch: [242 | 250], batch: 20, loss: 5.552587793003282
Epoch: [242 | 250], batch: 30, loss: 5.549956042354769
Epoch: [242 | 250], batch: 40, loss: 5.547316229190702
Epoch: [242 | 250], batch: 50, loss: 5.544742251769559
Epoch: [243 | 250], batch: 10, loss: 5.540346368005951
Epoch: [243 | 250], batch: 20, loss: 5.537715545978368
Epoch: [243 | 250], batch: 30, loss: 5.535187715085422
Epoch: [243 | 250], batch: 40, loss: 5.532588969383202
Epoch: [243 | 250], batch: 50, loss: 5.529939299026487
Epoch: [244 | 250], batch: 10, loss: 5.525528719565158
Epoch: [244 | 250], batch: 20, loss: 5.522862914901641
Epoch: [244 | 250], batch: 30, loss: 5.520357429087167
Epoch: [244 | 250], batch: 40, loss: 5.517726301448254
Epoch: [244 | 250], batch: 50, loss: 5.515186676703716
Epoch: [245 | 250], batch: 10, loss: 5.510983154277445
Epoch: [245 | 250], batch: 20, loss: 5.508387710038967
Epoch: [245 | 250], batch: 30, loss: 5.505899963803404
Epoch: [245 | 250], batch: 40, loss: 5.5033755031475105
Epoch: [245 | 250], batch: 50, loss: 5.50073525259971
Epoch: [246 | 250], batch: 10, loss: 5.49641293429603
Epoch: [246 | 250], batch: 20, loss: 5.493870371559428
Epoch: [246 | 250], batch: 30, loss: 5.491307265589284
Epoch: [246 | 250], batch: 40, loss: 5.488826782342064
Epoch: [246 | 250], batch: 50, loss: 5.486325433678788
Epoch: [247 | 250], batch: 10, loss: 5.482134134192415
Epoch: [247 | 250], batch: 20, loss: 5.479524909567831
Epoch: [247 | 250], batch: 30, loss: 5.477026155117688
Epoch: [247 | 250], batch: 40, loss: 5.474391140953904
Epoch: [247 | 250], batch: 50, loss: 5.4718847319406105
Epoch: [248 | 250], batch: 10, loss: 5.46757973810482
Epoch: [248 | 250], batch: 20, loss: 5.464977855816653
Epoch: [248 | 250], batch: 30, loss: 5.462507735541121
Epoch: [248 | 250], batch: 40, loss: 5.460004318493955
Epoch: [248 | 250], batch: 50, loss: 5.457493610070663
Epoch: [249 | 250], batch: 10, loss: 5.453263802607098
Epoch: [249 | 250], batch: 20, loss: 5.450732478874403
Epoch: [249 | 250], batch: 30, loss: 5.448273050866183
Epoch: [249 | 250], batch: 40, loss: 5.445697881709176
Epoch: [249 | 250], batch: 50, loss: 5.443313531116602
Epoch: [250 | 250], batch: 10, loss: 5.439197930119256
Epoch: [250 | 250], batch: 20, loss: 5.436680368736586
Epoch: [250 | 250], batch: 30, loss: 5.434248238447268
Epoch: [250 | 250], batch: 40, loss: 5.431786782456969
Epoch: [250 | 250], batch: 50, loss: 5.429379751628424
Epoch: [1 | 1 (1 | 20)], batch: 10, loss: 62179.84765625
Epoch: [1 | 1 (1 | 20)], batch: 20, loss: 36808.2265625
Epoch: [1 | 1 (1 | 20)], batch: 30, loss: 24562.525390625
Epoch: [1 | 1 (1 | 20)], batch: 40, loss: 17211.369140625
Epoch: [1 | 1 (1 | 20)], batch: 50, loss: 12378.8857421875
Epoch: [1 | 1 (2 | 20)], batch: 10, loss: 7931.3046875
Epoch: [1 | 1 (2 | 20)], batch: 20, loss: 6861.3134765625
Epoch: [1 | 1 (2 | 20)], batch: 30, loss: 5604.490234375
Epoch: [1 | 1 (2 | 20)], batch: 40, loss: 4819.5908203125
Epoch: [1 | 1 (2 | 20)], batch: 50, loss: 4459.75146484375
Epoch: [1 | 1 (3 | 20)], batch: 10, loss: 3670.64013671875
Epoch: [1 | 1 (3 | 20)], batch: 20, loss: 3323.2890625
Epoch: [1 | 1 (3 | 20)], batch: 30, loss: 3233.791259765625
Epoch: [1 | 1 (3 | 20)], batch: 40, loss: 2877.0576171875
Epoch: [1 | 1 (3 | 20)], batch: 50, loss: 2933.949951171875
Epoch: [1 | 1 (4 | 20)], batch: 10, loss: 2485.518310546875
Epoch: [1 | 1 (4 | 20)], batch: 20, loss: 2504.378662109375
Epoch: [1 | 1 (4 | 20)], batch: 30, loss: 2426.95849609375
Epoch: [1 | 1 (4 | 20)], batch: 40, loss: 2351.9892578125
Epoch: [1 | 1 (4 | 20)], batch: 50, loss: 2296.964111328125
Epoch: [1 | 1 (5 | 20)], batch: 10, loss: 2095.844970703125
Epoch: [1 | 1 (5 | 20)], batch: 20, loss: 2090.751953125
Epoch: [1 | 1 (5 | 20)], batch: 30, loss: 1926.85205078125
Epoch: [1 | 1 (5 | 20)], batch: 40, loss: 1941.2388916015625
Epoch: [1 | 1 (5 | 20)], batch: 50, loss: 1836.9461669921875
Epoch: [1 | 1 (6 | 20)], batch: 10, loss: 1777.0406494140625
Epoch: [1 | 1 (6 | 20)], batch: 20, loss: 1831.14306640625
Epoch: [1 | 1 (6 | 20)], batch: 30, loss: 1905.7930908203125
Epoch: [1 | 1 (6 | 20)], batch: 40, loss: 1742.779541015625
Epoch: [1 | 1 (6 | 20)], batch: 50, loss: 1705.9588623046875
Epoch: [1 | 1 (7 | 20)], batch: 10, loss: 1610.5977783203125
Epoch: [1 | 1 (7 | 20)], batch: 20, loss: 1722.446533203125
Epoch: [1 | 1 (7 | 20)], batch: 30, loss: 1535.145263671875
Epoch: [1 | 1 (7 | 20)], batch: 40, loss: 1457.6341552734375
Epoch: [1 | 1 (7 | 20)], batch: 50, loss: 1473.8463134765625
Epoch: [1 | 1 (8 | 20)], batch: 10, loss: 1519.7769775390625
Epoch: [1 | 1 (8 | 20)], batch: 20, loss: 1528.7685546875
Epoch: [1 | 1 (8 | 20)], batch: 30, loss: 1318.5657958984375
Epoch: [1 | 1 (8 | 20)], batch: 40, loss: 1647.208740234375
Epoch: [1 | 1 (8 | 20)], batch: 50, loss: 1405.1544189453125
Epoch: [1 | 1 (9 | 20)], batch: 10, loss: 1356.085205078125
Epoch: [1 | 1 (9 | 20)], batch: 20, loss: 1261.4661865234375
Epoch: [1 | 1 (9 | 20)], batch: 30, loss: 1470.511474609375
Epoch: [1 | 1 (9 | 20)], batch: 40, loss: 1411.82470703125
Epoch: [1 | 1 (9 | 20)], batch: 50, loss: 1432.61767578125
Epoch: [1 | 1 (10 | 20)], batch: 10, loss: 1318.3743896484375
Epoch: [1 | 1 (10 | 20)], batch: 20, loss: 1314.312255859375
Epoch: [1 | 1 (10 | 20)], batch: 30, loss: 1391.439208984375
Epoch: [1 | 1 (10 | 20)], batch: 40, loss: 1236.4862060546875
Epoch: [1 | 1 (10 | 20)], batch: 50, loss: 1182.259765625
Epoch: [1 | 1 (11 | 20)], batch: 10, loss: 1207.4755859375
Epoch: [1 | 1 (11 | 20)], batch: 20, loss: 1202.933349609375
Epoch: [1 | 1 (11 | 20)], batch: 30, loss: 1111.2694091796875
Epoch: [1 | 1 (11 | 20)], batch: 40, loss: 1255.33984375
Epoch: [1 | 1 (11 | 20)], batch: 50, loss: 1447.647705078125
Epoch: [1 | 1 (12 | 20)], batch: 10, loss: 1075.98876953125
Epoch: [1 | 1 (12 | 20)], batch: 20, loss: 1032.5899658203125
Epoch: [1 | 1 (12 | 20)], batch: 30, loss: 1227.106689453125
Epoch: [1 | 1 (12 | 20)], batch: 40, loss: 1162.240966796875
Epoch: [1 | 1 (12 | 20)], batch: 50, loss: 1207.220458984375
Epoch: [1 | 1 (13 | 20)], batch: 10, loss: 1201.73046875
Epoch: [1 | 1 (13 | 20)], batch: 20, loss: 1073.3045654296875
Epoch: [1 | 1 (13 | 20)], batch: 30, loss: 1004.1665649414062
Epoch: [1 | 1 (13 | 20)], batch: 40, loss: 1082.531494140625
Epoch: [1 | 1 (13 | 20)], batch: 50, loss: 1086.11279296875
Epoch: [1 | 1 (14 | 20)], batch: 10, loss: 1115.707763671875
Epoch: [1 | 1 (14 | 20)], batch: 20, loss: 1146.7335205078125
Epoch: [1 | 1 (14 | 20)], batch: 30, loss: 1248.94189453125
Epoch: [1 | 1 (14 | 20)], batch: 40, loss: 1058.662841796875
Epoch: [1 | 1 (14 | 20)], batch: 50, loss: 1121.3934326171875
Epoch: [1 | 1 (15 | 20)], batch: 10, loss: 1053.9677734375
Epoch: [1 | 1 (15 | 20)], batch: 20, loss: 1141.7886962890625
Epoch: [1 | 1 (15 | 20)], batch: 30, loss: 951.9608764648438
Epoch: [1 | 1 (15 | 20)], batch: 40, loss: 1075.77685546875
Epoch: [1 | 1 (15 | 20)], batch: 50, loss: 996.6541137695312
Epoch: [1 | 1 (16 | 20)], batch: 10, loss: 1003.1768188476562
Epoch: [1 | 1 (16 | 20)], batch: 20, loss: 960.4542236328125
Epoch: [1 | 1 (16 | 20)], batch: 30, loss: 1010.5258178710938
Epoch: [1 | 1 (16 | 20)], batch: 40, loss: 935.9447021484375
Epoch: [1 | 1 (16 | 20)], batch: 50, loss: 980.9327392578125
Epoch: [1 | 1 (17 | 20)], batch: 10, loss: 914.9674682617188
Epoch: [1 | 1 (17 | 20)], batch: 20, loss: 959.09521484375
Epoch: [1 | 1 (17 | 20)], batch: 30, loss: 886.6178588867188
Epoch: [1 | 1 (17 | 20)], batch: 40, loss: 1020.7598266601562
Epoch: [1 | 1 (17 | 20)], batch: 50, loss: 1005.5231323242188
Epoch: [1 | 1 (18 | 20)], batch: 10, loss: 990.22509765625
Epoch: [1 | 1 (18 | 20)], batch: 20, loss: 888.4237060546875
Epoch: [1 | 1 (18 | 20)], batch: 30, loss: 855.2037353515625
Epoch: [1 | 1 (18 | 20)], batch: 40, loss: 945.4447631835938
Epoch: [1 | 1 (18 | 20)], batch: 50, loss: 985.7926635742188
Epoch: [1 | 1 (19 | 20)], batch: 10, loss: 908.8436279296875
Epoch: [1 | 1 (19 | 20)], batch: 20, loss: 930.2830810546875
Epoch: [1 | 1 (19 | 20)], batch: 30, loss: 901.2738037109375
Epoch: [1 | 1 (19 | 20)], batch: 40, loss: 871.1271362304688
Epoch: [1 | 1 (19 | 20)], batch: 50, loss: 844.6470336914062
Epoch: [1 | 1 (20 | 20)], batch: 10, loss: 838.2271118164062
Epoch: [1 | 1 (20 | 20)], batch: 20, loss: 946.4401245117188
Epoch: [1 | 1 (20 | 20)], batch: 30, loss: 805.7225952148438
Epoch: [1 | 1 (20 | 20)], batch: 40, loss: 813.6549682617188
Epoch: [1 | 1 (20 | 20)], batch: 50, loss: 884.4379272460938
Epoch: [1 | 250], batch: 10, loss: 84815.75078125
Epoch: [1 | 250], batch: 20, loss: 65013.14375
Epoch: [1 | 250], batch: 30, loss: 52576.6603515625
Epoch: [1 | 250], batch: 40, loss: 43991.76850585938
Epoch: [1 | 250], batch: 50, loss: 37777.3854296875
Epoch: [2 | 250], batch: 10, loss: 30520.497562593246
Epoch: [2 | 250], batch: 20, loss: 27427.8004447305
Epoch: [2 | 250], batch: 30, loss: 24926.396051226533
Epoch: [2 | 250], batch: 40, loss: 22875.23519355901
Epoch: [2 | 250], batch: 50, loss: 21152.488880793346
Epoch: [3 | 250], batch: 10, loss: 18807.71439774405
Epoch: [3 | 250], batch: 20, loss: 17666.021235863496
Epoch: [3 | 250], batch: 30, loss: 16664.279045266107
Epoch: [3 | 250], batch: 40, loss: 15781.145115363775
Epoch: [3 | 250], batch: 50, loss: 14993.69154558231
Epoch: [4 | 250], batch: 10, loss: 13851.575441907438
Epoch: [4 | 250], batch: 20, loss: 13261.169511232032
Epoch: [4 | 250], batch: 30, loss: 12720.75779793041
Epoch: [4 | 250], batch: 40, loss: 12229.09486513076
Epoch: [4 | 250], batch: 50, loss: 11779.065695646494
Epoch: [5 | 250], batch: 10, loss: 11098.415814665983
Epoch: [5 | 250], batch: 20, loss: 10733.987230690285
Epoch: [5 | 250], batch: 30, loss: 10400.196421661489
Epoch: [5 | 250], batch: 40, loss: 10088.55440032909
Epoch: [5 | 250], batch: 50, loss: 9797.452800610467
Epoch: [6 | 250], batch: 10, loss: 9349.998204251902
Epoch: [6 | 250], batch: 20, loss: 9105.934875434921
Epoch: [6 | 250], batch: 30, loss: 8872.740937174236
Epoch: [6 | 250], batch: 40, loss: 8653.346141647504
Epoch: [6 | 250], batch: 50, loss: 8447.493756422047
Epoch: [7 | 250], batch: 10, loss: 8123.29956497531
Epoch: [7 | 250], batch: 20, loss: 7943.64791609611
Epoch: [7 | 250], batch: 30, loss: 7771.558811076125
Epoch: [7 | 250], batch: 40, loss: 7608.880630459336
Epoch: [7 | 250], batch: 50, loss: 7454.5410822807235
Epoch: [8 | 250], batch: 10, loss: 7210.292950105376
Epoch: [8 | 250], batch: 20, loss: 7073.805075414053
Epoch: [8 | 250], batch: 30, loss: 6942.458196307165
Epoch: [8 | 250], batch: 40, loss: 6816.738559180085
Epoch: [8 | 250], batch: 50, loss: 6697.320059900449
Epoch: [9 | 250], batch: 10, loss: 6507.877571169655
Epoch: [9 | 250], batch: 20, loss: 6400.185022645282
Epoch: [9 | 250], batch: 30, loss: 6297.027440038357
Epoch: [9 | 250], batch: 40, loss: 6198.051863022101
Epoch: [9 | 250], batch: 50, loss: 6102.87645645955
Epoch: [10 | 250], batch: 10, loss: 5949.478075634336
Epoch: [10 | 250], batch: 20, loss: 5862.520803997465
Epoch: [10 | 250], batch: 30, loss: 5778.719718127564
Epoch: [10 | 250], batch: 40, loss: 5699.161754835476
Epoch: [10 | 250], batch: 50, loss: 5620.940520305928
Epoch: [11 | 250], batch: 10, loss: 5495.43395182842
Epoch: [11 | 250], batch: 20, loss: 5423.816867705642
Epoch: [11 | 250], batch: 30, loss: 5354.432094870174
Epoch: [11 | 250], batch: 40, loss: 5287.479071476515
Epoch: [11 | 250], batch: 50, loss: 5222.722940742074
Epoch: [12 | 250], batch: 10, loss: 5117.077229693943
Epoch: [12 | 250], batch: 20, loss: 5057.190473218502
Epoch: [12 | 250], batch: 30, loss: 4998.015824389088
Epoch: [12 | 250], batch: 40, loss: 4940.570265086263
Epoch: [12 | 250], batch: 50, loss: 4885.2136307662395
Epoch: [13 | 250], batch: 10, loss: 4794.585789252841
Epoch: [13 | 250], batch: 20, loss: 4741.880957839684
Epoch: [13 | 250], batch: 30, loss: 4691.079177788057
Epoch: [13 | 250], batch: 40, loss: 4641.840068123888
Epoch: [13 | 250], batch: 50, loss: 4594.824372107417
Epoch: [14 | 250], batch: 10, loss: 4516.565290360721
Epoch: [14 | 250], batch: 20, loss: 4472.906272899665
Epoch: [14 | 250], batch: 30, loss: 4429.803292695982
Epoch: [14 | 250], batch: 40, loss: 4387.401353742089
Epoch: [14 | 250], batch: 50, loss: 4346.020736020491
Epoch: [15 | 250], batch: 10, loss: 4277.636863088391
Epoch: [15 | 250], batch: 20, loss: 4238.544456951034
Epoch: [15 | 250], batch: 30, loss: 4200.555018758707
Epoch: [15 | 250], batch: 40, loss: 4162.941839638226
Epoch: [15 | 250], batch: 50, loss: 4126.057018015142
Epoch: [16 | 250], batch: 10, loss: 4067.094746962534
Epoch: [16 | 250], batch: 20, loss: 4032.296541257249
Epoch: [16 | 250], batch: 30, loss: 3998.003181548534
Epoch: [16 | 250], batch: 40, loss: 3964.353325785392
Epoch: [16 | 250], batch: 50, loss: 3931.658569558095
Epoch: [17 | 250], batch: 10, loss: 3877.5962455120134
Epoch: [17 | 250], batch: 20, loss: 3846.014137734501
Epoch: [17 | 250], batch: 30, loss: 3815.4084245624335
Epoch: [17 | 250], batch: 40, loss: 3785.559526672283
Epoch: [17 | 250], batch: 50, loss: 3756.576077734681
Epoch: [18 | 250], batch: 10, loss: 3708.973127067063
Epoch: [18 | 250], batch: 20, loss: 3681.4921138339423
Epoch: [18 | 250], batch: 30, loss: 3654.43003991211
Epoch: [18 | 250], batch: 40, loss: 3627.3567857613466
Epoch: [18 | 250], batch: 50, loss: 3601.2052577785025
Epoch: [19 | 250], batch: 10, loss: 3558.1667110323997
Epoch: [19 | 250], batch: 20, loss: 3532.9645908670504
Epoch: [19 | 250], batch: 30, loss: 3508.0144552637785
Epoch: [19 | 250], batch: 40, loss: 3483.6094902351365
Epoch: [19 | 250], batch: 50, loss: 3460.143359139024
Epoch: [20 | 250], batch: 10, loss: 3421.8933726070663
Epoch: [20 | 250], batch: 20, loss: 3399.4587781027885
Epoch: [20 | 250], batch: 30, loss: 3377.23447360412
Epoch: [20 | 250], batch: 40, loss: 3355.3154070773708
Epoch: [20 | 250], batch: 50, loss: 3333.687763432186
Epoch: [21 | 250], batch: 10, loss: 3298.503395884515
Epoch: [21 | 250], batch: 20, loss: 3277.6461201699512
Epoch: [21 | 250], batch: 30, loss: 3257.9862572119364
Epoch: [21 | 250], batch: 40, loss: 3238.2110471831456
Epoch: [21 | 250], batch: 50, loss: 3218.92582579617
Epoch: [22 | 250], batch: 10, loss: 3186.686796675995
Epoch: [22 | 250], batch: 20, loss: 3167.748775253462
Epoch: [22 | 250], batch: 30, loss: 3149.035700444051
Epoch: [22 | 250], batch: 40, loss: 3130.8422517186164
Epoch: [22 | 250], batch: 50, loss: 3113.053856360614
Epoch: [23 | 250], batch: 10, loss: 3083.496125405463
Epoch: [23 | 250], batch: 20, loss: 3066.215424251413
Epoch: [23 | 250], batch: 30, loss: 3048.8499493279787
Epoch: [23 | 250], batch: 40, loss: 3031.953277435462
Epoch: [23 | 250], batch: 50, loss: 3014.9523080404024
Epoch: [24 | 250], batch: 10, loss: 2987.2694757602653
Epoch: [24 | 250], batch: 20, loss: 2971.0282926945574
Epoch: [24 | 250], batch: 30, loss: 2955.0782006272134
Epoch: [24 | 250], batch: 40, loss: 2939.55073547948
Epoch: [24 | 250], batch: 50, loss: 2923.879651621242
Epoch: [25 | 250], batch: 10, loss: 2897.9467498406825
Epoch: [25 | 250], batch: 20, loss: 2882.8125365402398
Epoch: [25 | 250], batch: 30, loss: 2867.8179208289916
Epoch: [25 | 250], batch: 40, loss: 2853.0842392698137
Epoch: [25 | 250], batch: 50, loss: 2838.692267887444
Epoch: [26 | 250], batch: 10, loss: 2814.904764965568
Epoch: [26 | 250], batch: 20, loss: 2801.3260865172297
Epoch: [26 | 250], batch: 30, loss: 2787.7827589197605
Epoch: [26 | 250], batch: 40, loss: 2774.3582660934644
Epoch: [26 | 250], batch: 50, loss: 2761.016940551855
Epoch: [27 | 250], batch: 10, loss: 2739.2623647157798
Epoch: [27 | 250], batch: 20, loss: 2726.3217302320913
Epoch: [27 | 250], batch: 30, loss: 2713.607159078939
Epoch: [27 | 250], batch: 40, loss: 2700.8680500209107
Epoch: [27 | 250], batch: 50, loss: 2688.4708390863134
Epoch: [28 | 250], batch: 10, loss: 2667.6464732313902
Epoch: [28 | 250], batch: 20, loss: 2655.3499644342505
Epoch: [28 | 250], batch: 30, loss: 2643.146584650835
Epoch: [28 | 250], batch: 40, loss: 2631.417004474455
Epoch: [28 | 250], batch: 50, loss: 2619.864571693644
Epoch: [29 | 250], batch: 10, loss: 2600.696692923431
Epoch: [29 | 250], batch: 20, loss: 2589.521737901638
Epoch: [29 | 250], batch: 30, loss: 2578.241712136692
Epoch: [29 | 250], batch: 40, loss: 2567.2346599134485
Epoch: [29 | 250], batch: 50, loss: 2556.5931014744156
Epoch: [30 | 250], batch: 10, loss: 2538.593415738992
Epoch: [30 | 250], batch: 20, loss: 2527.9657895605387
Epoch: [30 | 250], batch: 30, loss: 2517.429608620892
Epoch: [30 | 250], batch: 40, loss: 2507.3881535096853
Epoch: [30 | 250], batch: 50, loss: 2497.272026186056
Epoch: [31 | 250], batch: 10, loss: 2480.148892070781
Epoch: [31 | 250], batch: 20, loss: 2469.9599052912827
Epoch: [31 | 250], batch: 30, loss: 2460.173348064318
Epoch: [31 | 250], batch: 40, loss: 2450.3522867637917
Epoch: [31 | 250], batch: 50, loss: 2440.7539609373694
Epoch: [32 | 250], batch: 10, loss: 2424.7548050618275
Epoch: [32 | 250], batch: 20, loss: 2415.248048618663
Epoch: [32 | 250], batch: 30, loss: 2405.8060717148715
Epoch: [32 | 250], batch: 40, loss: 2396.601875532568
Epoch: [32 | 250], batch: 50, loss: 2387.698734624429
Epoch: [33 | 250], batch: 10, loss: 2372.240266978496
Epoch: [33 | 250], batch: 20, loss: 2363.1708889215283
Epoch: [33 | 250], batch: 30, loss: 2354.402331145385
Epoch: [33 | 250], batch: 40, loss: 2345.6696683866717
Epoch: [33 | 250], batch: 50, loss: 2337.0472363605595
Epoch: [34 | 250], batch: 10, loss: 2322.504003491311
Epoch: [34 | 250], batch: 20, loss: 2313.904950240659
Epoch: [34 | 250], batch: 30, loss: 2305.442028555652
Epoch: [34 | 250], batch: 40, loss: 2297.0648777253014
Epoch: [34 | 250], batch: 50, loss: 2288.8305982619117
Epoch: [35 | 250], batch: 10, loss: 2275.175323769968
Epoch: [35 | 250], batch: 20, loss: 2267.264758213925
Epoch: [35 | 250], batch: 30, loss: 2259.416655138096
Epoch: [35 | 250], batch: 40, loss: 2251.545594545528
Epoch: [35 | 250], batch: 50, loss: 2243.709710305249
Epoch: [36 | 250], batch: 10, loss: 2230.367627008049
Epoch: [36 | 250], batch: 20, loss: 2222.663968846546
Epoch: [36 | 250], batch: 30, loss: 2215.0380703665014
Epoch: [36 | 250], batch: 40, loss: 2207.624101387368
Epoch: [36 | 250], batch: 50, loss: 2200.297362932424
Epoch: [37 | 250], batch: 10, loss: 2188.127829399403
Epoch: [37 | 250], batch: 20, loss: 2180.9880850841873
Epoch: [37 | 250], batch: 30, loss: 2173.9049394320496
Epoch: [37 | 250], batch: 40, loss: 2166.8630799074017
Epoch: [37 | 250], batch: 50, loss: 2159.797513197019
Epoch: [38 | 250], batch: 10, loss: 2148.2429351195433
Epoch: [38 | 250], batch: 20, loss: 2141.3771184962206
Epoch: [38 | 250], batch: 30, loss: 2134.5122136146183
Epoch: [38 | 250], batch: 40, loss: 2127.7942615104425
Epoch: [38 | 250], batch: 50, loss: 2121.1875858734725
Epoch: [39 | 250], batch: 10, loss: 2110.1285017894434
Epoch: [39 | 250], batch: 20, loss: 2103.6555771944395
Epoch: [39 | 250], batch: 30, loss: 2097.156479098333
Epoch: [39 | 250], batch: 40, loss: 2090.543424462296
Epoch: [39 | 250], batch: 50, loss: 2084.1128388499
Epoch: [40 | 250], batch: 10, loss: 2073.154256044523
Epoch: [40 | 250], batch: 20, loss: 2066.7059222422313
Epoch: [40 | 250], batch: 30, loss: 2060.3272382160085
Epoch: [40 | 250], batch: 40, loss: 2054.0380538084332
Epoch: [40 | 250], batch: 50, loss: 2047.9115059767616
Epoch: [41 | 250], batch: 10, loss: 2037.8900252781557
Epoch: [41 | 250], batch: 20, loss: 2032.0802939796188
Epoch: [41 | 250], batch: 30, loss: 2026.1592890682703
Epoch: [41 | 250], batch: 40, loss: 2020.3643237162707
Epoch: [41 | 250], batch: 50, loss: 2014.6276491575604
Epoch: [42 | 250], batch: 10, loss: 2004.7959006183032
Epoch: [42 | 250], batch: 20, loss: 1999.1323843438615
Epoch: [42 | 250], batch: 30, loss: 1993.4546483804265
Epoch: [42 | 250], batch: 40, loss: 1987.8079551462174
Epoch: [42 | 250], batch: 50, loss: 1982.2927721773485
Epoch: [43 | 250], batch: 10, loss: 1973.13623854876
Epoch: [43 | 250], batch: 20, loss: 1967.647735430487
Epoch: [43 | 250], batch: 30, loss: 1962.0918383048058
Epoch: [43 | 250], batch: 40, loss: 1956.5506834765547
Epoch: [43 | 250], batch: 50, loss: 1951.1247430794315
Epoch: [44 | 250], batch: 10, loss: 1941.9634847240877
Epoch: [44 | 250], batch: 20, loss: 1936.7067318454685
Epoch: [44 | 250], batch: 30, loss: 1931.5873249780932
Epoch: [44 | 250], batch: 40, loss: 1926.4001927178938
Epoch: [44 | 250], batch: 50, loss: 1921.2520369152483
Epoch: [45 | 250], batch: 10, loss: 1912.5149393639992
Epoch: [45 | 250], batch: 20, loss: 1907.4026159936077
Epoch: [45 | 250], batch: 30, loss: 1902.2525247723306
Epoch: [45 | 250], batch: 40, loss: 1897.113484605129
Epoch: [45 | 250], batch: 50, loss: 1892.2455854284644
Epoch: [46 | 250], batch: 10, loss: 1883.950163232645
Epoch: [46 | 250], batch: 20, loss: 1879.108673749896
Epoch: [46 | 250], batch: 30, loss: 1874.21927429035
Epoch: [46 | 250], batch: 40, loss: 1869.3107557294054
Epoch: [46 | 250], batch: 50, loss: 1864.4674034852137
Epoch: [47 | 250], batch: 10, loss: 1856.321838587198
Epoch: [47 | 250], batch: 20, loss: 1851.6512580458123
Epoch: [47 | 250], batch: 30, loss: 1846.9934513017704
Epoch: [47 | 250], batch: 40, loss: 1842.3040507105293
Epoch: [47 | 250], batch: 50, loss: 1837.6524311419957
Epoch: [48 | 250], batch: 10, loss: 1829.8139413826195
Epoch: [48 | 250], batch: 20, loss: 1825.328122871073
Epoch: [48 | 250], batch: 30, loss: 1820.8041405612541
Epoch: [48 | 250], batch: 40, loss: 1816.245936794129
Epoch: [48 | 250], batch: 50, loss: 1811.844529813761
Epoch: [49 | 250], batch: 10, loss: 1804.4014000113675
Epoch: [49 | 250], batch: 20, loss: 1800.1082220689902
Epoch: [49 | 250], batch: 30, loss: 1795.7102581361362
Epoch: [49 | 250], batch: 40, loss: 1791.362337685028
Epoch: [49 | 250], batch: 50, loss: 1786.9870495861935
Epoch: [50 | 250], batch: 10, loss: 1779.7031512109504
Epoch: [50 | 250], batch: 20, loss: 1775.376726094419
Epoch: [50 | 250], batch: 30, loss: 1771.219954844201
Epoch: [50 | 250], batch: 40, loss: 1766.9391218580981
Epoch: [50 | 250], batch: 50, loss: 1762.8457190392996
Epoch: [51 | 250], batch: 10, loss: 1755.9715557540567
Epoch: [51 | 250], batch: 20, loss: 1752.0001969458986
Epoch: [51 | 250], batch: 30, loss: 1747.9915390968063
Epoch: [51 | 250], batch: 40, loss: 1744.042641253363
Epoch: [51 | 250], batch: 50, loss: 1740.0255148175925
Epoch: [52 | 250], batch: 10, loss: 1733.3127508091795
Epoch: [52 | 250], batch: 20, loss: 1729.3529705068197
Epoch: [52 | 250], batch: 30, loss: 1725.3523555392144
Epoch: [52 | 250], batch: 40, loss: 1721.4118244812892
Epoch: [52 | 250], batch: 50, loss: 1717.546541116812
Epoch: [53 | 250], batch: 10, loss: 1710.935654707232
Epoch: [53 | 250], batch: 20, loss: 1707.0324367220016
Epoch: [53 | 250], batch: 30, loss: 1703.1190323269047
Epoch: [53 | 250], batch: 40, loss: 1699.2033623054244
Epoch: [53 | 250], batch: 50, loss: 1695.3749786750568
Epoch: [54 | 250], batch: 10, loss: 1689.022463370673
Epoch: [54 | 250], batch: 20, loss: 1685.3482526013172
Epoch: [54 | 250], batch: 30, loss: 1681.7469729688187
Epoch: [54 | 250], batch: 40, loss: 1678.0584621746277
Epoch: [54 | 250], batch: 50, loss: 1674.4295330668583
Epoch: [55 | 250], batch: 10, loss: 1668.4001431447173
Epoch: [55 | 250], batch: 20, loss: 1664.787737331098
Epoch: [55 | 250], batch: 30, loss: 1661.1655966164124
Epoch: [55 | 250], batch: 40, loss: 1657.5306661587235
Epoch: [55 | 250], batch: 50, loss: 1653.933318257156
Epoch: [56 | 250], batch: 10, loss: 1647.998364771171
Epoch: [56 | 250], batch: 20, loss: 1644.4758687361016
Epoch: [56 | 250], batch: 30, loss: 1640.9989799003895
Epoch: [56 | 250], batch: 40, loss: 1637.6477825782215
Epoch: [56 | 250], batch: 50, loss: 1634.3197871926893
Epoch: [57 | 250], batch: 10, loss: 1628.5222585983968
Epoch: [57 | 250], batch: 20, loss: 1625.0473806343884
Epoch: [57 | 250], batch: 30, loss: 1621.611273230866
Epoch: [57 | 250], batch: 40, loss: 1618.230574157473
Epoch: [57 | 250], batch: 50, loss: 1614.8271212831644
Epoch: [58 | 250], batch: 10, loss: 1609.2346716522916
Epoch: [58 | 250], batch: 20, loss: 1605.9128809372826
Epoch: [58 | 250], batch: 30, loss: 1602.6911180664417
Epoch: [58 | 250], batch: 40, loss: 1599.4651547905319
Epoch: [58 | 250], batch: 50, loss: 1596.2573858100352
Epoch: [59 | 250], batch: 10, loss: 1590.7995104730037
Epoch: [59 | 250], batch: 20, loss: 1587.5972305681203
Epoch: [59 | 250], batch: 30, loss: 1584.4722414756488
Epoch: [59 | 250], batch: 40, loss: 1581.303760592061
Epoch: [59 | 250], batch: 50, loss: 1578.1513601396705
Epoch: [60 | 250], batch: 10, loss: 1572.918569173523
Epoch: [60 | 250], batch: 20, loss: 1569.792032777024
Epoch: [60 | 250], batch: 30, loss: 1566.819470275973
Epoch: [60 | 250], batch: 40, loss: 1563.8130605046981
Epoch: [60 | 250], batch: 50, loss: 1560.8181080161073
Epoch: [61 | 250], batch: 10, loss: 1555.7785692802124
Epoch: [61 | 250], batch: 20, loss: 1552.7485565154927
Epoch: [61 | 250], batch: 30, loss: 1549.7014360381538
Epoch: [61 | 250], batch: 40, loss: 1546.7014719801086
Epoch: [61 | 250], batch: 50, loss: 1543.7576242767177
Epoch: [62 | 250], batch: 10, loss: 1538.7985134090513
Epoch: [62 | 250], batch: 20, loss: 1535.8593310323593
Epoch: [62 | 250], batch: 30, loss: 1532.903874348944
Epoch: [62 | 250], batch: 40, loss: 1529.998501788025
Epoch: [62 | 250], batch: 50, loss: 1527.0858947766394
Epoch: [63 | 250], batch: 10, loss: 1522.2657153291184
Epoch: [63 | 250], batch: 20, loss: 1519.4189928709432
Epoch: [63 | 250], batch: 30, loss: 1516.5921297202078
Epoch: [63 | 250], batch: 40, loss: 1513.6984446957697
Epoch: [63 | 250], batch: 50, loss: 1510.8771093853504
Epoch: [64 | 250], batch: 10, loss: 1506.2680184809983
Epoch: [64 | 250], batch: 20, loss: 1503.5305217914147
Epoch: [64 | 250], batch: 30, loss: 1500.8085469346688
Epoch: [64 | 250], batch: 40, loss: 1498.0799365420246
Epoch: [64 | 250], batch: 50, loss: 1495.3033723403032
Epoch: [65 | 250], batch: 10, loss: 1490.875472188814
Epoch: [65 | 250], batch: 20, loss: 1488.3637140013243
Epoch: [65 | 250], batch: 30, loss: 1485.7370850491193
Epoch: [65 | 250], batch: 40, loss: 1483.1998273815475
Epoch: [65 | 250], batch: 50, loss: 1480.6627506583145
Epoch: [66 | 250], batch: 10, loss: 1476.332803861741
Epoch: [66 | 250], batch: 20, loss: 1473.7738081166256
Epoch: [66 | 250], batch: 30, loss: 1471.326800623894
Epoch: [66 | 250], batch: 40, loss: 1468.72627658019
Epoch: [66 | 250], batch: 50, loss: 1466.1405855429498
Epoch: [67 | 250], batch: 10, loss: 1461.780609056856
Epoch: [67 | 250], batch: 20, loss: 1459.163796888145
Epoch: [67 | 250], batch: 30, loss: 1456.5941500968406
Epoch: [67 | 250], batch: 40, loss: 1454.0838692427903
Epoch: [67 | 250], batch: 50, loss: 1451.5089028261302
Epoch: [68 | 250], batch: 10, loss: 1447.2209226449615
Epoch: [68 | 250], batch: 20, loss: 1444.7741314230393
Epoch: [68 | 250], batch: 30, loss: 1442.2276756240315
Epoch: [68 | 250], batch: 40, loss: 1439.6779198002023
Epoch: [68 | 250], batch: 50, loss: 1437.1894454500352
Epoch: [69 | 250], batch: 10, loss: 1432.976211978107
Epoch: [69 | 250], batch: 20, loss: 1430.576683939472
Epoch: [69 | 250], batch: 30, loss: 1428.229499262473
Epoch: [69 | 250], batch: 40, loss: 1425.8722860123228
Epoch: [69 | 250], batch: 50, loss: 1423.5177769297459
Epoch: [70 | 250], batch: 10, loss: 1419.4653779254656
Epoch: [70 | 250], batch: 20, loss: 1417.0633213878032
Epoch: [70 | 250], batch: 30, loss: 1414.755794174616
Epoch: [70 | 250], batch: 40, loss: 1412.42834962481
Epoch: [70 | 250], batch: 50, loss: 1410.1310698504487
Epoch: [71 | 250], batch: 10, loss: 1406.1029155553297
Epoch: [71 | 250], batch: 20, loss: 1403.8105616941564
Epoch: [71 | 250], batch: 30, loss: 1401.5067157853298
Epoch: [71 | 250], batch: 40, loss: 1399.1836329103244
Epoch: [71 | 250], batch: 50, loss: 1396.9046306019186
Epoch: [72 | 250], batch: 10, loss: 1393.0146255591415
Epoch: [72 | 250], batch: 20, loss: 1390.7562273129945
Epoch: [72 | 250], batch: 30, loss: 1388.4887693191586
Epoch: [72 | 250], batch: 40, loss: 1386.2498691123762
Epoch: [72 | 250], batch: 50, loss: 1384.071611608116
Epoch: [73 | 250], batch: 10, loss: 1380.2622444711938
Epoch: [73 | 250], batch: 20, loss: 1378.0352018911108
Epoch: [73 | 250], batch: 30, loss: 1375.8479635029769
Epoch: [73 | 250], batch: 40, loss: 1373.7110555698312
Epoch: [73 | 250], batch: 50, loss: 1371.5514933826462
Epoch: [74 | 250], batch: 10, loss: 1367.878318893063
Epoch: [74 | 250], batch: 20, loss: 1365.6768096482592
Epoch: [74 | 250], batch: 30, loss: 1363.5932647994227
Epoch: [74 | 250], batch: 40, loss: 1361.490714456579
Epoch: [74 | 250], batch: 50, loss: 1359.4786165531614
Epoch: [75 | 250], batch: 10, loss: 1355.9527652302304
Epoch: [75 | 250], batch: 20, loss: 1353.8567039690902
Epoch: [75 | 250], batch: 30, loss: 1351.7406889936128
Epoch: [75 | 250], batch: 40, loss: 1349.5919335628323
Epoch: [75 | 250], batch: 50, loss: 1347.4953021948627
Epoch: [76 | 250], batch: 10, loss: 1344.0547739149783
Epoch: [76 | 250], batch: 20, loss: 1342.0239950656446
Epoch: [76 | 250], batch: 30, loss: 1340.0211697469385
Epoch: [76 | 250], batch: 40, loss: 1337.9919984106293
Epoch: [76 | 250], batch: 50, loss: 1336.0488828545
Epoch: [77 | 250], batch: 10, loss: 1332.6579235976228
Epoch: [77 | 250], batch: 20, loss: 1330.658007581375
Epoch: [77 | 250], batch: 30, loss: 1328.642327843715
Epoch: [77 | 250], batch: 40, loss: 1326.6308484439187
Epoch: [77 | 250], batch: 50, loss: 1324.6342859054719
Epoch: [78 | 250], batch: 10, loss: 1321.2394109252327
Epoch: [78 | 250], batch: 20, loss: 1319.2838312239774
Epoch: [78 | 250], batch: 30, loss: 1317.265477345005
Epoch: [78 | 250], batch: 40, loss: 1315.3243347928149
Epoch: [78 | 250], batch: 50, loss: 1313.3566749948075
Epoch: [79 | 250], batch: 10, loss: 1310.0869736217098
Epoch: [79 | 250], batch: 20, loss: 1308.1847427862292
Epoch: [79 | 250], batch: 30, loss: 1306.2456167188805
Epoch: [79 | 250], batch: 40, loss: 1304.362566397073
Epoch: [79 | 250], batch: 50, loss: 1302.4492766935068
Epoch: [80 | 250], batch: 10, loss: 1299.2305377118523
Epoch: [80 | 250], batch: 20, loss: 1297.3534827758924
Epoch: [80 | 250], batch: 30, loss: 1295.4622947468606
Epoch: [80 | 250], batch: 40, loss: 1293.6513372793945
Epoch: [80 | 250], batch: 50, loss: 1291.8213298797752
Epoch: [81 | 250], batch: 10, loss: 1288.7658027753696
Epoch: [81 | 250], batch: 20, loss: 1287.051559051614
Epoch: [81 | 250], batch: 30, loss: 1285.289173832623
Epoch: [81 | 250], batch: 40, loss: 1283.5899016415958
Epoch: [81 | 250], batch: 50, loss: 1281.8129842438816
Epoch: [82 | 250], batch: 10, loss: 1278.8147553350464
Epoch: [82 | 250], batch: 20, loss: 1277.076016937316
Epoch: [82 | 250], batch: 30, loss: 1275.2578739856153
Epoch: [82 | 250], batch: 40, loss: 1273.4434191093965
Epoch: [82 | 250], batch: 50, loss: 1271.6861492034554
Epoch: [83 | 250], batch: 10, loss: 1268.663616931972
Epoch: [83 | 250], batch: 20, loss: 1266.8668582502105
Epoch: [83 | 250], batch: 30, loss: 1265.0627428781943
Epoch: [83 | 250], batch: 40, loss: 1263.233892185214
Epoch: [83 | 250], batch: 50, loss: 1261.462118565422
Epoch: [84 | 250], batch: 10, loss: 1258.5065025492768
Epoch: [84 | 250], batch: 20, loss: 1256.739706375014
Epoch: [84 | 250], batch: 30, loss: 1255.0101095960258
Epoch: [84 | 250], batch: 40, loss: 1253.224988370647
Epoch: [84 | 250], batch: 50, loss: 1251.524917007137
Epoch: [85 | 250], batch: 10, loss: 1248.6983192520388
Epoch: [85 | 250], batch: 20, loss: 1246.9869848056185
Epoch: [85 | 250], batch: 30, loss: 1245.30198745814
Epoch: [85 | 250], batch: 40, loss: 1243.605139009181
Epoch: [85 | 250], batch: 50, loss: 1241.8760087656249
Epoch: [86 | 250], batch: 10, loss: 1238.9797306254025
Epoch: [86 | 250], batch: 20, loss: 1237.2767147806333
Epoch: [86 | 250], batch: 30, loss: 1235.583771859219
Epoch: [86 | 250], batch: 40, loss: 1233.8891969734661
Epoch: [86 | 250], batch: 50, loss: 1232.2554940313541
Epoch: [87 | 250], batch: 10, loss: 1229.4674077869518
Epoch: [87 | 250], batch: 20, loss: 1227.8282690180697
Epoch: [87 | 250], batch: 30, loss: 1226.2140789329408
Epoch: [87 | 250], batch: 40, loss: 1224.5578306294747
Epoch: [87 | 250], batch: 50, loss: 1222.9372508005063
Epoch: [88 | 250], batch: 10, loss: 1220.253430776341
Epoch: [88 | 250], batch: 20, loss: 1218.6172494513057
Epoch: [88 | 250], batch: 30, loss: 1216.976088590153
Epoch: [88 | 250], batch: 40, loss: 1215.3580784134786
Epoch: [88 | 250], batch: 50, loss: 1213.7408117772973
Epoch: [89 | 250], batch: 10, loss: 1211.0680755931705
Epoch: [89 | 250], batch: 20, loss: 1209.452356100956
Epoch: [89 | 250], batch: 30, loss: 1207.8462771539607
Epoch: [89 | 250], batch: 40, loss: 1206.2961153367944
Epoch: [89 | 250], batch: 50, loss: 1204.6914893230355
Epoch: [90 | 250], batch: 10, loss: 1202.014266434667
Epoch: [90 | 250], batch: 20, loss: 1200.4503405967678
Epoch: [90 | 250], batch: 30, loss: 1198.9063653853943
Epoch: [90 | 250], batch: 40, loss: 1197.3214378094854
Epoch: [90 | 250], batch: 50, loss: 1195.7718291466138
Epoch: [91 | 250], batch: 10, loss: 1193.1868727814697
Epoch: [91 | 250], batch: 20, loss: 1191.6239721812635
Epoch: [91 | 250], batch: 30, loss: 1190.084764067155
Epoch: [91 | 250], batch: 40, loss: 1188.5741143202054
Epoch: [91 | 250], batch: 50, loss: 1187.0606146648404
Epoch: [92 | 250], batch: 10, loss: 1184.5547506067103
Epoch: [92 | 250], batch: 20, loss: 1183.04766439759
Epoch: [92 | 250], batch: 30, loss: 1181.5381766394723
Epoch: [92 | 250], batch: 40, loss: 1180.073391872418
Epoch: [92 | 250], batch: 50, loss: 1178.643804087103
Epoch: [93 | 250], batch: 10, loss: 1176.1699600005568
Epoch: [93 | 250], batch: 20, loss: 1174.6977352949625
Epoch: [93 | 250], batch: 30, loss: 1173.244959789148
Epoch: [93 | 250], batch: 40, loss: 1171.8105285258164
Epoch: [93 | 250], batch: 50, loss: 1170.3238820824251
Epoch: [94 | 250], batch: 10, loss: 1167.8458799768305
Epoch: [94 | 250], batch: 20, loss: 1166.4033066688573
Epoch: [94 | 250], batch: 30, loss: 1164.9853268680583
Epoch: [94 | 250], batch: 40, loss: 1163.587576157121
Epoch: [94 | 250], batch: 50, loss: 1162.1846400315956
Epoch: [95 | 250], batch: 10, loss: 1159.7993203599365
Epoch: [95 | 250], batch: 20, loss: 1158.330433512668
Epoch: [95 | 250], batch: 30, loss: 1156.896346073113
Epoch: [95 | 250], batch: 40, loss: 1155.4784723977218
Epoch: [95 | 250], batch: 50, loss: 1154.052127017808
Epoch: [96 | 250], batch: 10, loss: 1151.6636456510207
Epoch: [96 | 250], batch: 20, loss: 1150.2716127456333
Epoch: [96 | 250], batch: 30, loss: 1148.922384445046
Epoch: [96 | 250], batch: 40, loss: 1147.542464915094
Epoch: [96 | 250], batch: 50, loss: 1146.1534461168321
Epoch: [97 | 250], batch: 10, loss: 1143.881834069542
Epoch: [97 | 250], batch: 20, loss: 1142.528961640998
Epoch: [97 | 250], batch: 30, loss: 1141.1396747408628
Epoch: [97 | 250], batch: 40, loss: 1139.7707335732437
Epoch: [97 | 250], batch: 50, loss: 1138.4056198370004
Epoch: [98 | 250], batch: 10, loss: 1136.115339777821
Epoch: [98 | 250], batch: 20, loss: 1134.7722293044044
Epoch: [98 | 250], batch: 30, loss: 1133.4632506131495
Epoch: [98 | 250], batch: 40, loss: 1132.1533954021581
Epoch: [98 | 250], batch: 50, loss: 1130.8284134492603
Epoch: [99 | 250], batch: 10, loss: 1128.5261755389677
Epoch: [99 | 250], batch: 20, loss: 1127.1641800912455
Epoch: [99 | 250], batch: 30, loss: 1125.8113551345325
Epoch: [99 | 250], batch: 40, loss: 1124.495967762632
Epoch: [99 | 250], batch: 50, loss: 1123.1874785769378
Epoch: [100 | 250], batch: 10, loss: 1121.0381075187597
Epoch: [100 | 250], batch: 20, loss: 1119.7489562220073
Epoch: [100 | 250], batch: 30, loss: 1118.4765970792796
Epoch: [100 | 250], batch: 40, loss: 1117.172632325463
Epoch: [100 | 250], batch: 50, loss: 1115.867184107691
Epoch: [101 | 250], batch: 10, loss: 1113.6821127522428
Epoch: [101 | 250], batch: 20, loss: 1112.3738119029208
Epoch: [101 | 250], batch: 30, loss: 1111.1006550787574
Epoch: [101 | 250], batch: 40, loss: 1109.8256885259766
Epoch: [101 | 250], batch: 50, loss: 1108.549403840735
Epoch: [102 | 250], batch: 10, loss: 1106.4064584285336
Epoch: [102 | 250], batch: 20, loss: 1105.1739064419273
Epoch: [102 | 250], batch: 30, loss: 1103.9250446480326
Epoch: [102 | 250], batch: 40, loss: 1102.6927021489535
Epoch: [102 | 250], batch: 50, loss: 1101.4893783572345
Epoch: [103 | 250], batch: 10, loss: 1099.3770855813978
Epoch: [103 | 250], batch: 20, loss: 1098.104647779088
Epoch: [103 | 250], batch: 30, loss: 1096.879249133735
Epoch: [103 | 250], batch: 40, loss: 1095.6153767077851
Epoch: [103 | 250], batch: 50, loss: 1094.3659749543338
Epoch: [104 | 250], batch: 10, loss: 1092.337895143623
Epoch: [104 | 250], batch: 20, loss: 1091.1040263330885
Epoch: [104 | 250], batch: 30, loss: 1089.8904486834365
Epoch: [104 | 250], batch: 40, loss: 1088.703374061958
Epoch: [104 | 250], batch: 50, loss: 1087.4849278393604
Epoch: [105 | 250], batch: 10, loss: 1085.4651752702455
Epoch: [105 | 250], batch: 20, loss: 1084.239647236187
Epoch: [105 | 250], batch: 30, loss: 1083.0428978218163
Epoch: [105 | 250], batch: 40, loss: 1081.8112188186522
Epoch: [105 | 250], batch: 50, loss: 1080.596662229868
Epoch: [106 | 250], batch: 10, loss: 1078.5304841851753
Epoch: [106 | 250], batch: 20, loss: 1077.3338053878435
Epoch: [106 | 250], batch: 30, loss: 1076.1587345786909
Epoch: [106 | 250], batch: 40, loss: 1074.977076147097
Epoch: [106 | 250], batch: 50, loss: 1073.7841276343088
Epoch: [107 | 250], batch: 10, loss: 1071.7766849059808
Epoch: [107 | 250], batch: 20, loss: 1070.5625117614682
Epoch: [107 | 250], batch: 30, loss: 1069.3689695791702
Epoch: [107 | 250], batch: 40, loss: 1068.2046238430864
Epoch: [107 | 250], batch: 50, loss: 1067.0145971304514
Epoch: [108 | 250], batch: 10, loss: 1065.0493799671708
Epoch: [108 | 250], batch: 20, loss: 1063.8894533589928
Epoch: [108 | 250], batch: 30, loss: 1062.7335601798595
Epoch: [108 | 250], batch: 40, loss: 1061.6478538157833
Epoch: [108 | 250], batch: 50, loss: 1060.529525147428
Epoch: [109 | 250], batch: 10, loss: 1058.6027406573949
Epoch: [109 | 250], batch: 20, loss: 1057.476013178167
Epoch: [109 | 250], batch: 30, loss: 1056.3414471683723
Epoch: [109 | 250], batch: 40, loss: 1055.1987865640529
Epoch: [109 | 250], batch: 50, loss: 1054.049608979655
Epoch: [110 | 250], batch: 10, loss: 1052.1367295456441
Epoch: [110 | 250], batch: 20, loss: 1051.0080182923346
Epoch: [110 | 250], batch: 30, loss: 1049.8860614568302
Epoch: [110 | 250], batch: 40, loss: 1048.777109415181
Epoch: [110 | 250], batch: 50, loss: 1047.6654168319042
Epoch: [111 | 250], batch: 10, loss: 1045.7756288143655
Epoch: [111 | 250], batch: 20, loss: 1044.6591533758228
Epoch: [111 | 250], batch: 30, loss: 1043.5741289714726
Epoch: [111 | 250], batch: 40, loss: 1042.485923145531
Epoch: [111 | 250], batch: 50, loss: 1041.388686896212
Epoch: [112 | 250], batch: 10, loss: 1039.5469285707964
Epoch: [112 | 250], batch: 20, loss: 1038.437716222725
Epoch: [112 | 250], batch: 30, loss: 1037.3421654360477
Epoch: [112 | 250], batch: 40, loss: 1036.2841864246368
Epoch: [112 | 250], batch: 50, loss: 1035.2190915005235
Epoch: [113 | 250], batch: 10, loss: 1033.4207686273778
Epoch: [113 | 250], batch: 20, loss: 1032.3396450144182
Epoch: [113 | 250], batch: 30, loss: 1031.2841318025687
Epoch: [113 | 250], batch: 40, loss: 1030.2032162988412
Epoch: [113 | 250], batch: 50, loss: 1029.1337209097433
Epoch: [114 | 250], batch: 10, loss: 1027.3405442150308
Epoch: [114 | 250], batch: 20, loss: 1026.3203518740409
Epoch: [114 | 250], batch: 30, loss: 1025.2628927770993
Epoch: [114 | 250], batch: 40, loss: 1024.218669077986
Epoch: [114 | 250], batch: 50, loss: 1023.2095581336681
Epoch: [115 | 250], batch: 10, loss: 1021.4547571661228
Epoch: [115 | 250], batch: 20, loss: 1020.4194137198459
Epoch: [115 | 250], batch: 30, loss: 1019.3821112606865
Epoch: [115 | 250], batch: 40, loss: 1018.3327539018223
Epoch: [115 | 250], batch: 50, loss: 1017.3140750537159
Epoch: [116 | 250], batch: 10, loss: 1015.6105679110769
Epoch: [116 | 250], batch: 20, loss: 1014.5727459739371
Epoch: [116 | 250], batch: 30, loss: 1013.5618481474324
Epoch: [116 | 250], batch: 40, loss: 1012.5473913406441
Epoch: [116 | 250], batch: 50, loss: 1011.5433787939426
Epoch: [117 | 250], batch: 10, loss: 1009.8034437589841
Epoch: [117 | 250], batch: 20, loss: 1008.7790842533395
Epoch: [117 | 250], batch: 30, loss: 1007.7441407405182
Epoch: [117 | 250], batch: 40, loss: 1006.7123185736862
Epoch: [117 | 250], batch: 50, loss: 1005.7014548756457
Epoch: [118 | 250], batch: 10, loss: 1003.9627198340297
Epoch: [118 | 250], batch: 20, loss: 1002.9388481844361
Epoch: [118 | 250], batch: 30, loss: 1001.9222061018319
Epoch: [118 | 250], batch: 40, loss: 1000.9181123980567
Epoch: [118 | 250], batch: 50, loss: 999.9119800848024
Epoch: [119 | 250], batch: 10, loss: 998.2344773261217
Epoch: [119 | 250], batch: 20, loss: 997.2396392637374
Epoch: [119 | 250], batch: 30, loss: 996.2375698259244
Epoch: [119 | 250], batch: 40, loss: 995.2464358175997
Epoch: [119 | 250], batch: 50, loss: 994.2667799203667
Epoch: [120 | 250], batch: 10, loss: 992.6575724632871
Epoch: [120 | 250], batch: 20, loss: 991.6923520340557
Epoch: [120 | 250], batch: 30, loss: 990.682806856595
Epoch: [120 | 250], batch: 40, loss: 989.743854202161
Epoch: [120 | 250], batch: 50, loss: 988.7937852826708
Epoch: [121 | 250], batch: 10, loss: 987.2082065018196
Epoch: [121 | 250], batch: 20, loss: 986.2362483447822
Epoch: [121 | 250], batch: 30, loss: 985.2894390294375
Epoch: [121 | 250], batch: 40, loss: 984.3312174947638
Epoch: [121 | 250], batch: 50, loss: 983.3552055337692
Epoch: [122 | 250], batch: 10, loss: 981.7356328184043
Epoch: [122 | 250], batch: 20, loss: 980.7562000138735
Epoch: [122 | 250], batch: 30, loss: 979.7923994557441
Epoch: [122 | 250], batch: 40, loss: 978.8363517036188
Epoch: [122 | 250], batch: 50, loss: 977.8837308951662
Epoch: [123 | 250], batch: 10, loss: 976.340694899057
Epoch: [123 | 250], batch: 20, loss: 975.4200458390588
Epoch: [123 | 250], batch: 30, loss: 974.4690694247698
Epoch: [123 | 250], batch: 40, loss: 973.5267725749487
Epoch: [123 | 250], batch: 50, loss: 972.5795418589863
Epoch: [124 | 250], batch: 10, loss: 971.0226952741862
Epoch: [124 | 250], batch: 20, loss: 970.089649524903
Epoch: [124 | 250], batch: 30, loss: 969.1908635169746
Epoch: [124 | 250], batch: 40, loss: 968.2750475196933
Epoch: [124 | 250], batch: 50, loss: 967.3456547441973
Epoch: [125 | 250], batch: 10, loss: 965.8193037382932
Epoch: [125 | 250], batch: 20, loss: 964.901728164666
Epoch: [125 | 250], batch: 30, loss: 963.9934738501313
Epoch: [125 | 250], batch: 40, loss: 963.1040534428539
Epoch: [125 | 250], batch: 50, loss: 962.217202047489
Epoch: [126 | 250], batch: 10, loss: 960.7011009316716
Epoch: [126 | 250], batch: 20, loss: 959.7808450787371
Epoch: [126 | 250], batch: 30, loss: 958.910609148606
Epoch: [126 | 250], batch: 40, loss: 958.015033391871
Epoch: [126 | 250], batch: 50, loss: 957.1553616674502
Epoch: [127 | 250], batch: 10, loss: 955.6794837166848
Epoch: [127 | 250], batch: 20, loss: 954.7946616675354
Epoch: [127 | 250], batch: 30, loss: 953.9165337190753
Epoch: [127 | 250], batch: 40, loss: 953.012574616817
Epoch: [127 | 250], batch: 50, loss: 952.122628008466
Epoch: [128 | 250], batch: 10, loss: 950.6507060137415
Epoch: [128 | 250], batch: 20, loss: 949.7733144556296
Epoch: [128 | 250], batch: 30, loss: 948.943570024712
Epoch: [128 | 250], batch: 40, loss: 948.1223856779204
Epoch: [128 | 250], batch: 50, loss: 947.2898918010021
Epoch: [129 | 250], batch: 10, loss: 945.8368972452412
Epoch: [129 | 250], batch: 20, loss: 944.950262820724
Epoch: [129 | 250], batch: 30, loss: 944.0832558741891
Epoch: [129 | 250], batch: 40, loss: 943.2289744639703
Epoch: [129 | 250], batch: 50, loss: 942.3622053152815
Epoch: [130 | 250], batch: 10, loss: 940.9124598695444
Epoch: [130 | 250], batch: 20, loss: 940.0480683524947
Epoch: [130 | 250], batch: 30, loss: 939.2002180503418
Epoch: [130 | 250], batch: 40, loss: 938.3784763452747
Epoch: [130 | 250], batch: 50, loss: 937.5504712706738
Epoch: [131 | 250], batch: 10, loss: 936.1508686021391
Epoch: [131 | 250], batch: 20, loss: 935.3145814078309
Epoch: [131 | 250], batch: 30, loss: 934.4746177460809
Epoch: [131 | 250], batch: 40, loss: 933.6273636841771
Epoch: [131 | 250], batch: 50, loss: 932.8120930286264
Epoch: [132 | 250], batch: 10, loss: 931.4335754214779
Epoch: [132 | 250], batch: 20, loss: 930.6168095687426
Epoch: [132 | 250], batch: 30, loss: 929.8093441265454
Epoch: [132 | 250], batch: 40, loss: 928.9866109681043
Epoch: [132 | 250], batch: 50, loss: 928.1587272957405
Epoch: [133 | 250], batch: 10, loss: 926.8162700180342
Epoch: [133 | 250], batch: 20, loss: 925.9996701828338
Epoch: [133 | 250], batch: 30, loss: 925.1921967308962
Epoch: [133 | 250], batch: 40, loss: 924.381920687433
Epoch: [133 | 250], batch: 50, loss: 923.5711339592399
Epoch: [134 | 250], batch: 10, loss: 922.1990220622476
Epoch: [134 | 250], batch: 20, loss: 921.4000011780854
Epoch: [134 | 250], batch: 30, loss: 920.599133863399
Epoch: [134 | 250], batch: 40, loss: 919.777105664967
Epoch: [134 | 250], batch: 50, loss: 918.9831277401464
Epoch: [135 | 250], batch: 10, loss: 917.6218585468821
Epoch: [135 | 250], batch: 20, loss: 916.8031006231387
Epoch: [135 | 250], batch: 30, loss: 915.9861110355366
Epoch: [135 | 250], batch: 40, loss: 915.1852812953932
Epoch: [135 | 250], batch: 50, loss: 914.3877290698407
Epoch: [136 | 250], batch: 10, loss: 913.0245513352078
Epoch: [136 | 250], batch: 20, loss: 912.206486075919
Epoch: [136 | 250], batch: 30, loss: 911.4292839253201
Epoch: [136 | 250], batch: 40, loss: 910.6303086201639
Epoch: [136 | 250], batch: 50, loss: 909.8552937971828
Epoch: [137 | 250], batch: 10, loss: 908.5343621658733
Epoch: [137 | 250], batch: 20, loss: 907.7735076928693
Epoch: [137 | 250], batch: 30, loss: 907.0010432665741
Epoch: [137 | 250], batch: 40, loss: 906.225402783488
Epoch: [137 | 250], batch: 50, loss: 905.4461101463803
Epoch: [138 | 250], batch: 10, loss: 904.1224665008539
Epoch: [138 | 250], batch: 20, loss: 903.3617145425701
Epoch: [138 | 250], batch: 30, loss: 902.5807351797731
Epoch: [138 | 250], batch: 40, loss: 901.802883151739
Epoch: [138 | 250], batch: 50, loss: 901.030074677639
Epoch: [139 | 250], batch: 10, loss: 899.7291480128882
Epoch: [139 | 250], batch: 20, loss: 898.9447819372774
Epoch: [139 | 250], batch: 30, loss: 898.1711084933895
Epoch: [139 | 250], batch: 40, loss: 897.4101325775806
Epoch: [139 | 250], batch: 50, loss: 896.6589251481176
Epoch: [140 | 250], batch: 10, loss: 895.4026863771973
Epoch: [140 | 250], batch: 20, loss: 894.6379821592707
Epoch: [140 | 250], batch: 30, loss: 893.8953968114147
Epoch: [140 | 250], batch: 40, loss: 893.1163570145646
Epoch: [140 | 250], batch: 50, loss: 892.3550977877287
Epoch: [141 | 250], batch: 10, loss: 891.0922811277392
Epoch: [141 | 250], batch: 20, loss: 890.3547092322084
Epoch: [141 | 250], batch: 30, loss: 889.6254576442711
Epoch: [141 | 250], batch: 40, loss: 888.9019542582602
Epoch: [141 | 250], batch: 50, loss: 888.1739980631373
Epoch: [142 | 250], batch: 10, loss: 886.9487874302091
Epoch: [142 | 250], batch: 20, loss: 886.215827703846
Epoch: [142 | 250], batch: 30, loss: 885.4652274019488
Epoch: [142 | 250], batch: 40, loss: 884.7321223271334
Epoch: [142 | 250], batch: 50, loss: 883.9903061182441
Epoch: [143 | 250], batch: 10, loss: 882.7679079283201
Epoch: [143 | 250], batch: 20, loss: 882.0385709169464
Epoch: [143 | 250], batch: 30, loss: 881.3234941264604
Epoch: [143 | 250], batch: 40, loss: 880.5918382818661
Epoch: [143 | 250], batch: 50, loss: 879.8595706421763
Epoch: [144 | 250], batch: 10, loss: 878.6174992818147
Epoch: [144 | 250], batch: 20, loss: 877.8637676464577
Epoch: [144 | 250], batch: 30, loss: 877.1324208523338
Epoch: [144 | 250], batch: 40, loss: 876.4075229573878
Epoch: [144 | 250], batch: 50, loss: 875.6783790105046
Epoch: [145 | 250], batch: 10, loss: 874.472201195256
Epoch: [145 | 250], batch: 20, loss: 873.7559502554459
Epoch: [145 | 250], batch: 30, loss: 873.0334492900288
Epoch: [145 | 250], batch: 40, loss: 872.3164720470553
Epoch: [145 | 250], batch: 50, loss: 871.6044216854078
Epoch: [146 | 250], batch: 10, loss: 870.3996026921754
Epoch: [146 | 250], batch: 20, loss: 869.6863281984528
Epoch: [146 | 250], batch: 30, loss: 868.9749373390058
Epoch: [146 | 250], batch: 40, loss: 868.2557026359647
Epoch: [146 | 250], batch: 50, loss: 867.5748085472768
Epoch: [147 | 250], batch: 10, loss: 866.4296594271818
Epoch: [147 | 250], batch: 20, loss: 865.7360697618215
Epoch: [147 | 250], batch: 30, loss: 865.0343001795305
Epoch: [147 | 250], batch: 40, loss: 864.3361618729497
Epoch: [147 | 250], batch: 50, loss: 863.6482535806613
Epoch: [148 | 250], batch: 10, loss: 862.4596989651659
Epoch: [148 | 250], batch: 20, loss: 861.7708795541931
Epoch: [148 | 250], batch: 30, loss: 861.0943853465267
Epoch: [148 | 250], batch: 40, loss: 860.4161367718989
Epoch: [148 | 250], batch: 50, loss: 859.7374205841563
Epoch: [149 | 250], batch: 10, loss: 858.5697892759518
Epoch: [149 | 250], batch: 20, loss: 857.9059643463547
Epoch: [149 | 250], batch: 30, loss: 857.2202545393822
Epoch: [149 | 250], batch: 40, loss: 856.5371851184083
Epoch: [149 | 250], batch: 50, loss: 855.8503048420358
Epoch: [150 | 250], batch: 10, loss: 854.693097842086
Epoch: [150 | 250], batch: 20, loss: 854.0135779161668
Epoch: [150 | 250], batch: 30, loss: 853.3236716563603
Epoch: [150 | 250], batch: 40, loss: 852.6429886642716
Epoch: [150 | 250], batch: 50, loss: 851.9630019024032
Epoch: [151 | 250], batch: 10, loss: 850.8383695276001
Epoch: [151 | 250], batch: 20, loss: 850.1713997703879
Epoch: [151 | 250], batch: 30, loss: 849.5064602863813
Epoch: [151 | 250], batch: 40, loss: 848.8386381949946
Epoch: [151 | 250], batch: 50, loss: 848.1750704665994
Epoch: [152 | 250], batch: 10, loss: 847.063864980797
Epoch: [152 | 250], batch: 20, loss: 846.3970301131058
Epoch: [152 | 250], batch: 30, loss: 845.7306709002463
Epoch: [152 | 250], batch: 40, loss: 845.064216766304
Epoch: [152 | 250], batch: 50, loss: 844.4103289184728
Epoch: [153 | 250], batch: 10, loss: 843.296885250505
Epoch: [153 | 250], batch: 20, loss: 842.6278886893324
Epoch: [153 | 250], batch: 30, loss: 841.9629210021436
Epoch: [153 | 250], batch: 40, loss: 841.2991722744266
Epoch: [153 | 250], batch: 50, loss: 840.6422738574669
Epoch: [154 | 250], batch: 10, loss: 839.56124525383
Epoch: [154 | 250], batch: 20, loss: 838.9096887855738
Epoch: [154 | 250], batch: 30, loss: 838.2645508852497
Epoch: [154 | 250], batch: 40, loss: 837.6186293466334
Epoch: [154 | 250], batch: 50, loss: 836.9540882944672
Epoch: [155 | 250], batch: 10, loss: 835.8399518209166
Epoch: [155 | 250], batch: 20, loss: 835.1893132913609
Epoch: [155 | 250], batch: 30, loss: 834.5419828492849
Epoch: [155 | 250], batch: 40, loss: 833.8915990077941
Epoch: [155 | 250], batch: 50, loss: 833.2452478703688
Epoch: [156 | 250], batch: 10, loss: 832.1627980523244
Epoch: [156 | 250], batch: 20, loss: 831.5201528454485
Epoch: [156 | 250], batch: 30, loss: 830.8800801387923
Epoch: [156 | 250], batch: 40, loss: 830.2434614950679
Epoch: [156 | 250], batch: 50, loss: 829.6279065944208
Epoch: [157 | 250], batch: 10, loss: 828.5733718058018
Epoch: [157 | 250], batch: 20, loss: 827.9328806949525
Epoch: [157 | 250], batch: 30, loss: 827.3056952842436
Epoch: [157 | 250], batch: 40, loss: 826.6888591763383
Epoch: [157 | 250], batch: 50, loss: 826.0653404659591
Epoch: [158 | 250], batch: 10, loss: 825.0055339269127
Epoch: [158 | 250], batch: 20, loss: 824.371155042067
Epoch: [158 | 250], batch: 30, loss: 823.745276828149
Epoch: [158 | 250], batch: 40, loss: 823.1379449550841
Epoch: [158 | 250], batch: 50, loss: 822.5093195244464
Epoch: [159 | 250], batch: 10, loss: 821.4834585846442
Epoch: [159 | 250], batch: 20, loss: 820.8931698406735
Epoch: [159 | 250], batch: 30, loss: 820.2800158927447
Epoch: [159 | 250], batch: 40, loss: 819.6628264682988
Epoch: [159 | 250], batch: 50, loss: 819.0566421211552
Epoch: [160 | 250], batch: 10, loss: 818.0366067231728
Epoch: [160 | 250], batch: 20, loss: 817.4294939960289
Epoch: [160 | 250], batch: 30, loss: 816.8304961443979
Epoch: [160 | 250], batch: 40, loss: 816.2139386694882
Epoch: [160 | 250], batch: 50, loss: 815.6113633623586
Epoch: [161 | 250], batch: 10, loss: 814.6028105910414
Epoch: [161 | 250], batch: 20, loss: 814.0027129399059
Epoch: [161 | 250], batch: 30, loss: 813.4137588565078
Epoch: [161 | 250], batch: 40, loss: 812.8193577707875
Epoch: [161 | 250], batch: 50, loss: 812.221105106713
Epoch: [162 | 250], batch: 10, loss: 811.2398673716675
Epoch: [162 | 250], batch: 20, loss: 810.6496543685471
Epoch: [162 | 250], batch: 30, loss: 810.0575960406525
Epoch: [162 | 250], batch: 40, loss: 809.4530969925626
Epoch: [162 | 250], batch: 50, loss: 808.8559688390759
Epoch: [163 | 250], batch: 10, loss: 807.8398843583525
Epoch: [163 | 250], batch: 20, loss: 807.24652616383
Epoch: [163 | 250], batch: 30, loss: 806.6362412935783
Epoch: [163 | 250], batch: 40, loss: 806.0329131232347
Epoch: [163 | 250], batch: 50, loss: 805.437143733554
Epoch: [164 | 250], batch: 10, loss: 804.4454707183784
Epoch: [164 | 250], batch: 20, loss: 803.8569646343537
Epoch: [164 | 250], batch: 30, loss: 803.257083778561
Epoch: [164 | 250], batch: 40, loss: 802.6656375556282
Epoch: [164 | 250], batch: 50, loss: 802.0782032949572
Epoch: [165 | 250], batch: 10, loss: 801.1026619959692
Epoch: [165 | 250], batch: 20, loss: 800.5207561559287
Epoch: [165 | 250], batch: 30, loss: 799.9474958453101
Epoch: [165 | 250], batch: 40, loss: 799.383713839984
Epoch: [165 | 250], batch: 50, loss: 798.8062026588409
Epoch: [166 | 250], batch: 10, loss: 797.8177120434061
Epoch: [166 | 250], batch: 20, loss: 797.2468379193582
Epoch: [166 | 250], batch: 30, loss: 796.6821540648751
Epoch: [166 | 250], batch: 40, loss: 796.1283060034233
Epoch: [166 | 250], batch: 50, loss: 795.5661427778873
Epoch: [167 | 250], batch: 10, loss: 794.6230374848943
Epoch: [167 | 250], batch: 20, loss: 794.0589939130926
Epoch: [167 | 250], batch: 30, loss: 793.4847132500347
Epoch: [167 | 250], batch: 40, loss: 792.9085029121162
Epoch: [167 | 250], batch: 50, loss: 792.3424416212671
Epoch: [168 | 250], batch: 10, loss: 791.3836898402614
Epoch: [168 | 250], batch: 20, loss: 790.8149442773039
Epoch: [168 | 250], batch: 30, loss: 790.2563044600312
Epoch: [168 | 250], batch: 40, loss: 789.6799092942131
Epoch: [168 | 250], batch: 50, loss: 789.1251596223682
Epoch: [169 | 250], batch: 10, loss: 788.1786354499441
Epoch: [169 | 250], batch: 20, loss: 787.6065552902476
Epoch: [169 | 250], batch: 30, loss: 787.0320264908171
Epoch: [169 | 250], batch: 40, loss: 786.4726153209866
Epoch: [169 | 250], batch: 50, loss: 785.9208264403056
Epoch: [170 | 250], batch: 10, loss: 785.0039075052775
Epoch: [170 | 250], batch: 20, loss: 784.449495136711
Epoch: [170 | 250], batch: 30, loss: 783.9120161976265
Epoch: [170 | 250], batch: 40, loss: 783.37051250452
Epoch: [170 | 250], batch: 50, loss: 782.828368732044
Epoch: [171 | 250], batch: 10, loss: 781.9164366296628
Epoch: [171 | 250], batch: 20, loss: 781.3674247190535
Epoch: [171 | 250], batch: 30, loss: 780.8091539213698
Epoch: [171 | 250], batch: 40, loss: 780.2557477152183
Epoch: [171 | 250], batch: 50, loss: 779.7189765877946
Epoch: [172 | 250], batch: 10, loss: 778.8201199087717
Epoch: [172 | 250], batch: 20, loss: 778.2831662465435
Epoch: [172 | 250], batch: 30, loss: 777.7427152767541
Epoch: [172 | 250], batch: 40, loss: 777.2051222584746
Epoch: [172 | 250], batch: 50, loss: 776.6802247480582
Epoch: [173 | 250], batch: 10, loss: 775.7747919574435
Epoch: [173 | 250], batch: 20, loss: 775.2329209026819
Epoch: [173 | 250], batch: 30, loss: 774.690252277676
Epoch: [173 | 250], batch: 40, loss: 774.1561719860009
Epoch: [173 | 250], batch: 50, loss: 773.616856055359
Epoch: [174 | 250], batch: 10, loss: 772.6993925339988
Epoch: [174 | 250], batch: 20, loss: 772.1542664969776
Epoch: [174 | 250], batch: 30, loss: 771.6110666294143
Epoch: [174 | 250], batch: 40, loss: 771.073496875462
Epoch: [174 | 250], batch: 50, loss: 770.5371311507716
Epoch: [175 | 250], batch: 10, loss: 769.6363695192887
Epoch: [175 | 250], batch: 20, loss: 769.1098145895772
Epoch: [175 | 250], batch: 30, loss: 768.569631245468
Epoch: [175 | 250], batch: 40, loss: 768.0366541884614
Epoch: [175 | 250], batch: 50, loss: 767.5174240993283
Epoch: [176 | 250], batch: 10, loss: 766.6206833265644
Epoch: [176 | 250], batch: 20, loss: 766.0866315377409
Epoch: [176 | 250], batch: 30, loss: 765.5738669038523
Epoch: [176 | 250], batch: 40, loss: 765.0636004727786
Epoch: [176 | 250], batch: 50, loss: 764.5538899466952
Epoch: [177 | 250], batch: 10, loss: 763.681426939063
Epoch: [177 | 250], batch: 20, loss: 763.1540486696547
Epoch: [177 | 250], batch: 30, loss: 762.6284640466632
Epoch: [177 | 250], batch: 40, loss: 762.1092784315325
Epoch: [177 | 250], batch: 50, loss: 761.5946540100696
Epoch: [178 | 250], batch: 10, loss: 760.7143272387777
Epoch: [178 | 250], batch: 20, loss: 760.1866716863095
Epoch: [178 | 250], batch: 30, loss: 759.6766479574093
Epoch: [178 | 250], batch: 40, loss: 759.1615762754045
Epoch: [178 | 250], batch: 50, loss: 758.6403228308028
Epoch: [179 | 250], batch: 10, loss: 757.7696694247875
Epoch: [179 | 250], batch: 20, loss: 757.2559654090235
Epoch: [179 | 250], batch: 30, loss: 756.7460066070165
Epoch: [179 | 250], batch: 40, loss: 756.2352109296629
Epoch: [179 | 250], batch: 50, loss: 755.7253767083806
Epoch: [180 | 250], batch: 10, loss: 754.8695523409762
Epoch: [180 | 250], batch: 20, loss: 754.3636168390093
Epoch: [180 | 250], batch: 30, loss: 753.8453442515003
Epoch: [180 | 250], batch: 40, loss: 753.3424775496935
Epoch: [180 | 250], batch: 50, loss: 752.8426818050986
Epoch: [181 | 250], batch: 10, loss: 751.9932479319918
Epoch: [181 | 250], batch: 20, loss: 751.4844204222958
Epoch: [181 | 250], batch: 30, loss: 750.9841116736801
Epoch: [181 | 250], batch: 40, loss: 750.4785299809522
Epoch: [181 | 250], batch: 50, loss: 749.9801147403352
Epoch: [182 | 250], batch: 10, loss: 749.1451377132214
Epoch: [182 | 250], batch: 20, loss: 748.6468201611832
Epoch: [182 | 250], batch: 30, loss: 748.1612133673136
Epoch: [182 | 250], batch: 40, loss: 747.6628715014622
Epoch: [182 | 250], batch: 50, loss: 747.178672506457
Epoch: [183 | 250], batch: 10, loss: 746.3579905496781
Epoch: [183 | 250], batch: 20, loss: 745.8633253208938
Epoch: [183 | 250], batch: 30, loss: 745.3641935086716
Epoch: [183 | 250], batch: 40, loss: 744.8733573754932
Epoch: [183 | 250], batch: 50, loss: 744.391768351317
Epoch: [184 | 250], batch: 10, loss: 743.5673384444568
Epoch: [184 | 250], batch: 20, loss: 743.0727212557093
Epoch: [184 | 250], batch: 30, loss: 742.5876274017518
Epoch: [184 | 250], batch: 40, loss: 742.0927680884565
Epoch: [184 | 250], batch: 50, loss: 741.6074547799824
Epoch: [185 | 250], batch: 10, loss: 740.7828580919058
Epoch: [185 | 250], batch: 20, loss: 740.2976501213869
Epoch: [185 | 250], batch: 30, loss: 739.8109015145207
Epoch: [185 | 250], batch: 40, loss: 739.3269596896865
Epoch: [185 | 250], batch: 50, loss: 738.851902111967
Epoch: [186 | 250], batch: 10, loss: 738.0498590502915
Epoch: [186 | 250], batch: 20, loss: 737.5681950408884
Epoch: [186 | 250], batch: 30, loss: 737.0898792932836
Epoch: [186 | 250], batch: 40, loss: 736.6151051717438
Epoch: [186 | 250], batch: 50, loss: 736.1369680601371
Epoch: [187 | 250], batch: 10, loss: 735.3294708056001
Epoch: [187 | 250], batch: 20, loss: 734.862246963458
Epoch: [187 | 250], batch: 30, loss: 734.3870836525903
Epoch: [187 | 250], batch: 40, loss: 733.9157285969283
Epoch: [187 | 250], batch: 50, loss: 733.4377443238146
Epoch: [188 | 250], batch: 10, loss: 732.627215702701
Epoch: [188 | 250], batch: 20, loss: 732.156192360533
Epoch: [188 | 250], batch: 30, loss: 731.6932663760995
Epoch: [188 | 250], batch: 40, loss: 731.214699588006
Epoch: [188 | 250], batch: 50, loss: 730.7350791364311
Epoch: [189 | 250], batch: 10, loss: 729.928618111511
Epoch: [189 | 250], batch: 20, loss: 729.4575697291793
Epoch: [189 | 250], batch: 30, loss: 728.9995199114234
Epoch: [189 | 250], batch: 40, loss: 728.5396138409728
Epoch: [189 | 250], batch: 50, loss: 728.0821324721072
Epoch: [190 | 250], batch: 10, loss: 727.3098361247053
Epoch: [190 | 250], batch: 20, loss: 726.8485891005101
Epoch: [190 | 250], batch: 30, loss: 726.3820751437281
Epoch: [190 | 250], batch: 40, loss: 725.9197217172067
Epoch: [190 | 250], batch: 50, loss: 725.4548673557997
Epoch: [191 | 250], batch: 10, loss: 724.6749734369948
Epoch: [191 | 250], batch: 20, loss: 724.2080020211768
Epoch: [191 | 250], batch: 30, loss: 723.7554411300245
Epoch: [191 | 250], batch: 40, loss: 723.2940204528137
Epoch: [191 | 250], batch: 50, loss: 722.8340900199622
Epoch: [192 | 250], batch: 10, loss: 722.0804355610182
Epoch: [192 | 250], batch: 20, loss: 721.6199845122234
Epoch: [192 | 250], batch: 30, loss: 721.1562164176294
Epoch: [192 | 250], batch: 40, loss: 720.7058325070931
Epoch: [192 | 250], batch: 50, loss: 720.2603530838588
Epoch: [193 | 250], batch: 10, loss: 719.5044851448874
Epoch: [193 | 250], batch: 20, loss: 719.0448163024714
Epoch: [193 | 250], batch: 30, loss: 718.5837278092744
Epoch: [193 | 250], batch: 40, loss: 718.1221018464139
Epoch: [193 | 250], batch: 50, loss: 717.6668724495697
Epoch: [194 | 250], batch: 10, loss: 716.9218631039502
Epoch: [194 | 250], batch: 20, loss: 716.4735446901036
Epoch: [194 | 250], batch: 30, loss: 716.0232211165253
Epoch: [194 | 250], batch: 40, loss: 715.5714908098543
Epoch: [194 | 250], batch: 50, loss: 715.1104061296726
Epoch: [195 | 250], batch: 10, loss: 714.3541707132135
Epoch: [195 | 250], batch: 20, loss: 713.8949995745963
Epoch: [195 | 250], batch: 30, loss: 713.4366595547456
Epoch: [195 | 250], batch: 40, loss: 712.9964826092255
Epoch: [195 | 250], batch: 50, loss: 712.5657472511847
Epoch: [196 | 250], batch: 10, loss: 711.8264964893907
Epoch: [196 | 250], batch: 20, loss: 711.38580336161
Epoch: [196 | 250], batch: 30, loss: 710.9564058655805
Epoch: [196 | 250], batch: 40, loss: 710.5156306179136
Epoch: [196 | 250], batch: 50, loss: 710.0793358068204
Epoch: [197 | 250], batch: 10, loss: 709.3532080845291
Epoch: [197 | 250], batch: 20, loss: 708.9244311709328
Epoch: [197 | 250], batch: 30, loss: 708.485463176947
Epoch: [197 | 250], batch: 40, loss: 708.0488628731497
Epoch: [197 | 250], batch: 50, loss: 707.6173688172114
Epoch: [198 | 250], batch: 10, loss: 706.8876868607905
Epoch: [198 | 250], batch: 20, loss: 706.4576136499763
Epoch: [198 | 250], batch: 30, loss: 706.0247293422341
Epoch: [198 | 250], batch: 40, loss: 705.5873400988075
Epoch: [198 | 250], batch: 50, loss: 705.1500788744494
Epoch: [199 | 250], batch: 10, loss: 704.424096914143
Epoch: [199 | 250], batch: 20, loss: 703.9903996877239
Epoch: [199 | 250], batch: 30, loss: 703.5638739142055
Epoch: [199 | 250], batch: 40, loss: 703.1357050722744
Epoch: [199 | 250], batch: 50, loss: 702.7066181445797
Epoch: [200 | 250], batch: 10, loss: 701.982179662244
Epoch: [200 | 250], batch: 20, loss: 701.560097453143
Epoch: [200 | 250], batch: 30, loss: 701.1343471057681
Epoch: [200 | 250], batch: 40, loss: 700.706215023202
Epoch: [200 | 250], batch: 50, loss: 700.2757400352936
Epoch: [201 | 250], batch: 10, loss: 699.5674509691659
Epoch: [201 | 250], batch: 20, loss: 699.1466597798408
Epoch: [201 | 250], batch: 30, loss: 698.7254733964114
Epoch: [201 | 250], batch: 40, loss: 698.297831471482
Epoch: [201 | 250], batch: 50, loss: 697.8678766815444
Epoch: [202 | 250], batch: 10, loss: 697.1358927227164
Epoch: [202 | 250], batch: 20, loss: 696.707878619724
Epoch: [202 | 250], batch: 30, loss: 696.2895005603553
Epoch: [202 | 250], batch: 40, loss: 695.8620725686585
Epoch: [202 | 250], batch: 50, loss: 695.4360057344092
Epoch: [203 | 250], batch: 10, loss: 694.7258549763183
Epoch: [203 | 250], batch: 20, loss: 694.2974850872539
Epoch: [203 | 250], batch: 30, loss: 693.8661353583549
Epoch: [203 | 250], batch: 40, loss: 693.4492653065188
Epoch: [203 | 250], batch: 50, loss: 693.0349035420734
Epoch: [204 | 250], batch: 10, loss: 692.3552027949867
Epoch: [204 | 250], batch: 20, loss: 691.9606386641077
Epoch: [204 | 250], batch: 30, loss: 691.5629944823418
Epoch: [204 | 250], batch: 40, loss: 691.1590423314091
Epoch: [204 | 250], batch: 50, loss: 690.7514292898788
Epoch: [205 | 250], batch: 10, loss: 690.0739882844443
Epoch: [205 | 250], batch: 20, loss: 689.6679653066132
Epoch: [205 | 250], batch: 30, loss: 689.2634847077944
Epoch: [205 | 250], batch: 40, loss: 688.8579146408886
Epoch: [205 | 250], batch: 50, loss: 688.4525337520998
Epoch: [206 | 250], batch: 10, loss: 687.7807005024506
Epoch: [206 | 250], batch: 20, loss: 687.3803560835047
Epoch: [206 | 250], batch: 30, loss: 686.9831617591184
Epoch: [206 | 250], batch: 40, loss: 686.5836037628242
Epoch: [206 | 250], batch: 50, loss: 686.1912660250201
Epoch: [207 | 250], batch: 10, loss: 685.544733663515
Epoch: [207 | 250], batch: 20, loss: 685.1549390764794
Epoch: [207 | 250], batch: 30, loss: 684.749329301283
Epoch: [207 | 250], batch: 40, loss: 684.3384252311719
Epoch: [207 | 250], batch: 50, loss: 683.9380483108786
Epoch: [208 | 250], batch: 10, loss: 683.2707508192035
Epoch: [208 | 250], batch: 20, loss: 682.8714999811002
Epoch: [208 | 250], batch: 30, loss: 682.4692380808692
Epoch: [208 | 250], batch: 40, loss: 682.0798354073661
Epoch: [208 | 250], batch: 50, loss: 681.6920435754364
Epoch: [209 | 250], batch: 10, loss: 681.0302681097434
Epoch: [209 | 250], batch: 20, loss: 680.6387172090311
Epoch: [209 | 250], batch: 30, loss: 680.2449767261919
Epoch: [209 | 250], batch: 40, loss: 679.8542316110712
Epoch: [209 | 250], batch: 50, loss: 679.4567849974737
Epoch: [210 | 250], batch: 10, loss: 678.7929282576273
Epoch: [210 | 250], batch: 20, loss: 678.4026103095856
Epoch: [210 | 250], batch: 30, loss: 678.0033755912563
Epoch: [210 | 250], batch: 40, loss: 677.6084463016693
Epoch: [210 | 250], batch: 50, loss: 677.2213314072211
Epoch: [211 | 250], batch: 10, loss: 676.5787255896105
Epoch: [211 | 250], batch: 20, loss: 676.1909038718061
Epoch: [211 | 250], batch: 30, loss: 675.8043225367181
Epoch: [211 | 250], batch: 40, loss: 675.4121902010144
Epoch: [211 | 250], batch: 50, loss: 675.0231968289256
Epoch: [212 | 250], batch: 10, loss: 674.3717839500638
Epoch: [212 | 250], batch: 20, loss: 673.9765942462016
Epoch: [212 | 250], batch: 30, loss: 673.5918191821951
Epoch: [212 | 250], batch: 40, loss: 673.2062568075772
Epoch: [212 | 250], batch: 50, loss: 672.8220323121737
Epoch: [213 | 250], batch: 10, loss: 672.1674275128521
Epoch: [213 | 250], batch: 20, loss: 671.7756385466787
Epoch: [213 | 250], batch: 30, loss: 671.3864052029079
Epoch: [213 | 250], batch: 40, loss: 671.0013148883874
Epoch: [213 | 250], batch: 50, loss: 670.6234112556625
Epoch: [214 | 250], batch: 10, loss: 669.9850865041242
Epoch: [214 | 250], batch: 20, loss: 669.608120893114
Epoch: [214 | 250], batch: 30, loss: 669.2289447072847
Epoch: [214 | 250], batch: 40, loss: 668.8489803119153
Epoch: [214 | 250], batch: 50, loss: 668.473307120069
Epoch: [215 | 250], batch: 10, loss: 667.8381703353377
Epoch: [215 | 250], batch: 20, loss: 667.4544774925876
Epoch: [215 | 250], batch: 30, loss: 667.0760925247822
Epoch: [215 | 250], batch: 40, loss: 666.7064840794471
Epoch: [215 | 250], batch: 50, loss: 666.3356256197782
Epoch: [216 | 250], batch: 10, loss: 665.6949897730638
Epoch: [216 | 250], batch: 20, loss: 665.3222481903208
Epoch: [216 | 250], batch: 30, loss: 664.9505275271755
Epoch: [216 | 250], batch: 40, loss: 664.5858369547334
Epoch: [216 | 250], batch: 50, loss: 664.210689454497
Epoch: [217 | 250], batch: 10, loss: 663.5813861320247
Epoch: [217 | 250], batch: 20, loss: 663.2051373558519
Epoch: [217 | 250], batch: 30, loss: 662.8299731369904
Epoch: [217 | 250], batch: 40, loss: 662.4624840612668
Epoch: [217 | 250], batch: 50, loss: 662.0986271425479
Epoch: [218 | 250], batch: 10, loss: 661.4877064803607
Epoch: [218 | 250], batch: 20, loss: 661.1254031466714
Epoch: [218 | 250], batch: 30, loss: 660.7591319912634
Epoch: [218 | 250], batch: 40, loss: 660.3873628546164
Epoch: [218 | 250], batch: 50, loss: 660.015742301012
Epoch: [219 | 250], batch: 10, loss: 659.3909703395767
Epoch: [219 | 250], batch: 20, loss: 659.0168581821382
Epoch: [219 | 250], batch: 30, loss: 658.6468880235878
Epoch: [219 | 250], batch: 40, loss: 658.2758195020505
Epoch: [219 | 250], batch: 50, loss: 657.9065668268719
Epoch: [220 | 250], batch: 10, loss: 657.2941413729167
Epoch: [220 | 250], batch: 20, loss: 656.9228211020006
Epoch: [220 | 250], batch: 30, loss: 656.5604958460158
Epoch: [220 | 250], batch: 40, loss: 656.1971586775943
Epoch: [220 | 250], batch: 50, loss: 655.8327939983045
Epoch: [221 | 250], batch: 10, loss: 655.2248509617093
Epoch: [221 | 250], batch: 20, loss: 654.8596660365749
Epoch: [221 | 250], batch: 30, loss: 654.5030802467895
Epoch: [221 | 250], batch: 40, loss: 654.1396994470559
Epoch: [221 | 250], batch: 50, loss: 653.776577905623
Epoch: [222 | 250], batch: 10, loss: 653.164518100336
Epoch: [222 | 250], batch: 20, loss: 652.8012113041696
Epoch: [222 | 250], batch: 30, loss: 652.4363828721199
Epoch: [222 | 250], batch: 40, loss: 652.0757761726244
Epoch: [222 | 250], batch: 50, loss: 651.7109659273652
Epoch: [223 | 250], batch: 10, loss: 651.1002385397481
Epoch: [223 | 250], batch: 20, loss: 650.734641740012
Epoch: [223 | 250], batch: 30, loss: 650.3782055682997
Epoch: [223 | 250], batch: 40, loss: 650.036540266823
Epoch: [223 | 250], batch: 50, loss: 649.6882301871569
Epoch: [224 | 250], batch: 10, loss: 649.0903755831773
Epoch: [224 | 250], batch: 20, loss: 648.7338427446725
Epoch: [224 | 250], batch: 30, loss: 648.3926092274666
Epoch: [224 | 250], batch: 40, loss: 648.0399621263186
Epoch: [224 | 250], batch: 50, loss: 647.6867606612716
Epoch: [225 | 250], batch: 10, loss: 647.0866649176235
Epoch: [225 | 250], batch: 20, loss: 646.733320014552
Epoch: [225 | 250], batch: 30, loss: 646.3817967194161
Epoch: [225 | 250], batch: 40, loss: 646.0302603224688
Epoch: [225 | 250], batch: 50, loss: 645.6879930727434
Epoch: [226 | 250], batch: 10, loss: 645.1023348584326
Epoch: [226 | 250], batch: 20, loss: 644.7456743728793
Epoch: [226 | 250], batch: 30, loss: 644.397213222179
Epoch: [226 | 250], batch: 40, loss: 644.0559141570459
Epoch: [226 | 250], batch: 50, loss: 643.7240315802871
Epoch: [227 | 250], batch: 10, loss: 643.1513057272247
Epoch: [227 | 250], batch: 20, loss: 642.8087521365006
Epoch: [227 | 250], batch: 30, loss: 642.4681759963082
Epoch: [227 | 250], batch: 40, loss: 642.1255737501476
Epoch: [227 | 250], batch: 50, loss: 641.7871072378647
Epoch: [228 | 250], batch: 10, loss: 641.2061684675891
Epoch: [228 | 250], batch: 20, loss: 640.8665728280719
Epoch: [228 | 250], batch: 30, loss: 640.5199077106425
Epoch: [228 | 250], batch: 40, loss: 640.1715387701258
Epoch: [228 | 250], batch: 50, loss: 639.8291923593641
Epoch: [229 | 250], batch: 10, loss: 639.2466283101298
Epoch: [229 | 250], batch: 20, loss: 638.8959913831181
Epoch: [229 | 250], batch: 30, loss: 638.5551361953369
Epoch: [229 | 250], batch: 40, loss: 638.2112497489144
Epoch: [229 | 250], batch: 50, loss: 637.8745870607505
Epoch: [230 | 250], batch: 10, loss: 637.2909502840494
Epoch: [230 | 250], batch: 20, loss: 636.9458454994932
Epoch: [230 | 250], batch: 30, loss: 636.6084830990515
Epoch: [230 | 250], batch: 40, loss: 636.2669914278637
Epoch: [230 | 250], batch: 50, loss: 635.922461920259
Epoch: [231 | 250], batch: 10, loss: 635.3434574009732
Epoch: [231 | 250], batch: 20, loss: 634.9976482619409
Epoch: [231 | 250], batch: 30, loss: 634.6612503700909
Epoch: [231 | 250], batch: 40, loss: 634.3322189781272
Epoch: [231 | 250], batch: 50, loss: 633.9957523991425
Epoch: [232 | 250], batch: 10, loss: 633.4250754823832
Epoch: [232 | 250], batch: 20, loss: 633.08117830086
Epoch: [232 | 250], batch: 30, loss: 632.744130155078
Epoch: [232 | 250], batch: 40, loss: 632.4046400499575
Epoch: [232 | 250], batch: 50, loss: 632.0651271224509
Epoch: [233 | 250], batch: 10, loss: 631.5058398848844
Epoch: [233 | 250], batch: 20, loss: 631.1714255026383
Epoch: [233 | 250], batch: 30, loss: 630.8400811321875
Epoch: [233 | 250], batch: 40, loss: 630.514060001703
Epoch: [233 | 250], batch: 50, loss: 630.1851746949704
Epoch: [234 | 250], batch: 10, loss: 629.6287725996159
Epoch: [234 | 250], batch: 20, loss: 629.3052401887255
Epoch: [234 | 250], batch: 30, loss: 628.9813198405424
Epoch: [234 | 250], batch: 40, loss: 628.657924716802
Epoch: [234 | 250], batch: 50, loss: 628.328245641136
Epoch: [235 | 250], batch: 10, loss: 627.783455819986
Epoch: [235 | 250], batch: 20, loss: 627.4533396206009
Epoch: [235 | 250], batch: 30, loss: 627.1218722610498
Epoch: [235 | 250], batch: 40, loss: 626.7978401954374
Epoch: [235 | 250], batch: 50, loss: 626.4757528573926
Epoch: [236 | 250], batch: 10, loss: 625.9196332148115
Epoch: [236 | 250], batch: 20, loss: 625.5957042580659
Epoch: [236 | 250], batch: 30, loss: 625.2635008055848
Epoch: [236 | 250], batch: 40, loss: 624.9413246481454
Epoch: [236 | 250], batch: 50, loss: 624.6204153692964
Epoch: [237 | 250], batch: 10, loss: 624.0785660622452
Epoch: [237 | 250], batch: 20, loss: 623.7542661920372
Epoch: [237 | 250], batch: 30, loss: 623.4372593828386
Epoch: [237 | 250], batch: 40, loss: 623.1188950380737
Epoch: [237 | 250], batch: 50, loss: 622.8007290672989
Epoch: [238 | 250], batch: 10, loss: 622.2585576202873
Epoch: [238 | 250], batch: 20, loss: 621.9390138842521
Epoch: [238 | 250], batch: 30, loss: 621.6252957625866
Epoch: [238 | 250], batch: 40, loss: 621.3116621869228
Epoch: [238 | 250], batch: 50, loss: 620.9931974188113
Epoch: [239 | 250], batch: 10, loss: 620.4614537998292
Epoch: [239 | 250], batch: 20, loss: 620.1463929998696
Epoch: [239 | 250], batch: 30, loss: 619.8349336965748
Epoch: [239 | 250], batch: 40, loss: 619.5208182086137
Epoch: [239 | 250], batch: 50, loss: 619.2038534560851
Epoch: [240 | 250], batch: 10, loss: 618.665535570017
Epoch: [240 | 250], batch: 20, loss: 618.3515365004828
Epoch: [240 | 250], batch: 30, loss: 618.0353899016158
Epoch: [240 | 250], batch: 40, loss: 617.7134464708798
Epoch: [240 | 250], batch: 50, loss: 617.3948900197375
Epoch: [241 | 250], batch: 10, loss: 616.8712710190554
Epoch: [241 | 250], batch: 20, loss: 616.5590177071363
Epoch: [241 | 250], batch: 30, loss: 616.2439127751195
Epoch: [241 | 250], batch: 40, loss: 615.9277183656602
Epoch: [241 | 250], batch: 50, loss: 615.614137285677
Epoch: [242 | 250], batch: 10, loss: 615.0862593630949
Epoch: [242 | 250], batch: 20, loss: 614.7751493275052
Epoch: [242 | 250], batch: 30, loss: 614.4648378242604
Epoch: [242 | 250], batch: 40, loss: 614.1600886751567
Epoch: [242 | 250], batch: 50, loss: 613.8500351198251
Epoch: [243 | 250], batch: 10, loss: 613.3369187593211
Epoch: [243 | 250], batch: 20, loss: 613.0288969231768
Epoch: [243 | 250], batch: 30, loss: 612.7145274677802
Epoch: [243 | 250], batch: 40, loss: 612.410435743137
Epoch: [243 | 250], batch: 50, loss: 612.1056801425722
Epoch: [244 | 250], batch: 10, loss: 611.5776333311417
Epoch: [244 | 250], batch: 20, loss: 611.2635279275357
Epoch: [244 | 250], batch: 30, loss: 610.9565698341935
Epoch: [244 | 250], batch: 40, loss: 610.643753569335
Epoch: [244 | 250], batch: 50, loss: 610.3297569804462
Epoch: [245 | 250], batch: 10, loss: 609.8175790558857
Epoch: [245 | 250], batch: 20, loss: 609.517228590491
Epoch: [245 | 250], batch: 30, loss: 609.211877351211
Epoch: [245 | 250], batch: 40, loss: 608.9092930880538
Epoch: [245 | 250], batch: 50, loss: 608.6242359953756
Epoch: [246 | 250], batch: 10, loss: 608.1161405073083
Epoch: [246 | 250], batch: 20, loss: 607.8144512410972
Epoch: [246 | 250], batch: 30, loss: 607.5181370347003
Epoch: [246 | 250], batch: 40, loss: 607.215364640353
Epoch: [246 | 250], batch: 50, loss: 606.909325448928
Epoch: [247 | 250], batch: 10, loss: 606.3955406655298
Epoch: [247 | 250], batch: 20, loss: 606.0992317975009
Epoch: [247 | 250], batch: 30, loss: 605.7970495869928
Epoch: [247 | 250], batch: 40, loss: 605.4942774414052
Epoch: [247 | 250], batch: 50, loss: 605.1961701990208
Epoch: [248 | 250], batch: 10, loss: 604.6906735510341
Epoch: [248 | 250], batch: 20, loss: 604.3942908115158
Epoch: [248 | 250], batch: 30, loss: 604.0916582752701
Epoch: [248 | 250], batch: 40, loss: 603.790853574419
Epoch: [248 | 250], batch: 50, loss: 603.4909664386993
Epoch: [249 | 250], batch: 10, loss: 602.9807153669136
Epoch: [249 | 250], batch: 20, loss: 602.6771794160666
Epoch: [249 | 250], batch: 30, loss: 602.3729687171044
Epoch: [249 | 250], batch: 40, loss: 602.077501622761
Epoch: [249 | 250], batch: 50, loss: 601.77857980198
Epoch: [250 | 250], batch: 10, loss: 601.2758790219984
Epoch: [250 | 250], batch: 20, loss: 600.9716225960775
Epoch: [250 | 250], batch: 30, loss: 600.669017184994
Epoch: [250 | 250], batch: 40, loss: 600.3671655943866
Epoch: [250 | 250], batch: 50, loss: 600.0670465069347
2024-02-11 10:43:56.204689: I tensorflow/core/platform/cpu_feature_guard.cc:140] Your CPU supports instructions that this TensorFlow binary was not compiled to use: AVX2 FMA
2024-02-11 10:43:56.208139: I tensorflow/core/common_runtime/gpu/gpu_device.cc:1356] Found device 0 with properties: 
name: Tesla K80 major: 3 minor: 7 memoryClockRate(GHz): 0.8235
pciBusID: 0000:06:00.0
totalMemory: 11.17GiB freeMemory: 9.94GiB
2024-02-11 10:43:56.208171: I tensorflow/core/common_runtime/gpu/gpu_device.cc:1435] Adding visible gpu devices: 0
2024-02-11 10:43:56.418997: I tensorflow/core/common_runtime/gpu/gpu_device.cc:923] Device interconnect StreamExecutor with strength 1 edge matrix:
2024-02-11 10:43:56.419060: I tensorflow/core/common_runtime/gpu/gpu_device.cc:929]      0 
2024-02-11 10:43:56.419074: I tensorflow/core/common_runtime/gpu/gpu_device.cc:942] 0:   N 
2024-02-11 10:43:56.419193: I tensorflow/core/common_runtime/gpu/gpu_device.cc:1053] Created TensorFlow device (/job:localhost/replica:0/task:0/device:GPU:0 with 9630 MB memory) -> physical GPU (device: 0, name: Tesla K80, pci bus id: 0000:06:00.0, compute capability: 3.7)
2024-02-11 10:44:05.167857: I tensorflow/core/kernels/cuda_solvers.cc:159] Creating CudaSolver handles for stream 0x562b29c6d0d0
Train on 7266 samples, validate on 7266 samples
Epoch 1/200

1024/7266 [===>..........................] - ETA: 33s - loss: 10.9409 - reconstruction_loss: 1.1556 - energy_loss: 0.1265
2048/7266 [=======>......................] - ETA: 14s - loss: 9.0254 - reconstruction_loss: 1.1539 - energy_loss: 0.1413 
3072/7266 [===========>..................] - ETA: 8s - loss: 7.6985 - reconstruction_loss: 1.1515 - energy_loss: 0.1630 
4096/7266 [===============>..............] - ETA: 4s - loss: 6.8642 - reconstruction_loss: 1.1500 - energy_loss: 0.1794
5120/7266 [====================>.........] - ETA: 2s - loss: 6.2412 - reconstruction_loss: 1.1489 - energy_loss: 0.1972
6144/7266 [========================>.....] - ETA: 1s - loss: 5.7571 - reconstruction_loss: 1.1474 - energy_loss: 0.2127
7168/7266 [============================>.] - ETA: 0s - loss: 5.3802 - reconstruction_loss: 1.1463 - energy_loss: 0.2274
7266/7266 [==============================] - 8s 1ms/step - loss: 5.3461 - reconstruction_loss: 1.1462 - energy_loss: 0.2284 - val_loss: 3.7543 - val_reconstruction_loss: 1.3995 - val_energy_loss: 0.4635
Epoch 2/200

1024/7266 [===>..........................] - ETA: 1s - loss: 2.7475 - reconstruction_loss: 1.1311 - energy_loss: 0.3421
2048/7266 [=======>......................] - ETA: 1s - loss: 2.7075 - reconstruction_loss: 1.1304 - energy_loss: 0.3522
3072/7266 [===========>..................] - ETA: 0s - loss: 2.6510 - reconstruction_loss: 1.1296 - energy_loss: 0.3645
4096/7266 [===============>..............] - ETA: 0s - loss: 2.6263 - reconstruction_loss: 1.1297 - energy_loss: 0.3688
5120/7266 [====================>.........] - ETA: 0s - loss: 2.5931 - reconstruction_loss: 1.1278 - energy_loss: 0.3730
6144/7266 [========================>.....] - ETA: 0s - loss: 2.5613 - reconstruction_loss: 1.1265 - energy_loss: 0.3781
7168/7266 [============================>.] - ETA: 0s - loss: 2.5327 - reconstruction_loss: 1.1258 - energy_loss: 0.3828
7266/7266 [==============================] - 2s 301us/step - loss: 2.5303 - reconstruction_loss: 1.1256 - energy_loss: 0.3829 - val_loss: 2.9414 - val_reconstruction_loss: 1.4504 - val_energy_loss: 0.5351
Epoch 3/200

1024/7266 [===>..........................] - ETA: 1s - loss: 2.2854 - reconstruction_loss: 1.1099 - energy_loss: 0.4169
2048/7266 [=======>......................] - ETA: 1s - loss: 2.2717 - reconstruction_loss: 1.1093 - energy_loss: 0.4225
3072/7266 [===========>..................] - ETA: 0s - loss: 2.2630 - reconstruction_loss: 1.1091 - energy_loss: 0.4221
4096/7266 [===============>..............] - ETA: 0s - loss: 2.2443 - reconstruction_loss: 1.1077 - energy_loss: 0.4227
5120/7266 [====================>.........] - ETA: 0s - loss: 2.2319 - reconstruction_loss: 1.1068 - energy_loss: 0.4239
6144/7266 [========================>.....] - ETA: 0s - loss: 2.2216 - reconstruction_loss: 1.1063 - energy_loss: 0.4241
7168/7266 [============================>.] - ETA: 0s - loss: 2.2127 - reconstruction_loss: 1.1053 - energy_loss: 0.4261
7266/7266 [==============================] - 2s 302us/step - loss: 2.2115 - reconstruction_loss: 1.1052 - energy_loss: 0.4258 - val_loss: 2.6491 - val_reconstruction_loss: 1.4277 - val_energy_loss: 0.5580
Epoch 4/200

1024/7266 [===>..........................] - ETA: 1s - loss: 2.1369 - reconstruction_loss: 1.0978 - energy_loss: 0.4455
2048/7266 [=======>......................] - ETA: 1s - loss: 2.1224 - reconstruction_loss: 1.0913 - energy_loss: 0.4429
3072/7266 [===========>..................] - ETA: 0s - loss: 2.1131 - reconstruction_loss: 1.0904 - energy_loss: 0.4406
4096/7266 [===============>..............] - ETA: 0s - loss: 2.1079 - reconstruction_loss: 1.0906 - energy_loss: 0.4397
5120/7266 [====================>.........] - ETA: 0s - loss: 2.1058 - reconstruction_loss: 1.0899 - energy_loss: 0.4385
6144/7266 [========================>.....] - ETA: 0s - loss: 2.0988 - reconstruction_loss: 1.0892 - energy_loss: 0.4382
7168/7266 [============================>.] - ETA: 0s - loss: 2.0923 - reconstruction_loss: 1.0881 - energy_loss: 0.4384
7266/7266 [==============================] - 2s 302us/step - loss: 2.0912 - reconstruction_loss: 1.0879 - energy_loss: 0.4379 - val_loss: 2.4942 - val_reconstruction_loss: 1.3918 - val_energy_loss: 0.5417
Epoch 5/200

1024/7266 [===>..........................] - ETA: 1s - loss: 2.0449 - reconstruction_loss: 1.0760 - energy_loss: 0.4342
2048/7266 [=======>......................] - ETA: 1s - loss: 2.0430 - reconstruction_loss: 1.0764 - energy_loss: 0.4391
3072/7266 [===========>..................] - ETA: 0s - loss: 2.0372 - reconstruction_loss: 1.0761 - energy_loss: 0.4398
4096/7266 [===============>..............] - ETA: 0s - loss: 2.0305 - reconstruction_loss: 1.0745 - energy_loss: 0.4389
5120/7266 [====================>.........] - ETA: 0s - loss: 2.0245 - reconstruction_loss: 1.0735 - energy_loss: 0.4362
6144/7266 [========================>.....] - ETA: 0s - loss: 2.0198 - reconstruction_loss: 1.0724 - energy_loss: 0.4348
7168/7266 [============================>.] - ETA: 0s - loss: 2.0175 - reconstruction_loss: 1.0719 - energy_loss: 0.4348
7266/7266 [==============================] - 2s 301us/step - loss: 2.0176 - reconstruction_loss: 1.0719 - energy_loss: 0.4344 - val_loss: 2.3864 - val_reconstruction_loss: 1.3495 - val_energy_loss: 0.5268
Epoch 6/200

1024/7266 [===>..........................] - ETA: 1s - loss: 1.9641 - reconstruction_loss: 1.0587 - energy_loss: 0.4252
2048/7266 [=======>......................] - ETA: 1s - loss: 1.9732 - reconstruction_loss: 1.0612 - energy_loss: 0.4283
3072/7266 [===========>..................] - ETA: 0s - loss: 1.9736 - reconstruction_loss: 1.0585 - energy_loss: 0.4286
4096/7266 [===============>..............] - ETA: 0s - loss: 1.9688 - reconstruction_loss: 1.0588 - energy_loss: 0.4279
5120/7266 [====================>.........] - ETA: 0s - loss: 1.9600 - reconstruction_loss: 1.0571 - energy_loss: 0.4248
6144/7266 [========================>.....] - ETA: 0s - loss: 1.9590 - reconstruction_loss: 1.0572 - energy_loss: 0.4243
7168/7266 [============================>.] - ETA: 0s - loss: 1.9546 - reconstruction_loss: 1.0557 - energy_loss: 0.4221
7266/7266 [==============================] - 2s 301us/step - loss: 1.9535 - reconstruction_loss: 1.0552 - energy_loss: 0.4211 - val_loss: 2.3372 - val_reconstruction_loss: 1.3194 - val_energy_loss: 0.5264
Epoch 7/200

1024/7266 [===>..........................] - ETA: 1s - loss: 1.9369 - reconstruction_loss: 1.0416 - energy_loss: 0.4056
2048/7266 [=======>......................] - ETA: 1s - loss: 1.9233 - reconstruction_loss: 1.0445 - energy_loss: 0.4104
3072/7266 [===========>..................] - ETA: 0s - loss: 1.9146 - reconstruction_loss: 1.0413 - energy_loss: 0.4065
4096/7266 [===============>..............] - ETA: 0s - loss: 1.9096 - reconstruction_loss: 1.0418 - energy_loss: 0.4034
5120/7266 [====================>.........] - ETA: 0s - loss: 1.9050 - reconstruction_loss: 1.0398 - energy_loss: 0.4033
6144/7266 [========================>.....] - ETA: 0s - loss: 1.9009 - reconstruction_loss: 1.0387 - energy_loss: 0.4033
7168/7266 [============================>.] - ETA: 0s - loss: 1.8952 - reconstruction_loss: 1.0369 - energy_loss: 0.4040
7266/7266 [==============================] - 2s 302us/step - loss: 1.8935 - reconstruction_loss: 1.0368 - energy_loss: 0.4031 - val_loss: 2.3252 - val_reconstruction_loss: 1.3004 - val_energy_loss: 0.5353
Epoch 8/200

1024/7266 [===>..........................] - ETA: 1s - loss: 1.8521 - reconstruction_loss: 1.0226 - energy_loss: 0.3867
2048/7266 [=======>......................] - ETA: 1s - loss: 1.8398 - reconstruction_loss: 1.0197 - energy_loss: 0.3806
3072/7266 [===========>..................] - ETA: 0s - loss: 1.8414 - reconstruction_loss: 1.0204 - energy_loss: 0.3827
4096/7266 [===============>..............] - ETA: 0s - loss: 1.8401 - reconstruction_loss: 1.0195 - energy_loss: 0.3826
5120/7266 [====================>.........] - ETA: 0s - loss: 1.8369 - reconstruction_loss: 1.0178 - energy_loss: 0.3833
6144/7266 [========================>.....] - ETA: 0s - loss: 1.8348 - reconstruction_loss: 1.0170 - energy_loss: 0.3849
7168/7266 [============================>.] - ETA: 0s - loss: 1.8348 - reconstruction_loss: 1.0169 - energy_loss: 0.3846
7266/7266 [==============================] - 2s 302us/step - loss: 1.8336 - reconstruction_loss: 1.0164 - energy_loss: 0.3842 - val_loss: 2.2738 - val_reconstruction_loss: 1.2884 - val_energy_loss: 0.4925
Epoch 9/200

1024/7266 [===>..........................] - ETA: 1s - loss: 1.8001 - reconstruction_loss: 1.0041 - energy_loss: 0.3713
2048/7266 [=======>......................] - ETA: 1s - loss: 1.7969 - reconstruction_loss: 1.0027 - energy_loss: 0.3675
3072/7266 [===========>..................] - ETA: 0s - loss: 1.7902 - reconstruction_loss: 1.0005 - energy_loss: 0.3661
4096/7266 [===============>..............] - ETA: 0s - loss: 1.7846 - reconstruction_loss: 0.9981 - energy_loss: 0.3638
5120/7266 [====================>.........] - ETA: 0s - loss: 1.7794 - reconstruction_loss: 0.9967 - energy_loss: 0.3610
6144/7266 [========================>.....] - ETA: 0s - loss: 1.7775 - reconstruction_loss: 0.9956 - energy_loss: 0.3629
7168/7266 [============================>.] - ETA: 0s - loss: 1.7752 - reconstruction_loss: 0.9948 - energy_loss: 0.3628
7266/7266 [==============================] - 2s 301us/step - loss: 1.7748 - reconstruction_loss: 0.9944 - energy_loss: 0.3622 - val_loss: 2.2337 - val_reconstruction_loss: 1.2785 - val_energy_loss: 0.4659
Epoch 10/200

1024/7266 [===>..........................] - ETA: 1s - loss: 1.7363 - reconstruction_loss: 0.9812 - energy_loss: 0.3392
2048/7266 [=======>......................] - ETA: 1s - loss: 1.7307 - reconstruction_loss: 0.9803 - energy_loss: 0.3378
3072/7266 [===========>..................] - ETA: 0s - loss: 1.7283 - reconstruction_loss: 0.9780 - energy_loss: 0.3402
4096/7266 [===============>..............] - ETA: 0s - loss: 1.7265 - reconstruction_loss: 0.9759 - energy_loss: 0.3418
5120/7266 [====================>.........] - ETA: 0s - loss: 1.7252 - reconstruction_loss: 0.9762 - energy_loss: 0.3433
6144/7266 [========================>.....] - ETA: 0s - loss: 1.7209 - reconstruction_loss: 0.9749 - energy_loss: 0.3429
7168/7266 [============================>.] - ETA: 0s - loss: 1.7168 - reconstruction_loss: 0.9732 - energy_loss: 0.3404
7266/7266 [==============================] - 2s 303us/step - loss: 1.7157 - reconstruction_loss: 0.9728 - energy_loss: 0.3399 - val_loss: 2.2047 - val_reconstruction_loss: 1.2581 - val_energy_loss: 0.4707
Epoch 11/200

1024/7266 [===>..........................] - ETA: 1s - loss: 1.6901 - reconstruction_loss: 0.9587 - energy_loss: 0.3336
2048/7266 [=======>......................] - ETA: 1s - loss: 1.6831 - reconstruction_loss: 0.9596 - energy_loss: 0.3247
3072/7266 [===========>..................] - ETA: 0s - loss: 1.6800 - reconstruction_loss: 0.9601 - energy_loss: 0.3251
4096/7266 [===============>..............] - ETA: 0s - loss: 1.6733 - reconstruction_loss: 0.9594 - energy_loss: 0.3221
5120/7266 [====================>.........] - ETA: 0s - loss: 1.6672 - reconstruction_loss: 0.9562 - energy_loss: 0.3201
6144/7266 [========================>.....] - ETA: 0s - loss: 1.6622 - reconstruction_loss: 0.9529 - energy_loss: 0.3178
7168/7266 [============================>.] - ETA: 0s - loss: 1.6588 - reconstruction_loss: 0.9517 - energy_loss: 0.3171
7266/7266 [==============================] - 2s 302us/step - loss: 1.6577 - reconstruction_loss: 0.9512 - energy_loss: 0.3165 - val_loss: 2.2344 - val_reconstruction_loss: 1.2357 - val_energy_loss: 0.5409
Epoch 12/200

1024/7266 [===>..........................] - ETA: 1s - loss: 1.6122 - reconstruction_loss: 0.9384 - energy_loss: 0.2980
2048/7266 [=======>......................] - ETA: 1s - loss: 1.6231 - reconstruction_loss: 0.9382 - energy_loss: 0.3000
3072/7266 [===========>..................] - ETA: 0s - loss: 1.6178 - reconstruction_loss: 0.9357 - energy_loss: 0.2989
4096/7266 [===============>..............] - ETA: 0s - loss: 1.6129 - reconstruction_loss: 0.9336 - energy_loss: 0.2988
5120/7266 [====================>.........] - ETA: 0s - loss: 1.6078 - reconstruction_loss: 0.9312 - energy_loss: 0.2953
6144/7266 [========================>.....] - ETA: 0s - loss: 1.6045 - reconstruction_loss: 0.9309 - energy_loss: 0.2945
7168/7266 [============================>.] - ETA: 0s - loss: 1.6006 - reconstruction_loss: 0.9299 - energy_loss: 0.2922
7266/7266 [==============================] - 2s 303us/step - loss: 1.6002 - reconstruction_loss: 0.9298 - energy_loss: 0.2918 - val_loss: 2.1113 - val_reconstruction_loss: 1.2131 - val_energy_loss: 0.4602
Epoch 13/200

1024/7266 [===>..........................] - ETA: 1s - loss: 1.5602 - reconstruction_loss: 0.9119 - energy_loss: 0.2680
2048/7266 [=======>......................] - ETA: 1s - loss: 1.5516 - reconstruction_loss: 0.9124 - energy_loss: 0.2653
3072/7266 [===========>..................] - ETA: 0s - loss: 1.5544 - reconstruction_loss: 0.9146 - energy_loss: 0.2696
4096/7266 [===============>..............] - ETA: 0s - loss: 1.5537 - reconstruction_loss: 0.9140 - energy_loss: 0.2704
5120/7266 [====================>.........] - ETA: 0s - loss: 1.5532 - reconstruction_loss: 0.9125 - energy_loss: 0.2723
6144/7266 [========================>.....] - ETA: 0s - loss: 1.5475 - reconstruction_loss: 0.9108 - energy_loss: 0.2680
7168/7266 [============================>.] - ETA: 0s - loss: 1.5440 - reconstruction_loss: 0.9090 - energy_loss: 0.2659
7266/7266 [==============================] - 2s 300us/step - loss: 1.5431 - reconstruction_loss: 0.9087 - energy_loss: 0.2652 - val_loss: 2.0444 - val_reconstruction_loss: 1.1866 - val_energy_loss: 0.4404
Epoch 14/200

1024/7266 [===>..........................] - ETA: 1s - loss: 1.5074 - reconstruction_loss: 0.8889 - energy_loss: 0.2405
2048/7266 [=======>......................] - ETA: 1s - loss: 1.5032 - reconstruction_loss: 0.8931 - energy_loss: 0.2439
3072/7266 [===========>..................] - ETA: 0s - loss: 1.4979 - reconstruction_loss: 0.8936 - energy_loss: 0.2437
4096/7266 [===============>..............] - ETA: 0s - loss: 1.4973 - reconstruction_loss: 0.8925 - energy_loss: 0.2451
5120/7266 [====================>.........] - ETA: 0s - loss: 1.4924 - reconstruction_loss: 0.8908 - energy_loss: 0.2441
6144/7266 [========================>.....] - ETA: 0s - loss: 1.4896 - reconstruction_loss: 0.8902 - energy_loss: 0.2427
7168/7266 [============================>.] - ETA: 0s - loss: 1.4852 - reconstruction_loss: 0.8888 - energy_loss: 0.2406
7266/7266 [==============================] - 2s 303us/step - loss: 1.4851 - reconstruction_loss: 0.8886 - energy_loss: 0.2398 - val_loss: 1.9782 - val_reconstruction_loss: 1.1741 - val_energy_loss: 0.4013
Epoch 15/200

1024/7266 [===>..........................] - ETA: 1s - loss: 1.4472 - reconstruction_loss: 0.8759 - energy_loss: 0.2229
2048/7266 [=======>......................] - ETA: 1s - loss: 1.4431 - reconstruction_loss: 0.8763 - energy_loss: 0.2206
3072/7266 [===========>..................] - ETA: 0s - loss: 1.4350 - reconstruction_loss: 0.8755 - energy_loss: 0.2154
4096/7266 [===============>..............] - ETA: 0s - loss: 1.4336 - reconstruction_loss: 0.8736 - energy_loss: 0.2128
5120/7266 [====================>.........] - ETA: 0s - loss: 1.4303 - reconstruction_loss: 0.8723 - energy_loss: 0.2109
6144/7266 [========================>.....] - ETA: 0s - loss: 1.4260 - reconstruction_loss: 0.8709 - energy_loss: 0.2085
7168/7266 [============================>.] - ETA: 0s - loss: 1.4247 - reconstruction_loss: 0.8689 - energy_loss: 0.2077
7266/7266 [==============================] - 2s 302us/step - loss: 1.4239 - reconstruction_loss: 0.8687 - energy_loss: 0.2068 - val_loss: 2.0169 - val_reconstruction_loss: 1.1617 - val_energy_loss: 0.4669
Epoch 16/200

1024/7266 [===>..........................] - ETA: 1s - loss: 1.3900 - reconstruction_loss: 0.8552 - energy_loss: 0.1867
2048/7266 [=======>......................] - ETA: 1s - loss: 1.3803 - reconstruction_loss: 0.8545 - energy_loss: 0.1865
3072/7266 [===========>..................] - ETA: 0s - loss: 1.3729 - reconstruction_loss: 0.8533 - energy_loss: 0.1805
4096/7266 [===============>..............] - ETA: 0s - loss: 1.3734 - reconstruction_loss: 0.8536 - energy_loss: 0.1808
5120/7266 [====================>.........] - ETA: 0s - loss: 1.3688 - reconstruction_loss: 0.8528 - energy_loss: 0.1780
6144/7266 [========================>.....] - ETA: 0s - loss: 1.3641 - reconstruction_loss: 0.8511 - energy_loss: 0.1746
7168/7266 [============================>.] - ETA: 0s - loss: 1.3608 - reconstruction_loss: 0.8496 - energy_loss: 0.1724
7266/7266 [==============================] - 2s 302us/step - loss: 1.3598 - reconstruction_loss: 0.8494 - energy_loss: 0.1718 - val_loss: 2.0785 - val_reconstruction_loss: 1.1591 - val_energy_loss: 0.5354
Epoch 17/200

1024/7266 [===>..........................] - ETA: 1s - loss: 1.3212 - reconstruction_loss: 0.8369 - energy_loss: 0.1579
2048/7266 [=======>......................] - ETA: 1s - loss: 1.3172 - reconstruction_loss: 0.8355 - energy_loss: 0.1503
3072/7266 [===========>..................] - ETA: 0s - loss: 1.3107 - reconstruction_loss: 0.8363 - energy_loss: 0.1481
4096/7266 [===============>..............] - ETA: 0s - loss: 1.3036 - reconstruction_loss: 0.8354 - energy_loss: 0.1432
5120/7266 [====================>.........] - ETA: 0s - loss: 1.3006 - reconstruction_loss: 0.8331 - energy_loss: 0.1383
6144/7266 [========================>.....] - ETA: 0s - loss: 1.2981 - reconstruction_loss: 0.8327 - energy_loss: 0.1381
7168/7266 [============================>.] - ETA: 0s - loss: 1.2976 - reconstruction_loss: 0.8316 - energy_loss: 0.1377
7266/7266 [==============================] - 2s 302us/step - loss: 1.2964 - reconstruction_loss: 0.8314 - energy_loss: 0.1367 - val_loss: 2.0924 - val_reconstruction_loss: 1.1604 - val_energy_loss: 0.5476
Epoch 18/200

1024/7266 [===>..........................] - ETA: 1s - loss: 1.2576 - reconstruction_loss: 0.8205 - energy_loss: 0.1196
2048/7266 [=======>......................] - ETA: 1s - loss: 1.2498 - reconstruction_loss: 0.8161 - energy_loss: 0.1127
3072/7266 [===========>..................] - ETA: 0s - loss: 1.2497 - reconstruction_loss: 0.8179 - energy_loss: 0.1100
4096/7266 [===============>..............] - ETA: 0s - loss: 1.2487 - reconstruction_loss: 0.8166 - energy_loss: 0.1087
5120/7266 [====================>.........] - ETA: 0s - loss: 1.2436 - reconstruction_loss: 0.8173 - energy_loss: 0.1073
6144/7266 [========================>.....] - ETA: 0s - loss: 1.2414 - reconstruction_loss: 0.8155 - energy_loss: 0.1052
7168/7266 [============================>.] - ETA: 0s - loss: 1.2361 - reconstruction_loss: 0.8150 - energy_loss: 0.1022
7266/7266 [==============================] - 2s 303us/step - loss: 1.2348 - reconstruction_loss: 0.8150 - energy_loss: 0.1012 - val_loss: 2.1473 - val_reconstruction_loss: 1.1559 - val_energy_loss: 0.6029
Epoch 19/200

1024/7266 [===>..........................] - ETA: 1s - loss: 1.2001 - reconstruction_loss: 0.8071 - energy_loss: 0.0801
2048/7266 [=======>......................] - ETA: 1s - loss: 1.1951 - reconstruction_loss: 0.8045 - energy_loss: 0.0761
3072/7266 [===========>..................] - ETA: 0s - loss: 1.1904 - reconstruction_loss: 0.8034 - energy_loss: 0.0747
4096/7266 [===============>..............] - ETA: 0s - loss: 1.1898 - reconstruction_loss: 0.8011 - energy_loss: 0.0746
5120/7266 [====================>.........] - ETA: 0s - loss: 1.1871 - reconstruction_loss: 0.8006 - energy_loss: 0.0737
6144/7266 [========================>.....] - ETA: 0s - loss: 1.1817 - reconstruction_loss: 0.8011 - energy_loss: 0.0710
7168/7266 [============================>.] - ETA: 0s - loss: 1.1769 - reconstruction_loss: 0.8000 - energy_loss: 0.0677
7266/7266 [==============================] - 2s 302us/step - loss: 1.1765 - reconstruction_loss: 0.8000 - energy_loss: 0.0672 - val_loss: 2.0286 - val_reconstruction_loss: 1.1265 - val_energy_loss: 0.5241
Epoch 20/200

1024/7266 [===>..........................] - ETA: 1s - loss: 1.1537 - reconstruction_loss: 0.7880 - energy_loss: 0.0602
2048/7266 [=======>......................] - ETA: 1s - loss: 1.1379 - reconstruction_loss: 0.7900 - energy_loss: 0.0468
3072/7266 [===========>..................] - ETA: 0s - loss: 1.1359 - reconstruction_loss: 0.7894 - energy_loss: 0.0441
4096/7266 [===============>..............] - ETA: 0s - loss: 1.1346 - reconstruction_loss: 0.7872 - energy_loss: 0.0407
5120/7266 [====================>.........] - ETA: 0s - loss: 1.1292 - reconstruction_loss: 0.7869 - energy_loss: 0.0363
6144/7266 [========================>.....] - ETA: 0s - loss: 1.1264 - reconstruction_loss: 0.7869 - energy_loss: 0.0350
7168/7266 [============================>.] - ETA: 0s - loss: 1.1235 - reconstruction_loss: 0.7861 - energy_loss: 0.0325
7266/7266 [==============================] - 2s 302us/step - loss: 1.1223 - reconstruction_loss: 0.7863 - energy_loss: 0.0316 - val_loss: 2.0915 - val_reconstruction_loss: 1.1064 - val_energy_loss: 0.6102
Epoch 21/200

1024/7266 [===>..........................] - ETA: 1s - loss: 1.1052 - reconstruction_loss: 0.7775 - energy_loss: 0.0247
2048/7266 [=======>......................] - ETA: 1s - loss: 1.0917 - reconstruction_loss: 0.7794 - energy_loss: 0.0134
3072/7266 [===========>..................] - ETA: 0s - loss: 1.0864 - reconstruction_loss: 0.7800 - energy_loss: 0.0100
4096/7266 [===============>..............] - ETA: 0s - loss: 1.0817 - reconstruction_loss: 0.7765 - energy_loss: 0.0041
5120/7266 [====================>.........] - ETA: 0s - loss: 1.0777 - reconstruction_loss: 0.7743 - energy_loss: 5.3911e-04
6144/7266 [========================>.....] - ETA: 0s - loss: 1.0764 - reconstruction_loss: 0.7732 - energy_loss: -5.7305e-05
7168/7266 [============================>.] - ETA: 0s - loss: 1.0709 - reconstruction_loss: 0.7723 - energy_loss: -0.0036    
7266/7266 [==============================] - 2s 302us/step - loss: 1.0704 - reconstruction_loss: 0.7725 - energy_loss: -0.0042 - val_loss: 1.8907 - val_reconstruction_loss: 1.0832 - val_energy_loss: 0.4364
Epoch 22/200

1024/7266 [===>..........................] - ETA: 1s - loss: 1.0293 - reconstruction_loss: 0.7649 - energy_loss: -0.0265
2048/7266 [=======>......................] - ETA: 1s - loss: 1.0309 - reconstruction_loss: 0.7651 - energy_loss: -0.0278
3072/7266 [===========>..................] - ETA: 0s - loss: 1.0334 - reconstruction_loss: 0.7635 - energy_loss: -0.0278
4096/7266 [===============>..............] - ETA: 0s - loss: 1.0295 - reconstruction_loss: 0.7627 - energy_loss: -0.0314
5120/7266 [====================>.........] - ETA: 0s - loss: 1.0271 - reconstruction_loss: 0.7615 - energy_loss: -0.0335
6144/7266 [========================>.....] - ETA: 0s - loss: 1.0234 - reconstruction_loss: 0.7607 - energy_loss: -0.0371
7168/7266 [============================>.] - ETA: 0s - loss: 1.0228 - reconstruction_loss: 0.7596 - energy_loss: -0.0370
7266/7266 [==============================] - 2s 301us/step - loss: 1.0217 - reconstruction_loss: 0.7595 - energy_loss: -0.0377 - val_loss: 1.8988 - val_reconstruction_loss: 1.0776 - val_energy_loss: 0.4430
Epoch 23/200

1024/7266 [===>..........................] - ETA: 1s - loss: 0.9850 - reconstruction_loss: 0.7508 - energy_loss: -0.0671
2048/7266 [=======>......................] - ETA: 1s - loss: 0.9901 - reconstruction_loss: 0.7495 - energy_loss: -0.0617
3072/7266 [===========>..................] - ETA: 0s - loss: 0.9871 - reconstruction_loss: 0.7501 - energy_loss: -0.0648
4096/7266 [===============>..............] - ETA: 0s - loss: 0.9846 - reconstruction_loss: 0.7498 - energy_loss: -0.0627
5120/7266 [====================>.........] - ETA: 0s - loss: 0.9823 - reconstruction_loss: 0.7480 - energy_loss: -0.0653
6144/7266 [========================>.....] - ETA: 0s - loss: 0.9778 - reconstruction_loss: 0.7473 - energy_loss: -0.0678
7168/7266 [============================>.] - ETA: 0s - loss: 0.9740 - reconstruction_loss: 0.7468 - energy_loss: -0.0705
7266/7266 [==============================] - 2s 302us/step - loss: 0.9742 - reconstruction_loss: 0.7467 - energy_loss: -0.0701 - val_loss: 1.8751 - val_reconstruction_loss: 1.0693 - val_energy_loss: 0.4226
Epoch 24/200

1024/7266 [===>..........................] - ETA: 1s - loss: 0.9451 - reconstruction_loss: 0.7413 - energy_loss: -0.0850
2048/7266 [=======>......................] - ETA: 1s - loss: 0.9374 - reconstruction_loss: 0.7386 - energy_loss: -0.0923
3072/7266 [===========>..................] - ETA: 0s - loss: 0.9387 - reconstruction_loss: 0.7383 - energy_loss: -0.0931
4096/7266 [===============>..............] - ETA: 0s - loss: 0.9380 - reconstruction_loss: 0.7370 - energy_loss: -0.0943
5120/7266 [====================>.........] - ETA: 0s - loss: 0.9325 - reconstruction_loss: 0.7362 - energy_loss: -0.0994
6144/7266 [========================>.....] - ETA: 0s - loss: 0.9289 - reconstruction_loss: 0.7349 - energy_loss: -0.1021
7168/7266 [============================>.] - ETA: 0s - loss: 0.9269 - reconstruction_loss: 0.7340 - energy_loss: -0.1047
7266/7266 [==============================] - 2s 302us/step - loss: 0.9271 - reconstruction_loss: 0.7340 - energy_loss: -0.1047 - val_loss: 1.7717 - val_reconstruction_loss: 1.0668 - val_energy_loss: 0.3147
Epoch 25/200

1024/7266 [===>..........................] - ETA: 1s - loss: 0.9023 - reconstruction_loss: 0.7259 - energy_loss: -0.1227
2048/7266 [=======>......................] - ETA: 1s - loss: 0.9000 - reconstruction_loss: 0.7255 - energy_loss: -0.1236
3072/7266 [===========>..................] - ETA: 0s - loss: 0.8977 - reconstruction_loss: 0.7262 - energy_loss: -0.1259
4096/7266 [===============>..............] - ETA: 0s - loss: 0.8918 - reconstruction_loss: 0.7248 - energy_loss: -0.1319
5120/7266 [====================>.........] - ETA: 0s - loss: 0.8860 - reconstruction_loss: 0.7235 - energy_loss: -0.1362
6144/7266 [========================>.....] - ETA: 0s - loss: 0.8815 - reconstruction_loss: 0.7220 - energy_loss: -0.1394
7168/7266 [============================>.] - ETA: 0s - loss: 0.8810 - reconstruction_loss: 0.7214 - energy_loss: -0.1392
7266/7266 [==============================] - 2s 302us/step - loss: 0.8805 - reconstruction_loss: 0.7212 - energy_loss: -0.1399 - val_loss: 1.9017 - val_reconstruction_loss: 1.0701 - val_energy_loss: 0.4332
Epoch 26/200

1024/7266 [===>..........................] - ETA: 1s - loss: 0.8492 - reconstruction_loss: 0.7138 - energy_loss: -0.1564
2048/7266 [=======>......................] - ETA: 1s - loss: 0.8437 - reconstruction_loss: 0.7131 - energy_loss: -0.1653
3072/7266 [===========>..................] - ETA: 0s - loss: 0.8422 - reconstruction_loss: 0.7114 - energy_loss: -0.1672
4096/7266 [===============>..............] - ETA: 0s - loss: 0.8405 - reconstruction_loss: 0.7094 - energy_loss: -0.1698
5120/7266 [====================>.........] - ETA: 0s - loss: 0.8381 - reconstruction_loss: 0.7096 - energy_loss: -0.1714
6144/7266 [========================>.....] - ETA: 0s - loss: 0.8353 - reconstruction_loss: 0.7096 - energy_loss: -0.1723
7168/7266 [============================>.] - ETA: 0s - loss: 0.8313 - reconstruction_loss: 0.7090 - energy_loss: -0.1742
7266/7266 [==============================] - 2s 302us/step - loss: 0.8308 - reconstruction_loss: 0.7090 - energy_loss: -0.1744 - val_loss: 1.9851 - val_reconstruction_loss: 1.0525 - val_energy_loss: 0.5309
Epoch 27/200

1024/7266 [===>..........................] - ETA: 1s - loss: 0.8190 - reconstruction_loss: 0.6953 - energy_loss: -0.1857
2048/7266 [=======>......................] - ETA: 1s - loss: 0.8124 - reconstruction_loss: 0.6966 - energy_loss: -0.1897
3072/7266 [===========>..................] - ETA: 0s - loss: 0.8027 - reconstruction_loss: 0.6968 - energy_loss: -0.1964
4096/7266 [===============>..............] - ETA: 0s - loss: 0.7936 - reconstruction_loss: 0.6973 - energy_loss: -0.2032
5120/7266 [====================>.........] - ETA: 0s - loss: 0.7909 - reconstruction_loss: 0.6975 - energy_loss: -0.2061
6144/7266 [========================>.....] - ETA: 0s - loss: 0.7883 - reconstruction_loss: 0.6972 - energy_loss: -0.2076
7168/7266 [============================>.] - ETA: 0s - loss: 0.7848 - reconstruction_loss: 0.6966 - energy_loss: -0.2105
7266/7266 [==============================] - 2s 302us/step - loss: 0.7838 - reconstruction_loss: 0.6967 - energy_loss: -0.2117 - val_loss: 2.5016 - val_reconstruction_loss: 1.0558 - val_energy_loss: 1.0195
Epoch 28/200

1024/7266 [===>..........................] - ETA: 1s - loss: 0.7531 - reconstruction_loss: 0.6916 - energy_loss: -0.2373
2048/7266 [=======>......................] - ETA: 1s - loss: 0.7433 - reconstruction_loss: 0.6870 - energy_loss: -0.2469
3072/7266 [===========>..................] - ETA: 0s - loss: 0.7451 - reconstruction_loss: 0.6873 - energy_loss: -0.2424
4096/7266 [===============>..............] - ETA: 0s - loss: 0.7438 - reconstruction_loss: 0.6854 - energy_loss: -0.2430
5120/7266 [====================>.........] - ETA: 0s - loss: 0.7416 - reconstruction_loss: 0.6848 - energy_loss: -0.2445
6144/7266 [========================>.....] - ETA: 0s - loss: 0.7378 - reconstruction_loss: 0.6848 - energy_loss: -0.2474
7168/7266 [============================>.] - ETA: 0s - loss: 0.7342 - reconstruction_loss: 0.6844 - energy_loss: -0.2503
7266/7266 [==============================] - 2s 302us/step - loss: 0.7342 - reconstruction_loss: 0.6842 - energy_loss: -0.2504 - val_loss: 1.9130 - val_reconstruction_loss: 1.0396 - val_energy_loss: 0.4369
Epoch 29/200

1024/7266 [===>..........................] - ETA: 1s - loss: 0.7001 - reconstruction_loss: 0.6779 - energy_loss: -0.2778
2048/7266 [=======>......................] - ETA: 1s - loss: 0.6982 - reconstruction_loss: 0.6749 - energy_loss: -0.2823
3072/7266 [===========>..................] - ETA: 0s - loss: 0.6942 - reconstruction_loss: 0.6758 - energy_loss: -0.2851
4096/7266 [===============>..............] - ETA: 0s - loss: 0.6897 - reconstruction_loss: 0.6753 - energy_loss: -0.2867
5120/7266 [====================>.........] - ETA: 0s - loss: 0.6916 - reconstruction_loss: 0.6738 - energy_loss: -0.2859
6144/7266 [========================>.....] - ETA: 0s - loss: 0.6901 - reconstruction_loss: 0.6730 - energy_loss: -0.2874
7168/7266 [============================>.] - ETA: 0s - loss: 0.6870 - reconstruction_loss: 0.6722 - energy_loss: -0.2895
7266/7266 [==============================] - 2s 303us/step - loss: 0.6863 - reconstruction_loss: 0.6721 - energy_loss: -0.2908 - val_loss: 2.6350 - val_reconstruction_loss: 1.0373 - val_energy_loss: 1.1483
Epoch 30/200

1024/7266 [===>..........................] - ETA: 1s - loss: 0.6493 - reconstruction_loss: 0.6653 - energy_loss: -0.3162
2048/7266 [=======>......................] - ETA: 1s - loss: 0.6544 - reconstruction_loss: 0.6635 - energy_loss: -0.3152
3072/7266 [===========>..................] - ETA: 0s - loss: 0.6526 - reconstruction_loss: 0.6634 - energy_loss: -0.3152
4096/7266 [===============>..............] - ETA: 0s - loss: 0.6478 - reconstruction_loss: 0.6621 - energy_loss: -0.3186
5120/7266 [====================>.........] - ETA: 0s - loss: 0.6440 - reconstruction_loss: 0.6617 - energy_loss: -0.3218
6144/7266 [========================>.....] - ETA: 0s - loss: 0.6397 - reconstruction_loss: 0.6612 - energy_loss: -0.3252
7168/7266 [============================>.] - ETA: 0s - loss: 0.6381 - reconstruction_loss: 0.6610 - energy_loss: -0.3271
7266/7266 [==============================] - 2s 302us/step - loss: 0.6370 - reconstruction_loss: 0.6608 - energy_loss: -0.3278 - val_loss: 2.5114 - val_reconstruction_loss: 1.0202 - val_energy_loss: 1.0217
Epoch 31/200

1024/7266 [===>..........................] - ETA: 1s - loss: 0.6111 - reconstruction_loss: 0.6507 - energy_loss: -0.3490
2048/7266 [=======>......................] - ETA: 1s - loss: 0.6051 - reconstruction_loss: 0.6542 - energy_loss: -0.3519
3072/7266 [===========>..................] - ETA: 0s - loss: 0.6048 - reconstruction_loss: 0.6542 - energy_loss: -0.3520
4096/7266 [===============>..............] - ETA: 0s - loss: 0.5999 - reconstruction_loss: 0.6526 - energy_loss: -0.3564
5120/7266 [====================>.........] - ETA: 0s - loss: 0.5996 - reconstruction_loss: 0.6525 - energy_loss: -0.3567
6144/7266 [========================>.....] - ETA: 0s - loss: 0.5972 - reconstruction_loss: 0.6520 - energy_loss: -0.3579
7168/7266 [============================>.] - ETA: 0s - loss: 0.5966 - reconstruction_loss: 0.6513 - energy_loss: -0.3583
7266/7266 [==============================] - 2s 302us/step - loss: 0.5966 - reconstruction_loss: 0.6513 - energy_loss: -0.3584 - val_loss: 2.5203 - val_reconstruction_loss: 1.0148 - val_energy_loss: 1.0281
Epoch 32/200

1024/7266 [===>..........................] - ETA: 1s - loss: 0.5867 - reconstruction_loss: 0.6494 - energy_loss: -0.3656
2048/7266 [=======>......................] - ETA: 1s - loss: 0.5832 - reconstruction_loss: 0.6464 - energy_loss: -0.3705
3072/7266 [===========>..................] - ETA: 0s - loss: 0.5741 - reconstruction_loss: 0.6466 - energy_loss: -0.3765
4096/7266 [===============>..............] - ETA: 0s - loss: 0.5691 - reconstruction_loss: 0.6447 - energy_loss: -0.3782
5120/7266 [====================>.........] - ETA: 0s - loss: 0.5672 - reconstruction_loss: 0.6449 - energy_loss: -0.3787
6144/7266 [========================>.....] - ETA: 0s - loss: 0.5671 - reconstruction_loss: 0.6449 - energy_loss: -0.3785
7168/7266 [============================>.] - ETA: 0s - loss: 0.5647 - reconstruction_loss: 0.6443 - energy_loss: -0.3805
7266/7266 [==============================] - 2s 303us/step - loss: 0.5642 - reconstruction_loss: 0.6441 - energy_loss: -0.3811 - val_loss: 2.4970 - val_reconstruction_loss: 1.0052 - val_energy_loss: 1.0227
Epoch 33/200

1024/7266 [===>..........................] - ETA: 1s - loss: 0.5581 - reconstruction_loss: 0.6407 - energy_loss: -0.3857
2048/7266 [=======>......................] - ETA: 1s - loss: 0.5529 - reconstruction_loss: 0.6393 - energy_loss: -0.3885
3072/7266 [===========>..................] - ETA: 0s - loss: 0.5484 - reconstruction_loss: 0.6405 - energy_loss: -0.3892
4096/7266 [===============>..............] - ETA: 0s - loss: 0.5448 - reconstruction_loss: 0.6407 - energy_loss: -0.3915
5120/7266 [====================>.........] - ETA: 0s - loss: 0.5427 - reconstruction_loss: 0.6410 - energy_loss: -0.3911
6144/7266 [========================>.....] - ETA: 0s - loss: 0.5410 - reconstruction_loss: 0.6404 - energy_loss: -0.3931
7168/7266 [============================>.] - ETA: 0s - loss: 0.5380 - reconstruction_loss: 0.6400 - energy_loss: -0.3944
7266/7266 [==============================] - 2s 301us/step - loss: 0.5379 - reconstruction_loss: 0.6402 - energy_loss: -0.3946 - val_loss: 2.6723 - val_reconstruction_loss: 1.0074 - val_energy_loss: 1.2114
Epoch 34/200

1024/7266 [===>..........................] - ETA: 1s - loss: 0.5129 - reconstruction_loss: 0.6362 - energy_loss: -0.4049
2048/7266 [=======>......................] - ETA: 1s - loss: 0.5176 - reconstruction_loss: 0.6369 - energy_loss: -0.4021
3072/7266 [===========>..................] - ETA: 0s - loss: 0.5170 - reconstruction_loss: 0.6386 - energy_loss: -0.4023
4096/7266 [===============>..............] - ETA: 0s - loss: 0.5164 - reconstruction_loss: 0.6382 - energy_loss: -0.4030
5120/7266 [====================>.........] - ETA: 0s - loss: 0.5185 - reconstruction_loss: 0.6384 - energy_loss: -0.4027
6144/7266 [========================>.....] - ETA: 0s - loss: 0.5161 - reconstruction_loss: 0.6377 - energy_loss: -0.4036
7168/7266 [============================>.] - ETA: 0s - loss: 0.5149 - reconstruction_loss: 0.6380 - energy_loss: -0.4039
7266/7266 [==============================] - 2s 302us/step - loss: 0.5145 - reconstruction_loss: 0.6378 - energy_loss: -0.4040 - val_loss: 2.7180 - val_reconstruction_loss: 0.9848 - val_energy_loss: 1.3068
Epoch 35/200

1024/7266 [===>..........................] - ETA: 1s - loss: 0.4961 - reconstruction_loss: 0.6343 - energy_loss: -0.4186
2048/7266 [=======>......................] - ETA: 1s - loss: 0.5003 - reconstruction_loss: 0.6356 - energy_loss: -0.4110
3072/7266 [===========>..................] - ETA: 0s - loss: 0.4986 - reconstruction_loss: 0.6348 - energy_loss: -0.4117
4096/7266 [===============>..............] - ETA: 0s - loss: 0.4979 - reconstruction_loss: 0.6348 - energy_loss: -0.4113
5120/7266 [====================>.........] - ETA: 0s - loss: 0.4983 - reconstruction_loss: 0.6343 - energy_loss: -0.4116
6144/7266 [========================>.....] - ETA: 0s - loss: 0.4970 - reconstruction_loss: 0.6346 - energy_loss: -0.4117
7168/7266 [============================>.] - ETA: 0s - loss: 0.4973 - reconstruction_loss: 0.6348 - energy_loss: -0.4112
7266/7266 [==============================] - 2s 303us/step - loss: 0.4972 - reconstruction_loss: 0.6349 - energy_loss: -0.4115 - val_loss: 2.4992 - val_reconstruction_loss: 0.9658 - val_energy_loss: 1.1267
Epoch 36/200

1024/7266 [===>..........................] - ETA: 1s - loss: 0.4869 - reconstruction_loss: 0.6340 - energy_loss: -0.4158
2048/7266 [=======>......................] - ETA: 1s - loss: 0.4857 - reconstruction_loss: 0.6334 - energy_loss: -0.4156
3072/7266 [===========>..................] - ETA: 0s - loss: 0.4858 - reconstruction_loss: 0.6324 - energy_loss: -0.4164
4096/7266 [===============>..............] - ETA: 0s - loss: 0.4842 - reconstruction_loss: 0.6326 - energy_loss: -0.4163
5120/7266 [====================>.........] - ETA: 0s - loss: 0.4848 - reconstruction_loss: 0.6326 - energy_loss: -0.4156
6144/7266 [========================>.....] - ETA: 0s - loss: 0.4833 - reconstruction_loss: 0.6323 - energy_loss: -0.4157
7168/7266 [============================>.] - ETA: 0s - loss: 0.4816 - reconstruction_loss: 0.6317 - energy_loss: -0.4169
7266/7266 [==============================] - 2s 303us/step - loss: 0.4814 - reconstruction_loss: 0.6317 - energy_loss: -0.4172 - val_loss: 2.5920 - val_reconstruction_loss: 0.9358 - val_energy_loss: 1.2746
Epoch 37/200

1024/7266 [===>..........................] - ETA: 1s - loss: 0.4709 - reconstruction_loss: 0.6313 - energy_loss: -0.4210
2048/7266 [=======>......................] - ETA: 1s - loss: 0.4705 - reconstruction_loss: 0.6288 - energy_loss: -0.4224
3072/7266 [===========>..................] - ETA: 0s - loss: 0.4732 - reconstruction_loss: 0.6288 - energy_loss: -0.4202
4096/7266 [===============>..............] - ETA: 0s - loss: 0.4726 - reconstruction_loss: 0.6283 - energy_loss: -0.4205
5120/7266 [====================>.........] - ETA: 0s - loss: 0.4696 - reconstruction_loss: 0.6281 - energy_loss: -0.4218
6144/7266 [========================>.....] - ETA: 0s - loss: 0.4688 - reconstruction_loss: 0.6284 - energy_loss: -0.4223
7168/7266 [============================>.] - ETA: 0s - loss: 0.4674 - reconstruction_loss: 0.6283 - energy_loss: -0.4225
7266/7266 [==============================] - 2s 303us/step - loss: 0.4674 - reconstruction_loss: 0.6284 - energy_loss: -0.4226 - val_loss: 2.5039 - val_reconstruction_loss: 0.9272 - val_energy_loss: 1.1954
Epoch 38/200

1024/7266 [===>..........................] - ETA: 1s - loss: 0.4606 - reconstruction_loss: 0.6234 - energy_loss: -0.4203
2048/7266 [=======>......................] - ETA: 1s - loss: 0.4590 - reconstruction_loss: 0.6236 - energy_loss: -0.4230
3072/7266 [===========>..................] - ETA: 0s - loss: 0.4599 - reconstruction_loss: 0.6256 - energy_loss: -0.4218
4096/7266 [===============>..............] - ETA: 0s - loss: 0.4577 - reconstruction_loss: 0.6259 - energy_loss: -0.4227
5120/7266 [====================>.........] - ETA: 0s - loss: 0.4568 - reconstruction_loss: 0.6256 - energy_loss: -0.4240
6144/7266 [========================>.....] - ETA: 0s - loss: 0.4573 - reconstruction_loss: 0.6254 - energy_loss: -0.4240
7168/7266 [============================>.] - ETA: 0s - loss: 0.4556 - reconstruction_loss: 0.6255 - energy_loss: -0.4243
7266/7266 [==============================] - 2s 303us/step - loss: 0.4552 - reconstruction_loss: 0.6255 - energy_loss: -0.4245 - val_loss: 2.4361 - val_reconstruction_loss: 0.8988 - val_energy_loss: 1.1600
Epoch 39/200

1024/7266 [===>..........................] - ETA: 1s - loss: 0.4559 - reconstruction_loss: 0.6234 - energy_loss: -0.4228
2048/7266 [=======>......................] - ETA: 1s - loss: 0.4495 - reconstruction_loss: 0.6218 - energy_loss: -0.4262
3072/7266 [===========>..................] - ETA: 0s - loss: 0.4484 - reconstruction_loss: 0.6221 - energy_loss: -0.4257
4096/7266 [===============>..............] - ETA: 0s - loss: 0.4471 - reconstruction_loss: 0.6224 - energy_loss: -0.4258
5120/7266 [====================>.........] - ETA: 0s - loss: 0.4450 - reconstruction_loss: 0.6224 - energy_loss: -0.4268
6144/7266 [========================>.....] - ETA: 0s - loss: 0.4461 - reconstruction_loss: 0.6226 - energy_loss: -0.4268
7168/7266 [============================>.] - ETA: 0s - loss: 0.4447 - reconstruction_loss: 0.6221 - energy_loss: -0.4270
7266/7266 [==============================] - 2s 300us/step - loss: 0.4447 - reconstruction_loss: 0.6221 - energy_loss: -0.4269 - val_loss: 2.3075 - val_reconstruction_loss: 0.8879 - val_energy_loss: 1.0530
Epoch 40/200

1024/7266 [===>..........................] - ETA: 1s - loss: 0.4366 - reconstruction_loss: 0.6146 - energy_loss: -0.4296
2048/7266 [=======>......................] - ETA: 1s - loss: 0.4382 - reconstruction_loss: 0.6190 - energy_loss: -0.4294
3072/7266 [===========>..................] - ETA: 0s - loss: 0.4368 - reconstruction_loss: 0.6203 - energy_loss: -0.4294
4096/7266 [===============>..............] - ETA: 0s - loss: 0.4369 - reconstruction_loss: 0.6198 - energy_loss: -0.4284
5120/7266 [====================>.........] - ETA: 0s - loss: 0.4353 - reconstruction_loss: 0.6192 - energy_loss: -0.4297
6144/7266 [========================>.....] - ETA: 0s - loss: 0.4351 - reconstruction_loss: 0.6190 - energy_loss: -0.4301
7168/7266 [============================>.] - ETA: 0s - loss: 0.4344 - reconstruction_loss: 0.6188 - energy_loss: -0.4300
7266/7266 [==============================] - 2s 302us/step - loss: 0.4350 - reconstruction_loss: 0.6185 - energy_loss: -0.4300 - val_loss: 2.3115 - val_reconstruction_loss: 0.8643 - val_energy_loss: 1.1045
Epoch 41/200

1024/7266 [===>..........................] - ETA: 1s - loss: 0.4245 - reconstruction_loss: 0.6192 - energy_loss: -0.4369
2048/7266 [=======>......................] - ETA: 1s - loss: 0.4240 - reconstruction_loss: 0.6178 - energy_loss: -0.4339
3072/7266 [===========>..................] - ETA: 0s - loss: 0.4237 - reconstruction_loss: 0.6170 - energy_loss: -0.4334
4096/7266 [===============>..............] - ETA: 0s - loss: 0.4249 - reconstruction_loss: 0.6161 - energy_loss: -0.4319
5120/7266 [====================>.........] - ETA: 0s - loss: 0.4267 - reconstruction_loss: 0.6162 - energy_loss: -0.4310
6144/7266 [========================>.....] - ETA: 0s - loss: 0.4255 - reconstruction_loss: 0.6159 - energy_loss: -0.4317
7168/7266 [============================>.] - ETA: 0s - loss: 0.4241 - reconstruction_loss: 0.6154 - energy_loss: -0.4319
7266/7266 [==============================] - 2s 302us/step - loss: 0.4241 - reconstruction_loss: 0.6152 - energy_loss: -0.4320 - val_loss: 2.2270 - val_reconstruction_loss: 0.8528 - val_energy_loss: 1.0486
Epoch 42/200

1024/7266 [===>..........................] - ETA: 1s - loss: 0.4077 - reconstruction_loss: 0.6109 - energy_loss: -0.4379
2048/7266 [=======>......................] - ETA: 1s - loss: 0.4117 - reconstruction_loss: 0.6114 - energy_loss: -0.4337
3072/7266 [===========>..................] - ETA: 0s - loss: 0.4100 - reconstruction_loss: 0.6114 - energy_loss: -0.4349
4096/7266 [===============>..............] - ETA: 0s - loss: 0.4109 - reconstruction_loss: 0.6121 - energy_loss: -0.4347
5120/7266 [====================>.........] - ETA: 0s - loss: 0.4121 - reconstruction_loss: 0.6115 - energy_loss: -0.4349
6144/7266 [========================>.....] - ETA: 0s - loss: 0.4138 - reconstruction_loss: 0.6121 - energy_loss: -0.4339
7168/7266 [============================>.] - ETA: 0s - loss: 0.4138 - reconstruction_loss: 0.6120 - energy_loss: -0.4334
7266/7266 [==============================] - 2s 302us/step - loss: 0.4141 - reconstruction_loss: 0.6122 - energy_loss: -0.4335 - val_loss: 2.2888 - val_reconstruction_loss: 0.8348 - val_energy_loss: 1.1362
Epoch 43/200

1024/7266 [===>..........................] - ETA: 1s - loss: 0.4025 - reconstruction_loss: 0.6089 - energy_loss: -0.4379
2048/7266 [=======>......................] - ETA: 1s - loss: 0.4032 - reconstruction_loss: 0.6098 - energy_loss: -0.4372
3072/7266 [===========>..................] - ETA: 0s - loss: 0.4056 - reconstruction_loss: 0.6099 - energy_loss: -0.4366
4096/7266 [===============>..............] - ETA: 0s - loss: 0.4080 - reconstruction_loss: 0.6112 - energy_loss: -0.4345
5120/7266 [====================>.........] - ETA: 0s - loss: 0.4074 - reconstruction_loss: 0.6104 - energy_loss: -0.4333
6144/7266 [========================>.....] - ETA: 0s - loss: 0.4070 - reconstruction_loss: 0.6092 - energy_loss: -0.4331
7168/7266 [============================>.] - ETA: 0s - loss: 0.4059 - reconstruction_loss: 0.6086 - energy_loss: -0.4336
7266/7266 [==============================] - 2s 301us/step - loss: 0.4058 - reconstruction_loss: 0.6086 - energy_loss: -0.4337 - val_loss: 2.1912 - val_reconstruction_loss: 0.8169 - val_energy_loss: 1.0611
Epoch 44/200

1024/7266 [===>..........................] - ETA: 1s - loss: 0.4014 - reconstruction_loss: 0.6061 - energy_loss: -0.4354
2048/7266 [=======>......................] - ETA: 1s - loss: 0.4014 - reconstruction_loss: 0.6065 - energy_loss: -0.4355
3072/7266 [===========>..................] - ETA: 0s - loss: 0.3994 - reconstruction_loss: 0.6054 - energy_loss: -0.4364
4096/7266 [===============>..............] - ETA: 0s - loss: 0.3977 - reconstruction_loss: 0.6048 - energy_loss: -0.4375
5120/7266 [====================>.........] - ETA: 0s - loss: 0.3970 - reconstruction_loss: 0.6044 - energy_loss: -0.4373
6144/7266 [========================>.....] - ETA: 0s - loss: 0.3976 - reconstruction_loss: 0.6042 - energy_loss: -0.4365
7168/7266 [============================>.] - ETA: 0s - loss: 0.3974 - reconstruction_loss: 0.6044 - energy_loss: -0.4359
7266/7266 [==============================] - 2s 316us/step - loss: 0.3974 - reconstruction_loss: 0.6044 - energy_loss: -0.4360 - val_loss: 2.3213 - val_reconstruction_loss: 0.7937 - val_energy_loss: 1.2223
Epoch 45/200

1024/7266 [===>..........................] - ETA: 1s - loss: 0.3916 - reconstruction_loss: 0.5984 - energy_loss: -0.4331
2048/7266 [=======>......................] - ETA: 1s - loss: 0.3892 - reconstruction_loss: 0.5982 - energy_loss: -0.4354
3072/7266 [===========>..................] - ETA: 0s - loss: 0.3874 - reconstruction_loss: 0.5989 - energy_loss: -0.4364
4096/7266 [===============>..............] - ETA: 0s - loss: 0.3891 - reconstruction_loss: 0.5995 - energy_loss: -0.4369
5120/7266 [====================>.........] - ETA: 0s - loss: 0.3894 - reconstruction_loss: 0.5999 - energy_loss: -0.4370
6144/7266 [========================>.....] - ETA: 0s - loss: 0.3888 - reconstruction_loss: 0.6001 - energy_loss: -0.4374
7168/7266 [============================>.] - ETA: 0s - loss: 0.3883 - reconstruction_loss: 0.6000 - energy_loss: -0.4374
7266/7266 [==============================] - 2s 303us/step - loss: 0.3884 - reconstruction_loss: 0.6000 - energy_loss: -0.4374 - val_loss: 2.2090 - val_reconstruction_loss: 0.7794 - val_energy_loss: 1.1266
Epoch 46/200

1024/7266 [===>..........................] - ETA: 1s - loss: 0.3842 - reconstruction_loss: 0.5958 - energy_loss: -0.4350
2048/7266 [=======>......................] - ETA: 1s - loss: 0.3828 - reconstruction_loss: 0.5962 - energy_loss: -0.4384
3072/7266 [===========>..................] - ETA: 0s - loss: 0.3847 - reconstruction_loss: 0.5972 - energy_loss: -0.4370
4096/7266 [===============>..............] - ETA: 0s - loss: 0.3848 - reconstruction_loss: 0.5980 - energy_loss: -0.4369
5120/7266 [====================>.........] - ETA: 0s - loss: 0.3845 - reconstruction_loss: 0.5977 - energy_loss: -0.4370
6144/7266 [========================>.....] - ETA: 0s - loss: 0.3823 - reconstruction_loss: 0.5971 - energy_loss: -0.4381
7168/7266 [============================>.] - ETA: 0s - loss: 0.3812 - reconstruction_loss: 0.5965 - energy_loss: -0.4382
7266/7266 [==============================] - 2s 303us/step - loss: 0.3815 - reconstruction_loss: 0.5963 - energy_loss: -0.4382 - val_loss: 1.7213 - val_reconstruction_loss: 0.7569 - val_energy_loss: 0.6775
Epoch 47/200

1024/7266 [===>..........................] - ETA: 1s - loss: 0.3771 - reconstruction_loss: 0.5923 - energy_loss: -0.4423
2048/7266 [=======>......................] - ETA: 1s - loss: 0.3759 - reconstruction_loss: 0.5924 - energy_loss: -0.4409
3072/7266 [===========>..................] - ETA: 0s - loss: 0.3770 - reconstruction_loss: 0.5927 - energy_loss: -0.4417
4096/7266 [===============>..............] - ETA: 0s - loss: 0.3763 - reconstruction_loss: 0.5917 - energy_loss: -0.4412
5120/7266 [====================>.........] - ETA: 0s - loss: 0.3751 - reconstruction_loss: 0.5921 - energy_loss: -0.4409
6144/7266 [========================>.....] - ETA: 0s - loss: 0.3744 - reconstruction_loss: 0.5924 - energy_loss: -0.4407
7168/7266 [============================>.] - ETA: 0s - loss: 0.3754 - reconstruction_loss: 0.5932 - energy_loss: -0.4390
7266/7266 [==============================] - 2s 302us/step - loss: 0.3755 - reconstruction_loss: 0.5930 - energy_loss: -0.4391 - val_loss: 2.0593 - val_reconstruction_loss: 0.7448 - val_energy_loss: 1.0423
Epoch 48/200

1024/7266 [===>..........................] - ETA: 1s - loss: 0.3626 - reconstruction_loss: 0.5920 - energy_loss: -0.4448
2048/7266 [=======>......................] - ETA: 1s - loss: 0.3641 - reconstruction_loss: 0.5901 - energy_loss: -0.4431
3072/7266 [===========>..................] - ETA: 0s - loss: 0.3648 - reconstruction_loss: 0.5901 - energy_loss: -0.4429
4096/7266 [===============>..............] - ETA: 0s - loss: 0.3651 - reconstruction_loss: 0.5886 - energy_loss: -0.4413
5120/7266 [====================>.........] - ETA: 0s - loss: 0.3663 - reconstruction_loss: 0.5886 - energy_loss: -0.4403
6144/7266 [========================>.....] - ETA: 0s - loss: 0.3673 - reconstruction_loss: 0.5891 - energy_loss: -0.4394
7168/7266 [============================>.] - ETA: 0s - loss: 0.3675 - reconstruction_loss: 0.5895 - energy_loss: -0.4393
7266/7266 [==============================] - 2s 304us/step - loss: 0.3675 - reconstruction_loss: 0.5896 - energy_loss: -0.4394 - val_loss: 2.0005 - val_reconstruction_loss: 0.7229 - val_energy_loss: 1.0187
Epoch 49/200

1024/7266 [===>..........................] - ETA: 1s - loss: 0.3621 - reconstruction_loss: 0.5851 - energy_loss: -0.4385
2048/7266 [=======>......................] - ETA: 1s - loss: 0.3588 - reconstruction_loss: 0.5854 - energy_loss: -0.4415
3072/7266 [===========>..................] - ETA: 0s - loss: 0.3617 - reconstruction_loss: 0.5858 - energy_loss: -0.4405
4096/7266 [===============>..............] - ETA: 0s - loss: 0.3617 - reconstruction_loss: 0.5858 - energy_loss: -0.4402
5120/7266 [====================>.........] - ETA: 0s - loss: 0.3622 - reconstruction_loss: 0.5854 - energy_loss: -0.4402
6144/7266 [========================>.....] - ETA: 0s - loss: 0.3619 - reconstruction_loss: 0.5857 - energy_loss: -0.4403
7168/7266 [============================>.] - ETA: 0s - loss: 0.3611 - reconstruction_loss: 0.5851 - energy_loss: -0.4407
7266/7266 [==============================] - 2s 300us/step - loss: 0.3616 - reconstruction_loss: 0.5851 - energy_loss: -0.4404 - val_loss: 1.8902 - val_reconstruction_loss: 0.7080 - val_energy_loss: 0.9256
Epoch 50/200

1024/7266 [===>..........................] - ETA: 1s - loss: 0.3679 - reconstruction_loss: 0.5843 - energy_loss: -0.4348
2048/7266 [=======>......................] - ETA: 1s - loss: 0.3594 - reconstruction_loss: 0.5801 - energy_loss: -0.4415
3072/7266 [===========>..................] - ETA: 0s - loss: 0.3585 - reconstruction_loss: 0.5820 - energy_loss: -0.4418
4096/7266 [===============>..............] - ETA: 0s - loss: 0.3563 - reconstruction_loss: 0.5821 - energy_loss: -0.4420
5120/7266 [====================>.........] - ETA: 0s - loss: 0.3552 - reconstruction_loss: 0.5814 - energy_loss: -0.4425
6144/7266 [========================>.....] - ETA: 0s - loss: 0.3539 - reconstruction_loss: 0.5807 - energy_loss: -0.4424
7168/7266 [============================>.] - ETA: 0s - loss: 0.3539 - reconstruction_loss: 0.5804 - energy_loss: -0.4418
7266/7266 [==============================] - 2s 303us/step - loss: 0.3539 - reconstruction_loss: 0.5805 - energy_loss: -0.4416 - val_loss: 1.7905 - val_reconstruction_loss: 0.6867 - val_energy_loss: 0.8498
Epoch 51/200

1024/7266 [===>..........................] - ETA: 1s - loss: 0.3540 - reconstruction_loss: 0.5791 - energy_loss: -0.4411
2048/7266 [=======>......................] - ETA: 1s - loss: 0.3543 - reconstruction_loss: 0.5787 - energy_loss: -0.4393
3072/7266 [===========>..................] - ETA: 0s - loss: 0.3537 - reconstruction_loss: 0.5787 - energy_loss: -0.4408
4096/7266 [===============>..............] - ETA: 0s - loss: 0.3552 - reconstruction_loss: 0.5788 - energy_loss: -0.4401
5120/7266 [====================>.........] - ETA: 0s - loss: 0.3524 - reconstruction_loss: 0.5777 - energy_loss: -0.4419
6144/7266 [========================>.....] - ETA: 0s - loss: 0.3501 - reconstruction_loss: 0.5767 - energy_loss: -0.4424
7168/7266 [============================>.] - ETA: 0s - loss: 0.3497 - reconstruction_loss: 0.5762 - energy_loss: -0.4425
7266/7266 [==============================] - 2s 303us/step - loss: 0.3499 - reconstruction_loss: 0.5760 - energy_loss: -0.4426 - val_loss: 1.5458 - val_reconstruction_loss: 0.6750 - val_energy_loss: 0.6189
Epoch 52/200

1024/7266 [===>..........................] - ETA: 1s - loss: 0.3422 - reconstruction_loss: 0.5724 - energy_loss: -0.4468
2048/7266 [=======>......................] - ETA: 1s - loss: 0.3420 - reconstruction_loss: 0.5712 - energy_loss: -0.4463
3072/7266 [===========>..................] - ETA: 0s - loss: 0.3442 - reconstruction_loss: 0.5726 - energy_loss: -0.4444
4096/7266 [===============>..............] - ETA: 0s - loss: 0.3432 - reconstruction_loss: 0.5724 - energy_loss: -0.4442
5120/7266 [====================>.........] - ETA: 0s - loss: 0.3433 - reconstruction_loss: 0.5726 - energy_loss: -0.4442
6144/7266 [========================>.....] - ETA: 0s - loss: 0.3431 - reconstruction_loss: 0.5729 - energy_loss: -0.4437
7168/7266 [============================>.] - ETA: 0s - loss: 0.3422 - reconstruction_loss: 0.5724 - energy_loss: -0.4440
7266/7266 [==============================] - 2s 302us/step - loss: 0.3423 - reconstruction_loss: 0.5724 - energy_loss: -0.4440 - val_loss: 1.3142 - val_reconstruction_loss: 0.6618 - val_energy_loss: 0.4061
Epoch 53/200

1024/7266 [===>..........................] - ETA: 1s - loss: 0.3379 - reconstruction_loss: 0.5727 - energy_loss: -0.4455
2048/7266 [=======>......................] - ETA: 1s - loss: 0.3365 - reconstruction_loss: 0.5703 - energy_loss: -0.4463
3072/7266 [===========>..................] - ETA: 0s - loss: 0.3353 - reconstruction_loss: 0.5685 - energy_loss: -0.4475
4096/7266 [===============>..............] - ETA: 0s - loss: 0.3361 - reconstruction_loss: 0.5688 - energy_loss: -0.4462
5120/7266 [====================>.........] - ETA: 0s - loss: 0.3363 - reconstruction_loss: 0.5685 - energy_loss: -0.4457
6144/7266 [========================>.....] - ETA: 0s - loss: 0.3379 - reconstruction_loss: 0.5697 - energy_loss: -0.4442
7168/7266 [============================>.] - ETA: 0s - loss: 0.3371 - reconstruction_loss: 0.5696 - energy_loss: -0.4445
7266/7266 [==============================] - 2s 301us/step - loss: 0.3370 - reconstruction_loss: 0.5695 - energy_loss: -0.4444 - val_loss: 1.3205 - val_reconstruction_loss: 0.6484 - val_energy_loss: 0.4280
Epoch 54/200

1024/7266 [===>..........................] - ETA: 1s - loss: 0.3408 - reconstruction_loss: 0.5746 - energy_loss: -0.4375
2048/7266 [=======>......................] - ETA: 1s - loss: 0.3369 - reconstruction_loss: 0.5699 - energy_loss: -0.4397
3072/7266 [===========>..................] - ETA: 0s - loss: 0.3361 - reconstruction_loss: 0.5679 - energy_loss: -0.4416
4096/7266 [===============>..............] - ETA: 0s - loss: 0.3344 - reconstruction_loss: 0.5669 - energy_loss: -0.4417
5120/7266 [====================>.........] - ETA: 0s - loss: 0.3327 - reconstruction_loss: 0.5662 - energy_loss: -0.4424
6144/7266 [========================>.....] - ETA: 0s - loss: 0.3308 - reconstruction_loss: 0.5656 - energy_loss: -0.4435
7168/7266 [============================>.] - ETA: 0s - loss: 0.3311 - reconstruction_loss: 0.5654 - energy_loss: -0.4437
7266/7266 [==============================] - 2s 301us/step - loss: 0.3315 - reconstruction_loss: 0.5654 - energy_loss: -0.4437 - val_loss: 1.1663 - val_reconstruction_loss: 0.6352 - val_energy_loss: 0.2887
Epoch 55/200

1024/7266 [===>..........................] - ETA: 1s - loss: 0.3255 - reconstruction_loss: 0.5624 - energy_loss: -0.4431
2048/7266 [=======>......................] - ETA: 1s - loss: 0.3229 - reconstruction_loss: 0.5627 - energy_loss: -0.4451
3072/7266 [===========>..................] - ETA: 0s - loss: 0.3241 - reconstruction_loss: 0.5635 - energy_loss: -0.4446
4096/7266 [===============>..............] - ETA: 0s - loss: 0.3232 - reconstruction_loss: 0.5632 - energy_loss: -0.4464
5120/7266 [====================>.........] - ETA: 0s - loss: 0.3224 - reconstruction_loss: 0.5616 - energy_loss: -0.4474
6144/7266 [========================>.....] - ETA: 0s - loss: 0.3242 - reconstruction_loss: 0.5621 - energy_loss: -0.4467
7168/7266 [============================>.] - ETA: 0s - loss: 0.3244 - reconstruction_loss: 0.5618 - energy_loss: -0.4467
7266/7266 [==============================] - 2s 302us/step - loss: 0.3247 - reconstruction_loss: 0.5618 - energy_loss: -0.4468 - val_loss: 1.0931 - val_reconstruction_loss: 0.6247 - val_energy_loss: 0.2311
Epoch 56/200

1024/7266 [===>..........................] - ETA: 1s - loss: 0.3176 - reconstruction_loss: 0.5596 - energy_loss: -0.4502
2048/7266 [=======>......................] - ETA: 1s - loss: 0.3182 - reconstruction_loss: 0.5611 - energy_loss: -0.4483
3072/7266 [===========>..................] - ETA: 0s - loss: 0.3199 - reconstruction_loss: 0.5623 - energy_loss: -0.4475
4096/7266 [===============>..............] - ETA: 0s - loss: 0.3189 - reconstruction_loss: 0.5603 - energy_loss: -0.4481
5120/7266 [====================>.........] - ETA: 0s - loss: 0.3191 - reconstruction_loss: 0.5599 - energy_loss: -0.4478
6144/7266 [========================>.....] - ETA: 0s - loss: 0.3190 - reconstruction_loss: 0.5596 - energy_loss: -0.4470
7168/7266 [============================>.] - ETA: 0s - loss: 0.3180 - reconstruction_loss: 0.5584 - energy_loss: -0.4476
7266/7266 [==============================] - 2s 302us/step - loss: 0.3179 - reconstruction_loss: 0.5583 - energy_loss: -0.4477 - val_loss: 1.0595 - val_reconstruction_loss: 0.6157 - val_energy_loss: 0.2062
Epoch 57/200

1024/7266 [===>..........................] - ETA: 1s - loss: 0.3101 - reconstruction_loss: 0.5547 - energy_loss: -0.4525
2048/7266 [=======>......................] - ETA: 1s - loss: 0.3152 - reconstruction_loss: 0.5562 - energy_loss: -0.4492
3072/7266 [===========>..................] - ETA: 0s - loss: 0.3153 - reconstruction_loss: 0.5560 - energy_loss: -0.4468
4096/7266 [===============>..............] - ETA: 0s - loss: 0.3157 - reconstruction_loss: 0.5552 - energy_loss: -0.4467
5120/7266 [====================>.........] - ETA: 0s - loss: 0.3134 - reconstruction_loss: 0.5546 - energy_loss: -0.4476
6144/7266 [========================>.....] - ETA: 0s - loss: 0.3125 - reconstruction_loss: 0.5548 - energy_loss: -0.4479
7168/7266 [============================>.] - ETA: 0s - loss: 0.3126 - reconstruction_loss: 0.5544 - energy_loss: -0.4476
7266/7266 [==============================] - 2s 301us/step - loss: 0.3125 - reconstruction_loss: 0.5543 - energy_loss: -0.4477 - val_loss: 0.9254 - val_reconstruction_loss: 0.6055 - val_energy_loss: 0.0803
Epoch 58/200

1024/7266 [===>..........................] - ETA: 1s - loss: 0.3021 - reconstruction_loss: 0.5482 - energy_loss: -0.4497
2048/7266 [=======>......................] - ETA: 1s - loss: 0.3032 - reconstruction_loss: 0.5505 - energy_loss: -0.4515
3072/7266 [===========>..................] - ETA: 0s - loss: 0.3051 - reconstruction_loss: 0.5521 - energy_loss: -0.4499
4096/7266 [===============>..............] - ETA: 0s - loss: 0.3065 - reconstruction_loss: 0.5506 - energy_loss: -0.4493
5120/7266 [====================>.........] - ETA: 0s - loss: 0.3061 - reconstruction_loss: 0.5500 - energy_loss: -0.4498
6144/7266 [========================>.....] - ETA: 0s - loss: 0.3050 - reconstruction_loss: 0.5494 - energy_loss: -0.4498
7168/7266 [============================>.] - ETA: 0s - loss: 0.3067 - reconstruction_loss: 0.5505 - energy_loss: -0.4489
7266/7266 [==============================] - 2s 302us/step - loss: 0.3066 - reconstruction_loss: 0.5505 - energy_loss: -0.4490 - val_loss: 1.0479 - val_reconstruction_loss: 0.5991 - val_energy_loss: 0.2119
Epoch 59/200

1024/7266 [===>..........................] - ETA: 1s - loss: 0.3040 - reconstruction_loss: 0.5500 - energy_loss: -0.4467
2048/7266 [=======>......................] - ETA: 1s - loss: 0.3019 - reconstruction_loss: 0.5479 - energy_loss: -0.4491
3072/7266 [===========>..................] - ETA: 0s - loss: 0.3004 - reconstruction_loss: 0.5475 - energy_loss: -0.4504
4096/7266 [===============>..............] - ETA: 0s - loss: 0.2994 - reconstruction_loss: 0.5472 - energy_loss: -0.4510
5120/7266 [====================>.........] - ETA: 0s - loss: 0.3001 - reconstruction_loss: 0.5469 - energy_loss: -0.4497
6144/7266 [========================>.....] - ETA: 0s - loss: 0.3009 - reconstruction_loss: 0.5472 - energy_loss: -0.4485
7168/7266 [============================>.] - ETA: 0s - loss: 0.2995 - reconstruction_loss: 0.5463 - energy_loss: -0.4497
7266/7266 [==============================] - 2s 302us/step - loss: 0.2996 - reconstruction_loss: 0.5461 - energy_loss: -0.4498 - val_loss: 0.7497 - val_reconstruction_loss: 0.5891 - val_energy_loss: -0.0756
Epoch 60/200

1024/7266 [===>..........................] - ETA: 1s - loss: 0.2921 - reconstruction_loss: 0.5408 - energy_loss: -0.4551
2048/7266 [=======>......................] - ETA: 1s - loss: 0.2965 - reconstruction_loss: 0.5421 - energy_loss: -0.4501
3072/7266 [===========>..................] - ETA: 0s - loss: 0.2954 - reconstruction_loss: 0.5436 - energy_loss: -0.4513
4096/7266 [===============>..............] - ETA: 0s - loss: 0.2956 - reconstruction_loss: 0.5431 - energy_loss: -0.4511
5120/7266 [====================>.........] - ETA: 0s - loss: 0.2949 - reconstruction_loss: 0.5417 - energy_loss: -0.4521
6144/7266 [========================>.....] - ETA: 0s - loss: 0.2957 - reconstruction_loss: 0.5423 - energy_loss: -0.4509
7168/7266 [============================>.] - ETA: 0s - loss: 0.2963 - reconstruction_loss: 0.5427 - energy_loss: -0.4500
7266/7266 [==============================] - 2s 302us/step - loss: 0.2962 - reconstruction_loss: 0.5425 - energy_loss: -0.4501 - val_loss: 0.7294 - val_reconstruction_loss: 0.5786 - val_energy_loss: -0.0753
Epoch 61/200

1024/7266 [===>..........................] - ETA: 1s - loss: 0.2950 - reconstruction_loss: 0.5410 - energy_loss: -0.4498
2048/7266 [=======>......................] - ETA: 1s - loss: 0.2959 - reconstruction_loss: 0.5417 - energy_loss: -0.4490
3072/7266 [===========>..................] - ETA: 0s - loss: 0.2925 - reconstruction_loss: 0.5414 - energy_loss: -0.4507
4096/7266 [===============>..............] - ETA: 0s - loss: 0.2913 - reconstruction_loss: 0.5391 - energy_loss: -0.4503
5120/7266 [====================>.........] - ETA: 0s - loss: 0.2914 - reconstruction_loss: 0.5391 - energy_loss: -0.4501
6144/7266 [========================>.....] - ETA: 0s - loss: 0.2921 - reconstruction_loss: 0.5393 - energy_loss: -0.4495
7168/7266 [============================>.] - ETA: 0s - loss: 0.2911 - reconstruction_loss: 0.5393 - energy_loss: -0.4506
7266/7266 [==============================] - 2s 301us/step - loss: 0.2914 - reconstruction_loss: 0.5392 - energy_loss: -0.4506 - val_loss: 0.7266 - val_reconstruction_loss: 0.5707 - val_energy_loss: -0.0665
Epoch 62/200

1024/7266 [===>..........................] - ETA: 1s - loss: 0.2869 - reconstruction_loss: 0.5358 - energy_loss: -0.4503
2048/7266 [=======>......................] - ETA: 1s - loss: 0.2849 - reconstruction_loss: 0.5339 - energy_loss: -0.4515
3072/7266 [===========>..................] - ETA: 0s - loss: 0.2838 - reconstruction_loss: 0.5352 - energy_loss: -0.4534
4096/7266 [===============>..............] - ETA: 0s - loss: 0.2844 - reconstruction_loss: 0.5363 - energy_loss: -0.4535
5120/7266 [====================>.........] - ETA: 0s - loss: 0.2856 - reconstruction_loss: 0.5358 - energy_loss: -0.4530
6144/7266 [========================>.....] - ETA: 0s - loss: 0.2864 - reconstruction_loss: 0.5364 - energy_loss: -0.4517
7168/7266 [============================>.] - ETA: 0s - loss: 0.2860 - reconstruction_loss: 0.5364 - energy_loss: -0.4523
7266/7266 [==============================] - 2s 302us/step - loss: 0.2863 - reconstruction_loss: 0.5364 - energy_loss: -0.4523 - val_loss: 0.6991 - val_reconstruction_loss: 0.5674 - val_energy_loss: -0.0874
Epoch 63/200

1024/7266 [===>..........................] - ETA: 1s - loss: 0.2804 - reconstruction_loss: 0.5294 - energy_loss: -0.4528
2048/7266 [=======>......................] - ETA: 1s - loss: 0.2822 - reconstruction_loss: 0.5308 - energy_loss: -0.4514
3072/7266 [===========>..................] - ETA: 0s - loss: 0.2845 - reconstruction_loss: 0.5335 - energy_loss: -0.4497
4096/7266 [===============>..............] - ETA: 0s - loss: 0.2830 - reconstruction_loss: 0.5337 - energy_loss: -0.4521
5120/7266 [====================>.........] - ETA: 0s - loss: 0.2819 - reconstruction_loss: 0.5331 - energy_loss: -0.4519
6144/7266 [========================>.....] - ETA: 0s - loss: 0.2811 - reconstruction_loss: 0.5327 - energy_loss: -0.4517
7168/7266 [============================>.] - ETA: 0s - loss: 0.2798 - reconstruction_loss: 0.5326 - energy_loss: -0.4526
7266/7266 [==============================] - 2s 302us/step - loss: 0.2798 - reconstruction_loss: 0.5327 - energy_loss: -0.4526 - val_loss: 0.9247 - val_reconstruction_loss: 0.5558 - val_energy_loss: 0.1411
Epoch 64/200

1024/7266 [===>..........................] - ETA: 1s - loss: 0.2805 - reconstruction_loss: 0.5317 - energy_loss: -0.4487
2048/7266 [=======>......................] - ETA: 1s - loss: 0.2805 - reconstruction_loss: 0.5301 - energy_loss: -0.4490
3072/7266 [===========>..................] - ETA: 0s - loss: 0.2824 - reconstruction_loss: 0.5303 - energy_loss: -0.4483
4096/7266 [===============>..............] - ETA: 0s - loss: 0.2795 - reconstruction_loss: 0.5298 - energy_loss: -0.4510
5120/7266 [====================>.........] - ETA: 0s - loss: 0.2783 - reconstruction_loss: 0.5294 - energy_loss: -0.4511
6144/7266 [========================>.....] - ETA: 0s - loss: 0.2765 - reconstruction_loss: 0.5286 - energy_loss: -0.4521
7168/7266 [============================>.] - ETA: 0s - loss: 0.2757 - reconstruction_loss: 0.5277 - energy_loss: -0.4526
7266/7266 [==============================] - 2s 303us/step - loss: 0.2761 - reconstruction_loss: 0.5278 - energy_loss: -0.4525 - val_loss: 0.8056 - val_reconstruction_loss: 0.5506 - val_energy_loss: 0.0210
Epoch 65/200

1024/7266 [===>..........................] - ETA: 1s - loss: 0.2769 - reconstruction_loss: 0.5255 - energy_loss: -0.4503
2048/7266 [=======>......................] - ETA: 1s - loss: 0.2729 - reconstruction_loss: 0.5245 - energy_loss: -0.4507
3072/7266 [===========>..................] - ETA: 0s - loss: 0.2744 - reconstruction_loss: 0.5249 - energy_loss: -0.4500
4096/7266 [===============>..............] - ETA: 0s - loss: 0.2727 - reconstruction_loss: 0.5246 - energy_loss: -0.4504
5120/7266 [====================>.........] - ETA: 0s - loss: 0.2722 - reconstruction_loss: 0.5244 - energy_loss: -0.4515
6144/7266 [========================>.....] - ETA: 0s - loss: 0.2700 - reconstruction_loss: 0.5236 - energy_loss: -0.4537
7168/7266 [============================>.] - ETA: 0s - loss: 0.2713 - reconstruction_loss: 0.5238 - energy_loss: -0.4530
7266/7266 [==============================] - 2s 302us/step - loss: 0.2715 - reconstruction_loss: 0.5238 - energy_loss: -0.4531 - val_loss: 0.6408 - val_reconstruction_loss: 0.5452 - val_energy_loss: -0.1354
Epoch 66/200

1024/7266 [===>..........................] - ETA: 1s - loss: 0.2686 - reconstruction_loss: 0.5203 - energy_loss: -0.4519
2048/7266 [=======>......................] - ETA: 1s - loss: 0.2701 - reconstruction_loss: 0.5211 - energy_loss: -0.4512
3072/7266 [===========>..................] - ETA: 0s - loss: 0.2705 - reconstruction_loss: 0.5208 - energy_loss: -0.4507
4096/7266 [===============>..............] - ETA: 0s - loss: 0.2697 - reconstruction_loss: 0.5204 - energy_loss: -0.4509
5120/7266 [====================>.........] - ETA: 0s - loss: 0.2677 - reconstruction_loss: 0.5206 - energy_loss: -0.4526
6144/7266 [========================>.....] - ETA: 0s - loss: 0.2659 - reconstruction_loss: 0.5210 - energy_loss: -0.4540
7168/7266 [============================>.] - ETA: 0s - loss: 0.2658 - reconstruction_loss: 0.5211 - energy_loss: -0.4537
7266/7266 [==============================] - 2s 303us/step - loss: 0.2662 - reconstruction_loss: 0.5211 - energy_loss: -0.4536 - val_loss: 0.6213 - val_reconstruction_loss: 0.5397 - val_energy_loss: -0.1429
Epoch 67/200

1024/7266 [===>..........................] - ETA: 1s - loss: 0.2560 - reconstruction_loss: 0.5227 - energy_loss: -0.4636
2048/7266 [=======>......................] - ETA: 1s - loss: 0.2589 - reconstruction_loss: 0.5194 - energy_loss: -0.4584
3072/7266 [===========>..................] - ETA: 0s - loss: 0.2613 - reconstruction_loss: 0.5194 - energy_loss: -0.4550
4096/7266 [===============>..............] - ETA: 0s - loss: 0.2590 - reconstruction_loss: 0.5182 - energy_loss: -0.4575
5120/7266 [====================>.........] - ETA: 0s - loss: 0.2602 - reconstruction_loss: 0.5190 - energy_loss: -0.4559
6144/7266 [========================>.....] - ETA: 0s - loss: 0.2604 - reconstruction_loss: 0.5185 - energy_loss: -0.4558
7168/7266 [============================>.] - ETA: 0s - loss: 0.2599 - reconstruction_loss: 0.5183 - energy_loss: -0.4563
7266/7266 [==============================] - 2s 304us/step - loss: 0.2600 - reconstruction_loss: 0.5184 - energy_loss: -0.4562 - val_loss: 0.4573 - val_reconstruction_loss: 0.5323 - val_energy_loss: -0.2924
Epoch 68/200

1024/7266 [===>..........................] - ETA: 1s - loss: 0.2658 - reconstruction_loss: 0.5203 - energy_loss: -0.4519
2048/7266 [=======>......................] - ETA: 1s - loss: 0.2592 - reconstruction_loss: 0.5170 - energy_loss: -0.4562
3072/7266 [===========>..................] - ETA: 0s - loss: 0.2611 - reconstruction_loss: 0.5176 - energy_loss: -0.4546
4096/7266 [===============>..............] - ETA: 0s - loss: 0.2597 - reconstruction_loss: 0.5160 - energy_loss: -0.4545
5120/7266 [====================>.........] - ETA: 0s - loss: 0.2602 - reconstruction_loss: 0.5157 - energy_loss: -0.4544
6144/7266 [========================>.....] - ETA: 0s - loss: 0.2577 - reconstruction_loss: 0.5152 - energy_loss: -0.4559
7168/7266 [============================>.] - ETA: 0s - loss: 0.2561 - reconstruction_loss: 0.5147 - energy_loss: -0.4569
7266/7266 [==============================] - 2s 302us/step - loss: 0.2561 - reconstruction_loss: 0.5145 - energy_loss: -0.4569 - val_loss: 0.3634 - val_reconstruction_loss: 0.5262 - val_energy_loss: -0.3791
Epoch 69/200

1024/7266 [===>..........................] - ETA: 1s - loss: 0.2474 - reconstruction_loss: 0.5084 - energy_loss: -0.4598
2048/7266 [=======>......................] - ETA: 1s - loss: 0.2460 - reconstruction_loss: 0.5089 - energy_loss: -0.4627
3072/7266 [===========>..................] - ETA: 0s - loss: 0.2468 - reconstruction_loss: 0.5089 - energy_loss: -0.4599
4096/7266 [===============>..............] - ETA: 0s - loss: 0.2482 - reconstruction_loss: 0.5103 - energy_loss: -0.4599
5120/7266 [====================>.........] - ETA: 0s - loss: 0.2498 - reconstruction_loss: 0.5104 - energy_loss: -0.4588
6144/7266 [========================>.....] - ETA: 0s - loss: 0.2500 - reconstruction_loss: 0.5098 - energy_loss: -0.4591
7168/7266 [============================>.] - ETA: 0s - loss: 0.2528 - reconstruction_loss: 0.5111 - energy_loss: -0.4574
7266/7266 [==============================] - 2s 300us/step - loss: 0.2533 - reconstruction_loss: 0.5110 - energy_loss: -0.4574 - val_loss: 0.5788 - val_reconstruction_loss: 0.5202 - val_energy_loss: -0.1584
Epoch 70/200

1024/7266 [===>..........................] - ETA: 1s - loss: 0.2543 - reconstruction_loss: 0.5099 - energy_loss: -0.4556
2048/7266 [=======>......................] - ETA: 1s - loss: 0.2528 - reconstruction_loss: 0.5084 - energy_loss: -0.4548
3072/7266 [===========>..................] - ETA: 0s - loss: 0.2515 - reconstruction_loss: 0.5087 - energy_loss: -0.4574
4096/7266 [===============>..............] - ETA: 0s - loss: 0.2513 - reconstruction_loss: 0.5084 - energy_loss: -0.4565
5120/7266 [====================>.........] - ETA: 0s - loss: 0.2479 - reconstruction_loss: 0.5086 - energy_loss: -0.4585
6144/7266 [========================>.....] - ETA: 0s - loss: 0.2482 - reconstruction_loss: 0.5084 - energy_loss: -0.4581
7168/7266 [============================>.] - ETA: 0s - loss: 0.2489 - reconstruction_loss: 0.5084 - energy_loss: -0.4578
7266/7266 [==============================] - 2s 302us/step - loss: 0.2490 - reconstruction_loss: 0.5084 - energy_loss: -0.4578 - val_loss: 0.4280 - val_reconstruction_loss: 0.5160 - val_energy_loss: -0.3019
Epoch 71/200

1024/7266 [===>..........................] - ETA: 1s - loss: 0.2431 - reconstruction_loss: 0.5021 - energy_loss: -0.4583
2048/7266 [=======>......................] - ETA: 1s - loss: 0.2412 - reconstruction_loss: 0.5047 - energy_loss: -0.4610
3072/7266 [===========>..................] - ETA: 0s - loss: 0.2403 - reconstruction_loss: 0.5040 - energy_loss: -0.4602
4096/7266 [===============>..............] - ETA: 0s - loss: 0.2427 - reconstruction_loss: 0.5057 - energy_loss: -0.4586
5120/7266 [====================>.........] - ETA: 0s - loss: 0.2409 - reconstruction_loss: 0.5057 - energy_loss: -0.4606
6144/7266 [========================>.....] - ETA: 0s - loss: 0.2400 - reconstruction_loss: 0.5053 - energy_loss: -0.4612
7168/7266 [============================>.] - ETA: 0s - loss: 0.2416 - reconstruction_loss: 0.5055 - energy_loss: -0.4600
7266/7266 [==============================] - 2s 302us/step - loss: 0.2422 - reconstruction_loss: 0.5058 - energy_loss: -0.4598 - val_loss: 0.4487 - val_reconstruction_loss: 0.5089 - val_energy_loss: -0.2758
Epoch 72/200

1024/7266 [===>..........................] - ETA: 1s - loss: 0.2346 - reconstruction_loss: 0.5057 - energy_loss: -0.4649
2048/7266 [=======>......................] - ETA: 1s - loss: 0.2416 - reconstruction_loss: 0.5046 - energy_loss: -0.4595
3072/7266 [===========>..................] - ETA: 0s - loss: 0.2381 - reconstruction_loss: 0.5041 - energy_loss: -0.4618
4096/7266 [===============>..............] - ETA: 0s - loss: 0.2398 - reconstruction_loss: 0.5044 - energy_loss: -0.4606
5120/7266 [====================>.........] - ETA: 0s - loss: 0.2393 - reconstruction_loss: 0.5029 - energy_loss: -0.4612
6144/7266 [========================>.....] - ETA: 0s - loss: 0.2399 - reconstruction_loss: 0.5022 - energy_loss: -0.4603
7168/7266 [============================>.] - ETA: 0s - loss: 0.2374 - reconstruction_loss: 0.5014 - energy_loss: -0.4616
7266/7266 [==============================] - 2s 302us/step - loss: 0.2375 - reconstruction_loss: 0.5013 - energy_loss: -0.4614 - val_loss: 0.3490 - val_reconstruction_loss: 0.5042 - val_energy_loss: -0.3716
Epoch 73/200

1024/7266 [===>..........................] - ETA: 1s - loss: 0.2249 - reconstruction_loss: 0.4986 - energy_loss: -0.4706
2048/7266 [=======>......................] - ETA: 1s - loss: 0.2325 - reconstruction_loss: 0.4983 - energy_loss: -0.4650
3072/7266 [===========>..................] - ETA: 0s - loss: 0.2338 - reconstruction_loss: 0.5002 - energy_loss: -0.4642
4096/7266 [===============>..............] - ETA: 0s - loss: 0.2347 - reconstruction_loss: 0.4996 - energy_loss: -0.4622
5120/7266 [====================>.........] - ETA: 0s - loss: 0.2351 - reconstruction_loss: 0.4992 - energy_loss: -0.4613
6144/7266 [========================>.....] - ETA: 0s - loss: 0.2345 - reconstruction_loss: 0.4987 - energy_loss: -0.4613
7168/7266 [============================>.] - ETA: 0s - loss: 0.2341 - reconstruction_loss: 0.4978 - energy_loss: -0.4612
7266/7266 [==============================] - 2s 302us/step - loss: 0.2344 - reconstruction_loss: 0.4977 - energy_loss: -0.4612 - val_loss: 0.5601 - val_reconstruction_loss: 0.5011 - val_energy_loss: -0.1574
Epoch 74/200

1024/7266 [===>..........................] - ETA: 1s - loss: 0.2345 - reconstruction_loss: 0.4972 - energy_loss: -0.4575
2048/7266 [=======>......................] - ETA: 1s - loss: 0.2292 - reconstruction_loss: 0.4967 - energy_loss: -0.4631
3072/7266 [===========>..................] - ETA: 0s - loss: 0.2282 - reconstruction_loss: 0.4970 - energy_loss: -0.4641
4096/7266 [===============>..............] - ETA: 0s - loss: 0.2282 - reconstruction_loss: 0.4977 - energy_loss: -0.4640
5120/7266 [====================>.........] - ETA: 0s - loss: 0.2270 - reconstruction_loss: 0.4957 - energy_loss: -0.4645
6144/7266 [========================>.....] - ETA: 0s - loss: 0.2272 - reconstruction_loss: 0.4955 - energy_loss: -0.4638
7168/7266 [============================>.] - ETA: 0s - loss: 0.2293 - reconstruction_loss: 0.4954 - energy_loss: -0.4624
7266/7266 [==============================] - 2s 301us/step - loss: 0.2299 - reconstruction_loss: 0.4955 - energy_loss: -0.4622 - val_loss: 0.3651 - val_reconstruction_loss: 0.4944 - val_energy_loss: -0.3444
Epoch 75/200

1024/7266 [===>..........................] - ETA: 1s - loss: 0.2389 - reconstruction_loss: 0.4998 - energy_loss: -0.4557
2048/7266 [=======>......................] - ETA: 1s - loss: 0.2339 - reconstruction_loss: 0.4960 - energy_loss: -0.4576
3072/7266 [===========>..................] - ETA: 0s - loss: 0.2330 - reconstruction_loss: 0.4950 - energy_loss: -0.4574
4096/7266 [===============>..............] - ETA: 0s - loss: 0.2291 - reconstruction_loss: 0.4946 - energy_loss: -0.4622
5120/7266 [====================>.........] - ETA: 0s - loss: 0.2309 - reconstruction_loss: 0.4947 - energy_loss: -0.4609
6144/7266 [========================>.....] - ETA: 0s - loss: 0.2303 - reconstruction_loss: 0.4938 - energy_loss: -0.4608
7168/7266 [============================>.] - ETA: 0s - loss: 0.2292 - reconstruction_loss: 0.4930 - energy_loss: -0.4610
7266/7266 [==============================] - 2s 300us/step - loss: 0.2300 - reconstruction_loss: 0.4931 - energy_loss: -0.4601 - val_loss: 0.3738 - val_reconstruction_loss: 0.4896 - val_energy_loss: -0.3277
Epoch 76/200

1024/7266 [===>..........................] - ETA: 1s - loss: 0.2106 - reconstruction_loss: 0.4871 - energy_loss: -0.4762
2048/7266 [=======>......................] - ETA: 1s - loss: 0.2205 - reconstruction_loss: 0.4896 - energy_loss: -0.4680
3072/7266 [===========>..................] - ETA: 0s - loss: 0.2221 - reconstruction_loss: 0.4915 - energy_loss: -0.4672
4096/7266 [===============>..............] - ETA: 0s - loss: 0.2230 - reconstruction_loss: 0.4908 - energy_loss: -0.4652
5120/7266 [====================>.........] - ETA: 0s - loss: 0.2238 - reconstruction_loss: 0.4897 - energy_loss: -0.4636
6144/7266 [========================>.....] - ETA: 0s - loss: 0.2238 - reconstruction_loss: 0.4892 - energy_loss: -0.4635
7168/7266 [============================>.] - ETA: 0s - loss: 0.2252 - reconstruction_loss: 0.4890 - energy_loss: -0.4627
7266/7266 [==============================] - 2s 300us/step - loss: 0.2252 - reconstruction_loss: 0.4890 - energy_loss: -0.4627 - val_loss: 0.4362 - val_reconstruction_loss: 0.4858 - val_energy_loss: -0.2652
Epoch 77/200

1024/7266 [===>..........................] - ETA: 1s - loss: 0.2323 - reconstruction_loss: 0.4880 - energy_loss: -0.4579
2048/7266 [=======>......................] - ETA: 1s - loss: 0.2239 - reconstruction_loss: 0.4879 - energy_loss: -0.4655
3072/7266 [===========>..................] - ETA: 0s - loss: 0.2243 - reconstruction_loss: 0.4862 - energy_loss: -0.4651
4096/7266 [===============>..............] - ETA: 0s - loss: 0.2186 - reconstruction_loss: 0.4858 - energy_loss: -0.4677
5120/7266 [====================>.........] - ETA: 0s - loss: 0.2211 - reconstruction_loss: 0.4868 - energy_loss: -0.4656
6144/7266 [========================>.....] - ETA: 0s - loss: 0.2198 - reconstruction_loss: 0.4859 - energy_loss: -0.4654
7168/7266 [============================>.] - ETA: 0s - loss: 0.2199 - reconstruction_loss: 0.4858 - energy_loss: -0.4646
7266/7266 [==============================] - 2s 302us/step - loss: 0.2201 - reconstruction_loss: 0.4858 - energy_loss: -0.4645 - val_loss: 0.5387 - val_reconstruction_loss: 0.4756 - val_energy_loss: -0.1573
Epoch 78/200

1024/7266 [===>..........................] - ETA: 1s - loss: 0.2227 - reconstruction_loss: 0.4848 - energy_loss: -0.4606
2048/7266 [=======>......................] - ETA: 1s - loss: 0.2203 - reconstruction_loss: 0.4814 - energy_loss: -0.4626
3072/7266 [===========>..................] - ETA: 0s - loss: 0.2173 - reconstruction_loss: 0.4840 - energy_loss: -0.4661
4096/7266 [===============>..............] - ETA: 0s - loss: 0.2160 - reconstruction_loss: 0.4845 - energy_loss: -0.4656
5120/7266 [====================>.........] - ETA: 0s - loss: 0.2168 - reconstruction_loss: 0.4845 - energy_loss: -0.4649
6144/7266 [========================>.....] - ETA: 0s - loss: 0.2155 - reconstruction_loss: 0.4845 - energy_loss: -0.4657
7168/7266 [============================>.] - ETA: 0s - loss: 0.2156 - reconstruction_loss: 0.4844 - energy_loss: -0.4651
7266/7266 [==============================] - 2s 302us/step - loss: 0.2159 - reconstruction_loss: 0.4845 - energy_loss: -0.4651 - val_loss: 0.4848 - val_reconstruction_loss: 0.4782 - val_energy_loss: -0.2090
Epoch 79/200

1024/7266 [===>..........................] - ETA: 1s - loss: 0.2193 - reconstruction_loss: 0.4847 - energy_loss: -0.4605
2048/7266 [=======>......................] - ETA: 1s - loss: 0.2102 - reconstruction_loss: 0.4836 - energy_loss: -0.4661
3072/7266 [===========>..................] - ETA: 0s - loss: 0.2111 - reconstruction_loss: 0.4828 - energy_loss: -0.4649
4096/7266 [===============>..............] - ETA: 0s - loss: 0.2125 - reconstruction_loss: 0.4817 - energy_loss: -0.4643
5120/7266 [====================>.........] - ETA: 0s - loss: 0.2104 - reconstruction_loss: 0.4815 - energy_loss: -0.4662
6144/7266 [========================>.....] - ETA: 0s - loss: 0.2103 - reconstruction_loss: 0.4815 - energy_loss: -0.4657
7168/7266 [============================>.] - ETA: 0s - loss: 0.2088 - reconstruction_loss: 0.4817 - energy_loss: -0.4667
7266/7266 [==============================] - 2s 301us/step - loss: 0.2094 - reconstruction_loss: 0.4817 - energy_loss: -0.4665 - val_loss: 0.3725 - val_reconstruction_loss: 0.4747 - val_energy_loss: -0.3168
Epoch 80/200

1024/7266 [===>..........................] - ETA: 1s - loss: 0.2138 - reconstruction_loss: 0.4803 - energy_loss: -0.4635
2048/7266 [=======>......................] - ETA: 1s - loss: 0.2093 - reconstruction_loss: 0.4778 - energy_loss: -0.4647
3072/7266 [===========>..................] - ETA: 0s - loss: 0.2081 - reconstruction_loss: 0.4780 - energy_loss: -0.4658
4096/7266 [===============>..............] - ETA: 0s - loss: 0.2062 - reconstruction_loss: 0.4787 - energy_loss: -0.4690
5120/7266 [====================>.........] - ETA: 0s - loss: 0.2044 - reconstruction_loss: 0.4785 - energy_loss: -0.4700
6144/7266 [========================>.....] - ETA: 0s - loss: 0.2056 - reconstruction_loss: 0.4783 - energy_loss: -0.4686
7168/7266 [============================>.] - ETA: 0s - loss: 0.2065 - reconstruction_loss: 0.4783 - energy_loss: -0.4681
7266/7266 [==============================] - 2s 303us/step - loss: 0.2067 - reconstruction_loss: 0.4784 - energy_loss: -0.4680 - val_loss: 0.3326 - val_reconstruction_loss: 0.4710 - val_energy_loss: -0.3553
Epoch 81/200

1024/7266 [===>..........................] - ETA: 1s - loss: 0.2155 - reconstruction_loss: 0.4821 - energy_loss: -0.4636
2048/7266 [=======>......................] - ETA: 1s - loss: 0.2063 - reconstruction_loss: 0.4760 - energy_loss: -0.4655
3072/7266 [===========>..................] - ETA: 0s - loss: 0.1994 - reconstruction_loss: 0.4740 - energy_loss: -0.4708
4096/7266 [===============>..............] - ETA: 0s - loss: 0.1987 - reconstruction_loss: 0.4744 - energy_loss: -0.4721
5120/7266 [====================>.........] - ETA: 0s - loss: 0.1983 - reconstruction_loss: 0.4744 - energy_loss: -0.4729
6144/7266 [========================>.....] - ETA: 0s - loss: 0.1993 - reconstruction_loss: 0.4746 - energy_loss: -0.4715
7168/7266 [============================>.] - ETA: 0s - loss: 0.2004 - reconstruction_loss: 0.4752 - energy_loss: -0.4703
7266/7266 [==============================] - 2s 302us/step - loss: 0.2008 - reconstruction_loss: 0.4750 - energy_loss: -0.4703 - val_loss: 0.6398 - val_reconstruction_loss: 0.4700 - val_energy_loss: -0.0474
Epoch 82/200

1024/7266 [===>..........................] - ETA: 1s - loss: 0.2025 - reconstruction_loss: 0.4753 - energy_loss: -0.4685
2048/7266 [=======>......................] - ETA: 1s - loss: 0.2029 - reconstruction_loss: 0.4734 - energy_loss: -0.4656
3072/7266 [===========>..................] - ETA: 0s - loss: 0.1999 - reconstruction_loss: 0.4727 - energy_loss: -0.4695
4096/7266 [===============>..............] - ETA: 0s - loss: 0.1978 - reconstruction_loss: 0.4714 - energy_loss: -0.4696
5120/7266 [====================>.........] - ETA: 0s - loss: 0.1987 - reconstruction_loss: 0.4721 - energy_loss: -0.4688
6144/7266 [========================>.....] - ETA: 0s - loss: 0.1970 - reconstruction_loss: 0.4718 - energy_loss: -0.4711
7168/7266 [============================>.] - ETA: 0s - loss: 0.1982 - reconstruction_loss: 0.4727 - energy_loss: -0.4706
7266/7266 [==============================] - 2s 302us/step - loss: 0.1990 - reconstruction_loss: 0.4727 - energy_loss: -0.4704 - val_loss: 0.3678 - val_reconstruction_loss: 0.4695 - val_energy_loss: -0.3127
Epoch 83/200

1024/7266 [===>..........................] - ETA: 1s - loss: 0.1919 - reconstruction_loss: 0.4746 - energy_loss: -0.4770
2048/7266 [=======>......................] - ETA: 1s - loss: 0.1849 - reconstruction_loss: 0.4722 - energy_loss: -0.4803
3072/7266 [===========>..................] - ETA: 0s - loss: 0.1917 - reconstruction_loss: 0.4731 - energy_loss: -0.4748
4096/7266 [===============>..............] - ETA: 0s - loss: 0.1932 - reconstruction_loss: 0.4733 - energy_loss: -0.4726
5120/7266 [====================>.........] - ETA: 0s - loss: 0.1921 - reconstruction_loss: 0.4728 - energy_loss: -0.4732
6144/7266 [========================>.....] - ETA: 0s - loss: 0.1922 - reconstruction_loss: 0.4715 - energy_loss: -0.4720
7168/7266 [============================>.] - ETA: 0s - loss: 0.1932 - reconstruction_loss: 0.4713 - energy_loss: -0.4714
7266/7266 [==============================] - 2s 302us/step - loss: 0.1932 - reconstruction_loss: 0.4713 - energy_loss: -0.4713 - val_loss: 0.3721 - val_reconstruction_loss: 0.4724 - val_energy_loss: -0.3086
Epoch 84/200

1024/7266 [===>..........................] - ETA: 1s - loss: 0.1925 - reconstruction_loss: 0.4737 - energy_loss: -0.4781
2048/7266 [=======>......................] - ETA: 1s - loss: 0.1880 - reconstruction_loss: 0.4715 - energy_loss: -0.4777
3072/7266 [===========>..................] - ETA: 0s - loss: 0.1849 - reconstruction_loss: 0.4686 - energy_loss: -0.4789
4096/7266 [===============>..............] - ETA: 0s - loss: 0.1849 - reconstruction_loss: 0.4672 - energy_loss: -0.4780
5120/7266 [====================>.........] - ETA: 0s - loss: 0.1868 - reconstruction_loss: 0.4674 - energy_loss: -0.4759
6144/7266 [========================>.....] - ETA: 0s - loss: 0.1880 - reconstruction_loss: 0.4671 - energy_loss: -0.4750
7168/7266 [============================>.] - ETA: 0s - loss: 0.1885 - reconstruction_loss: 0.4670 - energy_loss: -0.4742
7266/7266 [==============================] - 2s 302us/step - loss: 0.1885 - reconstruction_loss: 0.4670 - energy_loss: -0.4741 - val_loss: 0.4836 - val_reconstruction_loss: 0.4644 - val_energy_loss: -0.1946
Epoch 85/200

1024/7266 [===>..........................] - ETA: 1s - loss: 0.1975 - reconstruction_loss: 0.4654 - energy_loss: -0.4664
2048/7266 [=======>......................] - ETA: 1s - loss: 0.1950 - reconstruction_loss: 0.4675 - energy_loss: -0.4693
3072/7266 [===========>..................] - ETA: 0s - loss: 0.1890 - reconstruction_loss: 0.4670 - energy_loss: -0.4749
4096/7266 [===============>..............] - ETA: 0s - loss: 0.1864 - reconstruction_loss: 0.4662 - energy_loss: -0.4764
5120/7266 [====================>.........] - ETA: 0s - loss: 0.1870 - reconstruction_loss: 0.4644 - energy_loss: -0.4749
6144/7266 [========================>.....] - ETA: 0s - loss: 0.1859 - reconstruction_loss: 0.4632 - energy_loss: -0.4742
7168/7266 [============================>.] - ETA: 0s - loss: 0.1863 - reconstruction_loss: 0.4630 - energy_loss: -0.4737
7266/7266 [==============================] - 2s 302us/step - loss: 0.1866 - reconstruction_loss: 0.4630 - energy_loss: -0.4734 - val_loss: 0.3071 - val_reconstruction_loss: 0.4603 - val_energy_loss: -0.3704
Epoch 86/200

1024/7266 [===>..........................] - ETA: 1s - loss: 0.1753 - reconstruction_loss: 0.4615 - energy_loss: -0.4817
2048/7266 [=======>......................] - ETA: 1s - loss: 0.1774 - reconstruction_loss: 0.4578 - energy_loss: -0.4779
3072/7266 [===========>..................] - ETA: 0s - loss: 0.1783 - reconstruction_loss: 0.4582 - energy_loss: -0.4742
4096/7266 [===============>..............] - ETA: 0s - loss: 0.1798 - reconstruction_loss: 0.4588 - energy_loss: -0.4727
5120/7266 [====================>.........] - ETA: 0s - loss: 0.1797 - reconstruction_loss: 0.4595 - energy_loss: -0.4727
6144/7266 [========================>.....] - ETA: 0s - loss: 0.1796 - reconstruction_loss: 0.4597 - energy_loss: -0.4739
7168/7266 [============================>.] - ETA: 0s - loss: 0.1806 - reconstruction_loss: 0.4599 - energy_loss: -0.4733
7266/7266 [==============================] - 2s 301us/step - loss: 0.1815 - reconstruction_loss: 0.4603 - energy_loss: -0.4731 - val_loss: 0.3296 - val_reconstruction_loss: 0.4609 - val_energy_loss: -0.3445
Epoch 87/200

1024/7266 [===>..........................] - ETA: 1s - loss: 0.1803 - reconstruction_loss: 0.4598 - energy_loss: -0.4777
2048/7266 [=======>......................] - ETA: 1s - loss: 0.1823 - reconstruction_loss: 0.4593 - energy_loss: -0.4736
3072/7266 [===========>..................] - ETA: 0s - loss: 0.1765 - reconstruction_loss: 0.4584 - energy_loss: -0.4782
4096/7266 [===============>..............] - ETA: 0s - loss: 0.1730 - reconstruction_loss: 0.4581 - energy_loss: -0.4807
5120/7266 [====================>.........] - ETA: 0s - loss: 0.1751 - reconstruction_loss: 0.4585 - energy_loss: -0.4780
6144/7266 [========================>.....] - ETA: 0s - loss: 0.1768 - reconstruction_loss: 0.4584 - energy_loss: -0.4766
7168/7266 [============================>.] - ETA: 0s - loss: 0.1779 - reconstruction_loss: 0.4585 - energy_loss: -0.4754
7266/7266 [==============================] - 2s 302us/step - loss: 0.1802 - reconstruction_loss: 0.4585 - energy_loss: -0.4751 - val_loss: 0.5264 - val_reconstruction_loss: 0.4655 - val_energy_loss: -0.1446
Epoch 88/200

1024/7266 [===>..........................] - ETA: 1s - loss: 0.1754 - reconstruction_loss: 0.4535 - energy_loss: -0.4743
2048/7266 [=======>......................] - ETA: 1s - loss: 0.1802 - reconstruction_loss: 0.4548 - energy_loss: -0.4730
3072/7266 [===========>..................] - ETA: 0s - loss: 0.1767 - reconstruction_loss: 0.4575 - energy_loss: -0.4777
4096/7266 [===============>..............] - ETA: 0s - loss: 0.1757 - reconstruction_loss: 0.4599 - energy_loss: -0.4797
5120/7266 [====================>.........] - ETA: 0s - loss: 0.1792 - reconstruction_loss: 0.4624 - energy_loss: -0.4773
6144/7266 [========================>.....] - ETA: 0s - loss: 0.1765 - reconstruction_loss: 0.4624 - energy_loss: -0.4786
7168/7266 [============================>.] - ETA: 0s - loss: 0.1771 - reconstruction_loss: 0.4619 - energy_loss: -0.4775
7266/7266 [==============================] - 2s 302us/step - loss: 0.1771 - reconstruction_loss: 0.4619 - energy_loss: -0.4774 - val_loss: 0.4036 - val_reconstruction_loss: 0.4826 - val_energy_loss: -0.2774
Epoch 89/200

1024/7266 [===>..........................] - ETA: 1s - loss: 0.1771 - reconstruction_loss: 0.4671 - energy_loss: -0.4831
2048/7266 [=======>......................] - ETA: 1s - loss: 0.1728 - reconstruction_loss: 0.4638 - energy_loss: -0.4831
3072/7266 [===========>..................] - ETA: 0s - loss: 0.1689 - reconstruction_loss: 0.4597 - energy_loss: -0.4851
4096/7266 [===============>..............] - ETA: 0s - loss: 0.1724 - reconstruction_loss: 0.4597 - energy_loss: -0.4825
5120/7266 [====================>.........] - ETA: 0s - loss: 0.1726 - reconstruction_loss: 0.4586 - energy_loss: -0.4810
6144/7266 [========================>.....] - ETA: 0s - loss: 0.1749 - reconstruction_loss: 0.4588 - energy_loss: -0.4793
7168/7266 [============================>.] - ETA: 0s - loss: 0.1744 - reconstruction_loss: 0.4582 - energy_loss: -0.4791
7266/7266 [==============================] - 2s 303us/step - loss: 0.1747 - reconstruction_loss: 0.4580 - energy_loss: -0.4788 - val_loss: 0.3376 - val_reconstruction_loss: 0.4591 - val_energy_loss: -0.3286
Epoch 90/200

1024/7266 [===>..........................] - ETA: 1s - loss: 0.1687 - reconstruction_loss: 0.4517 - energy_loss: -0.4839
2048/7266 [=======>......................] - ETA: 1s - loss: 0.1620 - reconstruction_loss: 0.4488 - energy_loss: -0.4880
3072/7266 [===========>..................] - ETA: 0s - loss: 0.1656 - reconstruction_loss: 0.4504 - energy_loss: -0.4834
4096/7266 [===============>..............] - ETA: 0s - loss: 0.1667 - reconstruction_loss: 0.4513 - energy_loss: -0.4811
5120/7266 [====================>.........] - ETA: 0s - loss: 0.1688 - reconstruction_loss: 0.4523 - energy_loss: -0.4790
6144/7266 [========================>.....] - ETA: 0s - loss: 0.1703 - reconstruction_loss: 0.4531 - energy_loss: -0.4776
7168/7266 [============================>.] - ETA: 0s - loss: 0.1688 - reconstruction_loss: 0.4529 - energy_loss: -0.4785
7266/7266 [==============================] - 2s 301us/step - loss: 0.1691 - reconstruction_loss: 0.4526 - energy_loss: -0.4786 - val_loss: 0.4285 - val_reconstruction_loss: 0.4500 - val_energy_loss: -0.2343
Epoch 91/200

1024/7266 [===>..........................] - ETA: 1s - loss: 0.1760 - reconstruction_loss: 0.4583 - energy_loss: -0.4718
2048/7266 [=======>......................] - ETA: 1s - loss: 0.1791 - reconstruction_loss: 0.4565 - energy_loss: -0.4715
3072/7266 [===========>..................] - ETA: 0s - loss: 0.1705 - reconstruction_loss: 0.4543 - energy_loss: -0.4774
4096/7266 [===============>..............] - ETA: 0s - loss: 0.1697 - reconstruction_loss: 0.4531 - energy_loss: -0.4755
5120/7266 [====================>.........] - ETA: 0s - loss: 0.1698 - reconstruction_loss: 0.4518 - energy_loss: -0.4753
6144/7266 [========================>.....] - ETA: 0s - loss: 0.1694 - reconstruction_loss: 0.4510 - energy_loss: -0.4749
7168/7266 [============================>.] - ETA: 0s - loss: 0.1654 - reconstruction_loss: 0.4499 - energy_loss: -0.4776
7266/7266 [==============================] - 2s 301us/step - loss: 0.1663 - reconstruction_loss: 0.4500 - energy_loss: -0.4771 - val_loss: 0.2899 - val_reconstruction_loss: 0.4481 - val_energy_loss: -0.3691
Epoch 92/200

1024/7266 [===>..........................] - ETA: 1s - loss: 0.1673 - reconstruction_loss: 0.4433 - energy_loss: -0.4715
2048/7266 [=======>......................] - ETA: 1s - loss: 0.1668 - reconstruction_loss: 0.4459 - energy_loss: -0.4762
3072/7266 [===========>..................] - ETA: 0s - loss: 0.1664 - reconstruction_loss: 0.4459 - energy_loss: -0.4751
4096/7266 [===============>..............] - ETA: 0s - loss: 0.1658 - reconstruction_loss: 0.4457 - energy_loss: -0.4755
5120/7266 [====================>.........] - ETA: 0s - loss: 0.1667 - reconstruction_loss: 0.4470 - energy_loss: -0.4754
6144/7266 [========================>.....] - ETA: 0s - loss: 0.1672 - reconstruction_loss: 0.4473 - energy_loss: -0.4755
7168/7266 [============================>.] - ETA: 0s - loss: 0.1650 - reconstruction_loss: 0.4472 - energy_loss: -0.4782
7266/7266 [==============================] - 2s 301us/step - loss: 0.1652 - reconstruction_loss: 0.4472 - energy_loss: -0.4781 - val_loss: 0.3601 - val_reconstruction_loss: 0.4492 - val_energy_loss: -0.2965
Epoch 93/200

1024/7266 [===>..........................] - ETA: 1s - loss: 0.1607 - reconstruction_loss: 0.4407 - energy_loss: -0.4758
2048/7266 [=======>......................] - ETA: 1s - loss: 0.1516 - reconstruction_loss: 0.4427 - energy_loss: -0.4881
3072/7266 [===========>..................] - ETA: 0s - loss: 0.1507 - reconstruction_loss: 0.4442 - energy_loss: -0.4887
4096/7266 [===============>..............] - ETA: 0s - loss: 0.1530 - reconstruction_loss: 0.4445 - energy_loss: -0.4869
5120/7266 [====================>.........] - ETA: 0s - loss: 0.1560 - reconstruction_loss: 0.4450 - energy_loss: -0.4849
6144/7266 [========================>.....] - ETA: 0s - loss: 0.1584 - reconstruction_loss: 0.4456 - energy_loss: -0.4826
7168/7266 [============================>.] - ETA: 0s - loss: 0.1586 - reconstruction_loss: 0.4452 - energy_loss: -0.4812
7266/7266 [==============================] - 2s 302us/step - loss: 0.1590 - reconstruction_loss: 0.4452 - energy_loss: -0.4811 - val_loss: 0.3011 - val_reconstruction_loss: 0.4416 - val_energy_loss: -0.3520
Epoch 94/200

1024/7266 [===>..........................] - ETA: 1s - loss: 0.1599 - reconstruction_loss: 0.4412 - energy_loss: -0.4731
2048/7266 [=======>......................] - ETA: 1s - loss: 0.1656 - reconstruction_loss: 0.4449 - energy_loss: -0.4714
3072/7266 [===========>..................] - ETA: 0s - loss: 0.1633 - reconstruction_loss: 0.4444 - energy_loss: -0.4753
4096/7266 [===============>..............] - ETA: 0s - loss: 0.1599 - reconstruction_loss: 0.4433 - energy_loss: -0.4763
5120/7266 [====================>.........] - ETA: 0s - loss: 0.1605 - reconstruction_loss: 0.4428 - energy_loss: -0.4762
6144/7266 [========================>.....] - ETA: 0s - loss: 0.1608 - reconstruction_loss: 0.4425 - energy_loss: -0.4763
7168/7266 [============================>.] - ETA: 0s - loss: 0.1586 - reconstruction_loss: 0.4431 - energy_loss: -0.4785
7266/7266 [==============================] - 2s 302us/step - loss: 0.1589 - reconstruction_loss: 0.4429 - energy_loss: -0.4784 - val_loss: 0.2997 - val_reconstruction_loss: 0.4368 - val_energy_loss: -0.3501
Epoch 95/200

1024/7266 [===>..........................] - ETA: 1s - loss: 0.1621 - reconstruction_loss: 0.4338 - energy_loss: -0.4743
2048/7266 [=======>......................] - ETA: 1s - loss: 0.1655 - reconstruction_loss: 0.4374 - energy_loss: -0.4726
3072/7266 [===========>..................] - ETA: 0s - loss: 0.1643 - reconstruction_loss: 0.4392 - energy_loss: -0.4727
4096/7266 [===============>..............] - ETA: 0s - loss: 0.1612 - reconstruction_loss: 0.4390 - energy_loss: -0.4744
5120/7266 [====================>.........] - ETA: 0s - loss: 0.1581 - reconstruction_loss: 0.4401 - energy_loss: -0.4773
6144/7266 [========================>.....] - ETA: 0s - loss: 0.1557 - reconstruction_loss: 0.4404 - energy_loss: -0.4805
7168/7266 [============================>.] - ETA: 0s - loss: 0.1536 - reconstruction_loss: 0.4405 - energy_loss: -0.4824
7266/7266 [==============================] - 2s 302us/step - loss: 0.1538 - reconstruction_loss: 0.4404 - energy_loss: -0.4821 - val_loss: 0.2816 - val_reconstruction_loss: 0.4361 - val_energy_loss: -0.3652
Epoch 96/200

1024/7266 [===>..........................] - ETA: 1s - loss: 0.1525 - reconstruction_loss: 0.4362 - energy_loss: -0.4768
2048/7266 [=======>......................] - ETA: 1s - loss: 0.1588 - reconstruction_loss: 0.4382 - energy_loss: -0.4739
3072/7266 [===========>..................] - ETA: 0s - loss: 0.1570 - reconstruction_loss: 0.4367 - energy_loss: -0.4773
4096/7266 [===============>..............] - ETA: 0s - loss: 0.1536 - reconstruction_loss: 0.4368 - energy_loss: -0.4815
5120/7266 [====================>.........] - ETA: 0s - loss: 0.1547 - reconstruction_loss: 0.4379 - energy_loss: -0.4808
6144/7266 [========================>.....] - ETA: 0s - loss: 0.1546 - reconstruction_loss: 0.4373 - energy_loss: -0.4809
7168/7266 [============================>.] - ETA: 0s - loss: 0.1519 - reconstruction_loss: 0.4378 - energy_loss: -0.4825
7266/7266 [==============================] - 2s 302us/step - loss: 0.1522 - reconstruction_loss: 0.4379 - energy_loss: -0.4824 - val_loss: 0.2538 - val_reconstruction_loss: 0.4303 - val_energy_loss: -0.3926
Epoch 97/200

1024/7266 [===>..........................] - ETA: 1s - loss: 0.1478 - reconstruction_loss: 0.4394 - energy_loss: -0.4904
2048/7266 [=======>......................] - ETA: 1s - loss: 0.1465 - reconstruction_loss: 0.4386 - energy_loss: -0.4858
3072/7266 [===========>..................] - ETA: 0s - loss: 0.1481 - reconstruction_loss: 0.4379 - energy_loss: -0.4828
4096/7266 [===============>..............] - ETA: 0s - loss: 0.1467 - reconstruction_loss: 0.4378 - energy_loss: -0.4839
5120/7266 [====================>.........] - ETA: 0s - loss: 0.1426 - reconstruction_loss: 0.4367 - energy_loss: -0.4867
6144/7266 [========================>.....] - ETA: 0s - loss: 0.1440 - reconstruction_loss: 0.4369 - energy_loss: -0.4854
7168/7266 [============================>.] - ETA: 0s - loss: 0.1445 - reconstruction_loss: 0.4365 - energy_loss: -0.4844
7266/7266 [==============================] - 2s 302us/step - loss: 0.1449 - reconstruction_loss: 0.4366 - energy_loss: -0.4841 - val_loss: 0.4204 - val_reconstruction_loss: 0.4268 - val_energy_loss: -0.2282
Epoch 98/200

1024/7266 [===>..........................] - ETA: 1s - loss: 0.1410 - reconstruction_loss: 0.4383 - energy_loss: -0.4893
2048/7266 [=======>......................] - ETA: 1s - loss: 0.1419 - reconstruction_loss: 0.4356 - energy_loss: -0.4853
3072/7266 [===========>..................] - ETA: 0s - loss: 0.1418 - reconstruction_loss: 0.4361 - energy_loss: -0.4876
4096/7266 [===============>..............] - ETA: 0s - loss: 0.1423 - reconstruction_loss: 0.4358 - energy_loss: -0.4865
5120/7266 [====================>.........] - ETA: 0s - loss: 0.1436 - reconstruction_loss: 0.4355 - energy_loss: -0.4846
6144/7266 [========================>.....] - ETA: 0s - loss: 0.1438 - reconstruction_loss: 0.4348 - energy_loss: -0.4836
7168/7266 [============================>.] - ETA: 0s - loss: 0.1438 - reconstruction_loss: 0.4333 - energy_loss: -0.4830
7266/7266 [==============================] - 2s 301us/step - loss: 0.1438 - reconstruction_loss: 0.4332 - energy_loss: -0.4831 - val_loss: 0.3016 - val_reconstruction_loss: 0.4245 - val_energy_loss: -0.3471
Epoch 99/200

1024/7266 [===>..........................] - ETA: 1s - loss: 0.1221 - reconstruction_loss: 0.4274 - energy_loss: -0.5025
2048/7266 [=======>......................] - ETA: 1s - loss: 0.1365 - reconstruction_loss: 0.4283 - energy_loss: -0.4905
3072/7266 [===========>..................] - ETA: 0s - loss: 0.1434 - reconstruction_loss: 0.4310 - energy_loss: -0.4852
4096/7266 [===============>..............] - ETA: 0s - loss: 0.1437 - reconstruction_loss: 0.4300 - energy_loss: -0.4837
5120/7266 [====================>.........] - ETA: 0s - loss: 0.1429 - reconstruction_loss: 0.4303 - energy_loss: -0.4842
6144/7266 [========================>.....] - ETA: 0s - loss: 0.1402 - reconstruction_loss: 0.4297 - energy_loss: -0.4851
7168/7266 [============================>.] - ETA: 0s - loss: 0.1391 - reconstruction_loss: 0.4300 - energy_loss: -0.4859
7266/7266 [==============================] - 2s 306us/step - loss: 0.1397 - reconstruction_loss: 0.4303 - energy_loss: -0.4857 - val_loss: 0.2905 - val_reconstruction_loss: 0.4248 - val_energy_loss: -0.3465
Epoch 100/200

1024/7266 [===>..........................] - ETA: 1s - loss: 0.1356 - reconstruction_loss: 0.4265 - energy_loss: -0.4844
2048/7266 [=======>......................] - ETA: 1s - loss: 0.1394 - reconstruction_loss: 0.4271 - energy_loss: -0.4821
3072/7266 [===========>..................] - ETA: 0s - loss: 0.1355 - reconstruction_loss: 0.4285 - energy_loss: -0.4865
4096/7266 [===============>..............] - ETA: 0s - loss: 0.1365 - reconstruction_loss: 0.4279 - energy_loss: -0.4859
5120/7266 [====================>.........] - ETA: 0s - loss: 0.1340 - reconstruction_loss: 0.4293 - energy_loss: -0.4895
6144/7266 [========================>.....] - ETA: 0s - loss: 0.1362 - reconstruction_loss: 0.4295 - energy_loss: -0.4881
7168/7266 [============================>.] - ETA: 0s - loss: 0.1349 - reconstruction_loss: 0.4298 - energy_loss: -0.4889
7266/7266 [==============================] - 2s 300us/step - loss: 0.1356 - reconstruction_loss: 0.4296 - energy_loss: -0.4885 - val_loss: 0.4883 - val_reconstruction_loss: 0.4279 - val_energy_loss: -0.1458
Epoch 101/200

1024/7266 [===>..........................] - ETA: 1s - loss: 0.1263 - reconstruction_loss: 0.4282 - energy_loss: -0.4944
2048/7266 [=======>......................] - ETA: 1s - loss: 0.1316 - reconstruction_loss: 0.4296 - energy_loss: -0.4915
3072/7266 [===========>..................] - ETA: 0s - loss: 0.1277 - reconstruction_loss: 0.4300 - energy_loss: -0.4943
4096/7266 [===============>..............] - ETA: 0s - loss: 0.1265 - reconstruction_loss: 0.4312 - energy_loss: -0.4952
5120/7266 [====================>.........] - ETA: 0s - loss: 0.1300 - reconstruction_loss: 0.4301 - energy_loss: -0.4919
6144/7266 [========================>.....] - ETA: 0s - loss: 0.1319 - reconstruction_loss: 0.4297 - energy_loss: -0.4902
7168/7266 [============================>.] - ETA: 0s - loss: 0.1329 - reconstruction_loss: 0.4286 - energy_loss: -0.4890
7266/7266 [==============================] - 2s 301us/step - loss: 0.1330 - reconstruction_loss: 0.4283 - energy_loss: -0.4889 - val_loss: 0.3367 - val_reconstruction_loss: 0.4347 - val_energy_loss: -0.2979
Epoch 102/200

1024/7266 [===>..........................] - ETA: 1s - loss: 0.1237 - reconstruction_loss: 0.4230 - energy_loss: -0.4991
2048/7266 [=======>......................] - ETA: 1s - loss: 0.1247 - reconstruction_loss: 0.4279 - energy_loss: -0.4982
3072/7266 [===========>..................] - ETA: 0s - loss: 0.1284 - reconstruction_loss: 0.4288 - energy_loss: -0.4946
4096/7266 [===============>..............] - ETA: 0s - loss: 0.1306 - reconstruction_loss: 0.4295 - energy_loss: -0.4932
5120/7266 [====================>.........] - ETA: 0s - loss: 0.1308 - reconstruction_loss: 0.4285 - energy_loss: -0.4917
6144/7266 [========================>.....] - ETA: 0s - loss: 0.1307 - reconstruction_loss: 0.4282 - energy_loss: -0.4904
7168/7266 [============================>.] - ETA: 0s - loss: 0.1325 - reconstruction_loss: 0.4279 - energy_loss: -0.4891
7266/7266 [==============================] - 2s 302us/step - loss: 0.1331 - reconstruction_loss: 0.4280 - energy_loss: -0.4887 - val_loss: 0.1996 - val_reconstruction_loss: 0.4329 - val_energy_loss: -0.4353
Epoch 103/200

1024/7266 [===>..........................] - ETA: 1s - loss: 0.1195 - reconstruction_loss: 0.4235 - energy_loss: -0.4948
2048/7266 [=======>......................] - ETA: 1s - loss: 0.1267 - reconstruction_loss: 0.4239 - energy_loss: -0.4881
3072/7266 [===========>..................] - ETA: 0s - loss: 0.1332 - reconstruction_loss: 0.4257 - energy_loss: -0.4834
4096/7266 [===============>..............] - ETA: 0s - loss: 0.1294 - reconstruction_loss: 0.4248 - energy_loss: -0.4868
5120/7266 [====================>.........] - ETA: 0s - loss: 0.1306 - reconstruction_loss: 0.4239 - energy_loss: -0.4852
6144/7266 [========================>.....] - ETA: 0s - loss: 0.1320 - reconstruction_loss: 0.4241 - energy_loss: -0.4838
7168/7266 [============================>.] - ETA: 0s - loss: 0.1310 - reconstruction_loss: 0.4249 - energy_loss: -0.4855
7266/7266 [==============================] - 2s 301us/step - loss: 0.1312 - reconstruction_loss: 0.4247 - energy_loss: -0.4852 - val_loss: 0.3394 - val_reconstruction_loss: 0.4249 - val_energy_loss: -0.2972
Epoch 104/200

1024/7266 [===>..........................] - ETA: 1s - loss: 0.1355 - reconstruction_loss: 0.4213 - energy_loss: -0.4792
2048/7266 [=======>......................] - ETA: 1s - loss: 0.1342 - reconstruction_loss: 0.4215 - energy_loss: -0.4808
3072/7266 [===========>..................] - ETA: 0s - loss: 0.1319 - reconstruction_loss: 0.4208 - energy_loss: -0.4836
4096/7266 [===============>..............] - ETA: 0s - loss: 0.1243 - reconstruction_loss: 0.4204 - energy_loss: -0.4901
5120/7266 [====================>.........] - ETA: 0s - loss: 0.1228 - reconstruction_loss: 0.4200 - energy_loss: -0.4918
6144/7266 [========================>.....] - ETA: 0s - loss: 0.1227 - reconstruction_loss: 0.4203 - energy_loss: -0.4918
7168/7266 [============================>.] - ETA: 0s - loss: 0.1250 - reconstruction_loss: 0.4206 - energy_loss: -0.4898
7266/7266 [==============================] - 2s 302us/step - loss: 0.1257 - reconstruction_loss: 0.4206 - energy_loss: -0.4897 - val_loss: 0.2550 - val_reconstruction_loss: 0.4289 - val_energy_loss: -0.3801
Epoch 105/200

1024/7266 [===>..........................] - ETA: 1s - loss: 0.1322 - reconstruction_loss: 0.4149 - energy_loss: -0.4816
2048/7266 [=======>......................] - ETA: 1s - loss: 0.1314 - reconstruction_loss: 0.4181 - energy_loss: -0.4815
3072/7266 [===========>..................] - ETA: 0s - loss: 0.1255 - reconstruction_loss: 0.4203 - energy_loss: -0.4879
4096/7266 [===============>..............] - ETA: 0s - loss: 0.1243 - reconstruction_loss: 0.4206 - energy_loss: -0.4897
5120/7266 [====================>.........] - ETA: 0s - loss: 0.1241 - reconstruction_loss: 0.4210 - energy_loss: -0.4887
6144/7266 [========================>.....] - ETA: 0s - loss: 0.1237 - reconstruction_loss: 0.4221 - energy_loss: -0.4885
7168/7266 [============================>.] - ETA: 0s - loss: 0.1223 - reconstruction_loss: 0.4224 - energy_loss: -0.4899
7266/7266 [==============================] - 2s 301us/step - loss: 0.1223 - reconstruction_loss: 0.4222 - energy_loss: -0.4898 - val_loss: 0.3488 - val_reconstruction_loss: 0.4260 - val_energy_loss: -0.2833
Epoch 106/200

1024/7266 [===>..........................] - ETA: 1s - loss: 0.1070 - reconstruction_loss: 0.4182 - energy_loss: -0.5016
2048/7266 [=======>......................] - ETA: 1s - loss: 0.1198 - reconstruction_loss: 0.4182 - energy_loss: -0.4924
3072/7266 [===========>..................] - ETA: 0s - loss: 0.1147 - reconstruction_loss: 0.4192 - energy_loss: -0.4961
4096/7266 [===============>..............] - ETA: 0s - loss: 0.1178 - reconstruction_loss: 0.4189 - energy_loss: -0.4925
5120/7266 [====================>.........] - ETA: 0s - loss: 0.1205 - reconstruction_loss: 0.4186 - energy_loss: -0.4891
6144/7266 [========================>.....] - ETA: 0s - loss: 0.1186 - reconstruction_loss: 0.4180 - energy_loss: -0.4910
7168/7266 [============================>.] - ETA: 0s - loss: 0.1206 - reconstruction_loss: 0.4170 - energy_loss: -0.4892
7266/7266 [==============================] - 2s 302us/step - loss: 0.1213 - reconstruction_loss: 0.4170 - energy_loss: -0.4892 - val_loss: 0.3527 - val_reconstruction_loss: 0.4200 - val_energy_loss: -0.2778
Epoch 107/200

1024/7266 [===>..........................] - ETA: 1s - loss: 0.1175 - reconstruction_loss: 0.4147 - energy_loss: -0.4917
2048/7266 [=======>......................] - ETA: 1s - loss: 0.1107 - reconstruction_loss: 0.4140 - energy_loss: -0.4989
3072/7266 [===========>..................] - ETA: 0s - loss: 0.1188 - reconstruction_loss: 0.4158 - energy_loss: -0.4930
4096/7266 [===============>..............] - ETA: 0s - loss: 0.1181 - reconstruction_loss: 0.4166 - energy_loss: -0.4930
5120/7266 [====================>.........] - ETA: 0s - loss: 0.1199 - reconstruction_loss: 0.4163 - energy_loss: -0.4904
6144/7266 [========================>.....] - ETA: 0s - loss: 0.1168 - reconstruction_loss: 0.4163 - energy_loss: -0.4932
7168/7266 [============================>.] - ETA: 0s - loss: 0.1174 - reconstruction_loss: 0.4157 - energy_loss: -0.4921
7266/7266 [==============================] - 2s 301us/step - loss: 0.1177 - reconstruction_loss: 0.4158 - energy_loss: -0.4918 - val_loss: 0.2216 - val_reconstruction_loss: 0.4210 - val_energy_loss: -0.4024
Epoch 108/200

1024/7266 [===>..........................] - ETA: 1s - loss: 0.1209 - reconstruction_loss: 0.4149 - energy_loss: -0.4840
2048/7266 [=======>......................] - ETA: 1s - loss: 0.1250 - reconstruction_loss: 0.4145 - energy_loss: -0.4839
3072/7266 [===========>..................] - ETA: 0s - loss: 0.1216 - reconstruction_loss: 0.4128 - energy_loss: -0.4843
4096/7266 [===============>..............] - ETA: 0s - loss: 0.1174 - reconstruction_loss: 0.4139 - energy_loss: -0.4887
5120/7266 [====================>.........] - ETA: 0s - loss: 0.1166 - reconstruction_loss: 0.4137 - energy_loss: -0.4898
6144/7266 [========================>.....] - ETA: 0s - loss: 0.1161 - reconstruction_loss: 0.4141 - energy_loss: -0.4905
7168/7266 [============================>.] - ETA: 0s - loss: 0.1159 - reconstruction_loss: 0.4142 - energy_loss: -0.4911
7266/7266 [==============================] - 2s 300us/step - loss: 0.1207 - reconstruction_loss: 0.4141 - energy_loss: -0.4910 - val_loss: 0.4179 - val_reconstruction_loss: 0.4314 - val_energy_loss: -0.2041
Epoch 109/200

1024/7266 [===>..........................] - ETA: 1s - loss: 0.1226 - reconstruction_loss: 0.4180 - energy_loss: -0.4832
2048/7266 [=======>......................] - ETA: 1s - loss: 0.1155 - reconstruction_loss: 0.4226 - energy_loss: -0.4905
3072/7266 [===========>..................] - ETA: 0s - loss: 0.1165 - reconstruction_loss: 0.4212 - energy_loss: -0.4887
4096/7266 [===============>..............] - ETA: 0s - loss: 0.1142 - reconstruction_loss: 0.4244 - energy_loss: -0.4933
5120/7266 [====================>.........] - ETA: 0s - loss: 0.1178 - reconstruction_loss: 0.4272 - energy_loss: -0.4916
6144/7266 [========================>.....] - ETA: 0s - loss: 0.1201 - reconstruction_loss: 0.4284 - energy_loss: -0.4899
7168/7266 [============================>.] - ETA: 0s - loss: 0.1197 - reconstruction_loss: 0.4296 - energy_loss: -0.4908
7266/7266 [==============================] - 2s 302us/step - loss: 0.1200 - reconstruction_loss: 0.4296 - energy_loss: -0.4907 - val_loss: 0.4470 - val_reconstruction_loss: 0.5123 - val_energy_loss: -0.2449
Epoch 110/200

1024/7266 [===>..........................] - ETA: 1s - loss: 0.1240 - reconstruction_loss: 0.4379 - energy_loss: -0.5017
2048/7266 [=======>......................] - ETA: 1s - loss: 0.1217 - reconstruction_loss: 0.4336 - energy_loss: -0.4985
3072/7266 [===========>..................] - ETA: 0s - loss: 0.1179 - reconstruction_loss: 0.4305 - energy_loss: -0.4991
4096/7266 [===============>..............] - ETA: 0s - loss: 0.1206 - reconstruction_loss: 0.4302 - energy_loss: -0.4961
5120/7266 [====================>.........] - ETA: 0s - loss: 0.1220 - reconstruction_loss: 0.4299 - energy_loss: -0.4935
6144/7266 [========================>.....] - ETA: 0s - loss: 0.1205 - reconstruction_loss: 0.4286 - energy_loss: -0.4951
7168/7266 [============================>.] - ETA: 0s - loss: 0.1207 - reconstruction_loss: 0.4267 - energy_loss: -0.4940
7266/7266 [==============================] - 2s 302us/step - loss: 0.1206 - reconstruction_loss: 0.4264 - energy_loss: -0.4938 - val_loss: 0.4409 - val_reconstruction_loss: 0.4857 - val_energy_loss: -0.2347
Epoch 111/200

1024/7266 [===>..........................] - ETA: 1s - loss: 0.1176 - reconstruction_loss: 0.4126 - energy_loss: -0.4878
2048/7266 [=======>......................] - ETA: 1s - loss: 0.1104 - reconstruction_loss: 0.4131 - energy_loss: -0.4961
3072/7266 [===========>..................] - ETA: 0s - loss: 0.1051 - reconstruction_loss: 0.4140 - energy_loss: -0.5029
4096/7266 [===============>..............] - ETA: 0s - loss: 0.1070 - reconstruction_loss: 0.4145 - energy_loss: -0.5032
5120/7266 [====================>.........] - ETA: 0s - loss: 0.1063 - reconstruction_loss: 0.4132 - energy_loss: -0.5026
6144/7266 [========================>.....] - ETA: 0s - loss: 0.1067 - reconstruction_loss: 0.4120 - energy_loss: -0.5007
7168/7266 [============================>.] - ETA: 0s - loss: 0.1079 - reconstruction_loss: 0.4119 - energy_loss: -0.4998
7266/7266 [==============================] - 2s 302us/step - loss: 0.1109 - reconstruction_loss: 0.4119 - energy_loss: -0.4992 - val_loss: 0.3519 - val_reconstruction_loss: 0.4615 - val_energy_loss: -0.2995
Epoch 112/200

1024/7266 [===>..........................] - ETA: 1s - loss: 0.1032 - reconstruction_loss: 0.4176 - energy_loss: -0.5074
2048/7266 [=======>......................] - ETA: 1s - loss: 0.1054 - reconstruction_loss: 0.4183 - energy_loss: -0.5013
3072/7266 [===========>..................] - ETA: 0s - loss: 0.1041 - reconstruction_loss: 0.4198 - energy_loss: -0.5017
4096/7266 [===============>..............] - ETA: 0s - loss: 0.1021 - reconstruction_loss: 0.4194 - energy_loss: -0.5024
5120/7266 [====================>.........] - ETA: 0s - loss: 0.1051 - reconstruction_loss: 0.4193 - energy_loss: -0.4987
6144/7266 [========================>.....] - ETA: 0s - loss: 0.1048 - reconstruction_loss: 0.4186 - energy_loss: -0.4978
7168/7266 [============================>.] - ETA: 0s - loss: 0.1065 - reconstruction_loss: 0.4181 - energy_loss: -0.4961
7266/7266 [==============================] - 2s 300us/step - loss: 0.1067 - reconstruction_loss: 0.4182 - energy_loss: -0.4957 - val_loss: 0.4135 - val_reconstruction_loss: 0.4773 - val_energy_loss: -0.2440
Epoch 113/200

1024/7266 [===>..........................] - ETA: 1s - loss: 0.1005 - reconstruction_loss: 0.4176 - energy_loss: -0.4946
2048/7266 [=======>......................] - ETA: 1s - loss: 0.1025 - reconstruction_loss: 0.4182 - energy_loss: -0.4949
3072/7266 [===========>..................] - ETA: 0s - loss: 0.1001 - reconstruction_loss: 0.4191 - energy_loss: -0.5000
4096/7266 [===============>..............] - ETA: 0s - loss: 0.1033 - reconstruction_loss: 0.4187 - energy_loss: -0.4963
5120/7266 [====================>.........] - ETA: 0s - loss: 0.0996 - reconstruction_loss: 0.4171 - energy_loss: -0.5001
6144/7266 [========================>.....] - ETA: 0s - loss: 0.1018 - reconstruction_loss: 0.4163 - energy_loss: -0.4981
7168/7266 [============================>.] - ETA: 0s - loss: 0.1050 - reconstruction_loss: 0.4156 - energy_loss: -0.4963
7266/7266 [==============================] - 2s 301us/step - loss: 0.1056 - reconstruction_loss: 0.4157 - energy_loss: -0.4959 - val_loss: 0.3924 - val_reconstruction_loss: 0.4610 - val_energy_loss: -0.2639
Epoch 114/200

1024/7266 [===>..........................] - ETA: 1s - loss: 0.1059 - reconstruction_loss: 0.4114 - energy_loss: -0.4954
2048/7266 [=======>......................] - ETA: 1s - loss: 0.1028 - reconstruction_loss: 0.4090 - energy_loss: -0.5002
3072/7266 [===========>..................] - ETA: 0s - loss: 0.0984 - reconstruction_loss: 0.4077 - energy_loss: -0.5045
4096/7266 [===============>..............] - ETA: 0s - loss: 0.0998 - reconstruction_loss: 0.4079 - energy_loss: -0.5021
5120/7266 [====================>.........] - ETA: 0s - loss: 0.0994 - reconstruction_loss: 0.4067 - energy_loss: -0.5009
6144/7266 [========================>.....] - ETA: 0s - loss: 0.0981 - reconstruction_loss: 0.4060 - energy_loss: -0.5021
7168/7266 [============================>.] - ETA: 0s - loss: 0.0981 - reconstruction_loss: 0.4054 - energy_loss: -0.5017
7266/7266 [==============================] - 2s 300us/step - loss: 0.0996 - reconstruction_loss: 0.4056 - energy_loss: -0.5012 - val_loss: 0.3367 - val_reconstruction_loss: 0.4425 - val_energy_loss: -0.3043
Epoch 115/200

1024/7266 [===>..........................] - ETA: 1s - loss: 0.0827 - reconstruction_loss: 0.4032 - energy_loss: -0.5059
2048/7266 [=======>......................] - ETA: 1s - loss: 0.0844 - reconstruction_loss: 0.4051 - energy_loss: -0.5083
3072/7266 [===========>..................] - ETA: 0s - loss: 0.0882 - reconstruction_loss: 0.4075 - energy_loss: -0.5075
4096/7266 [===============>..............] - ETA: 0s - loss: 0.0927 - reconstruction_loss: 0.4084 - energy_loss: -0.5032
5120/7266 [====================>.........] - ETA: 0s - loss: 0.0954 - reconstruction_loss: 0.4090 - energy_loss: -0.5015
6144/7266 [========================>.....] - ETA: 0s - loss: 0.0953 - reconstruction_loss: 0.4084 - energy_loss: -0.5009
7168/7266 [============================>.] - ETA: 0s - loss: 0.0932 - reconstruction_loss: 0.4092 - energy_loss: -0.5023
7266/7266 [==============================] - 2s 301us/step - loss: 0.0935 - reconstruction_loss: 0.4092 - energy_loss: -0.5018 - val_loss: 0.3898 - val_reconstruction_loss: 0.4469 - val_energy_loss: -0.2560
Epoch 116/200

1024/7266 [===>..........................] - ETA: 1s - loss: 0.1105 - reconstruction_loss: 0.4132 - energy_loss: -0.4844
2048/7266 [=======>......................] - ETA: 1s - loss: 0.0996 - reconstruction_loss: 0.4092 - energy_loss: -0.4950
3072/7266 [===========>..................] - ETA: 0s - loss: 0.0950 - reconstruction_loss: 0.4074 - energy_loss: -0.5009
4096/7266 [===============>..............] - ETA: 0s - loss: 0.0946 - reconstruction_loss: 0.4073 - energy_loss: -0.5004
5120/7266 [====================>.........] - ETA: 0s - loss: 0.0962 - reconstruction_loss: 0.4062 - energy_loss: -0.4984
6144/7266 [========================>.....] - ETA: 0s - loss: 0.0954 - reconstruction_loss: 0.4058 - energy_loss: -0.4987
7168/7266 [============================>.] - ETA: 0s - loss: 0.0930 - reconstruction_loss: 0.4039 - energy_loss: -0.5006
7266/7266 [==============================] - 2s 302us/step - loss: 0.0942 - reconstruction_loss: 0.4038 - energy_loss: -0.5003 - val_loss: 0.3413 - val_reconstruction_loss: 0.4304 - val_energy_loss: -0.2961
Epoch 117/200

1024/7266 [===>..........................] - ETA: 1s - loss: 0.0750 - reconstruction_loss: 0.3995 - energy_loss: -0.5186
2048/7266 [=======>......................] - ETA: 1s - loss: 0.0901 - reconstruction_loss: 0.3990 - energy_loss: -0.5041
3072/7266 [===========>..................] - ETA: 0s - loss: 0.0877 - reconstruction_loss: 0.3988 - energy_loss: -0.5065
4096/7266 [===============>..............] - ETA: 0s - loss: 0.0910 - reconstruction_loss: 0.3980 - energy_loss: -0.5038
5120/7266 [====================>.........] - ETA: 0s - loss: 0.0896 - reconstruction_loss: 0.3983 - energy_loss: -0.5043
6144/7266 [========================>.....] - ETA: 0s - loss: 0.0875 - reconstruction_loss: 0.3985 - energy_loss: -0.5061
7168/7266 [============================>.] - ETA: 0s - loss: 0.0880 - reconstruction_loss: 0.3990 - energy_loss: -0.5061
7266/7266 [==============================] - 2s 303us/step - loss: 0.0883 - reconstruction_loss: 0.3994 - energy_loss: -0.5060 - val_loss: 0.4553 - val_reconstruction_loss: 0.4214 - val_energy_loss: -0.1626
Epoch 118/200

1024/7266 [===>..........................] - ETA: 1s - loss: 0.0729 - reconstruction_loss: 0.3986 - energy_loss: -0.5190
2048/7266 [=======>......................] - ETA: 1s - loss: 0.0886 - reconstruction_loss: 0.4017 - energy_loss: -0.5046
3072/7266 [===========>..................] - ETA: 0s - loss: 0.0923 - reconstruction_loss: 0.4029 - energy_loss: -0.5021
4096/7266 [===============>..............] - ETA: 0s - loss: 0.0919 - reconstruction_loss: 0.4033 - energy_loss: -0.5023
5120/7266 [====================>.........] - ETA: 0s - loss: 0.0917 - reconstruction_loss: 0.4029 - energy_loss: -0.5017
6144/7266 [========================>.....] - ETA: 0s - loss: 0.0900 - reconstruction_loss: 0.4035 - energy_loss: -0.5035
7168/7266 [============================>.] - ETA: 0s - loss: 0.0874 - reconstruction_loss: 0.4031 - energy_loss: -0.5050
7266/7266 [==============================] - 2s 303us/step - loss: 0.0878 - reconstruction_loss: 0.4029 - energy_loss: -0.5047 - val_loss: 0.4988 - val_reconstruction_loss: 0.4150 - val_energy_loss: -0.1192
Epoch 119/200

1024/7266 [===>..........................] - ETA: 1s - loss: 0.0972 - reconstruction_loss: 0.3977 - energy_loss: -0.4948
2048/7266 [=======>......................] - ETA: 1s - loss: 0.0888 - reconstruction_loss: 0.4004 - energy_loss: -0.5039
3072/7266 [===========>..................] - ETA: 0s - loss: 0.0850 - reconstruction_loss: 0.4011 - energy_loss: -0.5061
4096/7266 [===============>..............] - ETA: 0s - loss: 0.0831 - reconstruction_loss: 0.4018 - energy_loss: -0.5095
5120/7266 [====================>.........] - ETA: 0s - loss: 0.0829 - reconstruction_loss: 0.4005 - energy_loss: -0.5083
6144/7266 [========================>.....] - ETA: 0s - loss: 0.0816 - reconstruction_loss: 0.3996 - energy_loss: -0.5094
7168/7266 [============================>.] - ETA: 0s - loss: 0.0826 - reconstruction_loss: 0.3984 - energy_loss: -0.5077
7266/7266 [==============================] - 2s 302us/step - loss: 0.0831 - reconstruction_loss: 0.3983 - energy_loss: -0.5072 - val_loss: 0.3594 - val_reconstruction_loss: 0.4135 - val_energy_loss: -0.2642
Epoch 120/200

1024/7266 [===>..........................] - ETA: 1s - loss: 0.0900 - reconstruction_loss: 0.3967 - energy_loss: -0.4978
2048/7266 [=======>......................] - ETA: 1s - loss: 0.0770 - reconstruction_loss: 0.3953 - energy_loss: -0.5093
3072/7266 [===========>..................] - ETA: 0s - loss: 0.0814 - reconstruction_loss: 0.3974 - energy_loss: -0.5083
4096/7266 [===============>..............] - ETA: 0s - loss: 0.0857 - reconstruction_loss: 0.3962 - energy_loss: -0.5035
5120/7266 [====================>.........] - ETA: 0s - loss: 0.0836 - reconstruction_loss: 0.3963 - energy_loss: -0.5051
6144/7266 [========================>.....] - ETA: 0s - loss: 0.0815 - reconstruction_loss: 0.3956 - energy_loss: -0.5061
7168/7266 [============================>.] - ETA: 0s - loss: 0.0830 - reconstruction_loss: 0.3958 - energy_loss: -0.5052
7266/7266 [==============================] - 2s 301us/step - loss: 0.0837 - reconstruction_loss: 0.3958 - energy_loss: -0.5048 - val_loss: 0.3464 - val_reconstruction_loss: 0.4087 - val_energy_loss: -0.2707
Epoch 121/200

1024/7266 [===>..........................] - ETA: 1s - loss: 0.0807 - reconstruction_loss: 0.3929 - energy_loss: -0.5042
2048/7266 [=======>......................] - ETA: 1s - loss: 0.0727 - reconstruction_loss: 0.3944 - energy_loss: -0.5101
3072/7266 [===========>..................] - ETA: 0s - loss: 0.0729 - reconstruction_loss: 0.3941 - energy_loss: -0.5120
4096/7266 [===============>..............] - ETA: 0s - loss: 0.0738 - reconstruction_loss: 0.3959 - energy_loss: -0.5122
5120/7266 [====================>.........] - ETA: 0s - loss: 0.0770 - reconstruction_loss: 0.3953 - energy_loss: -0.5100
6144/7266 [========================>.....] - ETA: 0s - loss: 0.0781 - reconstruction_loss: 0.3951 - energy_loss: -0.5088
7168/7266 [============================>.] - ETA: 0s - loss: 0.0796 - reconstruction_loss: 0.3959 - energy_loss: -0.5073
7266/7266 [==============================] - 2s 301us/step - loss: 0.0797 - reconstruction_loss: 0.3959 - energy_loss: -0.5072 - val_loss: 0.3776 - val_reconstruction_loss: 0.4037 - val_energy_loss: -0.2373
Epoch 122/200

1024/7266 [===>..........................] - ETA: 1s - loss: 0.0688 - reconstruction_loss: 0.3945 - energy_loss: -0.5115
2048/7266 [=======>......................] - ETA: 1s - loss: 0.0738 - reconstruction_loss: 0.3928 - energy_loss: -0.5078
3072/7266 [===========>..................] - ETA: 0s - loss: 0.0764 - reconstruction_loss: 0.3907 - energy_loss: -0.5042
4096/7266 [===============>..............] - ETA: 0s - loss: 0.0755 - reconstruction_loss: 0.3909 - energy_loss: -0.5055
5120/7266 [====================>.........] - ETA: 0s - loss: 0.0754 - reconstruction_loss: 0.3914 - energy_loss: -0.5072
6144/7266 [========================>.....] - ETA: 0s - loss: 0.0737 - reconstruction_loss: 0.3921 - energy_loss: -0.5103
7168/7266 [============================>.] - ETA: 0s - loss: 0.0767 - reconstruction_loss: 0.3927 - energy_loss: -0.5081
7266/7266 [==============================] - 2s 301us/step - loss: 0.0772 - reconstruction_loss: 0.3926 - energy_loss: -0.5078 - val_loss: 0.2604 - val_reconstruction_loss: 0.3999 - val_energy_loss: -0.3536
Epoch 123/200

1024/7266 [===>..........................] - ETA: 1s - loss: 0.0854 - reconstruction_loss: 0.3911 - energy_loss: -0.4990
2048/7266 [=======>......................] - ETA: 1s - loss: 0.0854 - reconstruction_loss: 0.3922 - energy_loss: -0.4990
3072/7266 [===========>..................] - ETA: 0s - loss: 0.0754 - reconstruction_loss: 0.3913 - energy_loss: -0.5075
4096/7266 [===============>..............] - ETA: 0s - loss: 0.0731 - reconstruction_loss: 0.3939 - energy_loss: -0.5097
5120/7266 [====================>.........] - ETA: 0s - loss: 0.0748 - reconstruction_loss: 0.3929 - energy_loss: -0.5072
6144/7266 [========================>.....] - ETA: 0s - loss: 0.0745 - reconstruction_loss: 0.3921 - energy_loss: -0.5074
7168/7266 [============================>.] - ETA: 0s - loss: 0.0769 - reconstruction_loss: 0.3928 - energy_loss: -0.5056
7266/7266 [==============================] - 2s 302us/step - loss: 0.0783 - reconstruction_loss: 0.3932 - energy_loss: -0.5050 - val_loss: 0.2115 - val_reconstruction_loss: 0.4005 - val_energy_loss: -0.4015
Epoch 124/200

1024/7266 [===>..........................] - ETA: 1s - loss: 0.0704 - reconstruction_loss: 0.3904 - energy_loss: -0.5135
2048/7266 [=======>......................] - ETA: 1s - loss: 0.0666 - reconstruction_loss: 0.3891 - energy_loss: -0.5181
3072/7266 [===========>..................] - ETA: 0s - loss: 0.0700 - reconstruction_loss: 0.3903 - energy_loss: -0.5126
4096/7266 [===============>..............] - ETA: 0s - loss: 0.0702 - reconstruction_loss: 0.3900 - energy_loss: -0.5127
5120/7266 [====================>.........] - ETA: 0s - loss: 0.0714 - reconstruction_loss: 0.3906 - energy_loss: -0.5119
6144/7266 [========================>.....] - ETA: 0s - loss: 0.0728 - reconstruction_loss: 0.3909 - energy_loss: -0.5096
7168/7266 [============================>.] - ETA: 0s - loss: 0.0751 - reconstruction_loss: 0.3922 - energy_loss: -0.5077
7266/7266 [==============================] - 2s 302us/step - loss: 0.0757 - reconstruction_loss: 0.3922 - energy_loss: -0.5070 - val_loss: 0.3256 - val_reconstruction_loss: 0.3938 - val_energy_loss: -0.2734
Epoch 125/200

1024/7266 [===>..........................] - ETA: 1s - loss: 0.0831 - reconstruction_loss: 0.3912 - energy_loss: -0.4991
2048/7266 [=======>......................] - ETA: 1s - loss: 0.0776 - reconstruction_loss: 0.3904 - energy_loss: -0.5079
3072/7266 [===========>..................] - ETA: 0s - loss: 0.0736 - reconstruction_loss: 0.3896 - energy_loss: -0.5097
4096/7266 [===============>..............] - ETA: 0s - loss: 0.0765 - reconstruction_loss: 0.3888 - energy_loss: -0.5073
5120/7266 [====================>.........] - ETA: 0s - loss: 0.0728 - reconstruction_loss: 0.3877 - energy_loss: -0.5118
6144/7266 [========================>.....] - ETA: 0s - loss: 0.0728 - reconstruction_loss: 0.3875 - energy_loss: -0.5107
7168/7266 [============================>.] - ETA: 0s - loss: 0.0741 - reconstruction_loss: 0.3876 - energy_loss: -0.5089
7266/7266 [==============================] - 2s 301us/step - loss: 0.0747 - reconstruction_loss: 0.3876 - energy_loss: -0.5084 - val_loss: 0.3100 - val_reconstruction_loss: 0.3963 - val_energy_loss: -0.2878
Epoch 126/200

1024/7266 [===>..........................] - ETA: 1s - loss: 0.0823 - reconstruction_loss: 0.3900 - energy_loss: -0.4974
2048/7266 [=======>......................] - ETA: 1s - loss: 0.0789 - reconstruction_loss: 0.3892 - energy_loss: -0.4996
3072/7266 [===========>..................] - ETA: 0s - loss: 0.0743 - reconstruction_loss: 0.3903 - energy_loss: -0.5062
4096/7266 [===============>..............] - ETA: 0s - loss: 0.0683 - reconstruction_loss: 0.3896 - energy_loss: -0.5118
5120/7266 [====================>.........] - ETA: 0s - loss: 0.0681 - reconstruction_loss: 0.3905 - energy_loss: -0.5124
6144/7266 [========================>.....] - ETA: 0s - loss: 0.0650 - reconstruction_loss: 0.3909 - energy_loss: -0.5152
7168/7266 [============================>.] - ETA: 0s - loss: 0.0631 - reconstruction_loss: 0.3901 - energy_loss: -0.5161
7266/7266 [==============================] - 2s 302us/step - loss: 0.0635 - reconstruction_loss: 0.3899 - energy_loss: -0.5158 - val_loss: 0.2071 - val_reconstruction_loss: 0.3929 - val_energy_loss: -0.3873
Epoch 127/200

1024/7266 [===>..........................] - ETA: 1s - loss: 0.0511 - reconstruction_loss: 0.3812 - energy_loss: -0.5258
2048/7266 [=======>......................] - ETA: 1s - loss: 0.0660 - reconstruction_loss: 0.3871 - energy_loss: -0.5106
3072/7266 [===========>..................] - ETA: 0s - loss: 0.0624 - reconstruction_loss: 0.3879 - energy_loss: -0.5152
4096/7266 [===============>..............] - ETA: 0s - loss: 0.0661 - reconstruction_loss: 0.3883 - energy_loss: -0.5120
5120/7266 [====================>.........] - ETA: 0s - loss: 0.0653 - reconstruction_loss: 0.3873 - energy_loss: -0.5124
6144/7266 [========================>.....] - ETA: 0s - loss: 0.0629 - reconstruction_loss: 0.3875 - energy_loss: -0.5149
7168/7266 [============================>.] - ETA: 0s - loss: 0.0641 - reconstruction_loss: 0.3870 - energy_loss: -0.5134
7266/7266 [==============================] - 2s 302us/step - loss: 0.0655 - reconstruction_loss: 0.3872 - energy_loss: -0.5130 - val_loss: 0.2783 - val_reconstruction_loss: 0.3889 - val_energy_loss: -0.3178
Epoch 128/200

1024/7266 [===>..........................] - ETA: 1s - loss: 0.0703 - reconstruction_loss: 0.3816 - energy_loss: -0.5085
2048/7266 [=======>......................] - ETA: 1s - loss: 0.0627 - reconstruction_loss: 0.3848 - energy_loss: -0.5155
3072/7266 [===========>..................] - ETA: 0s - loss: 0.0645 - reconstruction_loss: 0.3864 - energy_loss: -0.5128
4096/7266 [===============>..............] - ETA: 0s - loss: 0.0661 - reconstruction_loss: 0.3866 - energy_loss: -0.5132
5120/7266 [====================>.........] - ETA: 0s - loss: 0.0666 - reconstruction_loss: 0.3881 - energy_loss: -0.5109
6144/7266 [========================>.....] - ETA: 0s - loss: 0.0643 - reconstruction_loss: 0.3877 - energy_loss: -0.5129
7168/7266 [============================>.] - ETA: 0s - loss: 0.0633 - reconstruction_loss: 0.3880 - energy_loss: -0.5139
7266/7266 [==============================] - 2s 302us/step - loss: 0.0636 - reconstruction_loss: 0.3880 - energy_loss: -0.5137 - val_loss: 0.3105 - val_reconstruction_loss: 0.3891 - val_energy_loss: -0.2877
Epoch 129/200

1024/7266 [===>..........................] - ETA: 1s - loss: 0.0732 - reconstruction_loss: 0.3871 - energy_loss: -0.5011
2048/7266 [=======>......................] - ETA: 1s - loss: 0.0739 - reconstruction_loss: 0.3851 - energy_loss: -0.5016
3072/7266 [===========>..................] - ETA: 0s - loss: 0.0677 - reconstruction_loss: 0.3851 - energy_loss: -0.5071
4096/7266 [===============>..............] - ETA: 0s - loss: 0.0611 - reconstruction_loss: 0.3832 - energy_loss: -0.5139
5120/7266 [====================>.........] - ETA: 0s - loss: 0.0614 - reconstruction_loss: 0.3823 - energy_loss: -0.5135
6144/7266 [========================>.....] - ETA: 0s - loss: 0.0633 - reconstruction_loss: 0.3828 - energy_loss: -0.5115
7168/7266 [============================>.] - ETA: 0s - loss: 0.0613 - reconstruction_loss: 0.3821 - energy_loss: -0.5139
7266/7266 [==============================] - 2s 302us/step - loss: 0.0619 - reconstruction_loss: 0.3821 - energy_loss: -0.5136 - val_loss: 0.3041 - val_reconstruction_loss: 0.3893 - val_energy_loss: -0.2994
Epoch 130/200

1024/7266 [===>..........................] - ETA: 1s - loss: 0.0420 - reconstruction_loss: 0.3845 - energy_loss: -0.5298
2048/7266 [=======>......................] - ETA: 1s - loss: 0.0560 - reconstruction_loss: 0.3835 - energy_loss: -0.5194
3072/7266 [===========>..................] - ETA: 0s - loss: 0.0495 - reconstruction_loss: 0.3830 - energy_loss: -0.5255
4096/7266 [===============>..............] - ETA: 0s - loss: 0.0522 - reconstruction_loss: 0.3827 - energy_loss: -0.5233
5120/7266 [====================>.........] - ETA: 0s - loss: 0.0535 - reconstruction_loss: 0.3812 - energy_loss: -0.5205
6144/7266 [========================>.....] - ETA: 0s - loss: 0.0561 - reconstruction_loss: 0.3813 - energy_loss: -0.5179
7168/7266 [============================>.] - ETA: 0s - loss: 0.0554 - reconstruction_loss: 0.3817 - energy_loss: -0.5182
7266/7266 [==============================] - 2s 302us/step - loss: 0.0563 - reconstruction_loss: 0.3817 - energy_loss: -0.5176 - val_loss: 0.2994 - val_reconstruction_loss: 0.3942 - val_energy_loss: -0.2999
Epoch 131/200

1024/7266 [===>..........................] - ETA: 1s - loss: 0.0518 - reconstruction_loss: 0.3800 - energy_loss: -0.5221
2048/7266 [=======>......................] - ETA: 1s - loss: 0.0613 - reconstruction_loss: 0.3787 - energy_loss: -0.5111
3072/7266 [===========>..................] - ETA: 0s - loss: 0.0596 - reconstruction_loss: 0.3808 - energy_loss: -0.5133
4096/7266 [===============>..............] - ETA: 0s - loss: 0.0533 - reconstruction_loss: 0.3822 - energy_loss: -0.5203
5120/7266 [====================>.........] - ETA: 0s - loss: 0.0513 - reconstruction_loss: 0.3829 - energy_loss: -0.5218
6144/7266 [========================>.....] - ETA: 0s - loss: 0.0526 - reconstruction_loss: 0.3839 - energy_loss: -0.5211
7168/7266 [============================>.] - ETA: 0s - loss: 0.0546 - reconstruction_loss: 0.3835 - energy_loss: -0.5187
7266/7266 [==============================] - 2s 303us/step - loss: 0.0550 - reconstruction_loss: 0.3837 - energy_loss: -0.5184 - val_loss: 0.2184 - val_reconstruction_loss: 0.3916 - val_energy_loss: -0.3736
Epoch 132/200

1024/7266 [===>..........................] - ETA: 1s - loss: 0.0381 - reconstruction_loss: 0.3845 - energy_loss: -0.5338
2048/7266 [=======>......................] - ETA: 1s - loss: 0.0524 - reconstruction_loss: 0.3811 - energy_loss: -0.5185
3072/7266 [===========>..................] - ETA: 0s - loss: 0.0559 - reconstruction_loss: 0.3792 - energy_loss: -0.5149
4096/7266 [===============>..............] - ETA: 0s - loss: 0.0504 - reconstruction_loss: 0.3779 - energy_loss: -0.5216
5120/7266 [====================>.........] - ETA: 0s - loss: 0.0486 - reconstruction_loss: 0.3784 - energy_loss: -0.5232
6144/7266 [========================>.....] - ETA: 0s - loss: 0.0518 - reconstruction_loss: 0.3780 - energy_loss: -0.5206
7168/7266 [============================>.] - ETA: 0s - loss: 0.0509 - reconstruction_loss: 0.3792 - energy_loss: -0.5215
7266/7266 [==============================] - 2s 302us/step - loss: 0.0516 - reconstruction_loss: 0.3788 - energy_loss: -0.5210 - val_loss: 0.3640 - val_reconstruction_loss: 0.3882 - val_energy_loss: -0.2257
Epoch 133/200

1024/7266 [===>..........................] - ETA: 1s - loss: 0.0436 - reconstruction_loss: 0.3836 - energy_loss: -0.5205
2048/7266 [=======>......................] - ETA: 1s - loss: 0.0431 - reconstruction_loss: 0.3816 - energy_loss: -0.5231
3072/7266 [===========>..................] - ETA: 0s - loss: 0.0468 - reconstruction_loss: 0.3791 - energy_loss: -0.5202
4096/7266 [===============>..............] - ETA: 0s - loss: 0.0466 - reconstruction_loss: 0.3809 - energy_loss: -0.5219
5120/7266 [====================>.........] - ETA: 0s - loss: 0.0472 - reconstruction_loss: 0.3826 - energy_loss: -0.5214
6144/7266 [========================>.....] - ETA: 0s - loss: 0.0471 - reconstruction_loss: 0.3818 - energy_loss: -0.5216
7168/7266 [============================>.] - ETA: 0s - loss: 0.0456 - reconstruction_loss: 0.3808 - energy_loss: -0.5238
7266/7266 [==============================] - 2s 302us/step - loss: 0.0467 - reconstruction_loss: 0.3811 - energy_loss: -0.5232 - val_loss: 0.1844 - val_reconstruction_loss: 0.3846 - val_energy_loss: -0.4057
Epoch 134/200

1024/7266 [===>..........................] - ETA: 1s - loss: 0.0459 - reconstruction_loss: 0.3786 - energy_loss: -0.5269
2048/7266 [=======>......................] - ETA: 1s - loss: 0.0422 - reconstruction_loss: 0.3814 - energy_loss: -0.5294
3072/7266 [===========>..................] - ETA: 0s - loss: 0.0458 - reconstruction_loss: 0.3793 - energy_loss: -0.5240
4096/7266 [===============>..............] - ETA: 0s - loss: 0.0518 - reconstruction_loss: 0.3795 - energy_loss: -0.5182
5120/7266 [====================>.........] - ETA: 0s - loss: 0.0493 - reconstruction_loss: 0.3792 - energy_loss: -0.5205
6144/7266 [========================>.....] - ETA: 0s - loss: 0.0514 - reconstruction_loss: 0.3784 - energy_loss: -0.5188
7168/7266 [============================>.] - ETA: 0s - loss: 0.0491 - reconstruction_loss: 0.3783 - energy_loss: -0.5203
7266/7266 [==============================] - 2s 303us/step - loss: 0.0491 - reconstruction_loss: 0.3782 - energy_loss: -0.5203 - val_loss: 0.1765 - val_reconstruction_loss: 0.3783 - val_energy_loss: -0.4127
Epoch 135/200

1024/7266 [===>..........................] - ETA: 1s - loss: 0.0439 - reconstruction_loss: 0.3756 - energy_loss: -0.5236
2048/7266 [=======>......................] - ETA: 1s - loss: 0.0493 - reconstruction_loss: 0.3760 - energy_loss: -0.5153
3072/7266 [===========>..................] - ETA: 0s - loss: 0.0546 - reconstruction_loss: 0.3757 - energy_loss: -0.5120
4096/7266 [===============>..............] - ETA: 0s - loss: 0.0521 - reconstruction_loss: 0.3753 - energy_loss: -0.5153
5120/7266 [====================>.........] - ETA: 0s - loss: 0.0491 - reconstruction_loss: 0.3748 - energy_loss: -0.5181
6144/7266 [========================>.....] - ETA: 0s - loss: 0.0467 - reconstruction_loss: 0.3743 - energy_loss: -0.5212
7168/7266 [============================>.] - ETA: 0s - loss: 0.0466 - reconstruction_loss: 0.3738 - energy_loss: -0.5218
7266/7266 [==============================] - 2s 301us/step - loss: 0.0474 - reconstruction_loss: 0.3739 - energy_loss: -0.5213 - val_loss: 0.2302 - val_reconstruction_loss: 0.3853 - val_energy_loss: -0.3573
Epoch 136/200

1024/7266 [===>..........................] - ETA: 1s - loss: 0.0348 - reconstruction_loss: 0.3797 - energy_loss: -0.5369
2048/7266 [=======>......................] - ETA: 1s - loss: 0.0460 - reconstruction_loss: 0.3783 - energy_loss: -0.5243
3072/7266 [===========>..................] - ETA: 0s - loss: 0.0512 - reconstruction_loss: 0.3775 - energy_loss: -0.5184
4096/7266 [===============>..............] - ETA: 0s - loss: 0.0476 - reconstruction_loss: 0.3782 - energy_loss: -0.5200
5120/7266 [====================>.........] - ETA: 0s - loss: 0.0482 - reconstruction_loss: 0.3790 - energy_loss: -0.5195
6144/7266 [========================>.....] - ETA: 0s - loss: 0.0439 - reconstruction_loss: 0.3784 - energy_loss: -0.5231
7168/7266 [============================>.] - ETA: 0s - loss: 0.0455 - reconstruction_loss: 0.3786 - energy_loss: -0.5209
7266/7266 [==============================] - 2s 302us/step - loss: 0.0461 - reconstruction_loss: 0.3789 - energy_loss: -0.5205 - val_loss: 0.1656 - val_reconstruction_loss: 0.3840 - val_energy_loss: -0.4201
Epoch 137/200

1024/7266 [===>..........................] - ETA: 1s - loss: 0.0384 - reconstruction_loss: 0.3733 - energy_loss: -0.5236
2048/7266 [=======>......................] - ETA: 1s - loss: 0.0364 - reconstruction_loss: 0.3743 - energy_loss: -0.5281
3072/7266 [===========>..................] - ETA: 0s - loss: 0.0348 - reconstruction_loss: 0.3732 - energy_loss: -0.5301
4096/7266 [===============>..............] - ETA: 0s - loss: 0.0328 - reconstruction_loss: 0.3741 - energy_loss: -0.5317
5120/7266 [====================>.........] - ETA: 0s - loss: 0.0335 - reconstruction_loss: 0.3730 - energy_loss: -0.5309
6144/7266 [========================>.....] - ETA: 0s - loss: 0.0361 - reconstruction_loss: 0.3731 - energy_loss: -0.5283
7168/7266 [============================>.] - ETA: 0s - loss: 0.0399 - reconstruction_loss: 0.3724 - energy_loss: -0.5251
7266/7266 [==============================] - 2s 301us/step - loss: 0.0408 - reconstruction_loss: 0.3724 - energy_loss: -0.5243 - val_loss: 0.4226 - val_reconstruction_loss: 0.3767 - val_energy_loss: -0.1643
Epoch 138/200

1024/7266 [===>..........................] - ETA: 1s - loss: 0.0447 - reconstruction_loss: 0.3722 - energy_loss: -0.5211
2048/7266 [=======>......................] - ETA: 1s - loss: 0.0414 - reconstruction_loss: 0.3688 - energy_loss: -0.5242
3072/7266 [===========>..................] - ETA: 0s - loss: 0.0463 - reconstruction_loss: 0.3696 - energy_loss: -0.5182
4096/7266 [===============>..............] - ETA: 0s - loss: 0.0472 - reconstruction_loss: 0.3717 - energy_loss: -0.5176
5120/7266 [====================>.........] - ETA: 0s - loss: 0.0435 - reconstruction_loss: 0.3723 - energy_loss: -0.5213
6144/7266 [========================>.....] - ETA: 0s - loss: 0.0446 - reconstruction_loss: 0.3721 - energy_loss: -0.5206
7168/7266 [============================>.] - ETA: 0s - loss: 0.0428 - reconstruction_loss: 0.3719 - energy_loss: -0.5218
7266/7266 [==============================] - 2s 302us/step - loss: 0.0433 - reconstruction_loss: 0.3719 - energy_loss: -0.5214 - val_loss: 0.3093 - val_reconstruction_loss: 0.3827 - val_energy_loss: -0.2716
Epoch 139/200

1024/7266 [===>..........................] - ETA: 1s - loss: 0.0229 - reconstruction_loss: 0.3711 - energy_loss: -0.5415
2048/7266 [=======>......................] - ETA: 1s - loss: 0.0308 - reconstruction_loss: 0.3727 - energy_loss: -0.5291
3072/7266 [===========>..................] - ETA: 0s - loss: 0.0356 - reconstruction_loss: 0.3734 - energy_loss: -0.5255
4096/7266 [===============>..............] - ETA: 0s - loss: 0.0397 - reconstruction_loss: 0.3746 - energy_loss: -0.5217
5120/7266 [====================>.........] - ETA: 0s - loss: 0.0393 - reconstruction_loss: 0.3746 - energy_loss: -0.5239
6144/7266 [========================>.....] - ETA: 0s - loss: 0.0395 - reconstruction_loss: 0.3752 - energy_loss: -0.5252
7168/7266 [============================>.] - ETA: 0s - loss: 0.0379 - reconstruction_loss: 0.3749 - energy_loss: -0.5261
7266/7266 [==============================] - 2s 302us/step - loss: 0.0383 - reconstruction_loss: 0.3750 - energy_loss: -0.5257 - val_loss: 0.1977 - val_reconstruction_loss: 0.3900 - val_energy_loss: -0.3860
Epoch 140/200

1024/7266 [===>..........................] - ETA: 1s - loss: 0.0387 - reconstruction_loss: 0.3775 - energy_loss: -0.5231
2048/7266 [=======>......................] - ETA: 1s - loss: 0.0345 - reconstruction_loss: 0.3735 - energy_loss: -0.5301
3072/7266 [===========>..................] - ETA: 0s - loss: 0.0338 - reconstruction_loss: 0.3710 - energy_loss: -0.5291
4096/7266 [===============>..............] - ETA: 0s - loss: 0.0353 - reconstruction_loss: 0.3696 - energy_loss: -0.5283
5120/7266 [====================>.........] - ETA: 0s - loss: 0.0333 - reconstruction_loss: 0.3701 - energy_loss: -0.5293
6144/7266 [========================>.....] - ETA: 0s - loss: 0.0327 - reconstruction_loss: 0.3706 - energy_loss: -0.5302
7168/7266 [============================>.] - ETA: 0s - loss: 0.0351 - reconstruction_loss: 0.3706 - energy_loss: -0.5279
7266/7266 [==============================] - 2s 302us/step - loss: 0.0352 - reconstruction_loss: 0.3706 - energy_loss: -0.5276 - val_loss: 0.1672 - val_reconstruction_loss: 0.3777 - val_energy_loss: -0.4136
Epoch 141/200

1024/7266 [===>..........................] - ETA: 1s - loss: 0.0177 - reconstruction_loss: 0.3683 - energy_loss: -0.5425
2048/7266 [=======>......................] - ETA: 1s - loss: 0.0261 - reconstruction_loss: 0.3680 - energy_loss: -0.5351
3072/7266 [===========>..................] - ETA: 0s - loss: 0.0282 - reconstruction_loss: 0.3686 - energy_loss: -0.5337
4096/7266 [===============>..............] - ETA: 0s - loss: 0.0333 - reconstruction_loss: 0.3676 - energy_loss: -0.5273
5120/7266 [====================>.........] - ETA: 0s - loss: 0.0311 - reconstruction_loss: 0.3676 - energy_loss: -0.5294
6144/7266 [========================>.....] - ETA: 0s - loss: 0.0327 - reconstruction_loss: 0.3663 - energy_loss: -0.5278
7168/7266 [============================>.] - ETA: 0s - loss: 0.0343 - reconstruction_loss: 0.3662 - energy_loss: -0.5265
7266/7266 [==============================] - 2s 302us/step - loss: 0.0355 - reconstruction_loss: 0.3662 - energy_loss: -0.5258 - val_loss: 0.2689 - val_reconstruction_loss: 0.3751 - val_energy_loss: -0.3096
Epoch 142/200

1024/7266 [===>..........................] - ETA: 1s - loss: 0.0334 - reconstruction_loss: 0.3762 - energy_loss: -0.5277
2048/7266 [=======>......................] - ETA: 1s - loss: 0.0285 - reconstruction_loss: 0.3770 - energy_loss: -0.5341
3072/7266 [===========>..................] - ETA: 0s - loss: 0.0233 - reconstruction_loss: 0.3787 - energy_loss: -0.5378
4096/7266 [===============>..............] - ETA: 0s - loss: 0.0223 - reconstruction_loss: 0.3786 - energy_loss: -0.5371
5120/7266 [====================>.........] - ETA: 0s - loss: 0.0302 - reconstruction_loss: 0.3771 - energy_loss: -0.5319
6144/7266 [========================>.....] - ETA: 0s - loss: 0.0288 - reconstruction_loss: 0.3765 - energy_loss: -0.5322
7168/7266 [============================>.] - ETA: 0s - loss: 0.0284 - reconstruction_loss: 0.3773 - energy_loss: -0.5326
7266/7266 [==============================] - 2s 302us/step - loss: 0.0289 - reconstruction_loss: 0.3771 - energy_loss: -0.5322 - val_loss: 0.2838 - val_reconstruction_loss: 0.3760 - val_energy_loss: -0.2898
Epoch 143/200

1024/7266 [===>..........................] - ETA: 1s - loss: 0.0431 - reconstruction_loss: 0.3700 - energy_loss: -0.5162
2048/7266 [=======>......................] - ETA: 1s - loss: 0.0331 - reconstruction_loss: 0.3706 - energy_loss: -0.5228
3072/7266 [===========>..................] - ETA: 0s - loss: 0.0303 - reconstruction_loss: 0.3702 - energy_loss: -0.5267
4096/7266 [===============>..............] - ETA: 0s - loss: 0.0307 - reconstruction_loss: 0.3691 - energy_loss: -0.5276
5120/7266 [====================>.........] - ETA: 0s - loss: 0.0277 - reconstruction_loss: 0.3680 - energy_loss: -0.5306
6144/7266 [========================>.....] - ETA: 0s - loss: 0.0249 - reconstruction_loss: 0.3670 - energy_loss: -0.5330
7168/7266 [============================>.] - ETA: 0s - loss: 0.0253 - reconstruction_loss: 0.3666 - energy_loss: -0.5330
7266/7266 [==============================] - 2s 302us/step - loss: 0.0266 - reconstruction_loss: 0.3668 - energy_loss: -0.5323 - val_loss: 0.2647 - val_reconstruction_loss: 0.3690 - val_energy_loss: -0.3143
Epoch 144/200

1024/7266 [===>..........................] - ETA: 1s - loss: 0.0304 - reconstruction_loss: 0.3637 - energy_loss: -0.5311
2048/7266 [=======>......................] - ETA: 1s - loss: 0.0309 - reconstruction_loss: 0.3679 - energy_loss: -0.5288
3072/7266 [===========>..................] - ETA: 0s - loss: 0.0307 - reconstruction_loss: 0.3677 - energy_loss: -0.5292
4096/7266 [===============>..............] - ETA: 0s - loss: 0.0290 - reconstruction_loss: 0.3684 - energy_loss: -0.5297
5120/7266 [====================>.........] - ETA: 0s - loss: 0.0314 - reconstruction_loss: 0.3685 - energy_loss: -0.5255
6144/7266 [========================>.....] - ETA: 0s - loss: 0.0334 - reconstruction_loss: 0.3669 - energy_loss: -0.5247
7168/7266 [============================>.] - ETA: 0s - loss: 0.0305 - reconstruction_loss: 0.3670 - energy_loss: -0.5286
7266/7266 [==============================] - 2s 302us/step - loss: 0.0324 - reconstruction_loss: 0.3668 - energy_loss: -0.5279 - val_loss: 0.5903 - val_reconstruction_loss: 0.3909 - val_energy_loss: 0.0095
Epoch 145/200

1024/7266 [===>..........................] - ETA: 1s - loss: 0.0518 - reconstruction_loss: 0.3694 - energy_loss: -0.5069
2048/7266 [=======>......................] - ETA: 1s - loss: 0.0455 - reconstruction_loss: 0.3771 - energy_loss: -0.5130
3072/7266 [===========>..................] - ETA: 0s - loss: 0.0413 - reconstruction_loss: 0.3786 - energy_loss: -0.5168
4096/7266 [===============>..............] - ETA: 0s - loss: 0.0431 - reconstruction_loss: 0.3799 - energy_loss: -0.5157
5120/7266 [====================>.........] - ETA: 0s - loss: 0.0404 - reconstruction_loss: 0.3793 - energy_loss: -0.5189
6144/7266 [========================>.....] - ETA: 0s - loss: 0.0387 - reconstruction_loss: 0.3787 - energy_loss: -0.5201
7168/7266 [============================>.] - ETA: 0s - loss: 0.0358 - reconstruction_loss: 0.3782 - energy_loss: -0.5225
7266/7266 [==============================] - 2s 301us/step - loss: 0.0362 - reconstruction_loss: 0.3780 - energy_loss: -0.5227 - val_loss: 0.3108 - val_reconstruction_loss: 0.4025 - val_energy_loss: -0.2795
Epoch 146/200

1024/7266 [===>..........................] - ETA: 1s - loss: 0.0314 - reconstruction_loss: 0.3738 - energy_loss: -0.5253
2048/7266 [=======>......................] - ETA: 1s - loss: 0.0370 - reconstruction_loss: 0.3740 - energy_loss: -0.5194
3072/7266 [===========>..................] - ETA: 0s - loss: 0.0310 - reconstruction_loss: 0.3725 - energy_loss: -0.5255
4096/7266 [===============>..............] - ETA: 0s - loss: 0.0247 - reconstruction_loss: 0.3707 - energy_loss: -0.5307
5120/7266 [====================>.........] - ETA: 0s - loss: 0.0281 - reconstruction_loss: 0.3695 - energy_loss: -0.5274
6144/7266 [========================>.....] - ETA: 0s - loss: 0.0286 - reconstruction_loss: 0.3680 - energy_loss: -0.5269
7168/7266 [============================>.] - ETA: 0s - loss: 0.0318 - reconstruction_loss: 0.3674 - energy_loss: -0.5266
7266/7266 [==============================] - 2s 302us/step - loss: 0.0324 - reconstruction_loss: 0.3672 - energy_loss: -0.5263 - val_loss: 0.2066 - val_reconstruction_loss: 0.3766 - val_energy_loss: -0.3715
Epoch 147/200

1024/7266 [===>..........................] - ETA: 1s - loss: 0.0227 - reconstruction_loss: 0.3633 - energy_loss: -0.5295
2048/7266 [=======>......................] - ETA: 1s - loss: 0.0207 - reconstruction_loss: 0.3667 - energy_loss: -0.5332
3072/7266 [===========>..................] - ETA: 0s - loss: 0.0202 - reconstruction_loss: 0.3685 - energy_loss: -0.5330
4096/7266 [===============>..............] - ETA: 0s - loss: 0.0229 - reconstruction_loss: 0.3698 - energy_loss: -0.5311
5120/7266 [====================>.........] - ETA: 0s - loss: 0.0257 - reconstruction_loss: 0.3696 - energy_loss: -0.5280
6144/7266 [========================>.....] - ETA: 0s - loss: 0.0286 - reconstruction_loss: 0.3686 - energy_loss: -0.5258
7168/7266 [============================>.] - ETA: 0s - loss: 0.0265 - reconstruction_loss: 0.3684 - energy_loss: -0.5279
7266/7266 [==============================] - 2s 303us/step - loss: 0.0274 - reconstruction_loss: 0.3685 - energy_loss: -0.5272 - val_loss: 0.2320 - val_reconstruction_loss: 0.3761 - val_energy_loss: -0.3410
Epoch 148/200

1024/7266 [===>..........................] - ETA: 1s - loss: 0.0408 - reconstruction_loss: 0.3706 - energy_loss: -0.5122
2048/7266 [=======>......................] - ETA: 1s - loss: 0.0193 - reconstruction_loss: 0.3710 - energy_loss: -0.5308
3072/7266 [===========>..................] - ETA: 0s - loss: 0.0173 - reconstruction_loss: 0.3692 - energy_loss: -0.5331
4096/7266 [===============>..............] - ETA: 0s - loss: 0.0150 - reconstruction_loss: 0.3681 - energy_loss: -0.5360
5120/7266 [====================>.........] - ETA: 0s - loss: 0.0158 - reconstruction_loss: 0.3658 - energy_loss: -0.5363
6144/7266 [========================>.....] - ETA: 0s - loss: 0.0154 - reconstruction_loss: 0.3648 - energy_loss: -0.5368
7168/7266 [============================>.] - ETA: 0s - loss: 0.0141 - reconstruction_loss: 0.3632 - energy_loss: -0.5386
7266/7266 [==============================] - 2s 302us/step - loss: 0.0153 - reconstruction_loss: 0.3632 - energy_loss: -0.5378 - val_loss: 0.2492 - val_reconstruction_loss: 0.3662 - val_energy_loss: -0.3238
Epoch 149/200

1024/7266 [===>..........................] - ETA: 1s - loss: 0.0335 - reconstruction_loss: 0.3587 - energy_loss: -0.5192
2048/7266 [=======>......................] - ETA: 1s - loss: 0.0234 - reconstruction_loss: 0.3580 - energy_loss: -0.5269
3072/7266 [===========>..................] - ETA: 0s - loss: 0.0181 - reconstruction_loss: 0.3592 - energy_loss: -0.5337
4096/7266 [===============>..............] - ETA: 0s - loss: 0.0112 - reconstruction_loss: 0.3614 - energy_loss: -0.5413
5120/7266 [====================>.........] - ETA: 0s - loss: 0.0101 - reconstruction_loss: 0.3618 - energy_loss: -0.5429
6144/7266 [========================>.....] - ETA: 0s - loss: 0.0099 - reconstruction_loss: 0.3633 - energy_loss: -0.5434
7168/7266 [============================>.] - ETA: 0s - loss: 0.0082 - reconstruction_loss: 0.3642 - energy_loss: -0.5440
7266/7266 [==============================] - 2s 302us/step - loss: 0.0092 - reconstruction_loss: 0.3644 - energy_loss: -0.5437 - val_loss: 0.1847 - val_reconstruction_loss: 0.3726 - val_energy_loss: -0.3843
Epoch 150/200

1024/7266 [===>..........................] - ETA: 1s - loss: -0.0051 - reconstruction_loss: 0.3696 - energy_loss: -0.5521
2048/7266 [=======>......................] - ETA: 1s - loss: 0.0063 - reconstruction_loss: 0.3671 - energy_loss: -0.5451 
3072/7266 [===========>..................] - ETA: 0s - loss: 0.0106 - reconstruction_loss: 0.3640 - energy_loss: -0.5404
4096/7266 [===============>..............] - ETA: 0s - loss: 0.0085 - reconstruction_loss: 0.3642 - energy_loss: -0.5407
5120/7266 [====================>.........] - ETA: 0s - loss: 0.0103 - reconstruction_loss: 0.3654 - energy_loss: -0.5395
6144/7266 [========================>.....] - ETA: 0s - loss: 0.0116 - reconstruction_loss: 0.3655 - energy_loss: -0.5385
7168/7266 [============================>.] - ETA: 0s - loss: 0.0107 - reconstruction_loss: 0.3637 - energy_loss: -0.5395
7266/7266 [==============================] - 2s 303us/step - loss: 0.0116 - reconstruction_loss: 0.3638 - energy_loss: -0.5389 - val_loss: 0.1908 - val_reconstruction_loss: 0.3574 - val_energy_loss: -0.3851
Epoch 151/200

1024/7266 [===>..........................] - ETA: 1s - loss: 0.0105 - reconstruction_loss: 0.3625 - energy_loss: -0.5368
2048/7266 [=======>......................] - ETA: 1s - loss: -0.0020 - reconstruction_loss: 0.3602 - energy_loss: -0.5512
3072/7266 [===========>..................] - ETA: 0s - loss: 0.0078 - reconstruction_loss: 0.3584 - energy_loss: -0.5433 
4096/7266 [===============>..............] - ETA: 0s - loss: 0.0078 - reconstruction_loss: 0.3577 - energy_loss: -0.5436
5120/7266 [====================>.........] - ETA: 0s - loss: 0.0071 - reconstruction_loss: 0.3567 - energy_loss: -0.5435
6144/7266 [========================>.....] - ETA: 0s - loss: 0.0051 - reconstruction_loss: 0.3579 - energy_loss: -0.5452
7168/7266 [============================>.] - ETA: 0s - loss: 0.0030 - reconstruction_loss: 0.3576 - energy_loss: -0.5483
7266/7266 [==============================] - 2s 302us/step - loss: 0.0045 - reconstruction_loss: 0.3576 - energy_loss: -0.5475 - val_loss: 0.2313 - val_reconstruction_loss: 0.3737 - val_energy_loss: -0.3443
Epoch 152/200

1024/7266 [===>..........................] - ETA: 1s - loss: 0.0354 - reconstruction_loss: 0.3653 - energy_loss: -0.5075
2048/7266 [=======>......................] - ETA: 1s - loss: 0.0240 - reconstruction_loss: 0.3694 - energy_loss: -0.5205
3072/7266 [===========>..................] - ETA: 0s - loss: 0.0199 - reconstruction_loss: 0.3709 - energy_loss: -0.5247
4096/7266 [===============>..............] - ETA: 0s - loss: 0.0180 - reconstruction_loss: 0.3737 - energy_loss: -0.5277
5120/7266 [====================>.........] - ETA: 0s - loss: 0.0208 - reconstruction_loss: 0.3736 - energy_loss: -0.5261
6144/7266 [========================>.....] - ETA: 0s - loss: 0.0217 - reconstruction_loss: 0.3737 - energy_loss: -0.5260
7168/7266 [============================>.] - ETA: 0s - loss: 0.0197 - reconstruction_loss: 0.3724 - energy_loss: -0.5280
7266/7266 [==============================] - 2s 300us/step - loss: 0.0205 - reconstruction_loss: 0.3723 - energy_loss: -0.5273 - val_loss: 0.2264 - val_reconstruction_loss: 0.3632 - val_energy_loss: -0.3447
Epoch 153/200

1024/7266 [===>..........................] - ETA: 1s - loss: 0.0037 - reconstruction_loss: 0.3676 - energy_loss: -0.5474
2048/7266 [=======>......................] - ETA: 1s - loss: 0.0083 - reconstruction_loss: 0.3659 - energy_loss: -0.5392
3072/7266 [===========>..................] - ETA: 0s - loss: 0.0059 - reconstruction_loss: 0.3625 - energy_loss: -0.5396
4096/7266 [===============>..............] - ETA: 0s - loss: 0.0044 - reconstruction_loss: 0.3609 - energy_loss: -0.5423
5120/7266 [====================>.........] - ETA: 0s - loss: 0.0104 - reconstruction_loss: 0.3617 - energy_loss: -0.5373
6144/7266 [========================>.....] - ETA: 0s - loss: 0.0088 - reconstruction_loss: 0.3609 - energy_loss: -0.5392
7168/7266 [============================>.] - ETA: 0s - loss: 0.0050 - reconstruction_loss: 0.3594 - energy_loss: -0.5419
7266/7266 [==============================] - 2s 302us/step - loss: 0.0057 - reconstruction_loss: 0.3595 - energy_loss: -0.5413 - val_loss: 0.1964 - val_reconstruction_loss: 0.3526 - val_energy_loss: -0.3868
Epoch 154/200

1024/7266 [===>..........................] - ETA: 1s - loss: -0.0122 - reconstruction_loss: 0.3505 - energy_loss: -0.5575
2048/7266 [=======>......................] - ETA: 1s - loss: -0.0040 - reconstruction_loss: 0.3514 - energy_loss: -0.5499
3072/7266 [===========>..................] - ETA: 0s - loss: 0.0081 - reconstruction_loss: 0.3506 - energy_loss: -0.5383 
4096/7266 [===============>..............] - ETA: 0s - loss: 0.0037 - reconstruction_loss: 0.3498 - energy_loss: -0.5412
5120/7266 [====================>.........] - ETA: 0s - loss: 0.0051 - reconstruction_loss: 0.3490 - energy_loss: -0.5410
6144/7266 [========================>.....] - ETA: 0s - loss: 0.0084 - reconstruction_loss: 0.3511 - energy_loss: -0.5385
7168/7266 [============================>.] - ETA: 0s - loss: 0.0109 - reconstruction_loss: 0.3527 - energy_loss: -0.5363
7266/7266 [==============================] - 2s 311us/step - loss: 0.0112 - reconstruction_loss: 0.3527 - energy_loss: -0.5357 - val_loss: 0.2543 - val_reconstruction_loss: 0.3627 - val_energy_loss: -0.3281
Epoch 155/200

1024/7266 [===>..........................] - ETA: 1s - loss: 0.0173 - reconstruction_loss: 0.3622 - energy_loss: -0.5320
2048/7266 [=======>......................] - ETA: 1s - loss: 4.8818e-04 - reconstruction_loss: 0.3586 - energy_loss: -0.5446
3072/7266 [===========>..................] - ETA: 0s - loss: -0.0034 - reconstruction_loss: 0.3574 - energy_loss: -0.5491   
4096/7266 [===============>..............] - ETA: 0s - loss: -0.0050 - reconstruction_loss: 0.3556 - energy_loss: -0.5523
5120/7266 [====================>.........] - ETA: 0s - loss: -0.0077 - reconstruction_loss: 0.3554 - energy_loss: -0.5543
6144/7266 [========================>.....] - ETA: 0s - loss: -0.0102 - reconstruction_loss: 0.3546 - energy_loss: -0.5564
7168/7266 [============================>.] - ETA: 0s - loss: -0.0108 - reconstruction_loss: 0.3554 - energy_loss: -0.5574
7266/7266 [==============================] - 2s 302us/step - loss: -0.0094 - reconstruction_loss: 0.3556 - energy_loss: -0.5563 - val_loss: 0.1837 - val_reconstruction_loss: 0.3620 - val_energy_loss: -0.3948
Epoch 156/200

1024/7266 [===>..........................] - ETA: 1s - loss: 0.0049 - reconstruction_loss: 0.3562 - energy_loss: -0.5304
2048/7266 [=======>......................] - ETA: 1s - loss: -3.6034e-04 - reconstruction_loss: 0.3557 - energy_loss: -0.5403
3072/7266 [===========>..................] - ETA: 0s - loss: -0.0039 - reconstruction_loss: 0.3559 - energy_loss: -0.5489    
4096/7266 [===============>..............] - ETA: 0s - loss: -0.0022 - reconstruction_loss: 0.3547 - energy_loss: -0.5481
5120/7266 [====================>.........] - ETA: 0s - loss: -0.0019 - reconstruction_loss: 0.3550 - energy_loss: -0.5475
6144/7266 [========================>.....] - ETA: 0s - loss: -0.0042 - reconstruction_loss: 0.3560 - energy_loss: -0.5501
7168/7266 [============================>.] - ETA: 0s - loss: -0.0028 - reconstruction_loss: 0.3568 - energy_loss: -0.5486
7266/7266 [==============================] - 2s 302us/step - loss: -0.0021 - reconstruction_loss: 0.3569 - energy_loss: -0.5479 - val_loss: 0.1198 - val_reconstruction_loss: 0.3580 - val_energy_loss: -0.4596
Epoch 157/200

1024/7266 [===>..........................] - ETA: 1s - loss: -0.0232 - reconstruction_loss: 0.3524 - energy_loss: -0.5683
2048/7266 [=======>......................] - ETA: 1s - loss: -0.0178 - reconstruction_loss: 0.3544 - energy_loss: -0.5628
3072/7266 [===========>..................] - ETA: 0s - loss: -0.0168 - reconstruction_loss: 0.3537 - energy_loss: -0.5619
4096/7266 [===============>..............] - ETA: 0s - loss: -0.0151 - reconstruction_loss: 0.3534 - energy_loss: -0.5597
5120/7266 [====================>.........] - ETA: 0s - loss: -0.0147 - reconstruction_loss: 0.3525 - energy_loss: -0.5590
6144/7266 [========================>.....] - ETA: 0s - loss: -0.0152 - reconstruction_loss: 0.3525 - energy_loss: -0.5599
7168/7266 [============================>.] - ETA: 0s - loss: -0.0153 - reconstruction_loss: 0.3519 - energy_loss: -0.5600
7266/7266 [==============================] - 2s 302us/step - loss: -0.0145 - reconstruction_loss: 0.3520 - energy_loss: -0.5591 - val_loss: 0.2023 - val_reconstruction_loss: 0.3568 - val_energy_loss: -0.3813
Epoch 158/200

1024/7266 [===>..........................] - ETA: 1s - loss: -0.0116 - reconstruction_loss: 0.3581 - energy_loss: -0.5581
2048/7266 [=======>......................] - ETA: 1s - loss: 4.9498e-04 - reconstruction_loss: 0.3550 - energy_loss: -0.5403
3072/7266 [===========>..................] - ETA: 0s - loss: 0.0106 - reconstruction_loss: 0.3569 - energy_loss: -0.5319    
4096/7266 [===============>..............] - ETA: 0s - loss: 0.0057 - reconstruction_loss: 0.3537 - energy_loss: -0.5384
5120/7266 [====================>.........] - ETA: 0s - loss: -9.3267e-04 - reconstruction_loss: 0.3527 - energy_loss: -0.5451
6144/7266 [========================>.....] - ETA: 0s - loss: -0.0050 - reconstruction_loss: 0.3532 - energy_loss: -0.5496    
7168/7266 [============================>.] - ETA: 0s - loss: -0.0082 - reconstruction_loss: 0.3536 - energy_loss: -0.5525
7266/7266 [==============================] - 2s 301us/step - loss: -0.0071 - reconstruction_loss: 0.3541 - energy_loss: -0.5520 - val_loss: 0.2957 - val_reconstruction_loss: 0.3613 - val_energy_loss: -0.2935
Epoch 159/200

1024/7266 [===>..........................] - ETA: 1s - loss: -0.0139 - reconstruction_loss: 0.3557 - energy_loss: -0.5578
2048/7266 [=======>......................] - ETA: 1s - loss: -0.0098 - reconstruction_loss: 0.3561 - energy_loss: -0.5554
3072/7266 [===========>..................] - ETA: 0s - loss: -0.0105 - reconstruction_loss: 0.3557 - energy_loss: -0.5530
4096/7266 [===============>..............] - ETA: 0s - loss: -0.0074 - reconstruction_loss: 0.3580 - energy_loss: -0.5505
5120/7266 [====================>.........] - ETA: 0s - loss: -0.0088 - reconstruction_loss: 0.3545 - energy_loss: -0.5520
6144/7266 [========================>.....] - ETA: 0s - loss: -0.0105 - reconstruction_loss: 0.3550 - energy_loss: -0.5539
7168/7266 [============================>.] - ETA: 0s - loss: -0.0117 - reconstruction_loss: 0.3546 - energy_loss: -0.5553
7266/7266 [==============================] - 2s 303us/step - loss: -0.0106 - reconstruction_loss: 0.3548 - energy_loss: -0.5543 - val_loss: 0.1909 - val_reconstruction_loss: 0.3546 - val_energy_loss: -0.3928
Epoch 160/200

1024/7266 [===>..........................] - ETA: 1s - loss: 0.0126 - reconstruction_loss: 0.3531 - energy_loss: -0.5281
2048/7266 [=======>......................] - ETA: 1s - loss: 0.0101 - reconstruction_loss: 0.3554 - energy_loss: -0.5319
3072/7266 [===========>..................] - ETA: 0s - loss: 0.0028 - reconstruction_loss: 0.3545 - energy_loss: -0.5381
4096/7266 [===============>..............] - ETA: 0s - loss: -0.0026 - reconstruction_loss: 0.3545 - energy_loss: -0.5426
5120/7266 [====================>.........] - ETA: 0s - loss: -0.0057 - reconstruction_loss: 0.3531 - energy_loss: -0.5461
6144/7266 [========================>.....] - ETA: 0s - loss: -0.0092 - reconstruction_loss: 0.3531 - energy_loss: -0.5492
7168/7266 [============================>.] - ETA: 0s - loss: -0.0085 - reconstruction_loss: 0.3524 - energy_loss: -0.5485
7266/7266 [==============================] - 2s 301us/step - loss: -0.0080 - reconstruction_loss: 0.3525 - energy_loss: -0.5481 - val_loss: 0.2321 - val_reconstruction_loss: 0.3512 - val_energy_loss: -0.3523
Epoch 161/200

1024/7266 [===>..........................] - ETA: 1s - loss: -0.0050 - reconstruction_loss: 0.3516 - energy_loss: -0.5455
2048/7266 [=======>......................] - ETA: 1s - loss: -0.0073 - reconstruction_loss: 0.3522 - energy_loss: -0.5480
3072/7266 [===========>..................] - ETA: 0s - loss: -0.0109 - reconstruction_loss: 0.3505 - energy_loss: -0.5515
4096/7266 [===============>..............] - ETA: 0s - loss: -0.0141 - reconstruction_loss: 0.3502 - energy_loss: -0.5538
5120/7266 [====================>.........] - ETA: 0s - loss: -0.0115 - reconstruction_loss: 0.3494 - energy_loss: -0.5507
6144/7266 [========================>.....] - ETA: 0s - loss: -0.0097 - reconstruction_loss: 0.3487 - energy_loss: -0.5489
7168/7266 [============================>.] - ETA: 0s - loss: -0.0075 - reconstruction_loss: 0.3477 - energy_loss: -0.5466
7266/7266 [==============================] - 2s 302us/step - loss: -0.0068 - reconstruction_loss: 0.3477 - energy_loss: -0.5458 - val_loss: 0.6005 - val_reconstruction_loss: 0.3530 - val_energy_loss: 0.0153
Epoch 162/200

1024/7266 [===>..........................] - ETA: 1s - loss: 0.0043 - reconstruction_loss: 0.3436 - energy_loss: -0.5356
2048/7266 [=======>......................] - ETA: 1s - loss: -0.0108 - reconstruction_loss: 0.3488 - energy_loss: -0.5514
3072/7266 [===========>..................] - ETA: 0s - loss: -0.0135 - reconstruction_loss: 0.3474 - energy_loss: -0.5521
4096/7266 [===============>..............] - ETA: 0s - loss: -0.0159 - reconstruction_loss: 0.3486 - energy_loss: -0.5545
5120/7266 [====================>.........] - ETA: 0s - loss: -0.0153 - reconstruction_loss: 0.3497 - energy_loss: -0.5534
6144/7266 [========================>.....] - ETA: 0s - loss: -0.0181 - reconstruction_loss: 0.3498 - energy_loss: -0.5564
7168/7266 [============================>.] - ETA: 0s - loss: -0.0188 - reconstruction_loss: 0.3505 - energy_loss: -0.5573
7266/7266 [==============================] - 2s 301us/step - loss: -0.0168 - reconstruction_loss: 0.3505 - energy_loss: -0.5561 - val_loss: 0.6531 - val_reconstruction_loss: 0.3684 - val_energy_loss: 0.0746
Epoch 163/200

1024/7266 [===>..........................] - ETA: 1s - loss: -0.0249 - reconstruction_loss: 0.3528 - energy_loss: -0.5619
2048/7266 [=======>......................] - ETA: 1s - loss: -0.0203 - reconstruction_loss: 0.3539 - energy_loss: -0.5600
3072/7266 [===========>..................] - ETA: 0s - loss: -0.0177 - reconstruction_loss: 0.3546 - energy_loss: -0.5578
4096/7266 [===============>..............] - ETA: 0s - loss: -0.0150 - reconstruction_loss: 0.3551 - energy_loss: -0.5573
5120/7266 [====================>.........] - ETA: 0s - loss: -0.0132 - reconstruction_loss: 0.3540 - energy_loss: -0.5568
6144/7266 [========================>.....] - ETA: 0s - loss: -0.0133 - reconstruction_loss: 0.3535 - energy_loss: -0.5559
7168/7266 [============================>.] - ETA: 0s - loss: -0.0118 - reconstruction_loss: 0.3540 - energy_loss: -0.5558
7266/7266 [==============================] - 2s 300us/step - loss: -0.0111 - reconstruction_loss: 0.3542 - energy_loss: -0.5552 - val_loss: 0.3391 - val_reconstruction_loss: 0.4401 - val_energy_loss: -0.3022
Epoch 164/200

1024/7266 [===>..........................] - ETA: 1s - loss: -0.0105 - reconstruction_loss: 0.3552 - energy_loss: -0.5520
2048/7266 [=======>......................] - ETA: 1s - loss: -0.0212 - reconstruction_loss: 0.3538 - energy_loss: -0.5609
3072/7266 [===========>..................] - ETA: 0s - loss: -0.0241 - reconstruction_loss: 0.3536 - energy_loss: -0.5668
4096/7266 [===============>..............] - ETA: 0s - loss: -0.0173 - reconstruction_loss: 0.3546 - energy_loss: -0.5616
5120/7266 [====================>.........] - ETA: 0s - loss: -0.0177 - reconstruction_loss: 0.3547 - energy_loss: -0.5612
6144/7266 [========================>.....] - ETA: 0s - loss: -0.0124 - reconstruction_loss: 0.3547 - energy_loss: -0.5559
7168/7266 [============================>.] - ETA: 0s - loss: -0.0136 - reconstruction_loss: 0.3547 - energy_loss: -0.5572
7266/7266 [==============================] - 2s 300us/step - loss: -0.0124 - reconstruction_loss: 0.3546 - energy_loss: -0.5569 - val_loss: 0.5625 - val_reconstruction_loss: 0.4111 - val_energy_loss: -0.0499
Epoch 165/200

1024/7266 [===>..........................] - ETA: 1s - loss: -0.0227 - reconstruction_loss: 0.3468 - energy_loss: -0.5533
2048/7266 [=======>......................] - ETA: 1s - loss: -0.0188 - reconstruction_loss: 0.3516 - energy_loss: -0.5529
3072/7266 [===========>..................] - ETA: 0s - loss: -0.0173 - reconstruction_loss: 0.3526 - energy_loss: -0.5527
4096/7266 [===============>..............] - ETA: 0s - loss: -0.0142 - reconstruction_loss: 0.3538 - energy_loss: -0.5511
5120/7266 [====================>.........] - ETA: 0s - loss: -0.0166 - reconstruction_loss: 0.3538 - energy_loss: -0.5544
6144/7266 [========================>.....] - ETA: 0s - loss: -0.0172 - reconstruction_loss: 0.3518 - energy_loss: -0.5555
7168/7266 [============================>.] - ETA: 0s - loss: -0.0158 - reconstruction_loss: 0.3518 - energy_loss: -0.5541
7266/7266 [==============================] - 2s 300us/step - loss: -0.0150 - reconstruction_loss: 0.3517 - energy_loss: -0.5537 - val_loss: 0.3687 - val_reconstruction_loss: 0.4116 - val_energy_loss: -0.2471
Epoch 166/200

1024/7266 [===>..........................] - ETA: 1s - loss: -0.0105 - reconstruction_loss: 0.3601 - energy_loss: -0.5469
2048/7266 [=======>......................] - ETA: 1s - loss: -0.0146 - reconstruction_loss: 0.3513 - energy_loss: -0.5550
3072/7266 [===========>..................] - ETA: 0s - loss: -0.0150 - reconstruction_loss: 0.3510 - energy_loss: -0.5524
4096/7266 [===============>..............] - ETA: 0s - loss: -0.0138 - reconstruction_loss: 0.3491 - energy_loss: -0.5497
5120/7266 [====================>.........] - ETA: 0s - loss: -0.0133 - reconstruction_loss: 0.3489 - energy_loss: -0.5485
6144/7266 [========================>.....] - ETA: 0s - loss: -0.0135 - reconstruction_loss: 0.3493 - energy_loss: -0.5489
7168/7266 [============================>.] - ETA: 0s - loss: -0.0145 - reconstruction_loss: 0.3488 - energy_loss: -0.5501
7266/7266 [==============================] - 2s 299us/step - loss: -0.0134 - reconstruction_loss: 0.3491 - energy_loss: -0.5492 - val_loss: 0.2929 - val_reconstruction_loss: 0.3948 - val_energy_loss: -0.3156
Epoch 167/200

1024/7266 [===>..........................] - ETA: 1s - loss: -0.0265 - reconstruction_loss: 0.3392 - energy_loss: -0.5615
2048/7266 [=======>......................] - ETA: 1s - loss: -0.0237 - reconstruction_loss: 0.3438 - energy_loss: -0.5548
3072/7266 [===========>..................] - ETA: 0s - loss: -0.0190 - reconstruction_loss: 0.3439 - energy_loss: -0.5519
4096/7266 [===============>..............] - ETA: 0s - loss: -0.0176 - reconstruction_loss: 0.3422 - energy_loss: -0.5519
5120/7266 [====================>.........] - ETA: 0s - loss: -0.0216 - reconstruction_loss: 0.3436 - energy_loss: -0.5550
6144/7266 [========================>.....] - ETA: 0s - loss: -0.0226 - reconstruction_loss: 0.3438 - energy_loss: -0.5568
7168/7266 [============================>.] - ETA: 0s - loss: -0.0248 - reconstruction_loss: 0.3438 - energy_loss: -0.5598
7266/7266 [==============================] - 2s 301us/step - loss: -0.0232 - reconstruction_loss: 0.3437 - energy_loss: -0.5589 - val_loss: 0.5963 - val_reconstruction_loss: 0.4014 - val_energy_loss: 0.0026
Epoch 168/200

1024/7266 [===>..........................] - ETA: 1s - loss: -0.0262 - reconstruction_loss: 0.3538 - energy_loss: -0.5552
2048/7266 [=======>......................] - ETA: 1s - loss: -0.0226 - reconstruction_loss: 0.3572 - energy_loss: -0.5568
3072/7266 [===========>..................] - ETA: 0s - loss: -0.0161 - reconstruction_loss: 0.3561 - energy_loss: -0.5499
4096/7266 [===============>..............] - ETA: 0s - loss: -0.0197 - reconstruction_loss: 0.3508 - energy_loss: -0.5537
5120/7266 [====================>.........] - ETA: 0s - loss: -0.0165 - reconstruction_loss: 0.3497 - energy_loss: -0.5511
6144/7266 [========================>.....] - ETA: 0s - loss: -0.0147 - reconstruction_loss: 0.3504 - energy_loss: -0.5509
7168/7266 [============================>.] - ETA: 0s - loss: -0.0182 - reconstruction_loss: 0.3489 - energy_loss: -0.5542
7266/7266 [==============================] - 2s 301us/step - loss: -0.0165 - reconstruction_loss: 0.3485 - energy_loss: -0.5531 - val_loss: 0.6339 - val_reconstruction_loss: 0.4440 - val_energy_loss: 0.0045
Epoch 169/200

1024/7266 [===>..........................] - ETA: 1s - loss: -0.0276 - reconstruction_loss: 0.3500 - energy_loss: -0.5641
2048/7266 [=======>......................] - ETA: 1s - loss: -0.0199 - reconstruction_loss: 0.3555 - energy_loss: -0.5576
3072/7266 [===========>..................] - ETA: 0s - loss: -0.0256 - reconstruction_loss: 0.3588 - energy_loss: -0.5624
4096/7266 [===============>..............] - ETA: 0s - loss: -0.0255 - reconstruction_loss: 0.3580 - energy_loss: -0.5640
5120/7266 [====================>.........] - ETA: 0s - loss: -0.0260 - reconstruction_loss: 0.3577 - energy_loss: -0.5643
6144/7266 [========================>.....] - ETA: 0s - loss: -0.0280 - reconstruction_loss: 0.3592 - energy_loss: -0.5659
7168/7266 [============================>.] - ETA: 0s - loss: -0.0308 - reconstruction_loss: 0.3571 - energy_loss: -0.5675
7266/7266 [==============================] - 2s 300us/step - loss: -0.0288 - reconstruction_loss: 0.3571 - energy_loss: -0.5663 - val_loss: 0.4823 - val_reconstruction_loss: 0.4572 - val_energy_loss: -0.1619
Epoch 170/200

1024/7266 [===>..........................] - ETA: 1s - loss: 0.0060 - reconstruction_loss: 0.3584 - energy_loss: -0.5408
2048/7266 [=======>......................] - ETA: 1s - loss: -0.0160 - reconstruction_loss: 0.3572 - energy_loss: -0.5594
3072/7266 [===========>..................] - ETA: 0s - loss: -0.0251 - reconstruction_loss: 0.3536 - energy_loss: -0.5640
4096/7266 [===============>..............] - ETA: 0s - loss: -0.0236 - reconstruction_loss: 0.3525 - energy_loss: -0.5638
5120/7266 [====================>.........] - ETA: 0s - loss: -0.0232 - reconstruction_loss: 0.3514 - energy_loss: -0.5637
6144/7266 [========================>.....] - ETA: 0s - loss: -0.0236 - reconstruction_loss: 0.3494 - energy_loss: -0.5641
7168/7266 [============================>.] - ETA: 0s - loss: -0.0267 - reconstruction_loss: 0.3479 - energy_loss: -0.5659
7266/7266 [==============================] - 2s 301us/step - loss: -0.0253 - reconstruction_loss: 0.3478 - energy_loss: -0.5648 - val_loss: 1.2129 - val_reconstruction_loss: 0.5161 - val_energy_loss: 0.5020
Epoch 171/200

1024/7266 [===>..........................] - ETA: 1s - loss: -0.0045 - reconstruction_loss: 0.3579 - energy_loss: -0.5494
2048/7266 [=======>......................] - ETA: 1s - loss: -0.0146 - reconstruction_loss: 0.3578 - energy_loss: -0.5578
3072/7266 [===========>..................] - ETA: 0s - loss: -0.0227 - reconstruction_loss: 0.3569 - energy_loss: -0.5611
4096/7266 [===============>..............] - ETA: 0s - loss: -0.0198 - reconstruction_loss: 0.3545 - energy_loss: -0.5555
5120/7266 [====================>.........] - ETA: 0s - loss: -0.0193 - reconstruction_loss: 0.3539 - energy_loss: -0.5539
6144/7266 [========================>.....] - ETA: 0s - loss: -0.0221 - reconstruction_loss: 0.3546 - energy_loss: -0.5554
7168/7266 [============================>.] - ETA: 0s - loss: -0.0250 - reconstruction_loss: 0.3535 - energy_loss: -0.5579
7266/7266 [==============================] - 2s 301us/step - loss: -0.0242 - reconstruction_loss: 0.3537 - energy_loss: -0.5571 - val_loss: 0.7225 - val_reconstruction_loss: 0.4809 - val_energy_loss: 0.0500
Epoch 172/200

1024/7266 [===>..........................] - ETA: 1s - loss: 0.0138 - reconstruction_loss: 0.3509 - energy_loss: -0.5243
2048/7266 [=======>......................] - ETA: 1s - loss: 0.0050 - reconstruction_loss: 0.3475 - energy_loss: -0.5321
3072/7266 [===========>..................] - ETA: 0s - loss: -0.0040 - reconstruction_loss: 0.3419 - energy_loss: -0.5395
4096/7266 [===============>..............] - ETA: 0s - loss: -0.0106 - reconstruction_loss: 0.3407 - energy_loss: -0.5446
5120/7266 [====================>.........] - ETA: 0s - loss: -0.0098 - reconstruction_loss: 0.3410 - energy_loss: -0.5439
6144/7266 [========================>.....] - ETA: 0s - loss: -0.0098 - reconstruction_loss: 0.3413 - energy_loss: -0.5435
7168/7266 [============================>.] - ETA: 0s - loss: -0.0119 - reconstruction_loss: 0.3419 - energy_loss: -0.5448
7266/7266 [==============================] - 2s 301us/step - loss: -0.0112 - reconstruction_loss: 0.3420 - energy_loss: -0.5444 - val_loss: 0.7590 - val_reconstruction_loss: 0.4582 - val_energy_loss: 0.1089
Epoch 173/200

1024/7266 [===>..........................] - ETA: 1s - loss: -0.0171 - reconstruction_loss: 0.3518 - energy_loss: -0.5505
2048/7266 [=======>......................] - ETA: 1s - loss: -0.0164 - reconstruction_loss: 0.3466 - energy_loss: -0.5481
3072/7266 [===========>..................] - ETA: 0s - loss: -0.0224 - reconstruction_loss: 0.3436 - energy_loss: -0.5560
4096/7266 [===============>..............] - ETA: 0s - loss: -0.0277 - reconstruction_loss: 0.3443 - energy_loss: -0.5629
5120/7266 [====================>.........] - ETA: 0s - loss: -0.0275 - reconstruction_loss: 0.3451 - energy_loss: -0.5618
6144/7266 [========================>.....] - ETA: 0s - loss: -0.0267 - reconstruction_loss: 0.3458 - energy_loss: -0.5605
7168/7266 [============================>.] - ETA: 0s - loss: -0.0288 - reconstruction_loss: 0.3457 - energy_loss: -0.5609
7266/7266 [==============================] - 2s 300us/step - loss: -0.0270 - reconstruction_loss: 0.3456 - energy_loss: -0.5599 - val_loss: 0.5396 - val_reconstruction_loss: 0.4452 - val_energy_loss: -0.0924
Epoch 174/200

1024/7266 [===>..........................] - ETA: 1s - loss: -0.0057 - reconstruction_loss: 0.3426 - energy_loss: -0.5321
2048/7266 [=======>......................] - ETA: 1s - loss: -0.0127 - reconstruction_loss: 0.3445 - energy_loss: -0.5361
3072/7266 [===========>..................] - ETA: 0s - loss: -0.0256 - reconstruction_loss: 0.3443 - energy_loss: -0.5499
4096/7266 [===============>..............] - ETA: 0s - loss: -0.0277 - reconstruction_loss: 0.3440 - energy_loss: -0.5526
5120/7266 [====================>.........] - ETA: 0s - loss: -0.0289 - reconstruction_loss: 0.3432 - energy_loss: -0.5554
6144/7266 [========================>.....] - ETA: 0s - loss: -0.0299 - reconstruction_loss: 0.3418 - energy_loss: -0.5576
7168/7266 [============================>.] - ETA: 0s - loss: -0.0320 - reconstruction_loss: 0.3422 - energy_loss: -0.5601
7266/7266 [==============================] - 2s 301us/step - loss: -0.0311 - reconstruction_loss: 0.3423 - energy_loss: -0.5593 - val_loss: 0.6511 - val_reconstruction_loss: 0.4282 - val_energy_loss: 0.0346
Epoch 175/200

1024/7266 [===>..........................] - ETA: 1s - loss: -0.0393 - reconstruction_loss: 0.3292 - energy_loss: -0.5646
2048/7266 [=======>......................] - ETA: 1s - loss: -0.0410 - reconstruction_loss: 0.3329 - energy_loss: -0.5682
3072/7266 [===========>..................] - ETA: 0s - loss: -0.0368 - reconstruction_loss: 0.3366 - energy_loss: -0.5668
4096/7266 [===============>..............] - ETA: 0s - loss: -0.0383 - reconstruction_loss: 0.3416 - energy_loss: -0.5690
5120/7266 [====================>.........] - ETA: 0s - loss: -0.0363 - reconstruction_loss: 0.3426 - energy_loss: -0.5666
6144/7266 [========================>.....] - ETA: 0s - loss: -0.0372 - reconstruction_loss: 0.3435 - energy_loss: -0.5676
7168/7266 [============================>.] - ETA: 0s - loss: -0.0374 - reconstruction_loss: 0.3427 - energy_loss: -0.5675
7266/7266 [==============================] - 2s 300us/step - loss: -0.0360 - reconstruction_loss: 0.3426 - energy_loss: -0.5665 - val_loss: 0.4427 - val_reconstruction_loss: 0.4276 - val_energy_loss: -0.1714
Epoch 176/200

1024/7266 [===>..........................] - ETA: 1s - loss: -0.0282 - reconstruction_loss: 0.3482 - energy_loss: -0.5628
2048/7266 [=======>......................] - ETA: 1s - loss: -0.0148 - reconstruction_loss: 0.3477 - energy_loss: -0.5466
3072/7266 [===========>..................] - ETA: 0s - loss: -0.0168 - reconstruction_loss: 0.3502 - energy_loss: -0.5488
4096/7266 [===============>..............] - ETA: 0s - loss: -0.0253 - reconstruction_loss: 0.3483 - energy_loss: -0.5557
5120/7266 [====================>.........] - ETA: 0s - loss: -0.0283 - reconstruction_loss: 0.3470 - energy_loss: -0.5588
6144/7266 [========================>.....] - ETA: 0s - loss: -0.0275 - reconstruction_loss: 0.3468 - energy_loss: -0.5572
7168/7266 [============================>.] - ETA: 0s - loss: -0.0284 - reconstruction_loss: 0.3459 - energy_loss: -0.5578
7266/7266 [==============================] - 2s 303us/step - loss: -0.0274 - reconstruction_loss: 0.3457 - energy_loss: -0.5571 - val_loss: 0.5982 - val_reconstruction_loss: 0.4311 - val_energy_loss: -0.0229
Epoch 177/200

1024/7266 [===>..........................] - ETA: 1s - loss: -0.0168 - reconstruction_loss: 0.3452 - energy_loss: -0.5554
2048/7266 [=======>......................] - ETA: 1s - loss: -0.0189 - reconstruction_loss: 0.3452 - energy_loss: -0.5553
3072/7266 [===========>..................] - ETA: 0s - loss: -0.0286 - reconstruction_loss: 0.3447 - energy_loss: -0.5616
4096/7266 [===============>..............] - ETA: 0s - loss: -0.0287 - reconstruction_loss: 0.3398 - energy_loss: -0.5634
5120/7266 [====================>.........] - ETA: 0s - loss: -0.0266 - reconstruction_loss: 0.3391 - energy_loss: -0.5595
6144/7266 [========================>.....] - ETA: 0s - loss: -0.0251 - reconstruction_loss: 0.3408 - energy_loss: -0.5582
7168/7266 [============================>.] - ETA: 0s - loss: -0.0276 - reconstruction_loss: 0.3418 - energy_loss: -0.5600
7266/7266 [==============================] - 2s 303us/step - loss: -0.0264 - reconstruction_loss: 0.3419 - energy_loss: -0.5592 - val_loss: 0.3776 - val_reconstruction_loss: 0.4128 - val_energy_loss: -0.2207
Epoch 178/200

1024/7266 [===>..........................] - ETA: 1s - loss: -0.0255 - reconstruction_loss: 0.3447 - energy_loss: -0.5563
2048/7266 [=======>......................] - ETA: 1s - loss: -0.0346 - reconstruction_loss: 0.3421 - energy_loss: -0.5638
3072/7266 [===========>..................] - ETA: 0s - loss: -0.0371 - reconstruction_loss: 0.3466 - energy_loss: -0.5679
4096/7266 [===============>..............] - ETA: 0s - loss: -0.0364 - reconstruction_loss: 0.3466 - energy_loss: -0.5661
5120/7266 [====================>.........] - ETA: 0s - loss: -0.0401 - reconstruction_loss: 0.3459 - energy_loss: -0.5677
6144/7266 [========================>.....] - ETA: 0s - loss: -0.0405 - reconstruction_loss: 0.3457 - energy_loss: -0.5679
7168/7266 [============================>.] - ETA: 0s - loss: -0.0368 - reconstruction_loss: 0.3439 - energy_loss: -0.5660
7266/7266 [==============================] - 2s 300us/step - loss: -0.0347 - reconstruction_loss: 0.3438 - energy_loss: -0.5648 - val_loss: 0.3357 - val_reconstruction_loss: 0.3998 - val_energy_loss: -0.2524
Epoch 179/200

1024/7266 [===>..........................] - ETA: 1s - loss: -0.0461 - reconstruction_loss: 0.3500 - energy_loss: -0.5752
2048/7266 [=======>......................] - ETA: 1s - loss: -0.0306 - reconstruction_loss: 0.3503 - energy_loss: -0.5619
3072/7266 [===========>..................] - ETA: 0s - loss: -0.0341 - reconstruction_loss: 0.3489 - energy_loss: -0.5645
4096/7266 [===============>..............] - ETA: 0s - loss: -0.0374 - reconstruction_loss: 0.3528 - energy_loss: -0.5673
5120/7266 [====================>.........] - ETA: 0s - loss: -0.0375 - reconstruction_loss: 0.3543 - energy_loss: -0.5671
6144/7266 [========================>.....] - ETA: 0s - loss: -0.0390 - reconstruction_loss: 0.3535 - energy_loss: -0.5675
7168/7266 [============================>.] - ETA: 0s - loss: -0.0406 - reconstruction_loss: 0.3518 - energy_loss: -0.5679
7266/7266 [==============================] - 2s 301us/step - loss: -0.0397 - reconstruction_loss: 0.3515 - energy_loss: -0.5668 - val_loss: 0.5905 - val_reconstruction_loss: 0.4286 - val_energy_loss: -0.0229
Epoch 180/200

1024/7266 [===>..........................] - ETA: 1s - loss: -0.0287 - reconstruction_loss: 0.3486 - energy_loss: -0.5479
2048/7266 [=======>......................] - ETA: 1s - loss: -0.0301 - reconstruction_loss: 0.3424 - energy_loss: -0.5582
3072/7266 [===========>..................] - ETA: 0s - loss: -0.0302 - reconstruction_loss: 0.3420 - energy_loss: -0.5577
4096/7266 [===============>..............] - ETA: 0s - loss: -0.0314 - reconstruction_loss: 0.3395 - energy_loss: -0.5577
5120/7266 [====================>.........] - ETA: 0s - loss: -0.0331 - reconstruction_loss: 0.3400 - energy_loss: -0.5596
6144/7266 [========================>.....] - ETA: 0s - loss: -0.0316 - reconstruction_loss: 0.3403 - energy_loss: -0.5590
7168/7266 [============================>.] - ETA: 0s - loss: -0.0336 - reconstruction_loss: 0.3398 - energy_loss: -0.5609
7266/7266 [==============================] - 2s 301us/step - loss: -0.0326 - reconstruction_loss: 0.3398 - energy_loss: -0.5601 - val_loss: 0.5086 - val_reconstruction_loss: 0.4403 - val_energy_loss: -0.1214
Epoch 181/200

1024/7266 [===>..........................] - ETA: 1s - loss: -0.0129 - reconstruction_loss: 0.3461 - energy_loss: -0.5479
2048/7266 [=======>......................] - ETA: 1s - loss: -0.0257 - reconstruction_loss: 0.3379 - energy_loss: -0.5563
3072/7266 [===========>..................] - ETA: 0s - loss: -0.0337 - reconstruction_loss: 0.3388 - energy_loss: -0.5604
4096/7266 [===============>..............] - ETA: 0s - loss: -0.0356 - reconstruction_loss: 0.3400 - energy_loss: -0.5621
5120/7266 [====================>.........] - ETA: 0s - loss: -0.0358 - reconstruction_loss: 0.3402 - energy_loss: -0.5619
6144/7266 [========================>.....] - ETA: 0s - loss: -0.0352 - reconstruction_loss: 0.3401 - energy_loss: -0.5611
7168/7266 [============================>.] - ETA: 0s - loss: -0.0371 - reconstruction_loss: 0.3404 - energy_loss: -0.5625
7266/7266 [==============================] - 2s 302us/step - loss: -0.0363 - reconstruction_loss: 0.3402 - energy_loss: -0.5618 - val_loss: 0.5075 - val_reconstruction_loss: 0.4139 - val_energy_loss: -0.0965
Epoch 182/200

1024/7266 [===>..........................] - ETA: 1s - loss: 0.0019 - reconstruction_loss: 0.3421 - energy_loss: -0.5240
2048/7266 [=======>......................] - ETA: 1s - loss: -0.0129 - reconstruction_loss: 0.3399 - energy_loss: -0.5362
3072/7266 [===========>..................] - ETA: 0s - loss: -0.0278 - reconstruction_loss: 0.3384 - energy_loss: -0.5503
4096/7266 [===============>..............] - ETA: 0s - loss: -0.0264 - reconstruction_loss: 0.3387 - energy_loss: -0.5500
5120/7266 [====================>.........] - ETA: 0s - loss: -0.0243 - reconstruction_loss: 0.3380 - energy_loss: -0.5487
6144/7266 [========================>.....] - ETA: 0s - loss: -0.0254 - reconstruction_loss: 0.3396 - energy_loss: -0.5497
7168/7266 [============================>.] - ETA: 0s - loss: -0.0267 - reconstruction_loss: 0.3388 - energy_loss: -0.5509
7266/7266 [==============================] - 2s 300us/step - loss: -0.0259 - reconstruction_loss: 0.3384 - energy_loss: -0.5503 - val_loss: 0.4820 - val_reconstruction_loss: 0.4054 - val_energy_loss: -0.1229
Epoch 183/200

1024/7266 [===>..........................] - ETA: 1s - loss: -0.0185 - reconstruction_loss: 0.3381 - energy_loss: -0.5381
2048/7266 [=======>......................] - ETA: 1s - loss: -0.0199 - reconstruction_loss: 0.3401 - energy_loss: -0.5414
3072/7266 [===========>..................] - ETA: 0s - loss: -0.0216 - reconstruction_loss: 0.3396 - energy_loss: -0.5441
4096/7266 [===============>..............] - ETA: 0s - loss: -0.0223 - reconstruction_loss: 0.3393 - energy_loss: -0.5448
5120/7266 [====================>.........] - ETA: 0s - loss: -0.0235 - reconstruction_loss: 0.3410 - energy_loss: -0.5457
6144/7266 [========================>.....] - ETA: 0s - loss: -0.0228 - reconstruction_loss: 0.3415 - energy_loss: -0.5454
7168/7266 [============================>.] - ETA: 0s - loss: -0.0276 - reconstruction_loss: 0.3409 - energy_loss: -0.5495
7266/7266 [==============================] - 2s 301us/step - loss: -0.0269 - reconstruction_loss: 0.3405 - energy_loss: -0.5490 - val_loss: 0.4471 - val_reconstruction_loss: 0.3886 - val_energy_loss: -0.1487
Epoch 184/200

1024/7266 [===>..........................] - ETA: 1s - loss: -0.0223 - reconstruction_loss: 0.3366 - energy_loss: -0.5455
2048/7266 [=======>......................] - ETA: 1s - loss: -0.0283 - reconstruction_loss: 0.3332 - energy_loss: -0.5515
3072/7266 [===========>..................] - ETA: 0s - loss: -0.0353 - reconstruction_loss: 0.3320 - energy_loss: -0.5577
4096/7266 [===============>..............] - ETA: 0s - loss: -0.0364 - reconstruction_loss: 0.3331 - energy_loss: -0.5606
5120/7266 [====================>.........] - ETA: 0s - loss: -0.0344 - reconstruction_loss: 0.3354 - energy_loss: -0.5587
6144/7266 [========================>.....] - ETA: 0s - loss: -0.0345 - reconstruction_loss: 0.3363 - energy_loss: -0.5584
7168/7266 [============================>.] - ETA: 0s - loss: -0.0367 - reconstruction_loss: 0.3374 - energy_loss: -0.5600
7266/7266 [==============================] - 2s 300us/step - loss: -0.0356 - reconstruction_loss: 0.3376 - energy_loss: -0.5589 - val_loss: 0.4115 - val_reconstruction_loss: 0.3742 - val_energy_loss: -0.1772
Epoch 185/200

1024/7266 [===>..........................] - ETA: 1s - loss: -0.0300 - reconstruction_loss: 0.3308 - energy_loss: -0.5486
2048/7266 [=======>......................] - ETA: 1s - loss: -0.0219 - reconstruction_loss: 0.3316 - energy_loss: -0.5423
3072/7266 [===========>..................] - ETA: 0s - loss: -0.0258 - reconstruction_loss: 0.3318 - energy_loss: -0.5465
4096/7266 [===============>..............] - ETA: 0s - loss: -0.0290 - reconstruction_loss: 0.3307 - energy_loss: -0.5500
5120/7266 [====================>.........] - ETA: 0s - loss: -0.0320 - reconstruction_loss: 0.3317 - energy_loss: -0.5530
6144/7266 [========================>.....] - ETA: 0s - loss: -0.0336 - reconstruction_loss: 0.3335 - energy_loss: -0.5547
7168/7266 [============================>.] - ETA: 0s - loss: -0.0327 - reconstruction_loss: 0.3348 - energy_loss: -0.5540
7266/7266 [==============================] - 2s 302us/step - loss: -0.0319 - reconstruction_loss: 0.3345 - energy_loss: -0.5538 - val_loss: 0.3192 - val_reconstruction_loss: 0.3747 - val_energy_loss: -0.2562
Epoch 186/200

1024/7266 [===>..........................] - ETA: 1s - loss: -0.0398 - reconstruction_loss: 0.3342 - energy_loss: -0.5517
2048/7266 [=======>......................] - ETA: 1s - loss: -0.0317 - reconstruction_loss: 0.3382 - energy_loss: -0.5471
3072/7266 [===========>..................] - ETA: 0s - loss: -0.0355 - reconstruction_loss: 0.3394 - energy_loss: -0.5534
4096/7266 [===============>..............] - ETA: 0s - loss: -0.0367 - reconstruction_loss: 0.3410 - energy_loss: -0.5556
5120/7266 [====================>.........] - ETA: 0s - loss: -0.0378 - reconstruction_loss: 0.3398 - energy_loss: -0.5559
6144/7266 [========================>.....] - ETA: 0s - loss: -0.0364 - reconstruction_loss: 0.3397 - energy_loss: -0.5558
7168/7266 [============================>.] - ETA: 0s - loss: -0.0397 - reconstruction_loss: 0.3385 - energy_loss: -0.5594
7266/7266 [==============================] - 2s 301us/step - loss: -0.0388 - reconstruction_loss: 0.3385 - energy_loss: -0.5587 - val_loss: 0.3516 - val_reconstruction_loss: 0.3723 - val_energy_loss: -0.2375
Epoch 187/200

1024/7266 [===>..........................] - ETA: 1s - loss: -0.0438 - reconstruction_loss: 0.3213 - energy_loss: -0.5660
2048/7266 [=======>......................] - ETA: 1s - loss: -0.0394 - reconstruction_loss: 0.3249 - energy_loss: -0.5614
3072/7266 [===========>..................] - ETA: 0s - loss: -0.0417 - reconstruction_loss: 0.3298 - energy_loss: -0.5623
4096/7266 [===============>..............] - ETA: 0s - loss: -0.0388 - reconstruction_loss: 0.3326 - energy_loss: -0.5594
5120/7266 [====================>.........] - ETA: 0s - loss: -0.0384 - reconstruction_loss: 0.3341 - energy_loss: -0.5582
6144/7266 [========================>.....] - ETA: 0s - loss: -0.0389 - reconstruction_loss: 0.3352 - energy_loss: -0.5589
7168/7266 [============================>.] - ETA: 0s - loss: -0.0412 - reconstruction_loss: 0.3350 - energy_loss: -0.5609
7266/7266 [==============================] - 2s 301us/step - loss: -0.0371 - reconstruction_loss: 0.3349 - energy_loss: -0.5595 - val_loss: 1.1141 - val_reconstruction_loss: 0.3992 - val_energy_loss: 0.5358
Epoch 188/200

1024/7266 [===>..........................] - ETA: 1s - loss: -0.0329 - reconstruction_loss: 0.3490 - energy_loss: -0.5478
2048/7266 [=======>......................] - ETA: 1s - loss: -0.0188 - reconstruction_loss: 0.3566 - energy_loss: -0.5380
3072/7266 [===========>..................] - ETA: 0s - loss: -0.0172 - reconstruction_loss: 0.3606 - energy_loss: -0.5388
4096/7266 [===============>..............] - ETA: 0s - loss: -0.0207 - reconstruction_loss: 0.3606 - energy_loss: -0.5439
5120/7266 [====================>.........] - ETA: 0s - loss: -0.0201 - reconstruction_loss: 0.3619 - energy_loss: -0.5446
6144/7266 [========================>.....] - ETA: 0s - loss: -0.0224 - reconstruction_loss: 0.3634 - energy_loss: -0.5475
7168/7266 [============================>.] - ETA: 0s - loss: -0.0230 - reconstruction_loss: 0.3637 - energy_loss: -0.5483
7266/7266 [==============================] - 2s 301us/step - loss: -0.0221 - reconstruction_loss: 0.3636 - energy_loss: -0.5477 - val_loss: 0.5168 - val_reconstruction_loss: 0.4221 - val_energy_loss: -0.0737
Epoch 189/200

1024/7266 [===>..........................] - ETA: 1s - loss: -0.0113 - reconstruction_loss: 0.3672 - energy_loss: -0.5383
2048/7266 [=======>......................] - ETA: 1s - loss: -0.0072 - reconstruction_loss: 0.3626 - energy_loss: -0.5351
3072/7266 [===========>..................] - ETA: 0s - loss: -0.0204 - reconstruction_loss: 0.3591 - energy_loss: -0.5496
4096/7266 [===============>..............] - ETA: 0s - loss: -0.0233 - reconstruction_loss: 0.3568 - energy_loss: -0.5520
5120/7266 [====================>.........] - ETA: 0s - loss: -0.0257 - reconstruction_loss: 0.3517 - energy_loss: -0.5532
6144/7266 [========================>.....] - ETA: 0s - loss: -0.0262 - reconstruction_loss: 0.3496 - energy_loss: -0.5546
7168/7266 [============================>.] - ETA: 0s - loss: -0.0286 - reconstruction_loss: 0.3476 - energy_loss: -0.5579
7266/7266 [==============================] - 2s 301us/step - loss: -0.0268 - reconstruction_loss: 0.3472 - energy_loss: -0.5569 - val_loss: 0.7267 - val_reconstruction_loss: 0.4285 - val_energy_loss: 0.1072
Epoch 190/200

1024/7266 [===>..........................] - ETA: 1s - loss: -0.0219 - reconstruction_loss: 0.3384 - energy_loss: -0.5507
2048/7266 [=======>......................] - ETA: 1s - loss: -0.0229 - reconstruction_loss: 0.3451 - energy_loss: -0.5538
3072/7266 [===========>..................] - ETA: 0s - loss: -0.0287 - reconstruction_loss: 0.3465 - energy_loss: -0.5577
4096/7266 [===============>..............] - ETA: 0s - loss: -0.0350 - reconstruction_loss: 0.3459 - energy_loss: -0.5612
5120/7266 [====================>.........] - ETA: 0s - loss: -0.0393 - reconstruction_loss: 0.3459 - energy_loss: -0.5649
6144/7266 [========================>.....] - ETA: 0s - loss: -0.0433 - reconstruction_loss: 0.3449 - energy_loss: -0.5684
7168/7266 [============================>.] - ETA: 0s - loss: -0.0434 - reconstruction_loss: 0.3459 - energy_loss: -0.5686
7266/7266 [==============================] - 2s 300us/step - loss: -0.0422 - reconstruction_loss: 0.3462 - energy_loss: -0.5676 - val_loss: 0.3010 - val_reconstruction_loss: 0.4196 - val_energy_loss: -0.3086
Epoch 191/200

1024/7266 [===>..........................] - ETA: 1s - loss: -0.0197 - reconstruction_loss: 0.3468 - energy_loss: -0.5442
2048/7266 [=======>......................] - ETA: 1s - loss: -0.0355 - reconstruction_loss: 0.3448 - energy_loss: -0.5596
3072/7266 [===========>..................] - ETA: 0s - loss: -0.0325 - reconstruction_loss: 0.3436 - energy_loss: -0.5557
4096/7266 [===============>..............] - ETA: 0s - loss: -0.0385 - reconstruction_loss: 0.3421 - energy_loss: -0.5619
5120/7266 [====================>.........] - ETA: 0s - loss: -0.0384 - reconstruction_loss: 0.3404 - energy_loss: -0.5606
6144/7266 [========================>.....] - ETA: 0s - loss: -0.0424 - reconstruction_loss: 0.3384 - energy_loss: -0.5637
7168/7266 [============================>.] - ETA: 0s - loss: -0.0450 - reconstruction_loss: 0.3387 - energy_loss: -0.5664
7266/7266 [==============================] - 2s 302us/step - loss: -0.0428 - reconstruction_loss: 0.3385 - energy_loss: -0.5652 - val_loss: 0.9399 - val_reconstruction_loss: 0.4094 - val_energy_loss: 0.3153
Epoch 192/200

1024/7266 [===>..........................] - ETA: 1s - loss: -0.0435 - reconstruction_loss: 0.3312 - energy_loss: -0.5636
2048/7266 [=======>......................] - ETA: 1s - loss: -0.0435 - reconstruction_loss: 0.3349 - energy_loss: -0.5643
3072/7266 [===========>..................] - ETA: 0s - loss: -0.0504 - reconstruction_loss: 0.3370 - energy_loss: -0.5718
4096/7266 [===============>..............] - ETA: 0s - loss: -0.0496 - reconstruction_loss: 0.3393 - energy_loss: -0.5708
5120/7266 [====================>.........] - ETA: 0s - loss: -0.0482 - reconstruction_loss: 0.3399 - energy_loss: -0.5686
6144/7266 [========================>.....] - ETA: 0s - loss: -0.0505 - reconstruction_loss: 0.3393 - energy_loss: -0.5698
7168/7266 [============================>.] - ETA: 0s - loss: -0.0512 - reconstruction_loss: 0.3389 - energy_loss: -0.5691
7266/7266 [==============================] - 2s 302us/step - loss: -0.0502 - reconstruction_loss: 0.3386 - energy_loss: -0.5682 - val_loss: 0.7472 - val_reconstruction_loss: 0.4179 - val_energy_loss: 0.1178
Epoch 193/200

1024/7266 [===>..........................] - ETA: 1s - loss: -0.0551 - reconstruction_loss: 0.3337 - energy_loss: -0.5626
2048/7266 [=======>......................] - ETA: 1s - loss: -0.0551 - reconstruction_loss: 0.3346 - energy_loss: -0.5684
3072/7266 [===========>..................] - ETA: 0s - loss: -0.0521 - reconstruction_loss: 0.3377 - energy_loss: -0.5685
4096/7266 [===============>..............] - ETA: 0s - loss: -0.0529 - reconstruction_loss: 0.3390 - energy_loss: -0.5696
5120/7266 [====================>.........] - ETA: 0s - loss: -0.0552 - reconstruction_loss: 0.3376 - energy_loss: -0.5706
6144/7266 [========================>.....] - ETA: 0s - loss: -0.0532 - reconstruction_loss: 0.3357 - energy_loss: -0.5690
7168/7266 [============================>.] - ETA: 0s - loss: -0.0549 - reconstruction_loss: 0.3357 - energy_loss: -0.5707
7266/7266 [==============================] - 2s 302us/step - loss: -0.0535 - reconstruction_loss: 0.3355 - energy_loss: -0.5697 - val_loss: 0.6658 - val_reconstruction_loss: 0.4261 - val_energy_loss: 0.0144
Epoch 194/200

1024/7266 [===>..........................] - ETA: 1s - loss: -0.0569 - reconstruction_loss: 0.3291 - energy_loss: -0.5797
2048/7266 [=======>......................] - ETA: 1s - loss: -0.0602 - reconstruction_loss: 0.3295 - energy_loss: -0.5806
3072/7266 [===========>..................] - ETA: 0s - loss: -0.0625 - reconstruction_loss: 0.3329 - energy_loss: -0.5815
4096/7266 [===============>..............] - ETA: 0s - loss: -0.0604 - reconstruction_loss: 0.3306 - energy_loss: -0.5788
5120/7266 [====================>.........] - ETA: 0s - loss: -0.0625 - reconstruction_loss: 0.3305 - energy_loss: -0.5798
6144/7266 [========================>.....] - ETA: 0s - loss: -0.0618 - reconstruction_loss: 0.3311 - energy_loss: -0.5794
7168/7266 [============================>.] - ETA: 0s - loss: -0.0623 - reconstruction_loss: 0.3321 - energy_loss: -0.5798
7266/7266 [==============================] - 2s 300us/step - loss: -0.0610 - reconstruction_loss: 0.3323 - energy_loss: -0.5785 - val_loss: 0.6893 - val_reconstruction_loss: 0.4165 - val_energy_loss: 0.0416
Epoch 195/200

1024/7266 [===>..........................] - ETA: 1s - loss: -0.0277 - reconstruction_loss: 0.3373 - energy_loss: -0.5437
2048/7266 [=======>......................] - ETA: 1s - loss: -0.0310 - reconstruction_loss: 0.3336 - energy_loss: -0.5467
3072/7266 [===========>..................] - ETA: 0s - loss: -0.0354 - reconstruction_loss: 0.3311 - energy_loss: -0.5503
4096/7266 [===============>..............] - ETA: 0s - loss: -0.0314 - reconstruction_loss: 0.3319 - energy_loss: -0.5487
5120/7266 [====================>.........] - ETA: 0s - loss: -0.0331 - reconstruction_loss: 0.3305 - energy_loss: -0.5505
6144/7266 [========================>.....] - ETA: 0s - loss: -0.0345 - reconstruction_loss: 0.3287 - energy_loss: -0.5515
7168/7266 [============================>.] - ETA: 0s - loss: -0.0340 - reconstruction_loss: 0.3289 - energy_loss: -0.5508
7266/7266 [==============================] - 2s 301us/step - loss: -0.0331 - reconstruction_loss: 0.3288 - energy_loss: -0.5499 - val_loss: 0.4129 - val_reconstruction_loss: 0.4015 - val_energy_loss: -0.2073
Epoch 196/200

1024/7266 [===>..........................] - ETA: 1s - loss: -0.0344 - reconstruction_loss: 0.3352 - energy_loss: -0.5502
2048/7266 [=======>......................] - ETA: 1s - loss: -0.0352 - reconstruction_loss: 0.3360 - energy_loss: -0.5496
3072/7266 [===========>..................] - ETA: 0s - loss: -0.0363 - reconstruction_loss: 0.3363 - energy_loss: -0.5508
4096/7266 [===============>..............] - ETA: 0s - loss: -0.0378 - reconstruction_loss: 0.3356 - energy_loss: -0.5518
5120/7266 [====================>.........] - ETA: 0s - loss: -0.0385 - reconstruction_loss: 0.3342 - energy_loss: -0.5538
6144/7266 [========================>.....] - ETA: 0s - loss: -0.0406 - reconstruction_loss: 0.3345 - energy_loss: -0.5566
7168/7266 [============================>.] - ETA: 0s - loss: -0.0399 - reconstruction_loss: 0.3348 - energy_loss: -0.5557
7266/7266 [==============================] - 2s 301us/step - loss: -0.0391 - reconstruction_loss: 0.3349 - energy_loss: -0.5550 - val_loss: 0.3782 - val_reconstruction_loss: 0.3794 - val_energy_loss: -0.2243
Epoch 197/200

1024/7266 [===>..........................] - ETA: 1s - loss: -0.0552 - reconstruction_loss: 0.3336 - energy_loss: -0.5596
2048/7266 [=======>......................] - ETA: 1s - loss: -0.0575 - reconstruction_loss: 0.3334 - energy_loss: -0.5661
3072/7266 [===========>..................] - ETA: 0s - loss: -0.0608 - reconstruction_loss: 0.3339 - energy_loss: -0.5705
4096/7266 [===============>..............] - ETA: 0s - loss: -0.0605 - reconstruction_loss: 0.3323 - energy_loss: -0.5706
5120/7266 [====================>.........] - ETA: 0s - loss: -0.0621 - reconstruction_loss: 0.3316 - energy_loss: -0.5721
6144/7266 [========================>.....] - ETA: 0s - loss: -0.0633 - reconstruction_loss: 0.3318 - energy_loss: -0.5745
7168/7266 [============================>.] - ETA: 0s - loss: -0.0625 - reconstruction_loss: 0.3301 - energy_loss: -0.5747
7266/7266 [==============================] - 2s 301us/step - loss: -0.0616 - reconstruction_loss: 0.3300 - energy_loss: -0.5740 - val_loss: 0.2683 - val_reconstruction_loss: 0.3785 - val_energy_loss: -0.3351
Epoch 198/200

1024/7266 [===>..........................] - ETA: 1s - loss: -0.0650 - reconstruction_loss: 0.3279 - energy_loss: -0.5697
2048/7266 [=======>......................] - ETA: 1s - loss: -0.0668 - reconstruction_loss: 0.3336 - energy_loss: -0.5744
3072/7266 [===========>..................] - ETA: 0s - loss: -0.0715 - reconstruction_loss: 0.3340 - energy_loss: -0.5808
4096/7266 [===============>..............] - ETA: 0s - loss: -0.0704 - reconstruction_loss: 0.3331 - energy_loss: -0.5818
5120/7266 [====================>.........] - ETA: 0s - loss: -0.0663 - reconstruction_loss: 0.3339 - energy_loss: -0.5782
6144/7266 [========================>.....] - ETA: 0s - loss: -0.0678 - reconstruction_loss: 0.3338 - energy_loss: -0.5794
7168/7266 [============================>.] - ETA: 0s - loss: -0.0608 - reconstruction_loss: 0.3349 - energy_loss: -0.5726
7266/7266 [==============================] - 2s 301us/step - loss: -0.0596 - reconstruction_loss: 0.3349 - energy_loss: -0.5715 - val_loss: 0.4693 - val_reconstruction_loss: 0.3660 - val_energy_loss: -0.1275
Epoch 199/200

1024/7266 [===>..........................] - ETA: 1s - loss: -0.0665 - reconstruction_loss: 0.3259 - energy_loss: -0.5820
2048/7266 [=======>......................] - ETA: 1s - loss: -0.0697 - reconstruction_loss: 0.3262 - energy_loss: -0.5837
3072/7266 [===========>..................] - ETA: 0s - loss: -0.0708 - reconstruction_loss: 0.3267 - energy_loss: -0.5835
4096/7266 [===============>..............] - ETA: 0s - loss: -0.0723 - reconstruction_loss: 0.3284 - energy_loss: -0.5854
5120/7266 [====================>.........] - ETA: 0s - loss: -0.0717 - reconstruction_loss: 0.3278 - energy_loss: -0.5855
6144/7266 [========================>.....] - ETA: 0s - loss: -0.0720 - reconstruction_loss: 0.3267 - energy_loss: -0.5854
7168/7266 [============================>.] - ETA: 0s - loss: -0.0714 - reconstruction_loss: 0.3276 - energy_loss: -0.5868
7266/7266 [==============================] - 2s 302us/step - loss: -0.0705 - reconstruction_loss: 0.3279 - energy_loss: -0.5860 - val_loss: 0.3922 - val_reconstruction_loss: 0.3805 - val_energy_loss: -0.2205
Epoch 200/200

1024/7266 [===>..........................] - ETA: 1s - loss: -0.0671 - reconstruction_loss: 0.3307 - energy_loss: -0.5772
2048/7266 [=======>......................] - ETA: 1s - loss: -0.0635 - reconstruction_loss: 0.3340 - energy_loss: -0.5746
3072/7266 [===========>..................] - ETA: 0s - loss: -0.0663 - reconstruction_loss: 0.3284 - energy_loss: -0.5759
4096/7266 [===============>..............] - ETA: 0s - loss: -0.0686 - reconstruction_loss: 0.3265 - energy_loss: -0.5783
5120/7266 [====================>.........] - ETA: 0s - loss: -0.0702 - reconstruction_loss: 0.3270 - energy_loss: -0.5795
6144/7266 [========================>.....] - ETA: 0s - loss: -0.0689 - reconstruction_loss: 0.3277 - energy_loss: -0.5795
7168/7266 [============================>.] - ETA: 0s - loss: -0.0694 - reconstruction_loss: 0.3268 - energy_loss: -0.5814
7266/7266 [==============================] - 2s 301us/step - loss: -0.0678 - reconstruction_loss: 0.3269 - energy_loss: -0.5799 - val_loss: 0.7914 - val_reconstruction_loss: 0.3787 - val_energy_loss: 0.1731
